#idx     perf      run   period           start             end          rel_st      slack c_duration   c_period     wu_lat
   0       68     2061    10131      1272645845      1272655976             249          0       2000          0          0
   0       68     2011    10080      1272655980      1272666061           10384          0       2000          0          0
   0       68     2009    10087      1272666065      1272676152           20469          0       2000          0          0
   0       68     2022    10100      1272676155      1272686255           30559          0       2000          0          0
   0       68     2068    10135      1272686258      1272696392           40662          0       2000          0          0
   0       68     1996    10074      1272696396      1272706470           50800          0       2000          0          0
   0       68     2001    10088      1272706474      1272716561           60878          0       2000          0          0
   0       68     2005    10081      1272716564      1272726645           70968          0       2000          0          0
   0       68     2015    10091      1272726649      1272736740           81053          0       2000          0          0
   0       68     1996    10074      1272736742      1272746816           91146          0       2000          0          0
   0       68     2014    10086      1272746824      1272756910          101228          0       2000          0          0
   0       68     2010    10081      1272756916      1272766997          111320          0       2000          0          0
   0       68     2018    10085      1272767000      1272777086          121404          0       2000          0          0
   0       68     2021    10098      1272777089      1272787187          131493          0       2000          0          0
   0       68     2058    10135      1272787191      1272797326          141595          0       2000          0          0
   0       68     2028    10107      1272797329      1272807435          151732          0       2000          0          0
   0       68     2015    10081      1272807439      1272817520          161843          0       2000          0          0
   0       68     2004    10086      1272817523      1272827609          171926          0       2000          0          0
   0       68     2107    10184      1272827615      1272837798          182019          0       2000          0          0
   0       68     2012    10080      1272837801      1272847880          192205          0       2000          0          0
   0       68     2039    10113      1272847883      1272857996          202287          0       2000          0          0
   0       68     2008    10083      1272858012      1272868095          212415          0       2000          0          0
   0       68     2027    10093      1272868100      1272878193          222504          0       2000          0          0
   0       68     2052    10130      1272878197      1272888327          232601          0       2000          0          0
   0       68     2029    10095      1272888330      1272898425          242734          0       2000          0          0
   0       68     2021    10102      1272898428      1272908529          252832          0       2000          0          0
   0       68     2230    10297      1272908535      1272918832          262939          0       2000          0          0
   0       68     2026    10103      1272918836      1272928939          273240          0       2000          0          0
   0       68     2035    10102      1272928942      1272939043          283346          0       2000          0          0
   0       68     1997    10063      1272939046      1272949109          293450          0       2000          0          0
   0       68     2015    10082      1272949112      1272959194          303516          0       2000          0          0
   0       68     1997    10073      1272959196      1272969269          313600          0       2000          0          0
   0       68     2002    10074      1272969274      1272979348          323678          0       2000          0          0
   0       68     2210    10278      1272979428      1272989706          333832          0       2000          0          0
   0       68     2016    10083      1272989710      1272999794          344114          0       2000          0          0
   0       68     2006    10083      1272999797      1273009881          354201          0       2000          0          0
   0       68     2061    10131      1273009887      1273020018          364291          0       2000          0          0
   0       68     2007    10084      1273020022      1273030107          374426          0       2000          0          0
   0       68     2077    10153      1273030110      1273040263          384514          0       2000          0          0
   0       68     1998    10064      1273040266      1273050330          394670          0       2000          0          0
   0       68     2007    10073      1273050333      1273060406          404737          0       2000          0          0
   0       68     2012    10089      1273060409      1273070498          414813          0       2000          0          0
   0       68     2004    10071      1273070500      1273080571          424904          0       2000          0          0
   0       68     2021    10100      1273080574      1273090675          434978          0       2000          0          0
   0       68     2074    10143      1273090680      1273100823          445084          0       2000          0          0
   0       68     2026    10114      1273100827      1273110941          455231          0       2000          0          0
   0       68     2007    10087      1273110950      1273121037          465354          0       2000          0          0
   0       68     2009    10090      1273121046      1273131136          475450          0       2000          0          0
   0       68     2057    10127      1273131149      1273141275          485553          0       2000          0          0
   0       68     1996    10064      1273141280      1273151343          495684          0       2000          0          0
   0       68     2026    10105      1273151347      1273161452          505751          0       2000          0          0
   0       68     2022    10089      1273161455      1273171544          515859          0       2000          0          0
   0       68     2025    10102      1273171547      1273181649          525951          0       2000          0          0
   0       68     2026    10119      1273181651      1273191770          536055          0       2000          0          0
   0       68     2005    10078      1273191786      1273201864          546189          0       2000          0          0
   0       68     2043    10112      1273201869      1273211982          556273          0       2000          0          0
   0       68     2047    10115      1273211986      1273222101          566389          0       2000          0          0
   0       68     1998    10075      1273222105      1273232180          576509          0       2000          0          0
   0       68     2005    10082      1273232183      1273242265          586587          0       2000          0          0
   0       68     2022    10087      1273242267      1273252355          596671          0       2000          0          0
   0       68     1997    10074      1273252358      1273262432          606762          0       2000          0          0
   0       68     1997    10063      1273262434      1273272498          616838          0       2000          0          0
   0       68     2022    10098      1273272500      1273282599          626904          0       2000          0          0
   0       68     2005    10072      1273282601      1273292673          637005          0       2000          0          0
   0       68     1996    10074      1273292676      1273302750          647080          0       2000          0          0
   0       68     1994    10072      1273302752      1273312825          657156          0       2000          0          0
   0       68     2019    10097      1273312889      1273322986          667293          0       2000          0          0
   0       68     1997    10063      1273322990      1273333053          677394          0       2000          0          0
   0       68     1995    10072      1273333056      1273343128          687460          0       2000          0          0
   0       68     2013    10080      1273343131      1273353211          697535          0       2000          0          0
   0       68     2025    10101      1273353213      1273363314          707617          0       2000          0          0
   0       68     2006    10083      1273363317      1273373400          717720          0       2000          0          0
   0       68     2022    10089      1273373402      1273383491          727806          0       2000          0          0
   0       68     2012    10089      1273383493      1273393582          737897          0       2000          0          0
   0       68     2021    10099      1273393584      1273403683          747988          0       2000          0          0
   0       68     2006    10082      1273403685      1273413767          758089          0       2000          0          0
   0       68     2017    10096      1273413770      1273423865          768173          0       2000          0          0
   0       68     2034    10103      1273423871      1273433975          778275          0       2000          0          0
   0       68     1995    10073      1273433978      1273444051          788382          0       2000          0          0
   0       68     2008    10086      1273444055      1273454141          798459          0       2000          0          0
   0       68     2042    10108      1273454143      1273464252          808547          0       2000          0          0
   0       68     2020    10097      1273464255      1273474352          818659          0       2000          0          0
   0       68     2005    10081      1273474354      1273484435          828758          0       2000          0          0
   0       68     2011    10078      1273484438      1273494515          838842          0       2000          0          0
   0       68     2005    10082      1273494518      1273504601          848922          0       2000          0          0
   0       68     2005    10082      1273504603      1273514686          859007          0       2000          0          0
   0       68     2004    10080      1273514688      1273524768          869092          0       2000          0          0
   0       68     2020    10107      1273524770      1273534877          879174          0       2000          0          0
   0       68     2030    10099      1273534889      1273544988          889293          0       2000          0          0
   0       68     2040    10108      1273544992      1273555101          899396          0       2000          0          0
   0       68     2028    10108      1273555105      1273565213          909509          0       2000          0          0
   0       68     2023    10090      1273565216      1273575306          919620          0       2000          0          0
   0       68     2005    10072      1273575309      1273585381          929713          0       2000          0          0
   0       68     2022    10099      1273585384      1273595483          939788          0       2000          0          0
   0       68     2004    10081      1273595485      1273605566          949889          0       2000          0          0
   0       68     2005    10083      1273605568      1273615652          959972          0       2000          0          0
   0       68     2757    10839      1273615661      1273626500          970065          0       2000          0          0
   0       68     2009    10097      1273626508      1273636605          980912          0       2000          0          0
   0       68     2706    10782      1273636617      1273647399          991021          0       2000          0          0
   0       68     2020    10102      1273647452      1273657553         1001856          0       2000          0          0
   0       68     2002    10079      1273657558      1273667638         1011962          0       2000          0          0
   0       68     2038    10114      1273667641      1273677755         1022044          0       2000          0          0
   0       68     2026    10093      1273677758      1273687850         1032162          0       2000          0          0
   0       68     2005    10086      1273687853      1273697939         1042257          0       2000          0          0
   0       68     2014    10090      1273697942      1273708032         1052346          0       2000          0          0
   0       68     2029    10096      1273708035      1273718131         1062439          0       2000          0          0
   0       68     2006    10084      1273718133      1273728217         1072537          0       2000          0          0
   0       68     2021    10099      1273728221      1273738320         1082625          0       2000          0          0
   0       68     2029    10107      1273738323      1273748429         1092727          0       2000          0          0
   0       68     2034    10108      1273748439      1273758547         1102843          0       2000          0          0
   0       68     2038    10107      1273758555      1273768662         1112959          0       2000          0          0
   0       68     2013    10080      1273768667      1273778747         1123071          0       2000          0          0
   0       68     2037    10113      1273778750      1273788863         1133154          0       2000          0          0
   0       68     2003    10077      1273788866      1273798942         1143270          0       2000          0          0
   0       68     2008    10081      1273798950      1273809031         1153354          0       2000          0          0
   0       68     2005    10073      1273809035      1273819109         1163439          0       2000          0          0
   0       68     2006    10088      1273819112      1273829200         1173516          0       2000          0          0
   0       68     2569    10635      1273829208      1273839843         1183612          0       2000          0          0
   0       68     2005    10072      1273839845      1273849918         1194249          0       2000          0          0
   0       68     2006    10104      1273849921      1273860025         1204325          0       2000          0          0
   0       68     2014    10087      1273860040      1273870126         1214443          0       2000          0          0
   0       68     2038    10107      1273870131      1273880238         1224535          0       2000          0          0
   0       68     1998    10065      1273880242      1273890307         1234646          0       2000          0          0
   0       68     2018    10084      1273890310      1273900395         1244714          0       2000          0          0
   0       68     2004    10081      1273900397      1273910478         1254801          0       2000          0          0
   0       68     2005    10071      1273910481      1273920552         1264885          0       2000          0          0
   0       68     2004    10085      1273920555      1273930640         1274958          0       2000          0          0
   0       68     2136    10202      1273930645      1273940848         1285049          0       2000          0          0
   0       68     2005    10069      1273940850      1273950920         1295254          0       2000          0          0
   0       68     2017    10083      1273950922      1273961005         1305326          0       2000          0          0
   0       68     2016    10103      1273961008      1273971111         1315412          0       2000          0          0
   0       68     2006    10079      1273971126      1273981205         1325530          0       2000          0          0
   0       68     2028    10107      1273981270      1273991377         1335674          0       2000          0          0
   0       68     2022    10091      1273991382      1274001472         1345785          0       2000          0          0
   0       68     2008    10086      1274001476      1274011562         1355880          0       2000          0          0
   0       68     2022    10088      1274011566      1274021654         1365970          0       2000          0          0
   0       68     2021    10097      1274021656      1274031754         1376060          0       2000          0          0
   0       68     2016    10093      1274031756      1274041849         1386160          0       2000          0          0
   0       68     2021    10087      1274041851      1274051938         1396255          0       2000          0          0
   0       68     2020    10097      1274051941      1274062037         1406344          0       2000          0          0
   0       68     2048    10125      1274062040      1274072165         1416444          0       2000          0          0
   0       68     1998    10069      1274072167      1274082236         1426571          0       2000          0          0
   0       68     2000    10072      1274082243      1274092314         1436647          0       2000          0          0
   0       68     2029    10097      1274092319      1274102415         1446723          0       2000          0          0
   0       68     2034    10123      1274102420      1274112542         1456824          0       2000          0          0
   0       68     2761    10841      1274112551      1274123392         1466954          0       2000          0          0
   0       68     2010    10091      1274123397      1274133488         1477801          0       2000          0          0
   0       68     2013    10083      1274133497      1274143579         1487901          0       2000          0          0
   0       68     2007    10087      1274143584      1274153671         1497987          0       2000          0          0
   0       68     2048    10126      1274153675      1274163801         1508078          0       2000          0          0
   0       68     2010    10088      1274163804      1274173892         1518208          0       2000          0          0
   0       68     2011    10087      1274173895      1274183982         1528299          0       2000          0          0
   0       68     2002    10075      1274183985      1274194060         1538389          0       2000          0          0
   0       68     2000    10068      1274194069      1274204137         1548473          0       2000          0          0
   0       68     2012    10082      1274204142      1274214224         1558546          0       2000          0          0
   0       68     2054    10121      1274214228      1274224349         1568632          0       2000          0          0
   0       68     2006    10083      1274224353      1274234436         1578757          0       2000          0          0
   0       68     2045    10122      1274234439      1274244561         1588843          0       2000          0          0
   0       68     2037    10104      1274244563      1274254667         1598967          0       2000          0          0
   0       68     1996    10073      1274254670      1274264743         1609074          0       2000          0          0
   0       68     2001    10077      1274264746      1274274824         1619150          0       2000          0          0
   0       68     2028    10102      1274274826      1274284928         1629230          0       2000          0          0
   0       68     1997    10064      1274284931      1274294995         1639334          0       2000          0          0
   0       68     1995    10076      1274294998      1274305074         1649402          0       2000          0          0
   0       68     2005    10080      1274305082      1274315162         1659486          0       2000          0          0
   0       68     2052    10121      1274315213      1274325333         1669617          0       2000          0          0
   0       68     2005    10073      1274325338      1274335411         1679741          0       2000          0          0
   0       68     2006    10083      1274335414      1274345497         1689818          0       2000          0          0
   0       68     2247    10325      1274345500      1274355824         1699904          0       2000          0          0
   0       68     2037    10103      1274355827      1274365930         1710231          0       2000          0          0
   0       68     2009    10086      1274365932      1274376018         1720336          0       2000          0          0
   0       68     2006    10083      1274376022      1274386105         1730426          0       2000          0          0
   0       68     2037    10114      1274386107      1274396221         1740511          0       2000          0          0
   0       68     2023    10103      1274396224      1274406327         1750628          0       2000          0          0
   0       68     2027    10098      1274406332      1274416430         1760736          0       2000          0          0
   0       68     2009    10090      1274416439      1274426529         1770843          0       2000          0          0
   0       68     2027    10103      1274426534      1274436636         1780937          0       2000          0          0
   0       68     2018    10087      1274436641      1274446727         1791045          0       2000          0          0
   0       68     2113    10181      1274446732      1274456913         1801136          0       2000          0          0
   0       68     2005    10083      1274456916      1274466999         1811320          0       2000          0          0
   0       68     2019    10085      1274467015      1274477099         1821418          0       2000          0          0
   0       68     2021    10096      1274477102      1274487198         1831505          0       2000          0          0
   0       68     2003    10068      1274487200      1274497268         1841604          0       2000          0          0
   0       68     1996    10076      1274497271      1274507347         1851675          0       2000          0          0
   0       68     2334    10400      1274507353      1274517753         1861757          0       2000          0          0
   0       68     2006    10085      1274517755      1274527840         1872159          0       2000          0          0
   0       68     2807    10884      1274527845      1274538729         1882249          0       2000          0          0
   0       68     2021    10100      1274538734      1274548833         1893138          0       2000          0          0
   0       68     2004    10071      1274548838      1274558909         1903242          0       2000          0          0
   0       68     2037    10113      1274558912      1274569025         1913316          0       2000          0          0
   0       68     2025    10091      1274569028      1274579119         1923432          0       2000          0          0
   0       68     2012    10089      1274579122      1274589211         1933526          0       2000          0          0
   0       68     2031    10109      1274589214      1274599324         1943618          0       2000          0          0
   0       68     2005    10087      1274599326      1274609413         1953730          0       2000          0          0
   0       68     2444    10522      1274609417      1274619939         1963821          0       2000          0          0
   0       68     1996    10078      1274619947      1274630026         1974351          0       2000          0          0
   0       68     2007    10084      1274630031      1274640115         1984434          0       2000          0          0
   0       68     2037    10117      1274640117      1274650234         1994521          0       2000          0          0
   0       68     2006    10080      1274650333      1274660413         2004737          0       2000          0          0
   0       68     2030    10102      1274660419      1274670522         2014823          0       2000          0          0
   0       68     2010    10089      1274670526      1274680615         2024930          0       2000          0          0
   0       68     2006    10083      1274680618      1274690701         2035022          0       2000          0          0
   0       68     2023    10097      1274690704      1274700801         2045108          0       2000          0          0
   0       68     1996    10066      1274700804      1274710870         2055208          0       2000          0          0
   0       68     2015    10092      1274710873      1274720965         2065277          0       2000          0          0
   0       68     2020    10097      1274720967      1274731064         2075371          0       2000          0          0
   0       68     2006    10082      1274731067      1274741149         2085471          0       2000          0          0
   0       68     2005    10073      1274741152      1274751225         2095556          0       2000          0          0
   0       68     2005    10084      1274751227      1274761311         2105631          0       2000          0          0
   0       68     2010    10082      1274761323      1274771406         2115727          0       2000          0          0
   0       68     2003    10071      1274771411      1274781482         2125815          0       2000          0          0
   0       68     2053    10123      1274781486      1274791608         2135890          0       2000          0          0
   0       68     2010    10087      1274791611      1274801698         2146015          0       2000          0          0
   0       68     2012    10089      1274801701      1274811790         2156105          0       2000          0          0
   0       68     2006    10081      1274811793      1274821874         2166197          0       2000          0          0
   0       68     1996    10062      1274821876      1274831939         2176280          0       2000          0          0
   0       68     2071    10148      1274831942      1274842090         2186345          0       2000          0          0
   0       68     2005    10083      1274842092      1274852175         2196496          0       2000          0          0
   0       68     2031    10108      1274852178      1274862286         2206582          0       2000          0          0
   0       68     2022    10102      1274862289      1274872391         2216693          0       2000          0          0
   0       68     2802    10878      1274872395      1274883274         2226799          0       2000          0          0
   0       68     2017    10087      1274883279      1274893366         2237683          0       2000          0          0
   0       68     1999    10067      1274893370      1274903437         2247774          0       2000          0          0
   0       68     1997    10075      1274903440      1274913515         2257844          0       2000          0          0
   0       68     2011    10087      1274913519      1274923606         2267923          0       2000          0          0
   0       68     2011    10085      1274923609      1274933694         2278013          0       2000          0          0
   0       68     2028    10107      1274933701      1274943808         2288105          0       2000          0          0
   0       68     2007    10073      1274943813      1274953885         2298216          0       2000          0          0
   0       68     1995    10072      1274953889      1274963961         2308293          0       2000          0          0
   0       68     2006    10082      1274963963      1274974045         2318367          0       2000          0          0
   0       68     2009    10081      1274974048      1274984129         2328452          0       2000          0          0
   0       68     2021    10105      1274984189      1274994294         2338593          0       2000          0          0
   0       68     2069    10139      1274994300      1275004439         2348704          0       2000          0          0
   0       68     2054    10135      1275004443      1275014578         2358847          0       2000          0          0
   0       68     2025    10101      1275014581      1275024683         2368985          0       2000          0          0
   0       68     1998    10069      1275024692      1275034761         2379096          0       2000          0          0
   0       68     2020    10089      1275034767      1275044856         2389171          0       2000          0          0
   0       68     2007    10085      1275044860      1275054945         2399264          0       2000          0          0
   0       68     2037    10105      1275054948      1275065052         2409352          0       2000          0          0
   0       68     2017    10094      1275065055      1275075148         2419459          0       2000          0          0
   0       68     2018    10095      1275075151      1275085246         2429555          0       2000          0          0
   0       68     2005    10082      1275085249      1275095330         2439653          0       2000          0          0
   0       68     2040    10120      1275095334      1275105455         2449738          0       2000          0          0
   0       68     1998    10073      1275105463      1275115536         2459867          0       2000          0          0
   0       68     2119    10201      1275115545      1275125746         2469949          0       2000          0          0
   0       68     2001    10075      1275125759      1275135834         2480163          0       2000          0          0
   0       68     2059    10127      1275135838      1275145965         2490242          0       2000          0          0
   0       68     2022    10090      1275145969      1275156058         2500373          0       2000          0          0
   0       68     2019    10086      1275156062      1275166148         2510466          0       2000          0          0
   0       68     2030    10096      1275166152      1275176247         2520556          0       2000          0          0
   0       68     2008    10073      1275176250      1275186323         2530654          0       2000          0          0
   0       68     2036    10113      1275186326      1275196438         2540729          0       2000          0          0
   0       68     2022    10097      1275196441      1275206539         2550845          0       2000          0          0
   0       68     2117    10258      1275206544      1275216802         2560948          0       2000          0          0
   0       68     2073    10145      1275216809      1275226954         2571213          0       2000          0          0
   0       68     2006    10073      1275226958      1275237031         2581362          0       2000          0          0
   0       68     2031    10109      1275237035      1275247144         2591439          0       2000          0          0
   0       68     2022    10098      1275247147      1275257245         2601551          0       2000          0          0
   0       68     2005    10082      1275257248      1275267330         2611652          0       2000          0          0
   0       68     2021    10098      1275267333      1275277431         2621737          0       2000          0          0
   0       68     2017    10084      1275277433      1275287518         2631837          0       2000          0          0
   0       68     2021    10098      1275287520      1275297618         2641924          0       2000          0          0
   0       68     2007    10084      1275297621      1275307705         2652025          0       2000          0          0
   0       68     2020    10098      1275307707      1275317805         2662111          0       2000          0          0
   0       68     2786    10873      1275317877      1275328750         2672281          0       2000          0          0
   0       68     2197    10273      1275328754      1275339027         2683158          0       2000          0          0
   0       68     2011    10078      1275339031      1275349109         2693435          0       2000          0          0
   0       68     2046    10127      1275349113      1275359240         2703517          0       2000          0          0
   0       68     2449    10514      1275359246      1275369760         2713650          0       2000          0          0
   0       68     2011    10087      1275369762      1275379850         2724166          0       2000          0          0
   0       68     2007    10073      1275379852      1275389925         2734256          0       2000          0          0
   0       68     2034    10102      1275389927      1275400030         2744331          0       2000          0          0
   0       68     2020    10087      1275400032      1275410119         2754436          0       2000          0          0
   0       68     2008    10074      1275410123      1275420197         2764527          0       2000          0          0
   0       68     2021    10088      1275420200      1275430287         2774603          0       2000          0          0
   0       68     2054    10141      1275430290      1275440431         2784694          0       2000          0          0
   0       68     2035    10107      1275440444      1275450550         2794848          0       2000          0          0
   0       68     2034    10116      1275450555      1275460672         2804959          0       2000          0          0
   0       68     2068    10134      1275460679      1275470814         2815083          0       2000          0          0
   0       68     2010    10076      1275470817      1275480893         2825221          0       2000          0          0
   0       68     2020    10085      1275480896      1275490981         2835299          0       2000          0          0
   0       68     2030    10107      1275490984      1275501090         2845388          0       2000          0          0
   0       68     2040    10117      1275501093      1275511210         2855497          0       2000          0          0
   0       68     1996    10063      1275511213      1275521276         2865617          0       2000          0          0
   0       68     2012    10089      1275521280      1275531369         2875684          0       2000          0          0
   0       68     2012    10088      1275531372      1275541460         2885776          0       2000          0          0
   0       68     2029    10110      1275541462      1275551572         2895866          0       2000          0          0
   0       68     2013    10084      1275551578      1275561663         2905982          0       2000          0          0
   0       68     2014    10097      1275561668      1275571764         2916072          0       2000          0          0
   0       68     2044    10121      1275571768      1275581889         2926172          0       2000          0          0
   0       68     2009    10086      1275581892      1275591978         2936296          0       2000          0          0
   0       68     2028    10110      1275591981      1275602090         2946384          0       2000          0          0
   0       68     2000    10079      1275602093      1275612173         2956497          0       2000          0          0
   0       68     2011    10094      1275612181      1275622275         2966585          0       2000          0          0
   0       68     3339    11427      1275622285      1275633712         2976689          0       2000          0          0
   0       68     2010    10091      1275633727      1275643818         2988131          0       2000          0          0
   0       68     2028    10115      1275643823      1275653937         2998227          0       2000          0          0
   0       68     2009    10095      1275653987      1275664082         3008391          0       2000          0          0
   0       68     2054    10130      1275664094      1275674224         3018498          0       2000          0          0
   0       68     2027    10115      1275674232      1275684347         3028636          0       2000          0          0
   0       68     2194    10260      1275684355      1275694615         3038759          0       2000          0          0
   0       68     2029    10109      1275694619      1275704728         3049022          0       2000          0          0
   0       68     2532    10598      1275704733      1275715332         3059137          0       2000          0          0
   0       68     2012    10089      1275715334      1275725423         3069738          0       2000          0          0
   0       68     2006    10072      1275725426      1275735498         3079830          0       2000          0          0
   0       68     2029    10105      1275735500      1275745605         3089904          0       2000          0          0
   0       68     2002    10076      1275745607      1275755683         3100011          0       2000          0          0
   0       68     2011    10094      1275755686      1275765780         3110090          0       2000          0          0
   0       68     2059    10126      1275765788      1275775914         3120192          0       2000          0          0
   0       68     2012    10092      1275775917      1275786009         3130321          0       2000          0          0
   0       68     2007    10072      1275786013      1275796085         3140417          0       2000          0          0
   0       68     2085    10161      1275796087      1275806248         3150491          0       2000          0          0
   0       68     2038    10104      1275806251      1275816355         3160655          0       2000          0          0
   0       68     2005    10080      1275816357      1275826437         3170761          0       2000          0          0
   0       68     2002    10077      1275826440      1275836516         3180844          0       2000          0          0
   0       68     1996    10075      1275836519      1275846594         3190923          0       2000          0          0
   0       68     2250    10316      1275846599      1275856914         3201003          0       2000          0          0
   0       68     2019    10096      1275856917      1275867013         3211321          0       2000          0          0
   0       68     2022    10119      1275867016      1275877135         3221420          0       2000          0          0
   0       68     2010    10084      1275877150      1275887234         3231554          0       2000          0          0
   0       68     2324    10396      1275887242      1275897638         3241646          0       2000          0          0
   0       68     2009    10077      1275897644      1275907721         3252048          0       2000          0          0
   0       68     2029    10096      1275907725      1275917822         3262129          0       2000          0          0
   0       68     2023    10104      1275917825      1275927929         3272229          0       2000          0          0
   0       68     2159    10226      1275927934      1275938160         3282338          0       2000          0          0
   0       68     1994    10065      1275938163      1275948228         3292567          0       2000          0          0
   0       68     2004    10073      1275948234      1275958307         3302638          0       2000          0          0
   0       68     2032    10098      1275958313      1275968411         3312717          0       2000          0          0
   0       68     2014    10090      1275968415      1275978505         3322819          0       2000          0          0
   0       68     2022    10100      1275978507      1275988607         3332911          0       2000          0          0
   0       68     2078    10155      1275988712      1275998867         3343116          0       2000          0          0
   0       68     2032    10101      1275998874      1276008976         3353278          0       2000          0          0
   0       68     2007    10074      1276008980      1276019054         3363383          0       2000          0          0
   0       68     1997    10074      1276019058      1276029131         3373462          0       2000          0          0
   0       68     2021    10098      1276029134      1276039232         3383538          0       2000          0          0
   0       68     2037    10113      1276039234      1276049347         3393638          0       2000          0          0
   0       68     2017    10085      1276049350      1276059435         3403754          0       2000          0          0
   0       68     2037    10114      1276059438      1276069552         3413842          0       2000          0          0
   0       68     1997    10075      1276069555      1276079630         3423959          0       2000          0          0
   0       68     2026    10102      1276079632      1276089734         3434036          0       2000          0          0
   0       68     2023    10097      1276089736      1276099833         3444140          0       2000          0          0
   0       68     2019    10105      1276099839      1276109945         3454243          0       2000          0          0
   0       68     2088    10167      1276109956      1276120123         3464360          0       2000          0          0
   0       68     1998    10083      1276120131      1276130214         3474535          0       2000          0          0
   0       68     2006    10082      1276130226      1276140307         3484630          0       2000          0          0
   0       68     2011    10093      1276140315      1276150408         3494719          0       2000          0          0
   0       68     2475    10541      1276150413      1276160954         3504817          0       2000          0          0
   0       68     1998    10075      1276160957      1276171033         3515361          0       2000          0          0
   0       68     2026    10104      1276171036      1276181141         3525440          0       2000          0          0
   0       68     2007    10072      1276181143      1276191216         3535547          0       2000          0          0
   0       68     2000    10078      1276191218      1276201296         3545622          0       2000          0          0
   0       68     2061    10144      1276201299      1276211444         3555703          0       2000          0          0
   0       68     1995    10067      1276211450      1276221517         3565854          0       2000          0          0
   0       68     2012    10093      1276221522      1276231616         3575926          0       2000          0          0
   0       68     2022    10101      1276231620      1276241722         3586024          0       2000          0          0
   0       68     1999    10069      1276241734      1276251802         3596138          0       2000          0          0
   0       68     2013    10085      1276251807      1276261892         3606211          0       2000          0          0
   0       68     2006    10082      1276261895      1276271978         3616299          0       2000          0          0
   0       68     2005    10081      1276271981      1276282062         3626385          0       2000          0          0
   0       68     2006    10074      1276282065      1276292138         3636468          0       2000          0          0
   0       68     2025    10102      1276292141      1276302243         3646545          0       2000          0          0
   0       68     2022    10099      1276302245      1276312344         3656649          0       2000          0          0
   0       68     2006    10082      1276312347      1276322429         3666751          0       2000          0          0
   0       68     2018    10090      1276322513      1276332603         3676917          0       2000          0          0
   0       68     2024    10105      1276332608      1276342713         3687012          0       2000          0          0
   0       68     2037    10104      1276342717      1276352821         3697121          0       2000          0          0
   0       68     2007    10084      1276352824      1276362909         3707228          0       2000          0          0
   0       68     2005    10071      1276362911      1276372983         3717315          0       2000          0          0
   0       68     2027    10104      1276372985      1276383089         3727389          0       2000          0          0
   0       68     2011    10088      1276383092      1276393179         3737496          0       2000          0          0
   0       68     2001    10079      1276393182      1276403261         3747586          0       2000          0          0
   0       68     2005    10082      1276403263      1276413345         3757667          0       2000          0          0
   0       68     2041    10118      1276413347      1276423465         3767751          0       2000          0          0
   0       68     2022    10088      1276423468      1276433555         3777872          0       2000          0          0
   0       68     2011    10082      1276433558      1276443639         3787962          0       2000          0          0
   0       68     2016    10086      1276443650      1276453736         3798054          0       2000          0          0
   0       68     2005    10084      1276453741      1276463825         3808144          0       2000          0          0
   0       68     2012    10088      1276463828      1276473916         3818232          0       2000          0          0
   0       68     2012    10088      1276473919      1276484007         3828322          0       2000          0          0
   0       68     2021    10088      1276484009      1276494097         3838413          0       2000          0          0
   0       68     2024    10102      1276494099      1276504201         3848503          0       2000          0          0
   0       68     2022    10092      1276504204      1276514296         3858608          0       2000          0          0
   0       68     2008    10085      1276514299      1276524384         3868703          0       2000          0          0
   0       68     2021    10098      1276524387      1276534484         3878791          0       2000          0          0
   0       68     1996    10074      1276534486      1276544560         3888890          0       2000          0          0
   0       68     2661    10740      1276544565      1276555305         3898969          0       2000          0          0
   0       68     2030    10101      1276555312      1276565414         3909716          0       2000          0          0
   0       68     2115    10182      1276565418      1276575600         3919822          0       2000          0          0
   0       68     2022    10100      1276575604      1276585704         3930007          0       2000          0          0
   0       68     2003    10068      1276585707      1276595775         3940111          0       2000          0          0
   0       68     2025    10100      1276595778      1276605878         3950182          0       2000          0          0
   0       68     2048    10162      1276605881      1276616042         3960285          0       2000          0          0
   0       68     2012    10096      1276616050      1276626146         3970454          0       2000          0          0
   0       68     2015    10092      1276626151      1276636244         3980555          0       2000          0          0
   0       68     2021    10098      1276636246      1276646344         3990650          0       2000          0          0
   0       68     2028    10094      1276646347      1276656441         4000751          0       2000          0          0
   0       68     1998    10079      1276656491      1276666570         4010895          0       2000          0          0
   0       68     2003    10074      1276666576      1276676650         4020980          0       2000          0          0
   0       68     2011    10093      1276676655      1276686749         4031059          0       2000          0          0
   0       68     1995    10074      1276686753      1276696827         4041157          0       2000          0          0
   0       68     2025    10102      1276696831      1276706933         4051235          0       2000          0          0
   0       68     2002    10079      1276706936      1276717015         4061340          0       2000          0          0
   0       68     2010    10088      1276717017      1276727105         4071421          0       2000          0          0
   0       68     2007    10084      1276727108      1276737192         4081512          0       2000          0          0
   0       68     2021    10098      1276737194      1276747292         4091598          0       2000          0          0
   0       68     1997    10063      1276747295      1276757358         4101699          0       2000          0          0
   0       68     2004    10083      1276757360      1276767443         4111764          0       2000          0          0
   0       68     2022    10090      1276767446      1276777536         4121850          0       2000          0          0
   0       68     2004    10082      1276777538      1276787620         4131942          0       2000          0          0
   0       68     2047    10124      1276787624      1276797748         4142028          0       2000          0          0
   0       68     2008    10074      1276797751      1276807825         4152154          0       2000          0          0
   0       68     2021    10102      1276807827      1276817929         4162231          0       2000          0          0
   0       68     2045    10121      1276817931      1276828052         4172335          0       2000          0          0
   0       68     2023    10107      1276828054      1276838162         4182458          0       2000          0          0
   0       68     2065    10142      1276838167      1276848309         4192571          0       2000          0          0
   0       68     2044    10119      1276848316      1276858435         4202720          0       2000          0          0
   0       68     2015    10089      1276858443      1276868532         4212847          0       2000          0          0
   0       68     2011    10092      1276868536      1276878628         4222940          0       2000          0          0
   0       68     2025    10098      1276878632      1276888730         4233036          0       2000          0          0
   0       68     2027    10102      1276888741      1276898844         4243145          0       2000          0          0
   0       68     2027    10107      1276898852      1276908959         4253256          0       2000          0          0
   0       68     2021    10098      1276908963      1276919061         4263367          0       2000          0          0
   0       68     2006    10077      1276919064      1276929141         4273468          0       2000          0          0
   0       68     2021    10088      1276929144      1276939232         4283548          0       2000          0          0
   0       68     2005    10072      1276939234      1276949306         4293638          0       2000          0          0
   0       68     2007    10083      1276949308      1276959392         4303712          0       2000          0          0
   0       68     2005    10080      1276959395      1276969475         4313799          0       2000          0          0
   0       68     2004    10081      1276969477      1276979557         4323881          0       2000          0          0
   0       68     2011    10087      1276979560      1276989647         4333964          0       2000          0          0
   0       68     2007    10085      1276989712      1276999797         4344116          0       2000          0          0
   0       68     2789    10925      1276999802      1277010727         4354206          0       2000          0          0
   0       68     2022    10090      1277010737      1277020828         4365141          0       2000          0          0
   0       68     2010    10086      1277020832      1277030918         4375236          0       2000          0          0
   0       68     2006    10083      1277030921      1277041004         4385325          0       2000          0          0
   0       68     2030    10106      1277041007      1277051113         4395411          0       2000          0          0
   0       68     2011    10087      1277051115      1277061202         4405519          0       2000          0          0
   0       68     2013    10089      1277061205      1277071294         4415609          0       2000          0          0
   0       68     2005    10081      1277071296      1277081377         4425700          0       2000          0          0
   0       68     2020    10096      1277081379      1277091476         4435783          0       2000          0          0
   0       68     2006    10082      1277091478      1277101560         4445882          0       2000          0          0
   0       68     2165    10249      1277101562      1277111811         4455966          0       2000          0          0
   0       68     1996    10084      1277111816      1277121901         4466220          0       2000          0          0
   0       68     3181    11274      1277121907      1277133181         4476311          0       2000          0          0
   0       68     2436    10513      1277133194      1277143707         4487598          0       2000          0          0
   0       68     2010    10094      1277143716      1277153810         4498119          0       2000          0          0
   0       68     2018    10096      1277153823      1277163919         4508227          0       2000          0          0
   0       68     2048    10118      1277163927      1277174045         4518331          0       2000          0          0
   0       68     2009    10086      1277174049      1277184135         4528453          0       2000          0          0
   0       68     2038    10105      1277184138      1277194244         4538542          0       2000          0          0
   0       68     2023    10088      1277194247      1277204335         4548651          0       2000          0          0
   0       68     2021    10098      1277204338      1277214436         4558742          0       2000          0          0
   0       68     2037    10127      1277214439      1277224566         4568843          0       2000          0          0
   0       68     2000    10070      1277224575      1277234645         4578979          0       2000          0          0
   0       68     2023    10109      1277234649      1277244759         4589053          0       2000          0          0
   0       68     2013    10091      1277244763      1277254854         4599167          0       2000          0          0
   0       68     2006    10082      1277254857      1277264939         4609261          0       2000          0          0
   0       68     2024    10100      1277264942      1277275042         4619346          0       2000          0          0
   0       68     2006    10082      1277275045      1277285127         4629448          0       2000          0          0
   0       68     2033    10100      1277285129      1277295229         4639533          0       2000          0          0
   0       68     2007    10084      1277295231      1277305315         4649635          0       2000          0          0
   0       68     2024    10101      1277305318      1277315419         4659722          0       2000          0          0
   0       68     2005    10082      1277315421      1277325503         4669825          0       2000          0          0
   0       68     2024    10105      1277325564      1277335669         4679968          0       2000          0          0
   0       68     2722    10808      1277335675      1277346483         4690079          0       2000          0          0
   0       68     2105    10174      1277346489      1277356663         4700893          0       2000          0          0
   0       68     2012    10080      1277356668      1277366748         4711072          0       2000          0          0
   0       68     2025    10105      1277366752      1277376857         4721156          0       2000          0          0
   0       68     2065    10131      1277376863      1277386994         4731267          0       2000          0          0
   0       68     1999    10075      1277386996      1277397071         4741400          0       2000          0          0
   0       68     2024    10090      1277397074      1277407164         4751478          0       2000          0          0
   0       68     2009    10084      1277407167      1277417251         4761571          0       2000          0          0
   0       68     2002    10068      1277417253      1277427321         4771657          0       2000          0          0
   0       68     2038    10114      1277427323      1277437437         4781727          0       2000          0          0
   0       68     2002    10076      1277437439      1277447515         4791843          0       2000          0          0
   0       68     2653    10733      1277447521      1277458254         4801925          0       2000          0          0
   0       68     2009    10078      1277458263      1277468341         4812666          0       2000          0          0
   0       68     2042    10120      1277468345      1277478465         4822749          0       2000          0          0
   0       68     2033    10109      1277478468      1277488577         4832872          0       2000          0          0
   0       68     2026    10102      1277488580      1277498682         4842984          0       2000          0          0
   0       68     2021    10098      1277498685      1277508783         4853089          0       2000          0          0
   0       68     2032    10109      1277508786      1277518895         4863190          0       2000          0          0
   0       68     2005    10072      1277518897      1277528969         4873301          0       2000          0          0
   0       68     1996    10073      1277528972      1277539044         4883375          0       2000          0          0
   0       68     2022    10099      1277539047      1277549146         4893451          0       2000          0          0
   0       68     2013    10092      1277549148      1277559240         4903552          0       2000          0          0
   0       68     2799    10876      1277559244      1277570120         4913648          0       2000          0          0
   0       68     2069    10137      1277570130      1277580267         4924534          0       2000          0          0
   0       68     2015    10093      1277580272      1277590365         4934676          0       2000          0          0
   0       68     2030    10108      1277590369      1277600477         4944773          0       2000          0          0
   0       68     2022    10109      1277600480      1277610589         4954883          0       2000          0          0
   0       68     2097    10178      1277610597      1277620775         4965001          0       2000          0          0
   0       68     1998    10076      1277620779      1277630856         4975183          0       2000          0          0
   0       68     1997    10064      1277630863      1277640927         4985267          0       2000          0          0
