#idx     perf      run   period           start             end          rel_st      slack c_duration   c_period     wu_lat
   0       68     2019    10084      1267566343      1267576427             270          0       2000          0          0
   0       68     1984    10049      1267576430      1267586478           10357          0       2000          0          0
   0       68     1984    10049      1267586480      1267596529           20407          0       2000          0          0
   0       68     1984    10049      1267596531      1267606580           30458          0       2000          0          0
   0       68     1985    10050      1267606582      1267616632           40509          0       2000          0          0
   0       68     1983    10057      1267616634      1267626690           50561          0       2000          0          0
   0       68     1983    10051      1267626692      1267636743           60619          0       2000          0          0
   0       68     1999    10063      1267636745      1267646808           70671          0       2000          0          0
   0       68     1984    10047      1267646809      1267656857           80736          0       2000          0          0
   0       68     1999    10065      1267656858      1267666923           90785          0       2000          0          0
   0       68     1999    10062      1267666924      1267676986          100851          0       2000          0          0
   0       68     2009    10082      1267676988      1267687070          110915          0       2000          0          0
   0       68     1984    10054      1267687072      1267697126          120999          0       2000          0          0
   0       68     1983    10051      1267697128      1267707178          131055          0       2000          0          0
   0       68     1984    10049      1267707180      1267717228          141107          0       2000          0          0
   0       68     1983    10049      1267717230      1267727279          151157          0       2000          0          0
   0       68     1983    10051      1267727281      1267737332          161208          0       2000          0          0
   0       68     2016    10079      1267737333      1267747412          171260          0       2000          0          0
   0       68     1998    10062      1267747414      1267757475          181341          0       2000          0          0
   0       68     1985    10048      1267757477      1267767525          191404          0       2000          0          0
   0       68     1998    10062      1267767526      1267777588          201453          0       2000          0          0
   0       68     1983    10046      1267777589      1267787636          211516          0       2000          0          0
   0       68     1983    10047      1267787637      1267797684          221564          0       2000          0          0
   0       68     1983    10059      1267797685      1267807745          231612          0       2000          0          0
   0       68     1999    10066      1267807746      1267817812          241673          0       2000          0          0
   0       68     1984    10047      1267817814      1267827861          251741          0       2000          0          0
   0       68     1983    10046      1267827863      1267837909          261790          0       2000          0          0
   0       68     2000    10064      1267837910      1267847974          271837          0       2000          0          0
   0       68     1998    10063      1267847976      1267858038          281903          0       2000          0          0
   0       68     1983    10048      1267858040      1267868088          291967          0       2000          0          0
   0       68     1983    10055      1267868089      1267878144          302016          0       2000          0          0
   0       68     1999    10063      1267878145      1267888208          312072          0       2000          0          0
   0       68     1983    10047      1267888209      1267898256          322136          0       2000          0          0
   0       68     1999    10064      1267898308      1267908372          332235          0       2000          0          0
   0       68     1983    10046      1267908373      1267918420          342300          0       2000          0          0
   0       68     1984    10053      1267918421      1267928474          352348          0       2000          0          0
   0       68     1983    10046      1267928475      1267938522          362402          0       2000          0          0
   0       68     1985    10049      1267938523      1267948572          372450          0       2000          0          0
   0       68     1983    10046      1267948573      1267958620          382500          0       2000          0          0
   0       68     1983    10048      1267958621      1267968669          392548          0       2000          0          0
   0       68     1999    10062      1267968670      1267978733          402597          0       2000          0          0
   0       68     1983    10047      1267978734      1267988781          412661          0       2000          0          0
   0       68     1983    10046      1267988783      1267998829          422710          0       2000          0          0
   0       68     2000    10063      1267998830      1268008893          432757          0       2000          0          0
   0       68     1983    10047      1268008895      1268018942          442822          0       2000          0          0
   0       68     1998    10078      1268018943      1268029021          452870          0       2000          0          0
   0       68     2000    10064      1268029023      1268039087          462950          0       2000          0          0
   0       68     1983    10048      1268039088      1268049136          473015          0       2000          0          0
   0       68     1984    10048      1268049138      1268059186          483065          0       2000          0          0
   0       68     1999    10063      1268059188      1268069251          493115          0       2000          0          0
   0       68     1998    10062      1268069252      1268079314          503179          0       2000          0          0
   0       68     2000    10064      1268079315      1268089379          513242          0       2000          0          0
   0       68     1983    10047      1268089381      1268099428          523307          0       2000          0          0
   0       68     1998    10068      1268099429      1268109497          533356          0       2000          0          0
   0       68     1983    10050      1268109498      1268119548          543425          0       2000          0          0
   0       68     1984    10056      1268119549      1268129606          553476          0       2000          0          0
   0       68     1983    10047      1268129607      1268139654          563534          0       2000          0          0
   0       68     1984    10049      1268139656      1268149705          573583          0       2000          0          0
   0       68     1999    10064      1268149707      1268159770          583634          0       2000          0          0
   0       68     1985    10049      1268159772      1268169821          593699          0       2000          0          0
   0       68     1983    10055      1268169822      1268179877          603749          0       2000          0          0
   0       68     1998    10065      1268179878      1268189943          613805          0       2000          0          0
   0       68     1993    10056      1268189945      1268200001          623872          0       2000          0          0
   0       68     2011    10077      1268200003      1268210080          633930          0       2000          0          0
   0       68     1985    10049      1268210082      1268220131          644009          0       2000          0          0
   0       68     2000    10063      1268220132      1268230195          654059          0       2000          0          0
   0       68     2014    10078      1268230226      1268240304          664153          0       2000          0          0
   0       68     1998    10063      1268240306      1268250368          674233          0       2000          0          0
   0       68     1983    10051      1268250370      1268260420          684297          0       2000          0          0
   0       68     1983    10050      1268260422      1268270472          694349          0       2000          0          0
   0       68     1985    10048      1268270474      1268280522          704401          0       2000          0          0
   0       68     1983    10047      1268280523      1268290571          714450          0       2000          0          0
   0       68     1983    10047      1268290572      1268300619          724499          0       2000          0          0
   0       68     1984    10047      1268300620      1268310668          734547          0       2000          0          0
   0       68     1983    10062      1268310669      1268320731          744596          0       2000          0          0
   0       68     1983    10050      1268320733      1268330783          754660          0       2000          0          0
   0       68     1985    10056      1268330784      1268340840          764711          0       2000          0          0
   0       68     1984    10048      1268340842      1268350890          774769          0       2000          0          0
   0       68     1998    10062      1268350891      1268360953          784818          0       2000          0          0
   0       68     1983    10085      1268360954      1268371039          794881          0       2000          0          0
   0       68     1983    10049      1268371041      1268381089          804968          0       2000          0          0
   0       68     1985    10049      1268381091      1268391140          815018          0       2000          0          0
   0       68     2001    10066      1268391142      1268401207          825069          0       2000          0          0
   0       68     1999    10063      1268401209      1268411271          835136          0       2000          0          0
   0       68     1984    10047      1268411273      1268421320          845200          0       2000          0          0
   0       68     1999    10062      1268421322      1268431384          855249          0       2000          0          0
   0       68     1983    10046      1268431385      1268441432          865312          0       2000          0          0
   0       68     1998    10071      1268441433      1268451504          875360          0       2000          0          0
   0       68     1999    10063      1268451506      1268461569          885433          0       2000          0          0
   0       68     2000    10063      1268461570      1268471634          895497          0       2000          0          0
   0       68     1983    10059      1268471635      1268481695          905562          0       2000          0          0
   0       68     1983    10050      1268481696      1268491746          915623          0       2000          0          0
   0       68     1985    10048      1268491748      1268501796          925675          0       2000          0          0
   0       68     1983    10047      1268501797      1268511844          935724          0       2000          0          0
   0       68     1998    10062      1268511846      1268521908          945773          0       2000          0          0
   0       68     2014    10078      1268521909      1268531987          955836          0       2000          0          0
   0       68     1999    10071      1268531989      1268542060          965916          0       2000          0          0
   0       68     1984    10048      1268542061      1268552109          975988          0       2000          0          0
   0       68     1983    10046      1268552111      1268562157          986038          0       2000          0          0
   0       68     2012    10077      1268562187      1268572264          996114          0       2000          0          0
   0       68     2000    10063      1268572265      1268582329         1006192          0       2000          0          0
   0       68     1983    10052      1268582330      1268592382         1016257          0       2000          0          0
   0       68     1983    10052      1268592383      1268602436         1026310          0       2000          0          0
   0       68     1984    10052      1268602437      1268612489         1036364          0       2000          0          0
   0       68     1983    10046      1268612491      1268622537         1046418          0       2000          0          0
   0       68     2000    10066      1268622539      1268632605         1056466          0       2000          0          0
   0       68     1983    10054      1268632606      1268642661         1066533          0       2000          0          0
   0       68     1999    10063      1268642662      1268652725         1076589          0       2000          0          0
   0       68     1999    10063      1268652727      1268662790         1086654          0       2000          0          0
   0       68     2000    10063      1268662791      1268672854         1096718          0       2000          0          0
   0       68     1998    10065      1268672855      1268682920         1106782          0       2000          0          0
   0       68     1985    10049      1268682922      1268692971         1116849          0       2000          0          0
   0       68     2000    10064      1268692973      1268703036         1126900          0       2000          0          0
   0       68     1984    10059      1268703038      1268713097         1136965          0       2000          0          0
   0       68     1983    10050      1268713099      1268723149         1147026          0       2000          0          0
   0       68     1985    10049      1268723150      1268733199         1157077          0       2000          0          0
   0       68     1984    10048      1268733201      1268743249         1167127          0       2000          0          0
   0       68     2001    10065      1268743250      1268753315         1177177          0       2000          0          0
   0       68     1999    10062      1268753317      1268763379         1187244          0       2000          0          0
   0       68     1998    10061      1268763380      1268773442         1197307          0       2000          0          0
   0       68     1984    10047      1268773443      1268783490         1207370          0       2000          0          0
   0       68     1999    10063      1268783492      1268793555         1217419          0       2000          0          0
   0       68     1983    10046      1268793556      1268803602         1227483          0       2000          0          0
   0       68     1998    10069      1268803604      1268813673         1237531          0       2000          0          0
   0       68     1999    10071      1268813674      1268823746         1247601          0       2000          0          0
   0       68     2001    10064      1268823747      1268833811         1257674          0       2000          0          0
   0       68     1983    10047      1268833813      1268843860         1267740          0       2000          0          0
   0       68     1984    10048      1268843861      1268853909         1277788          0       2000          0          0
   0       68     2015    10087      1268853910      1268863997         1287837          0       2000          0          0
   0       68     1999    10063      1268863998      1268874062         1297925          0       2000          0          0
   0       68     1998    10062      1268874063      1268884126         1307990          0       2000          0          0
   0       68     1998    10062      1268884127      1268894189         1318054          0       2000          0          0
   0       68     1999    10063      1268894213      1268904276         1328140          0       2000          0          0
   0       68     1983    10047      1268904277      1268914324         1338204          0       2000          0          0
   0       68     1983    10055      1268914325      1268924380         1348252          0       2000          0          0
   0       68     1994    10057      1268924382      1268934439         1358309          0       2000          0          0
   0       68     1983    10050      1268934441      1268944491         1368368          0       2000          0          0
   0       68     1984    10048      1268944492      1268954540         1378419          0       2000          0          0
   0       68     1985    10049      1268954542      1268964591         1388469          0       2000          0          0
   0       68     1998    10062      1268964592      1268974654         1398519          0       2000          0          0
   0       68     1999    10063      1268974656      1268984719         1408583          0       2000          0          0
   0       68     1999    10062      1268984720      1268994782         1418647          0       2000          0          0
   0       68     1983    10049      1268994783      1269004832         1428710          0       2000          0          0
   0       68     1984    10050      1269004834      1269014884         1438761          0       2000          0          0
   0       68     1985    10049      1269014885      1269024934         1448812          0       2000          0          0
   0       68     1983    10047      1269024935      1269034982         1458862          0       2000          0          0
   0       68     1998    10065      1269034984      1269045049         1468911          0       2000          0          0
   0       68     1999    10064      1269045050      1269055114         1478977          0       2000          0          0
   0       68     1983    10048      1269055116      1269065163         1489043          0       2000          0          0
   0       68     1985    10049      1269065165      1269075213         1499092          0       2000          0          0
   0       68     1984    10048      1269075215      1269085262         1509142          0       2000          0          0
   0       68     2014    10077      1269085264      1269095341         1519191          0       2000          0          0
   0       68     2000    10066      1269095343      1269105409         1529270          0       2000          0          0
   0       68     1983    10048      1269105410      1269115458         1539337          0       2000          0          0
   0       68     1983    10053      1269115459      1269125512         1549386          0       2000          0          0
   0       68     1983    10048      1269125514      1269135561         1559441          0       2000          0          0
   0       68     1985    10049      1269135563      1269145612         1569490          0       2000          0          0
   0       68     1983    10047      1269145613      1269155660         1579540          0       2000          0          0
   0       68     2000    10071      1269155662      1269165732         1589589          0       2000          0          0
   0       68     1983    10060      1269165734      1269175794         1599661          0       2000          0          0
   0       68     1985    10049      1269175795      1269185844         1609722          0       2000          0          0
   0       68     1984    10048      1269185846      1269195893         1619773          0       2000          0          0
   0       68     1983    10047      1269195895      1269205942         1629822          0       2000          0          0
   0       68     1999    10063      1269205944      1269216006         1639871          0       2000          0          0
   0       68     2014    10099      1269216008      1269226107         1649935          0       2000          0          0
   0       68     1999    10063      1269226135      1269236198         1660062          0       2000          0          0
   0       68     1984    10048      1269236200      1269246248         1670127          0       2000          0          0
   0       68     1983    10046      1269246249      1269256295         1680176          0       2000          0          0
   0       68     1983    10047      1269256297      1269266344         1690224          0       2000          0          0
   0       68     1999    10072      1269266345      1269276417         1700272          0       2000          0          0
   0       68     1983    10050      1269276418      1269286468         1710345          0       2000          0          0
   0       68     1985    10048      1269286469      1269296518         1720396          0       2000          0          0
   0       68     1983    10047      1269296519      1269306566         1730446          0       2000          0          0
   0       68     1999    10071      1269306568      1269316639         1740495          0       2000          0          0
   0       68     2001    10064      1269316640      1269326704         1750567          0       2000          0          0
   0       68     2000    10063      1269326705      1269336769         1760632          0       2000          0          0
   0       68     1998    10062      1269336770      1269346832         1770697          0       2000          0          0
   0       68     1983    10046      1269346833      1269356880         1780760          0       2000          0          0
   0       68     1999    10064      1269356881      1269366945         1790808          0       2000          0          0
   0       68     1983    10047      1269366946      1269376994         1800873          0       2000          0          0
   0       68     1999    10072      1269376995      1269387067         1810922          0       2000          0          0
   0       68     1983    10048      1269387069      1269397117         1820996          0       2000          0          0
   0       68     1985    10049      1269397119      1269407168         1831046          0       2000          0          0
   0       68     2015    10079      1269407169      1269417248         1841096          0       2000          0          0
   0       68     1983    10047      1269417250      1269427296         1851177          0       2000          0          0
   0       68     1983    10054      1269427298      1269437352         1861225          0       2000          0          0
   0       68     1983    10047      1269437353      1269447400         1871280          0       2000          0          0
   0       68     1983    10047      1269447402      1269457449         1881329          0       2000          0          0
   0       68     1983    10055      1269457450      1269467505         1891377          0       2000          0          0
   0       68     1983    10047      1269467506      1269477553         1901433          0       2000          0          0
   0       68     2016    10079      1269477555      1269487634         1911482          0       2000          0          0
   0       68     1998    10076      1269487635      1269497711         1921562          0       2000          0          0
   0       68     1983    10050      1269497713      1269507762         1931640          0       2000          0          0
   0       68     1985    10049      1269507764      1269517813         1941691          0       2000          0          0
   0       68     1999    10063      1269517814      1269527877         1951741          0       2000          0          0
   0       68     1983    10047      1269527878      1269537925         1961805          0       2000          0          0
   0       68     1999    10088      1269537927      1269548015         1971854          0       2000          0          0
   0       68     1983    10050      1269548016      1269558066         1981943          0       2000          0          0
   0       68     1984    10051      1269558088      1269568139         1992015          0       2000          0          0
   0       68     1999    10063      1269568141      1269578203         2002068          0       2000          0          0
   0       68     1998    10061      1269578205      1269588266         2012132          0       2000          0          0
   0       68     1999    10063      1269588268      1269598331         2022195          0       2000          0          0
   0       68     1998    10063      1269598332      1269608395         2032259          0       2000          0          0
   0       68     2000    10069      1269608397      1269618466         2042324          0       2000          0          0
   0       68     1984    10051      1269618468      1269628518         2052395          0       2000          0          0
   0       68     1984    10048      1269628520      1269638569         2062447          0       2000          0          0
   0       68     2001    10064      1269638570      1269648634         2072497          0       2000          0          0
   0       68     1983    10046      1269648636      1269658682         2082563          0       2000          0          0
   0       68     1983    10048      1269658684      1269668732         2092611          0       2000          0          0
   0       68     1998    10062      1269668734      1269678796         2102661          0       2000          0          0
   0       68     1989    10054      1269678797      1269688851         2112724          0       2000          0          0
   0       68     2000    10063      1269688853      1269698916         2122780          0       2000          0          0
   0       68     1999    10063      1269698918      1269708980         2132845          0       2000          0          0
   0       68     1998    10061      1269708982      1269719043         2142909          0       2000          0          0
   0       68     2001    10070      1269719044      1269729114         2152971          0       2000          0          0
   0       68     1983    10048      1269729116      1269739163         2163043          0       2000          0          0
   0       68     1985    10048      1269739165      1269749213         2173092          0       2000          0          0
   0       68     1983    10046      1269749214      1269759261         2183141          0       2000          0          0
   0       68     1998    10062      1269759262      1269769324         2193189          0       2000          0          0
   0       68     1999    10063      1269769325      1269779388         2203252          0       2000          0          0
   0       68     1983    10047      1269779390      1269789437         2213317          0       2000          0          0
   0       68     1983    10046      1269789439      1269799485         2223366          0       2000          0          0
   0       68     1985    10056      1269799487      1269809543         2233414          0       2000          0          0
   0       68     2009    10073      1269809544      1269819617         2243471          0       2000          0          0
   0       68     1983    10046      1269819619      1269829665         2253546          0       2000          0          0
   0       68     1983    10052      1269829667      1269839719         2263594          0       2000          0          0
   0       68     1984    10048      1269839721      1269849769         2273647          0       2000          0          0
   0       68     1985    10048      1269849770      1269859819         2283697          0       2000          0          0
   0       68     1984    10048      1269859820      1269869868         2293747          0       2000          0          0
   0       68     1998    10062      1269869869      1269879931         2303796          0       2000          0          0
   0       68     1999    10063      1269879932      1269889995         2313859          0       2000          0          0
   0       68     1983    10047      1269890031      1269900078         2323958          0       2000          0          0
   0       68     1998    10062      1269900080      1269910142         2334007          0       2000          0          0
   0       68     1983    10047      1269910143      1269920190         2344070          0       2000          0          0
   0       68     1983    10048      1269920192      1269930240         2354119          0       2000          0          0
   0       68     1998    10062      1269930242      1269940304         2364169          0       2000          0          0
   0       68     1999    10078      1269940306      1269950383         2374233          0       2000          0          0
   0       68     1983    10050      1269950385      1269960435         2384312          0       2000          0          0
   0       68     1985    10049      1269960436      1269970485         2394363          0       2000          0          0
   0       68     2014    10078      1269970486      1269980564         2404413          0       2000          0          0
   0       68     1998    10061      1269980566      1269990627         2414493          0       2000          0          0
   0       68     1983    10054      1269990628      1270000682         2424555          0       2000          0          0
   0       68     1983    10047      1270000684      1270010731         2434611          0       2000          0          0
   0       68     1999    10071      1270010733      1270020803         2444660          0       2000          0          0
   0       68     1983    10047      1270020805      1270030851         2454732          0       2000          0          0
   0       68     2000    10063      1270030853      1270040916         2464780          0       2000          0          0
   0       68     1984    10047      1270040918      1270050964         2474845          0       2000          0          0
   0       68     1983    10049      1270050966      1270061015         2484893          0       2000          0          0
   0       68     1984    10065      1270061016      1270071081         2494943          0       2000          0          0
   0       68     2014    10086      1270071083      1270081169         2505010          0       2000          0          0
   0       68     1983    10047      1270081171      1270091218         2515098          0       2000          0          0
   0       68     1983    10046      1270091219      1270101266         2525146          0       2000          0          0
   0       68     1983    10055      1270101268      1270111323         2535195          0       2000          0          0
   0       68     1983    10051      1270111324      1270121375         2545251          0       2000          0          0
   0       68     1983    10054      1270121377      1270131430         2555304          0       2000          0          0
   0       68     1984    10051      1270131432      1270141483         2565359          0       2000          0          0
   0       68     1985    10049      1270141485      1270151533         2575412          0       2000          0          0
   0       68     1983    10050      1270151535      1270161585         2585462          0       2000          0          0
   0       68     1984    10048      1270161586      1270171634         2595513          0       2000          0          0
   0       68     1984    10055      1270171636      1270181691         2605563          0       2000          0          0
   0       68     1983    10048      1270181692      1270191740         2615619          0       2000          0          0
   0       68     1985    10048      1270191742      1270201790         2625669          0       2000          0          0
   0       68     2005    10069      1270201791      1270211860         2635718          0       2000          0          0
   0       68     1983    10048      1270211861      1270221910         2645788          0       2000          0          0
   0       68     1983    10047      1270221940      1270231987         2655867          0       2000          0          0
   0       68     2014    10086      1270231988      1270242074         2665915          0       2000          0          0
   0       68     1983    10047      1270242076      1270252123         2676003          0       2000          0          0
   0       68     1999    10063      1270252124      1270262187         2686051          0       2000          0          0
   0       68     1999    10078      1270262188      1270272266         2696115          0       2000          0          0
   0       68     1983    10050      1270272267      1270282317         2706194          0       2000          0          0
   0       68     1984    10049      1270282319      1270292368         2716246          0       2000          0          0
   0       68     1984    10048      1270292369      1270302417         2726296          0       2000          0          0
   0       68     1999    10062      1270302419      1270312481         2736346          0       2000          0          0
   0       68     1983    10051      1270312483      1270322533         2746410          0       2000          0          0
   0       68     2003    10067      1270322535      1270332602         2756462          0       2000          0          0
   0       68     1984    10047      1270332603      1270342650         2766530          0       2000          0          0
   0       68     1999    10071      1270342652      1270352723         2776579          0       2000          0          0
   0       68     1983    10054      1270352724      1270362778         2786651          0       2000          0          0
   0       68     2014    10078      1270362780      1270372858         2796706          0       2000          0          0
   0       68     1983    10055      1270372859      1270382914         2806786          0       2000          0          0
   0       68     1983    10052      1270382915      1270392967         2816842          0       2000          0          0
   0       68     1984    10057      1270392969      1270403026         2826896          0       2000          0          0
   0       68     1985    10049      1270403027      1270413076         2836954          0       2000          0          0
   0       68     1983    10055      1270413078      1270423133         2847005          0       2000          0          0
   0       68     2014    10102      1270423135      1270433236         2857062          0       2000          0          0
   0       68     1990    10054      1270433238      1270443292         2867165          0       2000          0          0
   0       68     1985    10049      1270443294      1270453343         2877221          0       2000          0          0
   0       68     1983    10047      1270453345      1270463391         2887272          0       2000          0          0
   0       68     2014    10078      1270463393      1270473470         2897320          0       2000          0          0
   0       68     1983    10047      1270473472      1270483519         2907399          0       2000          0          0
   0       68     1999    10071      1270483520      1270493591         2917447          0       2000          0          0
   0       68     1983    10052      1270493593      1270503645         2927520          0       2000          0          0
   0       68     1984    10048      1270503647      1270513694         2937574          0       2000          0          0
   0       68     1985    10048      1270513696      1270523744         2947623          0       2000          0          0
   0       68     1983    10047      1270523745      1270533793         2957672          0       2000          0          0
   0       68     1983    10046      1270533794      1270543841         2967721          0       2000          0          0
   0       68     1983    10047      1270543842      1270553889         2977769          0       2000          0          0
   0       68     1999    10064      1270553913      1270563977         2987840          0       2000          0          0
   0       68     2007    10072      1270563979      1270574050         2997906          0       2000          0          0
   0       68     1999    10063      1270574052      1270584115         3007979          0       2000          0          0
   0       68     1983    10046      1270584116      1270594163         3018043          0       2000          0          0
   0       68     2014    10086      1270594164      1270604250         3028091          0       2000          0          0
   0       68     1999    10080      1270604252      1270614332         3038179          0       2000          0          0
   0       68     1984    10051      1270614333      1270624385         3048260          0       2000          0          0
   0       68     1984    10049      1270624386      1270634436         3058313          0       2000          0          0
   0       68     1998    10062      1270634437      1270644499         3068364          0       2000          0          0
   0       68     1999    10063      1270644501      1270654563         3078428          0       2000          0          0
   0       68     2000    10063      1270654565      1270664628         3088492          0       2000          0          0
   0       68     1983    10046      1270664629      1270674676         3098556          0       2000          0          0
   0       68     1998    10065      1270674677      1270684742         3108604          0       2000          0          0
   0       68     1984    10047      1270684744      1270694790         3118671          0       2000          0          0
   0       68     1998    10061      1270694792      1270704853         3128719          0       2000          0          0
   0       68     1983    10046      1270704854      1270714900         3138781          0       2000          0          0
   0       68     1983    10059      1270714902      1270724961         3148829          0       2000          0          0
   0       68     1983    10054      1270724962      1270735016         3158889          0       2000          0          0
   0       68     1983    10065      1270735017      1270745082         3168944          0       2000          0          0
   0       68     1984    10064      1270745084      1270755147         3179011          0       2000          0          0
   0       68     1983    10051      1270755149      1270765200         3189076          0       2000          0          0
   0       68     1984    10048      1270765201      1270775250         3199128          0       2000          0          0
   0       68     1985    10049      1270775251      1270785300         3209178          0       2000          0          0
   0       68     1983    10046      1270785301      1270795347         3219228          0       2000          0          0
   0       68     1999    10063      1270795349      1270805412         3229276          0       2000          0          0
   0       68     1998    10062      1270805413      1270815475         3239340          0       2000          0          0
   0       68     1984    10048      1270815477      1270825525         3249404          0       2000          0          0
   0       68     1999    10077      1270825526      1270835603         3259453          0       2000          0          0
   0       68     1983    10049      1270835605      1270845654         3269532          0       2000          0          0
   0       68     1984    10056      1270845655      1270855712         3279582          0       2000          0          0
   0       68     2014    10079      1270855713      1270865792         3289640          0       2000          0          0
   0       68     1983    10046      1270865793      1270875840         3299720          0       2000          0          0
   0       68     1998    10061      1270875841      1270885902         3309768          0       2000          0          0
   0       68     1983    10048      1270885931      1270895979         3319858          0       2000          0          0
   0       68     2001    10064      1270895980      1270906045         3329907          0       2000          0          0
   0       68     1983    10047      1270906046      1270916093         3339973          0       2000          0          0
   0       68     1999    10063      1270916094      1270926157         3350021          0       2000          0          0
   0       68     1983    10047      1270926159      1270936206         3360086          0       2000          0          0
   0       68     1983    10053      1270936208      1270946261         3370135          0       2000          0          0
   0       68     1983    10052      1270946262      1270956314         3380189          0       2000          0          0
   0       68     1985    10049      1270956315      1270966364         3390242          0       2000          0          0
   0       68     1984    10047      1270966366      1270976413         3400293          0       2000          0          0
   0       68     2000    10064      1270976414      1270986478         3410341          0       2000          0          0
   0       68     2015    10078      1270986480      1270996558         3420407          0       2000          0          0
   0       68     1984    10055      1270996559      1271006615         3430486          0       2000          0          0
   0       68     1999    10071      1271006616      1271016687         3440543          0       2000          0          0
   0       68     1999    10063      1271016688      1271026751         3450615          0       2000          0          0
   0       68     1983    10054      1271026753      1271036806         3460680          0       2000          0          0
   0       68     1983    10046      1271036808      1271046854         3470735          0       2000          0          0
   0       68     2000    10067      1271046855      1271056922         3480782          0       2000          0          0
   0       68     1999    10074      1271056923      1271066997         3490850          0       2000          0          0
   0       68     1983    10055      1271066999      1271077054         3500926          0       2000          0          0
   0       68     1983    10055      1271077055      1271087110         3510982          0       2000          0          0
   0       68     1984    10052      1271087111      1271097164         3521038          0       2000          0          0
   0       68     1985    10052      1271097165      1271107217         3531092          0       2000          0          0
   0       68     1984    10057      1271107218      1271117275         3541145          0       2000          0          0
   0       68     1983    10049      1271117276      1271127326         3551203          0       2000          0          0
   0       68     1983    10048      1271127327      1271137375         3561254          0       2000          0          0
   0       68     1985    10048      1271137377      1271147425         3571304          0       2000          0          0
   0       68     2000    10064      1271147427      1271157490         3581354          0       2000          0          0
   0       68     1983    10046      1271157492      1271167538         3591419          0       2000          0          0
   0       68     1999    10063      1271167540      1271177603         3601467          0       2000          0          0
   0       68     1983    10048      1271177604      1271187652         3611531          0       2000          0          0
   0       68     1985    10049      1271187654      1271197702         3621581          0       2000          0          0
   0       68     1983    10048      1271197704      1271207752         3631631          0       2000          0          0
   0       68     1999    10063      1271207753      1271217816         3641680          0       2000          0          0
   0       68     2014    10086      1271217839      1271227925         3651766          0       2000          0          0
   0       68     1999    10062      1271227926      1271237989         3661853          0       2000          0          0
   0       68     1999    10063      1271237990      1271248053         3671917          0       2000          0          0
   0       68     2000    10064      1271248054      1271258118         3681981          0       2000          0          0
   0       68     1983    10047      1271258120      1271268167         3692047          0       2000          0          0
   0       68     1984    10047      1271268168      1271278215         3702095          0       2000          0          0
   0       68     1999    10063      1271278217      1271288280         3712144          0       2000          0          0
   0       68     1984    10049      1271288282      1271298331         3722209          0       2000          0          0
   0       68     1985    10048      1271298332      1271308381         3732259          0       2000          0          0
   0       68     1998    10063      1271308382      1271318445         3742309          0       2000          0          0
   0       68     1999    10063      1271318446      1271328510         3752373          0       2000          0          0
   0       68     1983    10055      1271328511      1271338566         3762438          0       2000          0          0
   0       68     1983    10046      1271338567      1271348614         3772494          0       2000          0          0
   0       68     1985    10048      1271348615      1271358663         3782542          0       2000          0          0
   0       68     1999    10064      1271358665      1271368729         3792592          0       2000          0          0
   0       68     1983    10047      1271368730      1271378777         3802657          0       2000          0          0
   0       68     1985    10048      1271378779      1271388827         3812706          0       2000          0          0
   0       68     1998    10069      1271388828      1271398897         3822755          0       2000          0          0
   0       68     1984    10052      1271398899      1271408951         3832826          0       2000          0          0
   0       68     1984    10047      1271408952      1271419000         3842879          0       2000          0          0
   0       68     1983    10047      1271419001      1271429048         3852928          0       2000          0          0
   0       68     1985    10049      1271429050      1271439099         3862977          0       2000          0          0
   0       68     1999    10063      1271439100      1271449163         3873027          0       2000          0          0
   0       68     1983    10046      1271449165      1271459211         3883092          0       2000          0          0
   0       68     1984    10048      1271459213      1271469260         3893139          0       2000          0          0
   0       68     1999    10063      1271469262      1271479325         3903189          0       2000          0          0
   0       68     1999    10063      1271479326      1271489390         3913253          0       2000          0          0
   0       68     1999    10070      1271489391      1271499461         3923318          0       2000          0          0
   0       68     1983    10054      1271499463      1271509517         3933390          0       2000          0          0
   0       68     2000    10070      1271509518      1271519588         3943445          0       2000          0          0
   0       68     1983    10047      1271519590      1271529637         3953517          0       2000          0          0
   0       68     1985    10048      1271529638      1271539686         3963565          0       2000          0          0
   0       68     2015    10078      1271539688      1271549766         3973615          0       2000          0          0
   0       68     1983    10047      1271549786      1271559833         3983713          0       2000          0          0
   0       68     1983    10050      1271559834      1271569884         3993761          0       2000          0          0
   0       68     1993    10056      1271569886      1271579942         4003813          0       2000          0          0
   0       68     2015    10083      1271579943      1271590027         4013870          0       2000          0          0
   0       68     1984    10047      1271590028      1271600075         4023955          0       2000          0          0
   0       68     1983    10058      1271600077      1271610134         4034004          0       2000          0          0
   0       68     2016    10085      1271610136      1271620221         4044063          0       2000          0          0
   0       68     1983    10047      1271620222      1271630270         4054149          0       2000          0          0
   0       68     1999    10068      1271630271      1271640339         4064198          0       2000          0          0
   0       68     1984    10048      1271640341      1271650389         4074268          0       2000          0          0
   0       68     1985    10049      1271650390      1271660439         4084317          0       2000          0          0
   0       68     1985    10049      1271660440      1271670490         4094367          0       2000          0          0
   0       68     1999    10063      1271670491      1271680554         4104418          0       2000          0          0
   0       68     1984    10047      1271680555      1271690603         4114482          0       2000          0          0
   0       68     1999    10071      1271690604      1271700675         4124531          0       2000          0          0
   0       68     1986    10058      1271700677      1271710735         4134604          0       2000          0          0
   0       68     2000    10064      1271710736      1271720801         4144663          0       2000          0          0
   0       68     1983    10064      1271720802      1271730866         4154729          0       2000          0          0
   0       68     1983    10050      1271730867      1271740918         4164794          0       2000          0          0
   0       68     1985    10049      1271740919      1271750968         4174846          0       2000          0          0
   0       68     1983    10056      1271750969      1271761025         4184896          0       2000          0          0
   0       68     1983    10046      1271761027      1271771073         4194954          0       2000          0          0
   0       68     2015    10079      1271771075      1271781153         4205002          0       2000          0          0
   0       68     1999    10063      1271781155      1271791218         4215082          0       2000          0          0
   0       68     1999    10063      1271791219      1271801282         4225146          0       2000          0          0
   0       68     1999    10062      1271801283      1271811345         4235210          0       2000          0          0
   0       68     1987    10052      1271811347      1271821398         4245274          0       2000          0          0
   0       68     1984    10047      1271821400      1271831447         4255327          0       2000          0          0
   0       68     1999    10077      1271831449      1271841525         4265376          0       2000          0          0
   0       68     1983    10055      1271841527      1271851582         4275454          0       2000          0          0
   0       68     1984    10047      1271851584      1271861631         4285511          0       2000          0          0
   0       68     1984    10048      1271861632      1271871680         4295559          0       2000          0          0
   0       68     1985    10049      1271871682      1271881730         4305609          0       2000          0          0
   0       68     1998    10062      1271881751      1271891813         4315678          0       2000          0          0
   0       68     1983    10046      1271891815      1271901861         4325742          0       2000          0          0
   0       68     1984    10047      1271901863      1271911909         4335790          0       2000          0          0
   0       68     1998    10062      1271911911      1271921973         4345838          0       2000          0          0
   0       68     1983    10051      1271921974      1271932025         4355901          0       2000          0          0
   0       68     1999    10062      1271932026      1271942089         4365953          0       2000          0          0
   0       68     1983    10047      1271942090      1271952137         4376017          0       2000          0          0
   0       68     2000    10069      1271952138      1271962207         4386065          0       2000          0          0
   0       68     1983    10048      1271962208      1271972257         4396135          0       2000          0          0
   0       68     1983    10047      1271972258      1271982305         4406185          0       2000          0          0
   0       68     1983    10049      1271982307      1271992355         4416234          0       2000          0          0
   0       68     1984    10047      1271992357      1272002404         4426284          0       2000          0          0
   0       68     1983    10075      1272002405      1272012481         4436332          0       2000          0          0
   0       68     2000    10064      1272012482      1272022546         4446409          0       2000          0          0
   0       68     1983    10046      1272022548      1272032594         4456475          0       2000          0          0
   0       68     1983    10046      1272032596      1272042642         4466523          0       2000          0          0
   0       68     1983    10049      1272042643      1272052692         4476570          0       2000          0          0
   0       68     1985    10049      1272052694      1272062743         4486621          0       2000          0          0
   0       68     2001    10065      1272062744      1272072810         4496671          0       2000          0          0
   0       68     1983    10048      1272072811      1272082859         4506738          0       2000          0          0
   0       68     1983    10049      1272082861      1272092909         4516788          0       2000          0          0
   0       68     1984    10048      1272092911      1272102959         4526838          0       2000          0          0
   0       68     1984    10078      1272102960      1272113038         4536887          0       2000          0          0
   0       68     1983    10052      1272113039      1272123091         4546966          0       2000          0          0
   0       68     1983    10050      1272123093      1272133143         4557020          0       2000          0          0
   0       68     1984    10048      1272133144      1272143192         4567071          0       2000          0          0
   0       68     1985    10048      1272143194      1272153242         4577121          0       2000          0          0
   0       68     1999    10062      1272153244      1272163306         4587171          0       2000          0          0
   0       68     2015    10082      1272163307      1272173389         4597234          0       2000          0          0
   0       68     2000    10067      1272173391      1272183458         4607318          0       2000          0          0
   0       68     1985    10049      1272183460      1272193508         4617387          0       2000          0          0
   0       68     1983    10055      1272193510      1272203565         4627437          0       2000          0          0
   0       68     1999    10063      1272203566      1272213630         4637493          0       2000          0          0
   0       68     1999    10063      1272213656      1272223719         4647583          0       2000          0          0
   0       68     1998    10062      1272223720      1272233782         4657647          0       2000          0          0
   0       68     1983    10046      1272233784      1272243830         4667711          0       2000          0          0
   0       68     1983    10046      1272243832      1272253878         4677759          0       2000          0          0
   0       68     1983    10046      1272253880      1272263926         4687807          0       2000          0          0
   0       68     1999    10062      1272263927      1272273989         4697854          0       2000          0          0
   0       68     1983    10047      1272273990      1272284038         4707917          0       2000          0          0
   0       68     1984    10053      1272284039      1272294092         4717966          0       2000          0          0
   0       68     1983    10048      1272294094      1272304142         4728021          0       2000          0          0
   0       68     1984    10049      1272304144      1272314192         4738071          0       2000          0          0
   0       68     2000    10063      1272314194      1272324257         4748121          0       2000          0          0
   0       68     2015    10079      1272324258      1272334337         4758185          0       2000          0          0
   0       68     1999    10063      1272334339      1272344401         4768266          0       2000          0          0
   0       68     1999    10070      1272344403      1272354473         4778330          0       2000          0          0
   0       68     1998    10070      1272354474      1272364544         4788401          0       2000          0          0
   0       68     2016    10080      1272364545      1272374625         4798472          0       2000          0          0
   0       68     1999    10063      1272374627      1272384689         4808554          0       2000          0          0
   0       68     1983    10046      1272384691      1272394737         4818618          0       2000          0          0
   0       68     1998    10069      1272394738      1272404807         4828665          0       2000          0          0
   0       68     1984    10051      1272404808      1272414859         4838735          0       2000          0          0
   0       68     1985    10048      1272414861      1272424908         4848788          0       2000          0          0
   0       68     1999    10063      1272424910      1272434973         4858837          0       2000          0          0
   0       68     1983    10052      1272434974      1272445026         4868901          0       2000          0          0
   0       68     1985    10048      1272445028      1272455075         4878955          0       2000          0          0
   0       68     1999    10063      1272455077      1272465140         4889004          0       2000          0          0
   0       68     1999    10063      1272465142      1272475204         4899069          0       2000          0          0
   0       68     1999    10065      1272475206      1272485271         4909133          0       2000          0          0
   0       68     1999    10063      1272485272      1272495335         4919199          0       2000          0          0
   0       68     1998    10061      1272495337      1272505398         4929264          0       2000          0          0
   0       68     1983    10059      1272505400      1272515459         4939327          0       2000          0          0
   0       68     1983    10049      1272515460      1272525509         4949387          0       2000          0          0
   0       68     1985    10049      1272525511      1272535560         4959438          0       2000          0          0
   0       68     1983    10046      1272535561      1272545608         4969488          0       2000          0          0
   0       68     2000    10063      1272545631      1272555694         4979558          0       2000          0          0
   0       68     1999    10062      1272555696      1272565758         4989623          0       2000          0          0
