#idx     perf      run   period           start             end          rel_st      slack c_duration   c_period     wu_lat
   0       68     2020    10089      1252179787      1252189876             300          0       2000          0          0
   0       68     2087    10153      1252189880      1252200033           10392          0       2000          0          0
   0       68     2007    10084      1252200036      1252210120           20549          0       2000          0          0
   0       68     2055    10121      1252210123      1252220245           30636          0       2000          0          0
   0       68     2018    10093      1252220248      1252230341           40760          0       2000          0          0
   0       68     2031    10103      1252230344      1252240447           50857          0       2000          0          0
   0       68     2003    10076      1252240455      1252250531           60967          0       2000          0          0
   0       68     2057    10124      1252250537      1252260661           71049          0       2000          0          0
   0       68     2004    10082      1252260665      1252270746           81177          0       2000          0          0
   0       68     2022    10088      1252270750      1252280838           91263          0       2000          0          0
   0       68     2000    10081      1252280841      1252290921          101353          0       2000          0          0
   0       68     2202    10267      1252290928      1252301195          111440          0       2000          0          0
   0       68     2026    10106      1252301198      1252311304          121710          0       2000          0          0
   0       68     2449    10515      1252311309      1252321824          131821          0       2000          0          0
   0       68     1996    10072      1252321826      1252331898          142339          0       2000          0          0
   0       68     2035    10101      1252331901      1252342002          152414          0       2000          0          0
   0       68     2046    10115      1252342005      1252352120          162517          0       2000          0          0
   0       68     2011    10085      1252352126      1252362212          172639          0       2000          0          0
   0       68     2016    10090      1252362216      1252372307          182729          0       2000          0          0
   0       68     2833    10914      1252372314      1252383228          192827          0       2000          0          0
   0       68     2022    10100      1252383232      1252393331          203744          0       2000          0          0
   0       68     2009    10086      1252393335      1252403420          213847          0       2000          0          0
   0       68     2021    10088      1252403423      1252413511          223936          0       2000          0          0
   0       68     2031    10119      1252413514      1252423633          234027          0       2000          0          0
   0       68     2020    10087      1252423636      1252433723          244149          0       2000          0          0
   0       68     2018    10095      1252433726      1252443821          254239          0       2000          0          0
   0       68     2020    10102      1252443824      1252453926          264337          0       2000          0          0
   0       68     2542    10609      1252453932      1252464541          274445          0       2000          0          0
   0       68     1995    10072      1252464545      1252474617          285057          0       2000          0          0
   0       68     2052    10123      1252474626      1252484749          295138          0       2000          0          0
   0       68     2011    10080      1252484753      1252494832          305265          0       2000          0          0
   0       68     2020    10099      1252494836      1252504935          315349          0       2000          0          0
   0       68     2021    10107      1252504938      1252515045          325451          0       2000          0          0
   0       68     2003    10077      1252515154      1252525231          335666          0       2000          0          0
   0       68     2003    10072      1252525239      1252535311          345751          0       2000          0          0
   0       68     2024    10100      1252535313      1252545413          355826          0       2000          0          0
   0       68     2023    10098      1252545416      1252555513          365928          0       2000          0          0
   0       68     2038    10113      1252555516      1252565628          376028          0       2000          0          0
   0       68     2035    10113      1252565631      1252575744          386143          0       2000          0          0
   0       68     2091    10183      1252575749      1252585932          396261          0       2000          0          0
   0       68     2088    10158      1252585943      1252596100          406455          0       2000          0          0
   0       68     2011    10082      1252596105      1252606186          416617          0       2000          0          0
   0       68     2229    10314      1252606190      1252616504          426702          0       2000          0          0
   0       68     2019    10095      1252616510      1252626606          437023          0       2000          0          0
   0       68     3297    11391      1252626616      1252638007          447128          0       2000          0          0
   0       68     2027    10095      1252638017      1252648113          458530          0       2000          0          0
   0       68     2006    10083      1252648117      1252658200          468629          0       2000          0          0
   0       68     2018    10084      1252658202      1252668286          478715          0       2000          0          0
   0       68     2013    10092      1252668289      1252678381          488801          0       2000          0          0
   0       68     2264    10329      1252678386      1252688715          498898          0       2000          0          0
   0       68     2025    10109      1252688717      1252698826          509230          0       2000          0          0
   0       68     2004    10079      1252698835      1252708914          519348          0       2000          0          0
   0       68     2007    10098      1252708922      1252719019          529434          0       2000          0          0
   0       68     2784    10853      1252719023      1252729876          539536          0       2000          0          0
   0       68     2042    10127      1252729880      1252740007          550393          0       2000          0          0
   0       68     2069    10136      1252740011      1252750147          560524          0       2000          0          0
   0       68     2038    10105      1252750149      1252760254          570662          0       2000          0          0
   0       68     2006    10072      1252760257      1252770329          580770          0       2000          0          0
   0       68     2023    10102      1252770333      1252780435          590846          0       2000          0          0
   0       68     2349    10415      1252780440      1252790855          600952          0       2000          0          0
   0       68     2017    10083      1252790858      1252800941          611371          0       2000          0          0
   0       68     2000    10083      1252800944      1252811027          621456          0       2000          0          0
   0       68     2001    10077      1252811038      1252821115          631551          0       2000          0          0
   0       68     2017    10087      1252821123      1252831210          641636          0       2000          0          0
   0       68     1997    10064      1252831213      1252841277          651726          0       2000          0          0
   0       68     2041    10115      1252841281      1252851396          661793          0       2000          0          0
   0       68     2012    10083      1252851457      1252861540          671969          0       2000          0          0
   0       68     2004    10071      1252861544      1252871615          682057          0       2000          0          0
   0       68     2011    10087      1252871619      1252881706          692132          0       2000          0          0
   0       68     2003    10069      1252881709      1252891777          702222          0       2000          0          0
   0       68     2017    10093      1252891780      1252901873          712293          0       2000          0          0
   0       68     2004    10070      1252901876      1252911946          722389          0       2000          0          0
   0       68     2022    10116      1252911948      1252922065          732461          0       2000          0          0
   0       68     2018    10091      1252922076      1252932167          742589          0       2000          0          0
   0       68     2003    10071      1252932173      1252942244          752686          0       2000          0          0
   0       68     2000    10067      1252942247      1252952314          762759          0       2000          0          0
   0       68     2030    10110      1252952317      1252962427          772830          0       2000          0          0
   0       68     2278    10343      1252962432      1252972775          782945          0       2000          0          0
   0       68     1997    10072      1252972778      1252982850          793290          0       2000          0          0
   0       68     2038    10115      1252982852      1252992967          803365          0       2000          0          0
   0       68     2025    10092      1252992970      1253003062          813482          0       2000          0          0
   0       68     2000    10076      1253003066      1253013141          823578          0       2000          0          0
   0       68     2003    10081      1253013145      1253023225          833657          0       2000          0          0
   0       68     2006    10085      1253023228      1253033313          843740          0       2000          0          0
   0       68     2766    10849      1253033317      1253044166          853830          0       2000          0          0
   0       68     2046    10115      1253044177      1253054292          864690          0       2000          0          0
   0       68     1997    10065      1253054296      1253064361          874809          0       2000          0          0
   0       68     1995    10072      1253064365      1253074437          884877          0       2000          0          0
   0       68     2022    10090      1253074440      1253084530          894953          0       2000          0          0
   0       68     2024    10100      1253084533      1253094633          905045          0       2000          0          0
   0       68     2008    10087      1253094635      1253104722          915148          0       2000          0          0
   0       68     2013    10079      1253104725      1253114805          925238          0       2000          0          0
   0       68     2023    10100      1253114808      1253124908          935320          0       2000          0          0
   0       68     2013    10137      1253124910      1253135047          945423          0       2000          0          0
   0       68     2003    10084      1253135057      1253145141          955570          0       2000          0          0
   0       68     2019    10089      1253145150      1253155238          965662          0       2000          0          0
   0       68     2015    10093      1253155243      1253165336          975756          0       2000          0          0
   0       68     2011    10086      1253165346      1253175431          985858          0       2000          0          0
   0       68     2029    10096      1253175435      1253185531          995948          0       2000          0          0
   0       68     2013    10080      1253185595      1253195675         1006108          0       2000          0          0
   0       68     2006    10072      1253195679      1253205750         1016191          0       2000          0          0
   0       68     2022    10103      1253205754      1253215856         1026266          0       2000          0          0
   0       68     2551    10617      1253215863      1253226481         1036376          0       2000          0          0
   0       68     2009    10084      1253226484      1253236568         1046996          0       2000          0          0
   0       68     2002    10076      1253236571      1253246646         1057083          0       2000          0          0
   0       68     2023    10099      1253246649      1253256748         1067162          0       2000          0          0
   0       68     2001    10068      1253256750      1253266818         1077263          0       2000          0          0
   0       68     1999    10067      1253266822      1253276888         1087334          0       2000          0          0
   0       68     2020    10091      1253276892      1253286983         1097405          0       2000          0          0
   0       68     2005    10082      1253286987      1253297069         1107499          0       2000          0          0
   0       68     2028    10094      1253297073      1253307167         1117585          0       2000          0          0
   0       68     2004    10081      1253307169      1253317250         1127682          0       2000          0          0
   0       68     1998    10075      1253317253      1253327328         1137766          0       2000          0          0
   0       68     2019    10095      1253327330      1253337425         1147843          0       2000          0          0
   0       68     2023    10099      1253337428      1253347527         1157940          0       2000          0          0
   0       68     2020    10096      1253347530      1253357625         1168042          0       2000          0          0
   0       68     2023    10099      1253357628      1253367727         1178141          0       2000          0          0
   0       68     2003    10080      1253367729      1253377809         1188241          0       2000          0          0
   0       68     2008    10078      1253377812      1253387890         1198325          0       2000          0          0
   0       68     2007    10092      1253387893      1253397985         1208406          0       2000          0          0
   0       68     2445    10521      1253397992      1253408513         1218505          0       2000          0          0
   0       68     2013    10090      1253408516      1253418606         1229029          0       2000          0          0
   0       68     1995    10060      1253418609      1253428669         1239122          0       2000          0          0
   0       68     2005    10081      1253428672      1253438752         1249184          0       2000          0          0
   0       68     2005    10080      1253438756      1253448836         1259268          0       2000          0          0
   0       68     2004    10109      1253448838      1253458947         1269351          0       2000          0          0
   0       68     3063    11156      1253458958      1253470114         1279471          0       2000          0          0
   0       68     3113    11203      1253470124      1253481327         1290637          0       2000          0          0
   0       68     2766    10852      1253481338      1253492190         1301851          0       2000          0          0
   0       68     2438    10514      1253492200      1253502714         1312713          0       2000          0          0
   0       68     2003    10083      1253502722      1253512805         1323235          0       2000          0          0
   0       68     1998    10076      1253512808      1253522884         1333320          0       2000          0          0
   0       68     2000    10077      1253522937      1253533014         1343450          0       2000          0          0
   0       68     2024    10101      1253533016      1253543117         1353529          0       2000          0          0
   0       68     2014    10081      1253543121      1253553201         1363633          0       2000          0          0
   0       68     2014    10090      1253553204      1253563294         1373716          0       2000          0          0
   0       68     2034    10113      1253563296      1253573409         1383809          0       2000          0          0
   0       68     2024    10101      1253573413      1253583514         1393926          0       2000          0          0
   0       68     2031    10113      1253583517      1253593630         1404029          0       2000          0          0
   0       68     2691    10765      1253593639      1253604404         1414152          0       2000          0          0
   0       68     2016    10090      1253604412      1253614502         1424924          0       2000          0          0
   0       68     1998    10074      1253614508      1253624582         1435021          0       2000          0          0
   0       68     1999    10083      1253624591      1253634673         1445103          0       2000          0          0
   0       68     2012    10088      1253634678      1253644766         1455191          0       2000          0          0
   0       68     1997    10073      1253644769      1253654842         1465281          0       2000          0          0
   0       68     2005    10081      1253654844      1253664925         1475357          0       2000          0          0
   0       68     2027    10103      1253664928      1253675031         1485440          0       2000          0          0
   0       68     2023    10088      1253675034      1253685122         1495546          0       2000          0          0
   0       68     2027    10103      1253685124      1253695227         1505637          0       2000          0          0
   0       68     2004    10080      1253695230      1253705310         1515742          0       2000          0          0
   0       68     2016    10084      1253705319      1253715404         1525832          0       2000          0          0
   0       68     2020    10105      1253715409      1253725514         1535922          0       2000          0          0
   0       68     2102    10179      1253725522      1253735701         1546034          0       2000          0          0
   0       68     1996    10071      1253735712      1253745782         1556224          0       2000          0          0
   0       68     2004    10073      1253745788      1253755860         1566300          0       2000          0          0
   0       68     2010    10078      1253755867      1253765945         1576379          0       2000          0          0
   0       68     2001    10080      1253765949      1253776029         1586461          0       2000          0          0
   0       68     2001    10078      1253776033      1253786110         1596545          0       2000          0          0
   0       68     2030    10095      1253786113      1253796208         1606625          0       2000          0          0
   0       68     1995    10074      1253796211      1253806285         1616723          0       2000          0          0
   0       68     2114    10191      1253806292      1253816483         1626805          0       2000          0          0
   0       68     1997    10083      1253816491      1253826575         1637004          0       2000          0          0
   0       68     2025    10102      1253826591      1253836692         1647103          0       2000          0          0
   0       68     2037    10107      1253836700      1253846806         1657212          0       2000          0          0
   0       68     2004    10071      1253846810      1253856882         1667323          0       2000          0          0
   0       68     2019    10096      1253856949      1253867045         1677462          0       2000          0          0
   0       68     2030    10095      1253867048      1253877143         1687561          0       2000          0          0
   0       68     2024    10104      1253877146      1253887250         1697659          0       2000          0          0
   0       68     2029    10103      1253887254      1253897358         1707767          0       2000          0          0
   0       68     2039    10115      1253897362      1253907477         1717874          0       2000          0          0
   0       68     2021    10087      1253907480      1253917567         1727993          0       2000          0          0
   0       68     2012    10107      1253917570      1253927677         1738083          0       2000          0          0
   0       68     2006    10082      1253927687      1253937769         1748199          0       2000          0          0
   0       68     2024    10107      1253937774      1253947881         1758287          0       2000          0          0
   0       68     2000    10072      1253947887      1253957959         1768400          0       2000          0          0
   0       68     2000    10069      1253957964      1253968032         1778476          0       2000          0          0
   0       68     2013    10079      1253968036      1253978115         1788549          0       2000          0          0
   0       68     2006    10082      1253978118      1253988200         1798630          0       2000          0          0
   0       68     2018    10084      1253988204      1253998288         1808716          0       2000          0          0
   0       68     2027    10103      1253998290      1254008393         1818803          0       2000          0          0
   0       68     2007    10073      1254008396      1254018469         1828909          0       2000          0          0
   0       68     2020    10098      1254018471      1254028570         1838984          0       2000          0          0
   0       68     2012    10092      1254028572      1254038665         1849085          0       2000          0          0
   0       68     2799    10887      1254038678      1254049565         1859191          0       2000          0          0
   0       68     2082    10155      1254049573      1254059729         1870086          0       2000          0          0
   0       68     2003    10079      1254059734      1254069813         1880246          0       2000          0          0
   0       68     2006    10071      1254069817      1254079888         1890329          0       2000          0          0
   0       68     1997    10073      1254079890      1254089963         1900403          0       2000          0          0
   0       68     2019    10085      1254089966      1254100051         1910478          0       2000          0          0
   0       68     2417    10504      1254100054      1254110558         1920566          0       2000          0          0
   0       68     2007    10087      1254110566      1254120653         1931079          0       2000          0          0
   0       68     2858    10941      1254120664      1254131605         1941176          0       2000          0          0
   0       68     2013    10090      1254131615      1254141704         1952127          0       2000          0          0
   0       68     2026    10102      1254141709      1254151811         1962222          0       2000          0          0
   0       68     2009    10106      1254151819      1254161925         1972332          0       2000          0          0
   0       68     2755    10835      1254161940      1254172774         1982452          0       2000          0          0
   0       68     2024    10096      1254172785      1254182881         1993297          0       2000          0          0
   0       68     2018    10097      1254182885      1254192982         2003397          0       2000          0          0
   0       68     2029    10097      1254193075      1254203172         2013587          0       2000          0          0
   0       68     1996    10074      1254203175      1254213249         2023688          0       2000          0          0
   0       68     1999    10075      1254213252      1254223328         2033765          0       2000          0          0
   0       68     2029    10105      1254223330      1254233436         2043843          0       2000          0          0
   0       68     2020    10085      1254233438      1254243523         2053951          0       2000          0          0
   0       68     2012    10089      1254243526      1254253615         2064039          0       2000          0          0
   0       68     2022    10114      1254253617      1254263731         2074130          0       2000          0          0
   0       68     2012    10090      1254263748      1254273838         2084261          0       2000          0          0
   0       68     2002    10082      1254273845      1254283927         2094358          0       2000          0          0
   0       68     2183    10249      1254283931      1254294181         2104444          0       2000          0          0
   0       68     2006    10083      1254294184      1254304267         2114696          0       2000          0          0
   0       68     2019    10085      1254304271      1254314356         2124783          0       2000          0          0
   0       68     2026    10102      1254314359      1254324461         2134871          0       2000          0          0
   0       68     2018    10084      1254324464      1254334548         2144977          0       2000          0          0
   0       68     2005    10083      1254334551      1254344634         2155063          0       2000          0          0
   0       68     2003    10076      1254344643      1254354719         2165156          0       2000          0          0
   0       68     2012    10097      1254354724      1254364821         2175237          0       2000          0          0
   0       68     2148    10225      1254364830      1254375055         2185343          0       2000          0          0
   0       68     1998    10071      1254375063      1254385135         2195576          0       2000          0          0
   0       68     2063    10130      1254385139      1254395269         2205651          0       2000          0          0
   0       68     2007    10084      1254395272      1254405356         2215785          0       2000          0          0
   0       68     2017    10084      1254405360      1254415443         2225872          0       2000          0          0
   0       68     2003    10082      1254415446      1254425528         2235958          0       2000          0          0
   0       68     2301    10382      1254425533      1254435916         2246046          0       2000          0          0
   0       68     2030    10106      1254435918      1254446025         2256431          0       2000          0          0
   0       68     2036    10113      1254446029      1254456142         2266541          0       2000          0          0
   0       68     2005    10081      1254456144      1254466225         2276657          0       2000          0          0
   0       68     2022    10099      1254466228      1254476326         2286741          0       2000          0          0
   0       68     2021    10100      1254476329      1254486429         2296842          0       2000          0          0
   0       68     2606    10688      1254486433      1254497121         2306946          0       2000          0          0
   0       68     2056    10126      1254497128      1254507254         2317641          0       2000          0          0
   0       68     2010    10088      1254507258      1254517346         2327771          0       2000          0          0
   0       68     1999    10076      1254517350      1254527426         2337863          0       2000          0          0
   0       68     2024    10093      1254527495      1254537587         2348007          0       2000          0          0
   0       68     2047    10116      1254537591      1254547706         2358103          0       2000          0          0
   0       68     2040    10121      1254547709      1254557831         2368222          0       2000          0          0
   0       68     2021    10092      1254557834      1254567926         2378346          0       2000          0          0
   0       68     2030    10107      1254567929      1254578036         2388442          0       2000          0          0
   0       68     2021    10098      1254578039      1254588137         2398552          0       2000          0          0
   0       68     2035    10114      1254588139      1254598253         2408651          0       2000          0          0
   0       68     2025    10511      1254598256      1254608767         2418769          0       2000          0          0
   0       68     2175    10265      1254608777      1254619041         2429289          0       2000          0          0
   0       68     2010    10081      1254619051      1254629132         2439564          0       2000          0          0
   0       68     2015    10081      1254629137      1254639218         2449649          0       2000          0          0
   0       68     2014    10090      1254639221      1254649311         2459733          0       2000          0          0
   0       68     2003    10069      1254649314      1254659383         2469826          0       2000          0          0
   0       68     2010    10091      1254659386      1254669477         2479898          0       2000          0          0
   0       68     2392    10466      1254669483      1254679949         2489996          0       2000          0          0
   0       68     2005    10081      1254679951      1254690032         2500464          0       2000          0          0
   0       68     2007    10072      1254690035      1254700107         2510547          0       2000          0          0
   0       68     2036    10125      1254700110      1254710235         2520622          0       2000          0          0
   0       68     2007    10082      1254710240      1254720323         2530753          0       2000          0          0
   0       68     2004    10082      1254720331      1254730413         2540844          0       2000          0          0
   0       68     2711    10779      1254730423      1254741201         2550935          0       2000          0          0
   0       68     2022    10099      1254741204      1254751303         2561717          0       2000          0          0
   0       68     2018    10084      1254751306      1254761391         2571819          0       2000          0          0
   0       68     2139    10215      1254761393      1254771608         2581906          0       2000          0          0
   0       68     1999    10082      1254771616      1254781698         2592128          0       2000          0          0
   0       68     2029    10110      1254781702      1254791812         2602214          0       2000          0          0
   0       68     2104    10170      1254791819      1254801989         2612332          0       2000          0          0
   0       68     2005    10081      1254801992      1254812073         2622505          0       2000          0          0
   0       68     2005    10078      1254812076      1254822154         2632589          0       2000          0          0
   0       68     2002    10075      1254822162      1254832237         2642675          0       2000          0          0
   0       68     2018    10086      1254832242      1254842327         2652754          0       2000          0          0
   0       68     2033    10100      1254842331      1254852431         2662844          0       2000          0          0
   0       68     2021    10088      1254852435      1254862522         2672947          0       2000          0          0
   0       68     2056    10137      1254862620      1254872757         2683133          0       2000          0          0
   0       68     2162    10228      1254872762      1254882990         2693275          0       2000          0          0
   0       68     1994    10070      1254882994      1254893064         2703506          0       2000          0          0
   0       68     2040    10111      1254893066      1254903177         2713579          0       2000          0          0
   0       68     2022    10088      1254903180      1254913268         2723693          0       2000          0          0
   0       68     2013    10090      1254913271      1254923361         2733784          0       2000          0          0
   0       68     2007    10078      1254923364      1254933442         2743876          0       2000          0          0
   0       68     1997    10068      1254933448      1254943515         2753960          0       2000          0          0
   0       68     2701    10776      1254943520      1254954295         2764032          0       2000          0          0
   0       68     2009    10080      1254954302      1254964383         2774815          0       2000          0          0
   0       68     1994    10077      1254964390      1254974467         2784903          0       2000          0          0
   0       68     2006    10086      1254974471      1254984557         2794984          0       2000          0          0
   0       68     2022    10091      1254984560      1254994651         2805073          0       2000          0          0
   0       68     2010    10087      1254994655      1255004742         2815167          0       2000          0          0
   0       68     2009    10087      1255004745      1255014832         2825257          0       2000          0          0
   0       68     2024    10100      1255014834      1255024934         2835347          0       2000          0          0
   0       68     2011    10087      1255024937      1255035023         2845449          0       2000          0          0
   0       68     2000    10078      1255035026      1255045104         2855539          0       2000          0          0
   0       68     1999    10072      1255045115      1255055187         2865627          0       2000          0          0
   0       68     2065    10147      1255055191      1255065339         2875704          0       2000          0          0
   0       68     2021    10098      1255065342      1255075440         2885855          0       2000          0          0
   0       68     2018    10095      1255075444      1255085539         2895956          0       2000          0          0
   0       68     1997    10073      1255085541      1255095615         2906054          0       2000          0          0
   0       68     2005    10086      1255095618      1255105703         2916130          0       2000          0          0
   0       68     2928    11018      1255105714      1255116732         2926226          0       2000          0          0
   0       68     1996    10083      1255116740      1255126822         2937252          0       2000          0          0
   0       68     2016    10088      1255126833      1255136922         2947346          0       2000          0          0
   0       68     2031    10100      1255136926      1255147026         2957438          0       2000          0          0
   0       68     2008    10087      1255147030      1255157116         2967542          0       2000          0          0
   0       68     2000    10077      1255157121      1255167198         2977634          0       2000          0          0
   0       68     2025    10106      1255167205      1255177312         2987718          0       2000          0          0
   0       68     2023    10102      1255177316      1255187418         2997829          0       2000          0          0
   0       68     2007    10084      1255187421      1255197505         3007934          0       2000          0          0
   0       68     2045    10123      1255197562      1255207685         3018075          0       2000          0          0
   0       68     2007    10085      1255207688      1255217773         3028201          0       2000          0          0
   0       68     2029    10106      1255217776      1255227883         3038289          0       2000          0          0
   0       68     2025    10101      1255227886      1255237987         3048398          0       2000          0          0
   0       68     2805    10875      1255237990      1255248865         3058502          0       2000          0          0
   0       68     2015    10091      1255248868      1255258959         3069381          0       2000          0          0
   0       68     2024    10095      1255258962      1255269057         3079474          0       2000          0          0
   0       68     2000    10261      1255269061      1255279323         3089574          0       2000          0          0
   0       68     2036    10106      1255279330      1255289435         3099842          0       2000          0          0
   0       68     1995    10072      1255289439      1255299511         3109952          0       2000          0          0
   0       68     1997    10074      1255299514      1255309588         3120027          0       2000          0          0
   0       68     2022    10098      1255309592      1255319689         3130104          0       2000          0          0
   0       68     2006    10083      1255319692      1255329775         3140205          0       2000          0          0
   0       68     2032    10108      1255329777      1255339886         3150290          0       2000          0          0
   0       68     2005    10081      1255339888      1255349969         3160401          0       2000          0          0
   0       68     2021    10098      1255349972      1255360070         3170484          0       2000          0          0
   0       68     2041    10118      1255360072      1255370190         3180585          0       2000          0          0
   0       68     2013    10089      1255370192      1255380281         3190705          0       2000          0          0
   0       68     2422    10499      1255380284      1255390783         3200796          0       2000          0          0
   0       68     2201    10269      1255390787      1255401057         3211300          0       2000          0          0
   0       68     2007    10087      1255401061      1255411148         3221574          0       2000          0          0
   0       68     2034    10111      1255411152      1255421263         3231665          0       2000          0          0
   0       68     2022    10098      1255421266      1255431364         3241779          0       2000          0          0
   0       68     2369    10445      1255431367      1255441812         3251879          0       2000          0          0
   0       68     2020    10095      1255441814      1255451909         3262326          0       2000          0          0
   0       68     2004    10080      1255451911      1255461991         3272424          0       2000          0          0
   0       68     2029    10105      1255461994      1255472099         3282506          0       2000          0          0
   0       68     2021    10097      1255472101      1255482198         3292614          0       2000          0          0
   0       68     2005    10081      1255482201      1255492281         3302713          0       2000          0          0
   0       68     2005    10088      1255492284      1255502372         3312797          0       2000          0          0
   0       68     2027    10100      1255502380      1255512479         3322892          0       2000          0          0
   0       68     2023    10102      1255512484      1255522586         3332997          0       2000          0          0
   0       68     2027    10103      1255522589      1255532693         3343102          0       2000          0          0
   0       68     2411    10488      1255532744      1255543232         3353257          0       2000          0          0
   0       68     2007    10083      1255543235      1255553318         3363747          0       2000          0          0
   0       68     2005    10098      1255553321      1255563419         3373834          0       2000          0          0
   0       68     2715    10791      1255563429      1255574220         3383941          0       2000          0          0
   0       68     2010    10090      1255574226      1255584317         3394739          0       2000          0          0
   0       68     2024    10102      1255584320      1255594422         3404833          0       2000          0          0
   0       68     2021    10098      1255594426      1255604523         3414938          0       2000          0          0
   0       68     2037    10114      1255604526      1255614640         3425038          0       2000          0          0
   0       68     1998    10079      1255614648      1255624727         3435160          0       2000          0          0
   0       68     1997    10082      1255624736      1255634818         3445249          0       2000          0          0
   0       68     2013    10094      1255634822      1255644916         3455334          0       2000          0          0
   0       68     2032    10098      1255644920      1255655018         3465432          0       2000          0          0
   0       68     2012    10082      1255655020      1255665103         3475533          0       2000          0          0
   0       68     2019    10097      1255665106      1255675203         3485619          0       2000          0          0
   0       68     2022    10098      1255675205      1255685304         3495718          0       2000          0          0
   0       68     1997    10062      1255685306      1255695369         3505819          0       2000          0          0
   0       68     1996    10073      1255695371      1255705445         3515884          0       2000          0          0
   0       68     2024    10107      1255705447      1255715554         3525960          0       2000          0          0
   0       68     1995    10069      1255715559      1255725628         3536072          0       2000          0          0
   0       68     2299    10377      1255725635      1255736012         3546148          0       2000          0          0
   0       68     2017    10089      1255736021      1255746110         3556534          0       2000          0          0
   0       68     2013    10092      1255746114      1255756206         3566627          0       2000          0          0
   0       68     2015    10092      1255756210      1255766301         3576722          0       2000          0          0
   0       68     2006    10082      1255766304      1255776386         3586816          0       2000          0          0
   0       68     2005    10082      1255776388      1255786470         3596901          0       2000          0          0
   0       68     2021    10097      1255786473      1255796570         3606985          0       2000          0          0
   0       68     2005    10081      1255796572      1255806653         3617085          0       2000          0          0
   0       68     2005    10081      1255806655      1255816736         3627168          0       2000          0          0
   0       68     2021    10110      1255816739      1255826848         3637251          0       2000          0          0
   0       68     2757    10836      1255826862      1255837698         3647374          0       2000          0          0
   0       68     2036    10106      1255837706      1255847812         3658218          0       2000          0          0
   0       68     1999    10075      1255847816      1255857892         3668329          0       2000          0          0
   0       68     2021    10102      1255857895      1255867997         3678407          0       2000          0          0
   0       68     1997    10074      1255868072      1255878146         3688584          0       2000          0          0
   0       68     2021    10098      1255878148      1255888247         3698661          0       2000          0          0
   0       68     2006    10082      1255888249      1255898332         3708762          0       2000          0          0
   0       68     2022    10099      1255898334      1255908433         3718846          0       2000          0          0
   0       68     2007    10082      1255908436      1255918517         3728948          0       2000          0          0
   0       68     2022    10098      1255918520      1255928618         3739032          0       2000          0          0
   0       68     2021    10110      1255928620      1255938730         3749133          0       2000          0          0
   0       68     2789    10872      1255938745      1255949617         3759258          0       2000          0          0
   0       68     2008    10080      1255949625      1255959705         3770138          0       2000          0          0
   0       68     2067    10144      1255959710      1255969854         3780222          0       2000          0          0
   0       68     2006    10082      1255969857      1255979939         3790370          0       2000          0          0
   0       68     2020    10096      1255979943      1255990039         3800455          0       2000          0          0
   0       68     2022    10089      1255990041      1256000130         3810554          0       2000          0          0
   0       68     2025    10101      1256000132      1256010234         3820645          0       2000          0          0
   0       68     2013    10078      1256010237      1256020315         3830749          0       2000          0          0
   0       68     2007    10084      1256020318      1256030402         3840831          0       2000          0          0
   0       68     2014    10091      1256030404      1256040495         3850917          0       2000          0          0
   0       68     2023    10099      1256040498      1256050597         3861010          0       2000          0          0
   0       68     1994    10071      1256050600      1256060670         3871112          0       2000          0          0
   0       68     2021    10098      1256060673      1256070770         3881185          0       2000          0          0
   0       68     2023    10099      1256070773      1256080873         3891286          0       2000          0          0
   0       68     2020    10098      1256080875      1256090973         3901387          0       2000          0          0
   0       68     2005    10084      1256090975      1256101059         3911488          0       2000          0          0
   0       68     2032    10117      1256101062      1256111179         3921574          0       2000          0          0
   0       68     2005    10095      1256111187      1256121282         3931700          0       2000          0          0
   0       68     2852    10944      1256121288      1256132232         3941801          0       2000          0          0
   0       68     2070    10148      1256132241      1256142389         3952753          0       2000          0          0
   0       68     2014    10098      1256142398      1256152496         3962911          0       2000          0          0
   0       68     2024    10102      1256152501      1256162602         3973013          0       2000          0          0
   0       68     2002    10072      1256162612      1256172684         3983124          0       2000          0          0
   0       68     2016    10095      1256172689      1256182783         3993201          0       2000          0          0
   0       68     2003    10070      1256182787      1256192857         4003300          0       2000          0          0
   0       68     2014    10080      1256192861      1256202940         4013373          0       2000          0          0
   0       68     2003    10079      1256202986      1256213065         4023498          0       2000          0          0
   0       68     2005    10075      1256213068      1256223143         4033581          0       2000          0          0
   0       68     2577    10642      1256223151      1256233793         4043663          0       2000          0          0
   0       68     2013    10089      1256233795      1256243884         4054308          0       2000          0          0
   0       68     2023    10088      1256243888      1256253976         4064400          0       2000          0          0
   0       68     2044    10121      1256253978      1256264099         4074491          0       2000          0          0
   0       68     2040    10116      1256264102      1256274218         4084615          0       2000          0          0
   0       68     2658    10732      1256274226      1256284958         4094738          0       2000          0          0
   0       68     2030    10098      1256284965      1256295063         4105478          0       2000          0          0
   0       68     2045    10123      1256295068      1256305191         4115581          0       2000          0          0
   0       68     2030    10096      1256305194      1256315291         4125707          0       2000          0          0
   0       68     2024    10100      1256315294      1256325394         4135806          0       2000          0          0
   0       68     2018    10084      1256325396      1256335481         4145909          0       2000          0          0
   0       68     2013    10090      1256335483      1256345573         4155995          0       2000          0          0
   0       68     2023    10089      1256345576      1256355665         4166089          0       2000          0          0
   0       68     2004    10079      1256355668      1256365747         4176180          0       2000          0          0
   0       68     2019    10084      1256365750      1256375834         4186262          0       2000          0          0
   0       68     2021    10117      1256375836      1256385953         4196349          0       2000          0          0
   0       68     2004    10077      1256385963      1256396040         4206476          0       2000          0          0
   0       68     2016    10086      1256396048      1256406134         4216561          0       2000          0          0
   0       68     2014    10081      1256406138      1256416219         4226651          0       2000          0          0
   0       68     2022    10103      1256416222      1256426324         4236734          0       2000          0          0
   0       68     2417    10484      1256426331      1256436814         4246843          0       2000          0          0
   0       68     2005    10081      1256436817      1256446898         4257330          0       2000          0          0
   0       68     2014    10079      1256446901      1256456981         4267414          0       2000          0          0
   0       68     2027    10104      1256456983      1256467087         4277495          0       2000          0          0
   0       68     2003    10069      1256467089      1256477159         4287602          0       2000          0          0
   0       68     2018    10095      1256477161      1256487257         4297674          0       2000          0          0
   0       68     2023    10107      1256487260      1256497367         4307773          0       2000          0          0
   0       68     2781    10859      1256497377      1256508236         4317890          0       2000          0          0
   0       68     2004    10076      1256508245      1256518320         4328757          0       2000          0          0
   0       68     2006    10083      1256518324      1256528407         4338837          0       2000          0          0
   0       68     2119    10187      1256528410      1256538597         4348923          0       2000          0          0
   0       68     2012    10089      1256538643      1256548731         4359155          0       2000          0          0
   0       68     2053    10119      1256548735      1256558855         4369248          0       2000          0          0
   0       68     2004    10081      1256558858      1256568938         4379370          0       2000          0          0
   0       68     2003    10071      1256568941      1256579012         4389454          0       2000          0          0
   0       68     2022    10098      1256579015      1256589113         4399527          0       2000          0          0
   0       68     2021    10087      1256589116      1256599203         4409628          0       2000          0          0
   0       68     2012    10088      1256599205      1256609294         4419718          0       2000          0          0
   0       68     2006    10088      1256609302      1256619390         4429814          0       2000          0          0
   0       68     2007    10083      1256619395      1256629477         4439907          0       2000          0          0
   0       68     2002    10072      1256629486      1256639558         4449998          0       2000          0          0
   0       68     1998    10079      1256639562      1256649641         4460074          0       2000          0          0
   0       68     2669    10735      1256649647      1256660383         4470160          0       2000          0          0
   0       68     1996    10075      1256660385      1256670460         4480898          0       2000          0          0
   0       68     2034    10101      1256670464      1256680565         4490976          0       2000          0          0
   0       68     2005    10081      1256680568      1256690649         4501080          0       2000          0          0
   0       68     2014    10089      1256690657      1256700746         4511170          0       2000          0          0
   0       68     2006    10084      1256700750      1256710833         4521262          0       2000          0          0
   0       68     2012    10079      1256710837      1256720916         4531350          0       2000          0          0
   0       68     1994    10092      1256720919      1256731011         4541431          0       2000          0          0
   0       68     2011    10086      1256731027      1256741113         4551540          0       2000          0          0
   0       68     2046    10125      1256741117      1256751242         4561630          0       2000          0          0
   0       68     2027    10094      1256751247      1256761341         4571759          0       2000          0          0
   0       68     2021    10098      1256761344      1256771443         4581857          0       2000          0          0
   0       68     2005    10081      1256771446      1256781527         4591958          0       2000          0          0
   0       68     2330    10410      1256781535      1256791945         4602047          0       2000          0          0
   0       68     2000    10079      1256791952      1256802031         4612465          0       2000          0          0
   0       68     2013    10091      1256802035      1256812126         4622548          0       2000          0          0
   0       68     2006    10072      1256812129      1256822202         4632642          0       2000          0          0
   0       68     2008    10086      1256822204      1256832290         4642717          0       2000          0          0
   0       68     1995    10079      1256832293      1256842372         4652806          0       2000          0          0
   0       68     1998    10073      1256842384      1256852457         4662897          0       2000          0          0
   0       68     2035    10114      1256852463      1256862578         4672976          0       2000          0          0
   0       68     2149    10227      1256862581      1256872809         4683094          0       2000          0          0
   0       68     1998    10075      1256872859      1256882934         4693371          0       2000          0          0
   0       68     2021    10098      1256882937      1256893035         4703450          0       2000          0          0
   0       68     2022    10088      1256893038      1256903126         4713551          0       2000          0          0
   0       68     2019    10095      1256903129      1256913224         4723642          0       2000          0          0
   0       68     2021    10098      1256913226      1256923324         4733739          0       2000          0          0
   0       68     2005    10082      1256923326      1256933408         4743839          0       2000          0          0
   0       68     2039    10116      1256933411      1256943527         4753924          0       2000          0          0
   0       68     2045    10127      1256943529      1256953656         4764042          0       2000          0          0
   0       68     2005    10088      1256953663      1256963750         4774175          0       2000          0          0
   0       68     2064    10133      1256963753      1256973886         4784266          0       2000          0          0
   0       68     2027    10093      1256973890      1256983983         4794402          0       2000          0          0
   0       68     2013    10090      1256983986      1256994076         4804498          0       2000          0          0
   0       68     2006    10077      1256994079      1257004156         4814591          0       2000          0          0
   0       68     2067    10143      1257004159      1257014303         4824672          0       2000          0          0
   0       68     2013    10083      1257014311      1257024394         4834823          0       2000          0          0
   0       68     2013    10091      1257024398      1257034490         4844911          0       2000          0          0
   0       68     2006    10084      1257034494      1257044578         4855006          0       2000          0          0
   0       68     2021    10098      1257044580      1257054678         4865093          0       2000          0          0
   0       68     2010    10090      1257054681      1257064771         4875193          0       2000          0          0
   0       68     2010    10089      1257064775      1257074863         4885287          0       2000          0          0
   0       68     2021    10098      1257074865      1257084963         4895378          0       2000          0          0
   0       68     2043    10121      1257084966      1257095087         4905479          0       2000          0          0
   0       68     2020    10107      1257095089      1257105196         4915601          0       2000          0          0
   0       68     2944    11033      1257105202      1257116235         4925714          0       2000          0          0
   0       68     2162    10250      1257116244      1257126494         4936756          0       2000          0          0
   0       68     1999    10080      1257126504      1257136584         4947016          0       2000          0          0
   0       68     2032    10100      1257136589      1257146689         4957101          0       2000          0          0
   0       68     2010    10087      1257146692      1257156778         4967204          0       2000          0          0
   0       68     2009    10086      1257156782      1257166868         4977294          0       2000          0          0
   0       68     2006    10083      1257166871      1257176953         4987383          0       2000          0          0
