#idx     perf      run   period           start             end          rel_st      slack c_duration   c_period     wu_lat
   0       68     2003    10079      1277792960      1277803039             264          0       2000          0          0
   0       68     1986    10050      1277803042      1277813092           10346          0       2000          0          0
   0       68     1984    10050      1277813094      1277823144           20398          0       2000          0          0
   0       68     1998    10063      1277823145      1277833209           30450          0       2000          0          0
   0       68     1985    10049      1277833210      1277843259           40514          0       2000          0          0
   0       68     1998    10062      1277843261      1277853323           50565          0       2000          0          0
   0       68     1984    10048      1277853325      1277863372           60629          0       2000          0          0
   0       68     2005    10069      1277863374      1277873443           70678          0       2000          0          0
   0       68     1983    10047      1277873444      1277883491           80748          0       2000          0          0
   0       68     1983    10054      1277883492      1277893546           90796          0       2000          0          0
   0       68     1983    10046      1277893548      1277903594          100852          0       2000          0          0
   0       68     1998    10062      1277903595      1277913657          110900          0       2000          0          0
   0       68     1984    10049      1277913659      1277923707          120963          0       2000          0          0
   0       68     2015    10078      1277923709      1277933786          131013          0       2000          0          0
   0       68     1998    10062      1277933788      1277943850          141092          0       2000          0          0
   0       68     1999    10072      1277943852      1277953924          151156          0       2000          0          0
   0       68     1999    10063      1277953925      1277963988          161229          0       2000          0          0
   0       68     1984    10048      1277963989      1277974037          171294          0       2000          0          0
   0       68     1999    10067      1277974038      1277984105          181343          0       2000          0          0
   0       68     1988    10052      1277984107      1277994159          191411          0       2000          0          0
   0       68     2002    10066      1277994160      1278004226          201464          0       2000          0          0
   0       68     1983    10049      1278004227      1278014276          211531          0       2000          0          0
   0       68     1983    10052      1278014278      1278024330          221582          0       2000          0          0
   0       68     1984    10048      1278024331      1278034380          231636          0       2000          0          0
   0       68     1985    10050      1278034381      1278044431          241685          0       2000          0          0
   0       68     1984    10052      1278044432      1278054485          251737          0       2000          0          0
   0       68     1985    10050      1278054486      1278064536          261791          0       2000          0          0
   0       68     1983    10055      1278064537      1278074592          271841          0       2000          0          0
   0       68     1985    10056      1278074593      1278084650          281898          0       2000          0          0
   0       68     1983    10047      1278084651      1278094698          291956          0       2000          0          0
   0       68     1998    10062      1278094699      1278104761          302004          0       2000          0          0
   0       68     1983    10049      1278104763      1278114812          312067          0       2000          0          0
   0       68     1983    10048      1278114813      1278124861          322118          0       2000          0          0
   0       68     1983    10054      1278124910      1278134964          332214          0       2000          0          0
   0       68     1985    10050      1278134966      1278145016          342270          0       2000          0          0
   0       68     1999    10066      1278145018      1278155084          352322          0       2000          0          0
   0       68     1984    10049      1278155085      1278165135          362390          0       2000          0          0
   0       68     1984    10048      1278165136      1278175185          372441          0       2000          0          0
   0       68     1983    10047      1278175186      1278185233          382490          0       2000          0          0
   0       68     1999    10062      1278185234      1278195297          392539          0       2000          0          0
   0       68     1998    10062      1278195298      1278205360          402602          0       2000          0          0
   0       68     1985    10048      1278205361      1278215409          412666          0       2000          0          0
   0       68     1983    10063      1278215411      1278225473          422715          0       2000          0          0
   0       68     1983    10051      1278225475      1278235526          432779          0       2000          0          0
   0       68     1985    10049      1278235527      1278245576          442831          0       2000          0          0
   0       68     1983    10047      1278245577      1278255624          452881          0       2000          0          0
   0       68     1984    10047      1278255626      1278265673          462930          0       2000          0          0
   0       68     1983    10055      1278265674      1278275729          472979          0       2000          0          0
   0       68     1983    10055      1278275730      1278285786          483035          0       2000          0          0
   0       68     1999    10064      1278285787      1278295851          493091          0       2000          0          0
   0       68     1998    10062      1278295852      1278305914          503156          0       2000          0          0
   0       68     1999    10062      1278305915      1278315977          513219          0       2000          0          0
   0       68     1998    10062      1278315979      1278326041          523283          0       2000          0          0
   0       68     1999    10066      1278326042      1278336109          533347          0       2000          0          0
   0       68     1984    10051      1278336110      1278346161          543414          0       2000          0          0
   0       68     1985    10048      1278346163      1278356211          553467          0       2000          0          0
   0       68     1985    10048      1278356212      1278366261          563517          0       2000          0          0
   0       68     1985    10049      1278366262      1278376311          573566          0       2000          0          0
   0       68     1999    10063      1278376312      1278386375          583617          0       2000          0          0
   0       68     1984    10047      1278386377      1278396424          593681          0       2000          0          0
   0       68     1983    10046      1278396425      1278406471          603729          0       2000          0          0
   0       68     1999    10063      1278406473      1278416536          613777          0       2000          0          0
   0       68     1983    10046      1278416537      1278426583          623841          0       2000          0          0
   0       68     1998    10062      1278426585      1278436646          633889          0       2000          0          0
   0       68     1983    10055      1278436647      1278446702          643952          0       2000          0          0
   0       68     2000    10071      1278446703      1278456774          654008          0       2000          0          0
   0       68     1983    10047      1278456809      1278466856          664113          0       2000          0          0
   0       68     1985    10056      1278466857      1278476914          674162          0       2000          0          0
   0       68     1998    10061      1278476915      1278486977          684220          0       2000          0          0
   0       68     1983    10049      1278486978      1278497027          694283          0       2000          0          0
   0       68     1998    10062      1278497028      1278507090          704333          0       2000          0          0
   0       68     1998    10062      1278507092      1278517154          714396          0       2000          0          0
   0       68     1983    10047      1278517155      1278527203          724460          0       2000          0          0
   0       68     1984    10047      1278527204      1278537251          734508          0       2000          0          0
   0       68     1983    10047      1278537253      1278547300          744557          0       2000          0          0
   0       68     1998    10062      1278547301      1278557363          754605          0       2000          0          0
   0       68     1983    10055      1278557364      1278567419          764668          0       2000          0          0
   0       68     1983    10048      1278567420      1278577468          774725          0       2000          0          0
   0       68     1984    10049      1278577469      1278587518          784774          0       2000          0          0
   0       68     2000    10072      1278587520      1278597591          794824          0       2000          0          0
   0       68     1983    10055      1278597593      1278607648          804897          0       2000          0          0
   0       68     2001    10068      1278607649      1278617717          814953          0       2000          0          0
   0       68     1983    10049      1278617719      1278627768          825023          0       2000          0          0
   0       68     1983    10048      1278627770      1278637818          835074          0       2000          0          0
   0       68     1999    10062      1278637819      1278647881          845123          0       2000          0          0
   0       68     1983    10054      1278647883      1278657936          855187          0       2000          0          0
   0       68     1998    10090      1278657938      1278668028          865242          0       2000          0          0
   0       68     1984    10051      1278668030      1278678081          875334          0       2000          0          0
   0       68     1983    10054      1278678082      1278688137          885387          0       2000          0          0
   0       68     1983    10050      1278688138      1278698188          895442          0       2000          0          0
   0       68     1985    10049      1278698190      1278708239          905494          0       2000          0          0
   0       68     1983    10047      1278708240      1278718287          915545          0       2000          0          0
   0       68     1999    10063      1278718288      1278728351          925593          0       2000          0          0
   0       68     1983    10047      1278728353      1278738400          935657          0       2000          0          0
   0       68     1984    10047      1278738401      1278748448          945705          0       2000          0          0
   0       68     1983    10047      1278748450      1278758496          955754          0       2000          0          0
   0       68     1983    10049      1278758498      1278768547          965802          0       2000          0          0
   0       68     1984    10048      1278768549      1278778596          975853          0       2000          0          0
   0       68     1983    10051      1278778598      1278788649          985902          0       2000          0          0
   0       68     1984    10051      1278788670      1278798721          995975          0       2000          0          0
   0       68     1985    10049      1278798723      1278808772         1006027          0       2000          0          0
   0       68     1983    10047      1278808773      1278818821         1016078          0       2000          0          0
   0       68     1984    10047      1278818822      1278828869         1026126          0       2000          0          0
   0       68     1983    10046      1278828870      1278838917         1036175          0       2000          0          0
   0       68     1983    10047      1278838918      1278848965         1046222          0       2000          0          0
   0       68     1983    10052      1278848966      1278859019         1056271          0       2000          0          0
   0       68     1998    10062      1278859020      1278869082         1066324          0       2000          0          0
   0       68     1999    10063      1278869084      1278879147         1076388          0       2000          0          0
   0       68     1998    10062      1278879148      1278889210         1086452          0       2000          0          0
   0       68     1983    10047      1278889211      1278899258         1096516          0       2000          0          0
   0       68     2016    10079      1278899259      1278909339         1106564          0       2000          0          0
   0       68     1999    10063      1278909340      1278919403         1116644          0       2000          0          0
   0       68     1998    10062      1278919405      1278929466         1126709          0       2000          0          0
   0       68     1984    10048      1278929468      1278939515         1136772          0       2000          0          0
   0       68     1983    10047      1278939517      1278949563         1146821          0       2000          0          0
   0       68     1985    10057      1278949565      1278959622         1156869          0       2000          0          0
   0       68     1983    10047      1278959624      1278969671         1166928          0       2000          0          0
   0       68     2016    10080      1278969672      1278979752         1176976          0       2000          0          0
   0       68     1985    10048      1278979753      1278989802         1187058          0       2000          0          0
   0       68     1983    10047      1278989803      1278999850         1197108          0       2000          0          0
   0       68     1999    10062      1278999852      1279009914         1207156          0       2000          0          0
   0       68     1999    10072      1279009915      1279019987         1217219          0       2000          0          0
   0       68     1984    10048      1279019989      1279030037         1227293          0       2000          0          0
   0       68     1985    10048      1279030038      1279040086         1237342          0       2000          0          0
   0       68     1983    10055      1279040088      1279050143         1247392          0       2000          0          0
   0       68     1983    10051      1279050145      1279060195         1257449          0       2000          0          0
   0       68     2003    10067      1279060197      1279070264         1267501          0       2000          0          0
   0       68     1999    10063      1279070265      1279080328         1277569          0       2000          0          0
   0       68     1983    10054      1279080329      1279090383         1287633          0       2000          0          0
   0       68     1984    10048      1279090385      1279100432         1297689          0       2000          0          0
   0       68     1999    10064      1279100434      1279110498         1307738          0       2000          0          0
   0       68     1983    10047      1279110499      1279120546         1317804          0       2000          0          0
   0       68     1983    10057      1279120566      1279130623         1327870          0       2000          0          0
   0       68     1983    10048      1279130624      1279140672         1337928          0       2000          0          0
   0       68     1984    10047      1279140674      1279150721         1347978          0       2000          0          0
   0       68     1983    10051      1279150723      1279160774         1358027          0       2000          0          0
   0       68     1984    10050      1279160775      1279170825         1368079          0       2000          0          0
   0       68     1985    10048      1279170826      1279180875         1378131          0       2000          0          0
   0       68     1983    10047      1279180876      1279190923         1388181          0       2000          0          0
   0       68     1999    10063      1279190925      1279200987         1398229          0       2000          0          0
   0       68     1998    10063      1279200989      1279211051         1408293          0       2000          0          0
   0       68     1983    10047      1279211053      1279221099         1418357          0       2000          0          0
   0       68     1999    10062      1279221101      1279231163         1428405          0       2000          0          0
   0       68     2014    10087      1279231165      1279241252         1438469          0       2000          0          0
   0       68     1983    10050      1279241254      1279251304         1448558          0       2000          0          0
   0       68     1986    10050      1279251305      1279261355         1458610          0       2000          0          0
   0       68     1998    10073      1279261357      1279271429         1468661          0       2000          0          0
   0       68     1983    10053      1279271430      1279281483         1478735          0       2000          0          0
   0       68     1984    10048      1279281485      1279291533         1488789          0       2000          0          0
   0       68     1984    10048      1279291535      1279301583         1498839          0       2000          0          0
   0       68     2000    10064      1279301584      1279311648         1508889          0       2000          0          0
   0       68     1983    10050      1279311650      1279321700         1518954          0       2000          0          0
   0       68     2000    10071      1279321701      1279331772         1529006          0       2000          0          0
   0       68     1999    10063      1279331773      1279341837         1539078          0       2000          0          0
   0       68     1983    10063      1279341838      1279351901         1549142          0       2000          0          0
   0       68     1983    10051      1279351902      1279361953         1559206          0       2000          0          0
   0       68     1984    10048      1279361954      1279372002         1569259          0       2000          0          0
   0       68     1983    10047      1279372004      1279382051         1579308          0       2000          0          0
   0       68     1983    10047      1279382052      1279392099         1589356          0       2000          0          0
   0       68     1999    10063      1279392100      1279402163         1599405          0       2000          0          0
   0       68     1983    10046      1279402165      1279412211         1609469          0       2000          0          0
   0       68     1984    10048      1279412212      1279422261         1619517          0       2000          0          0
   0       68     1999    10063      1279422262      1279432325         1629566          0       2000          0          0
   0       68     1983    10047      1279432326      1279442373         1639631          0       2000          0          0
   0       68     2000    10072      1279442374      1279452447         1649679          0       2000          0          0
   0       68     1983    10048      1279452474      1279462522         1659778          0       2000          0          0
   0       68     1999    10075      1279462524      1279472599         1669828          0       2000          0          0
   0       68     1985    10049      1279472600      1279482649         1679905          0       2000          0          0
   0       68     1985    10049      1279482651      1279492700         1689955          0       2000          0          0
   0       68     1985    10048      1279492702      1279502750         1700006          0       2000          0          0
   0       68     1998    10062      1279502751      1279512813         1710056          0       2000          0          0
   0       68     1983    10046      1279512815      1279522861         1720119          0       2000          0          0
   0       68     1999    10062      1279522862      1279532925         1730167          0       2000          0          0
   0       68     1983    10047      1279532926      1279542973         1740231          0       2000          0          0
   0       68     2000    10063      1279542975      1279553038         1750279          0       2000          0          0
   0       68     1984    10048      1279553039      1279563087         1760344          0       2000          0          0
   0       68     1998    10070      1279563089      1279573158         1770393          0       2000          0          0
   0       68     1983    10057      1279573160      1279583217         1780464          0       2000          0          0
   0       68     1983    10049      1279583218      1279593267         1790522          0       2000          0          0
   0       68     1985    10049      1279593268      1279603317         1800573          0       2000          0          0
   0       68     1984    10051      1279603318      1279613369         1810623          0       2000          0          0
   0       68     1983    10047      1279613370      1279623418         1820675          0       2000          0          0
   0       68     1983    10047      1279623419      1279633466         1830724          0       2000          0          0
   0       68     1983    10047      1279633468      1279643514         1840772          0       2000          0          0
   0       68     1983    10051      1279643516      1279653567         1850820          0       2000          0          0
   0       68     2000    10063      1279653568      1279663632         1860873          0       2000          0          0
   0       68     1984    10047      1279663633      1279673681         1870938          0       2000          0          0
   0       68     1999    10079      1279673682      1279683761         1880987          0       2000          0          0
   0       68     1983    10051      1279683762      1279693813         1891067          0       2000          0          0
   0       68     1984    10057      1279693814      1279703871         1901119          0       2000          0          0
   0       68     1984    10048      1279703873      1279713921         1911177          0       2000          0          0
   0       68     1998    10062      1279713922      1279723984         1921227          0       2000          0          0
   0       68     2014    10099      1279723985      1279734084         1931290          0       2000          0          0
   0       68     1985    10050      1279734086      1279744136         1941390          0       2000          0          0
   0       68     1983    10049      1279744137      1279754186         1951442          0       2000          0          0
   0       68     1983    10048      1279754188      1279764235         1961492          0       2000          0          0
   0       68     1983    10046      1279764237      1279774283         1971541          0       2000          0          0
   0       68     1985    10049      1279774284      1279784333         1981589          0       2000          0          0
   0       68     1998    10074      1279784355      1279794430         1991659          0       2000          0          0
   0       68     1983    10052      1279794431      1279804483         2001735          0       2000          0          0
   0       68     1985    10049      1279804484      1279814533         2011789          0       2000          0          0
   0       68     1998    10062      1279814534      1279824596         2021839          0       2000          0          0
   0       68     1984    10047      1279824598      1279834645         2031902          0       2000          0          0
   0       68     1983    10046      1279834646      1279844693         2041951          0       2000          0          0
   0       68     1998    10070      1279844694      1279854765         2051999          0       2000          0          0
   0       68     2000    10063      1279854766      1279864829         2062070          0       2000          0          0
   0       68     1998    10062      1279864831      1279874893         2072135          0       2000          0          0
   0       68     1983    10046      1279874894      1279884940         2082199          0       2000          0          0
   0       68     1983    10047      1279884942      1279894989         2092246          0       2000          0          0
   0       68     1999    10064      1279894990      1279905054         2102294          0       2000          0          0
   0       68     2000    10068      1279905055      1279915124         2112360          0       2000          0          0
   0       68     1984    10049      1279915125      1279925175         2122430          0       2000          0          0
   0       68     1983    10046      1279925176      1279935222         2132480          0       2000          0          0
   0       68     1985    10049      1279935224      1279945273         2142528          0       2000          0          0
   0       68     1999    10063      1279945274      1279955337         2152579          0       2000          0          0
   0       68     1983    10047      1279955338      1279965385         2162643          0       2000          0          0
   0       68     1983    10054      1279965387      1279975441         2172691          0       2000          0          0
   0       68     1983    10047      1279975443      1279985490         2182747          0       2000          0          0
   0       68     1999    10062      1279985491      1279995554         2192796          0       2000          0          0
   0       68     1983    10055      1279995555      1280005610         2202859          0       2000          0          0
   0       68     1983    10047      1280005612      1280015659         2212916          0       2000          0          0
   0       68     2000    10080      1280015660      1280025740         2222964          0       2000          0          0
   0       68     1983    10048      1280025741      1280035789         2233046          0       2000          0          0
   0       68     1985    10049      1280035791      1280045840         2243095          0       2000          0          0
   0       68     1998    10062      1280045841      1280055903         2253145          0       2000          0          0
   0       68     1983    10047      1280055905      1280065951         2263209          0       2000          0          0
   0       68     1983    10046      1280065953      1280075998         2273257          0       2000          0          0
   0       68     1998    10062      1280076000      1280086062         2283304          0       2000          0          0
   0       68     1998    10061      1280086064      1280096125         2293368          0       2000          0          0
   0       68     2001    10078      1280096127      1280106205         2303431          0       2000          0          0
   0       68     1983    10050      1280106207      1280116256         2313511          0       2000          0          0
   0       68     1984    10060      1280116278      1280126338         2323583          0       2000          0          0
   0       68     1983    10050      1280126339      1280136389         2333644          0       2000          0          0
   0       68     1984    10057      1280136391      1280146448         2343695          0       2000          0          0
   0       68     2014    10079      1280146449      1280156528         2353754          0       2000          0          0
   0       68     1983    10047      1280156530      1280166577         2363834          0       2000          0          0
   0       68     1985    10049      1280166579      1280176627         2373883          0       2000          0          0
   0       68     1983    10046      1280176629      1280186675         2383933          0       2000          0          0
   0       68     1983    10055      1280186677      1280196732         2393981          0       2000          0          0
   0       68     1983    10046      1280196733      1280206780         2404038          0       2000          0          0
   0       68     1999    10062      1280206781      1280216843         2414085          0       2000          0          0
   0       68     2000    10063      1280216845      1280226908         2424149          0       2000          0          0
   0       68     1983    10054      1280226910      1280236964         2434214          0       2000          0          0
   0       68     1999    10091      1280236965      1280247056         2444270          0       2000          0          0
   0       68     1984    10049      1280247058      1280257107         2454362          0       2000          0          0
   0       68     1984    10047      1280257108      1280267156         2464413          0       2000          0          0
   0       68     2000    10064      1280267157      1280277221         2474461          0       2000          0          0
   0       68     2015    10078      1280277222      1280287301         2484527          0       2000          0          0
   0       68     1983    10047      1280287302      1280297349         2494606          0       2000          0          0
   0       68     1983    10046      1280297350      1280307397         2504655          0       2000          0          0
   0       68     1998    10062      1280307398      1280317460         2514703          0       2000          0          0
   0       68     2000    10063      1280317462      1280327525         2524766          0       2000          0          0
   0       68     1983    10050      1280327527      1280337576         2534831          0       2000          0          0
   0       68     1994    10058      1280337578      1280347636         2544882          0       2000          0          0
   0       68     1993    10059      1280347637      1280357697         2554942          0       2000          0          0
   0       68     1983    10048      1280357698      1280367746         2565002          0       2000          0          0
   0       68     1985    10059      1280367747      1280377806         2575052          0       2000          0          0
   0       68     2014    10078      1280377807      1280387885         2585112          0       2000          0          0
   0       68     1998    10063      1280387886      1280397949         2595191          0       2000          0          0
   0       68     2000    10069      1280397951      1280408019         2605255          0       2000          0          0
   0       68     1998    10062      1280408021      1280418082         2615325          0       2000          0          0
   0       68     1998    10062      1280418084      1280428146         2625388          0       2000          0          0
   0       68     1984    10047      1280428147      1280438194         2635451          0       2000          0          0
   0       68     1999    10063      1280438196      1280448259         2645500          0       2000          0          0
   0       68     1999    10063      1280448280      1280458342         2655584          0       2000          0          0
   0       68     1998    10067      1280458344      1280468411         2665648          0       2000          0          0
   0       68     1983    10048      1280468412      1280478461         2675717          0       2000          0          0
   0       68     1985    10048      1280478462      1280488511         2685766          0       2000          0          0
   0       68     2001    10079      1280488512      1280498591         2695816          0       2000          0          0
   0       68     1983    10049      1280498592      1280508641         2705897          0       2000          0          0
   0       68     1985    10048      1280508643      1280518691         2715947          0       2000          0          0
   0       68     1998    10062      1280518692      1280528754         2725997          0       2000          0          0
   0       68     1983    10046      1280528756      1280538802         2736060          0       2000          0          0
   0       68     1999    10063      1280538803      1280548866         2746108          0       2000          0          0
   0       68     1983    10047      1280548867      1280558914         2756172          0       2000          0          0
   0       68     1984    10048      1280558915      1280568963         2766220          0       2000          0          0
   0       68     1983    10087      1280568965      1280579052         2776269          0       2000          0          0
   0       68     1983    10052      1280579053      1280589105         2786357          0       2000          0          0
   0       68     1985    10049      1280589106      1280599155         2796410          0       2000          0          0
   0       68     1983    10048      1280599156      1280609204         2806461          0       2000          0          0
   0       68     1983    10051      1280609206      1280619257         2816510          0       2000          0          0
   0       68     1999    10067      1280619258      1280629326         2826563          0       2000          0          0
   0       68     1984    10048      1280629327      1280639375         2836632          0       2000          0          0
   0       68     2014    10078      1280639376      1280649455         2846681          0       2000          0          0
   0       68     1983    10047      1280649456      1280659503         2856760          0       2000          0          0
   0       68     1998    10062      1280659504      1280669566         2866809          0       2000          0          0
   0       68     2015    10078      1280669568      1280679646         2876872          0       2000          0          0
   0       68     1984    10053      1280679648      1280689701         2886952          0       2000          0          0
   0       68     1983    10049      1280689702      1280699752         2897007          0       2000          0          0
   0       68     1983    10051      1280699753      1280709804         2907057          0       2000          0          0
   0       68     1983    10048      1280709805      1280719853         2917110          0       2000          0          0
   0       68     1985    10049      1280719855      1280729903         2927159          0       2000          0          0
   0       68     1984    10047      1280729905      1280739952         2937209          0       2000          0          0
   0       68     1999    10072      1280739954      1280750026         2947258          0       2000          0          0
   0       68     1983    10046      1280750027      1280760074         2957332          0       2000          0          0
   0       68     1983    10046      1280760075      1280770121         2967380          0       2000          0          0
   0       68     2014    10086      1280770123      1280780209         2977427          0       2000          0          0
   0       68     1998    10062      1280780232      1280790295         2987537          0       2000          0          0
   0       68     1983    10047      1280790296      1280800343         2997601          0       2000          0          0
   0       68     1998    10068      1280800345      1280810413         3007649          0       2000          0          0
   0       68     1983    10052      1280810414      1280820466         3017719          0       2000          0          0
   0       68     1985    10052      1280820468      1280830520         3027772          0       2000          0          0
   0       68     2009    10073      1280830522      1280840595         3037827          0       2000          0          0
   0       68     2000    10063      1280840597      1280850660         3047901          0       2000          0          0
   0       68     1983    10047      1280850662      1280860708         3057966          0       2000          0          0
   0       68     1998    10069      1280860710      1280870779         3068014          0       2000          0          0
   0       68     2014    10078      1280870780      1280880859         3078085          0       2000          0          0
   0       68     1983    10047      1280880860      1280890907         3088164          0       2000          0          0
   0       68     1983    10046      1280890908      1280900954         3098213          0       2000          0          0
   0       68     1983    10047      1280900956      1280911003         3108260          0       2000          0          0
   0       68     1999    10063      1280911004      1280921067         3118309          0       2000          0          0
   0       68     2000    10074      1280921069      1280931143         3128373          0       2000          0          0
   0       68     1984    10049      1280931144      1280941194         3138449          0       2000          0          0
   0       68     1983    10047      1280941195      1280951242         3148500          0       2000          0          0
   0       68     1984    10048      1280951244      1280961292         3158548          0       2000          0          0
   0       68     1983    10047      1280961293      1280971340         3168598          0       2000          0          0
   0       68     1996    10060      1280971341      1280981401         3178646          0       2000          0          0
   0       68     1983    10047      1280981403      1280991449         3188707          0       2000          0          0
   0       68     1983    10054      1280991451      1281001505         3198755          0       2000          0          0
   0       68     2016    10082      1281001507      1281011588         3208811          0       2000          0          0
   0       68     1984    10056      1281011590      1281021646         3218894          0       2000          0          0
   0       68     1999    10063      1281021647      1281031710         3228951          0       2000          0          0
   0       68     1998    10071      1281031711      1281041783         3239015          0       2000          0          0
   0       68     1983    10047      1281041784      1281051831         3249088          0       2000          0          0
   0       68     1985    10058      1281051833      1281061891         3259137          0       2000          0          0
   0       68     2015    10078      1281061892      1281071970         3269197          0       2000          0          0
   0       68     1999    10063      1281071971      1281082035         3279276          0       2000          0          0
   0       68     1999    10062      1281082036      1281092099         3289341          0       2000          0          0
   0       68     1983    10048      1281092100      1281102148         3299404          0       2000          0          0
   0       68     1983    10055      1281102150      1281112204         3309454          0       2000          0          0
   0       68     1984    10052      1281112225      1281122277         3319530          0       2000          0          0
   0       68     1983    10058      1281122279      1281132337         3329583          0       2000          0          0
   0       68     1983    10058      1281132338      1281142396         3339642          0       2000          0          0
   0       68     1984    10057      1281142398      1281152455         3349702          0       2000          0          0
   0       68     2000    10070      1281152456      1281162526         3359761          0       2000          0          0
   0       68     1983    10047      1281162528      1281172574         3369832          0       2000          0          0
   0       68     1985    10049      1281172576      1281182624         3379880          0       2000          0          0
   0       68     1999    10062      1281182626      1281192688         3389930          0       2000          0          0
   0       68     1983    10046      1281192690      1281202736         3399994          0       2000          0          0
   0       68     1999    10071      1281202737      1281212809         3410042          0       2000          0          0
   0       68     1983    10047      1281212810      1281222857         3420115          0       2000          0          0
   0       68     2000    10063      1281222859      1281232922         3430163          0       2000          0          0
   0       68     1999    10071      1281232924      1281242994         3440228          0       2000          0          0
   0       68     1999    10063      1281242996      1281253059         3450300          0       2000          0          0
   0       68     2000    10071      1281253060      1281263131         3460365          0       2000          0          0
   0       68     1983    10046      1281263132      1281273179         3470437          0       2000          0          0
   0       68     1984    10048      1281273180      1281283228         3480485          0       2000          0          0
   0       68     1983    10047      1281283229      1281293276         3490534          0       2000          0          0
   0       68     1984    10048      1281293278      1281303326         3500582          0       2000          0          0
   0       68     1999    10063      1281303328      1281313390         3510632          0       2000          0          0
   0       68     2000    10067      1281313392      1281323459         3520696          0       2000          0          0
   0       68     2010    10074      1281323461      1281333534         3530765          0       2000          0          0
   0       68     1984    10047      1281333536      1281343583         3540840          0       2000          0          0
   0       68     1998    10062      1281343585      1281353646         3550889          0       2000          0          0
   0       68     1998    10062      1281353648      1281363709         3560952          0       2000          0          0
   0       68     1999    10072      1281363711      1281373783         3571015          0       2000          0          0
   0       68     1983    10047      1281373784      1281383831         3581088          0       2000          0          0
   0       68     1985    10048      1281383833      1281393881         3591137          0       2000          0          0
   0       68     1985    10048      1281393882      1281403930         3601186          0       2000          0          0
   0       68     1999    10062      1281403931      1281413993         3611235          0       2000          0          0
   0       68     1984    10067      1281413995      1281424062         3621299          0       2000          0          0
   0       68     1983    10046      1281424064      1281434110         3631368          0       2000          0          0
   0       68     1998    10070      1281434112      1281444182         3641416          0       2000          0          0
   0       68     1999    10064      1281444210      1281454274         3651515          0       2000          0          0
   0       68     1983    10047      1281454276      1281464323         3661580          0       2000          0          0
   0       68     2000    10063      1281464325      1281474388         3671629          0       2000          0          0
   0       68     1983    10061      1281474390      1281484450         3681694          0       2000          0          0
   0       68     1983    10048      1281484452      1281494500         3691756          0       2000          0          0
   0       68     1985    10049      1281494501      1281504550         3701805          0       2000          0          0
   0       68     1983    10047      1281504551      1281514598         3711855          0       2000          0          0
   0       68     1999    10070      1281514599      1281524670         3721904          0       2000          0          0
   0       68     2014    10078      1281524671      1281534749         3731975          0       2000          0          0
   0       68     1983    10046      1281534750      1281544797         3742055          0       2000          0          0
   0       68     1983    10047      1281544798      1281554845         3752102          0       2000          0          0
   0       68     2000    10063      1281554846      1281564910         3762151          0       2000          0          0
   0       68     1983    10046      1281564911      1281574958         3772216          0       2000          0          0
   0       68     1983    10047      1281574959      1281585006         3782263          0       2000          0          0
   0       68     1983    10054      1281585007      1281595061         3792312          0       2000          0          0
   0       68     1983    10050      1281595062      1281605112         3802367          0       2000          0          0
   0       68     1985    10052      1281605113      1281615166         3812418          0       2000          0          0
   0       68     1983    10049      1281615167      1281625216         3822472          0       2000          0          0
   0       68     2000    10065      1281625218      1281635283         3832522          0       2000          0          0
   0       68     1999    10062      1281635284      1281645346         3842588          0       2000          0          0
   0       68     1983    10051      1281645348      1281655398         3852652          0       2000          0          0
   0       68     1985    10049      1281655400      1281665449         3862704          0       2000          0          0
   0       68     1999    10062      1281665450      1281675513         3872755          0       2000          0          0
   0       68     1999    10062      1281675514      1281685576         3882818          0       2000          0          0
   0       68     1998    10061      1281685578      1281695639         3892882          0       2000          0          0
   0       68     1999    10071      1281695641      1281705712         3902945          0       2000          0          0
   0       68     1984    10049      1281705713      1281715762         3913018          0       2000          0          0
   0       68     1985    10049      1281715763      1281725812         3923068          0       2000          0          0
   0       68     1984    10017      1281725813      1281735830         3933118          0       2000          0          0
   0       68     1999    10062      1281735832      1281745894         3943136          0       2000          0          0
   0       68     1984    10048      1281745896      1281755944         3953200          0       2000          0          0
   0       68     2000    10064      1281755945      1281766009         3963249          0       2000          0          0
   0       68     1983    10047      1281766010      1281776057         3973314          0       2000          0          0
   0       68     1984    10048      1281776097      1281786145         3983401          0       2000          0          0
   0       68     1998    10062      1281786146      1281796208         3993451          0       2000          0          0
   0       68     1999    10063      1281796210      1281806272         4003514          0       2000          0          0
   0       68     1983    10054      1281806274      1281816327         4013578          0       2000          0          0
   0       68     1983    10048      1281816329      1281826377         4023633          0       2000          0          0
   0       68     1984    10048      1281826379      1281836426         4033683          0       2000          0          0
   0       68     1999    10072      1281836428      1281846500         4043732          0       2000          0          0
   0       68     1989    10053      1281846501      1281856554         4053806          0       2000          0          0
   0       68     2001    10065      1281856556      1281866621         4063860          0       2000          0          0
   0       68     1999    10064      1281866622      1281876686         4073927          0       2000          0          0
   0       68     1983    10054      1281876687      1281886741         4083992          0       2000          0          0
   0       68     1983    10047      1281886742      1281896789         4094047          0       2000          0          0
   0       68     1983    10046      1281896791      1281906837         4104095          0       2000          0          0
   0       68     1985    10048      1281906838      1281916886         4114143          0       2000          0          0
   0       68     1999    10083      1281916888      1281926971         4124192          0       2000          0          0
   0       68     1983    10055      1281926973      1281937028         4134277          0       2000          0          0
   0       68     1985    10057      1281937029      1281947086         4144333          0       2000          0          0
   0       68     2015    10078      1281947087      1281957165         4154391          0       2000          0          0
   0       68     1984    10047      1281957167      1281967213         4164471          0       2000          0          0
   0       68     1983    10046      1281967215      1281977261         4174519          0       2000          0          0
   0       68     1998    10062      1281977262      1281987324         4184567          0       2000          0          0
   0       68     1999    10063      1281987326      1281997388         4194630          0       2000          0          0
   0       68     1999    10063      1281997390      1282007453         4204694          0       2000          0          0
   0       68     1984    10048      1282007454      1282017502         4214758          0       2000          0          0
   0       68     1984    10047      1282017503      1282027550         4224808          0       2000          0          0
   0       68     1999    10078      1282027552      1282037630         4234856          0       2000          0          0
   0       68     1983    10050      1282037631      1282047681         4244935          0       2000          0          0
   0       68     1985    10049      1282047682      1282057731         4254987          0       2000          0          0
   0       68     2000    10063      1282057732      1282067796         4265037          0       2000          0          0
   0       68     1983    10046      1282067797      1282077843         4275102          0       2000          0          0
   0       68     1999    10062      1282077844      1282087907         4285149          0       2000          0          0
   0       68     1998    10069      1282087908      1282097977         4295212          0       2000          0          0
   0       68     1985    10064      1282097979      1282108043         4305283          0       2000          0          0
   0       68     1983    10056      1282108064      1282118121         4315369          0       2000          0          0
   0       68     1989    10068      1282118122      1282128190         4325427          0       2000          0          0
   0       68     1984    10049      1282128192      1282138241         4335497          0       2000          0          0
   0       68     1985    10050      1282138243      1282148292         4345547          0       2000          0          0
   0       68     2015    10079      1282148294      1282158373         4355598          0       2000          0          0
   0       68     1983    10047      1282158374      1282168421         4365679          0       2000          0          0
   0       68     1985    10049      1282168423      1282178471         4375727          0       2000          0          0
   0       68     1998    10061      1282178473      1282188534         4385777          0       2000          0          0
   0       68     1984    10048      1282188536      1282198584         4395840          0       2000          0          0
   0       68     1983    10047      1282198585      1282208632         4405890          0       2000          0          0
   0       68     1983    10047      1282208633      1282218680         4415938          0       2000          0          0
   0       68     1983    10047      1282218681      1282228728         4425986          0       2000          0          0
   0       68     1999    10063      1282228729      1282238793         4436034          0       2000          0          0
   0       68     2000    10063      1282238794      1282248857         4446098          0       2000          0          0
   0       68     2000    10072      1282248859      1282258931         4456163          0       2000          0          0
   0       68     1983    10047      1282258933      1282268980         4466237          0       2000          0          0
   0       68     1985    10049      1282268982      1282279030         4476286          0       2000          0          0
   0       68     1998    10062      1282279032      1282289093         4486336          0       2000          0          0
   0       68     1999    10063      1282289095      1282299157         4496399          0       2000          0          0
   0       68     1999    10063      1282299159      1282309222         4506463          0       2000          0          0
   0       68     1984    10048      1282309223      1282319272         4516528          0       2000          0          0
   0       68     1985    10049      1282319273      1282329321         4526577          0       2000          0          0
   0       68     1983    10055      1282329323      1282339378         4536627          0       2000          0          0
   0       68     1998    10061      1282339379      1282349440         4546683          0       2000          0          0
   0       68     1991    10055      1282349442      1282359496         4556746          0       2000          0          0
   0       68     1983    10053      1282359497      1282369550         4566802          0       2000          0          0
   0       68     1983    10071      1282369552      1282379623         4576856          0       2000          0          0
   0       68     1985    10048      1282379625      1282389673         4586929          0       2000          0          0
   0       68     1984    10048      1282389674      1282399722         4596979          0       2000          0          0
   0       68     2000    10063      1282399724      1282409787         4607028          0       2000          0          0
   0       68     2015    10078      1282409788      1282419866         4617092          0       2000          0          0
   0       68     1998    10061      1282419868      1282429929         4627172          0       2000          0          0
   0       68     1984    10055      1282429931      1282439986         4637235          0       2000          0          0
   0       68     1983    10047      1282440015      1282450062         4647320          0       2000          0          0
   0       68     1983    10055      1282450063      1282460118         4657368          0       2000          0          0
   0       68     1983    10047      1282460120      1282470167         4667424          0       2000          0          0
   0       68     1983    10046      1282470168      1282480214         4677472          0       2000          0          0
   0       68     2000    10064      1282480216      1282490280         4687520          0       2000          0          0
   0       68     1984    10048      1282490282      1282500330         4697586          0       2000          0          0
   0       68     1983    10046      1282500331      1282510378         4707636          0       2000          0          0
   0       68     1984    10048      1282510379      1282520427         4717683          0       2000          0          0
   0       68     1983    10047      1282520428      1282530475         4727733          0       2000          0          0
   0       68     1983    10046      1282530476      1282540523         4737781          0       2000          0          0
   0       68     1983    10047      1282540524      1282550571         4747828          0       2000          0          0
   0       68     1983    10047      1282550572      1282560619         4757877          0       2000          0          0
   0       68     1983    10054      1282560620      1282570675         4767925          0       2000          0          0
   0       68     1983    10046      1282570676      1282580723         4777981          0       2000          0          0
   0       68     1983    10046      1282580724      1282590770         4788028          0       2000          0          0
   0       68     1999    10072      1282590772      1282600843         4798076          0       2000          0          0
   0       68     1983    10054      1282600845      1282610899         4808149          0       2000          0          0
   0       68     1983    10050      1282610901      1282620950         4818205          0       2000          0          0
   0       68     1983    10051      1282620952      1282631003         4828256          0       2000          0          0
   0       68     2004    10069      1282631005      1282641074         4838309          0       2000          0          0
   0       68     1985    10049      1282641076      1282651124         4848380          0       2000          0          0
   0       68     1983    10046      1282651126      1282661172         4858430          0       2000          0          0
   0       68     1999    10063      1282661174      1282671237         4868478          0       2000          0          0
   0       68     2014    10078      1282671238      1282681316         4878543          0       2000          0          0
   0       68     1983    10046      1282681317      1282691364         4888622          0       2000          0          0
   0       68     1999    10063      1282691365      1282701428         4898669          0       2000          0          0
   0       68     2015    10088      1282701429      1282711517         4908734          0       2000          0          0
   0       68     1983    10051      1282711518      1282721570         4918823          0       2000          0          0
   0       68     1983    10047      1282721571      1282731618         4928876          0       2000          0          0
   0       68     1985    10057      1282731619      1282741677         4938924          0       2000          0          0
   0       68     2009    10073      1282741678      1282751751         4948982          0       2000          0          0
   0       68     1999    10063      1282751752      1282761816         4959057          0       2000          0          0
   0       68     2000    10064      1282761817      1282771881         4969122          0       2000          0          0
   0       68     1998    10070      1282771906      1282781976         4979211          0       2000          0          0
   0       68     1998    10061      1282781977      1282792038         4989282          0       2000          0          0
