#idx     perf      run   period           start             end          rel_st      slack c_duration   c_period     wu_lat
   0       68     2035    10105      1262418698      1262428802             248          0       2000          0          0
   0       68     2031    10104      1262428806      1262438911           10357          0       2000          0          0
   0       68     2014    10119      1262438921      1262449040           20471          0       2000          0          0
   0       68     2002    10079      1262449046      1262459125           30596          0       2000          0          0
   0       68     2055    10131      1262459129      1262469260           40680          0       2000          0          0
   0       68     2012    10091      1262469266      1262479357           50816          0       2000          0          0
   0       68     2012    10089      1262479361      1262489449           60911          0       2000          0          0
   0       68     2043    10120      1262489452      1262499573           71003          0       2000          0          0
   0       68     2007    10084      1262499575      1262509659           81126          0       2000          0          0
   0       68     2014    10090      1262509662      1262519752           91212          0       2000          0          0
   0       68     2015    10082      1262519754      1262529836          101305          0       2000          0          0
   0       68     2037    10112      1262529838      1262539951          111389          0       2000          0          0
   0       68     1996    10074      1262539953      1262550027          121503          0       2000          0          0
   0       68     2001    10070      1262550036      1262560107          131587          0       2000          0          0
   0       68     2017    10095      1262560111      1262570207          141662          0       2000          0          0
   0       68     2021    10088      1262570211      1262580298          151761          0       2000          0          0
   0       68     1998    10080      1262580301      1262590381          161852          0       2000          0          0
   0       68     2723    10789      1262590387      1262601176          171937          0       2000          0          0
   0       68     2023    10099      1262601178      1262611278          182729          0       2000          0          0
   0       68     2004    10076      1262611286      1262621362          192837          0       2000          0          0
   0       68     2042    10119      1262621367      1262631486          202917          0       2000          0          0
   0       68     2004    10073      1262631495      1262641567          213045          0       2000          0          0
   0       68     2007    10089      1262641572      1262651660          223122          0       2000          0          0
   0       68     2119    10186      1262651666      1262661852          233217          0       2000          0          0
   0       68     2025    10105      1262661855      1262671960          243405          0       2000          0          0
   0       68     2026    10095      1262671968      1262682063          253519          0       2000          0          0
   0       68     2002    10082      1262682069      1262692151          263619          0       2000          0          0
   0       68     2007    10084      1262692155      1262702239          273706          0       2000          0          0
   0       68     1994    10070      1262702242      1262712312          283792          0       2000          0          0
   0       68     1994    10071      1262712315      1262722385          293865          0       2000          0          0
   0       68     2009    10085      1262722388      1262732473          303938          0       2000          0          0
   0       68     1995    10072      1262732476      1262742548          314026          0       2000          0          0
   0       68     2028    10106      1262742551      1262752657          324101          0       2000          0          0
   0       68     2023    10090      1262752724      1262762815          334275          0       2000          0          0
   0       68     2037    10115      1262762817      1262772932          344367          0       2000          0          0
   0       68     2005    10081      1262772934      1262783015          354485          0       2000          0          0
   0       68     2005    10082      1262783018      1262793099          364568          0       2000          0          0
   0       68     2010    10086      1262793102      1262803189          374653          0       2000          0          0
   0       68     2009    10087      1262803191      1262813278          384741          0       2000          0          0
   0       68     2011    10086      1262813281      1262823367          394831          0       2000          0          0
   0       68     2001    10078      1262823370      1262833448          404920          0       2000          0          0
   0       68     2023    10089      1262833451      1262843540          415001          0       2000          0          0
   0       68     2021    10098      1262843542      1262853640          425092          0       2000          0          0
   0       68     2021    10091      1262853643      1262863733          435193          0       2000          0          0
   0       68     2045    10113      1262863740      1262873853          445290          0       2000          0          0
   0       68     2009    10079      1262873858      1262883937          455408          0       2000          0          0
   0       68     2022    10090      1262883941      1262894031          465491          0       2000          0          0
   0       68     1998    10068      1262894037      1262904105          475587          0       2000          0          0
   0       68     2029    10110      1262904109      1262914219          485660          0       2000          0          0
   0       68     2053    10122      1262914222      1262924343          495772          0       2000          0          0
   0       68     2026    10104      1262924347      1262934452          505898          0       2000          0          0
   0       68     2021    10088      1262934455      1262944543          516005          0       2000          0          0
   0       68     2017    10083      1262944545      1262954628          526096          0       2000          0          0
   0       68     1996    10074      1262954631      1262964705          536182          0       2000          0          0
   0       68     2004    10081      1262964708      1262974789          546258          0       2000          0          0
   0       68     2021    10096      1262974792      1262984888          556343          0       2000          0          0
   0       68     2012    10089      1262984890      1262994979          566441          0       2000          0          0
   0       68     2003    10071      1262994982      1263005053          576532          0       2000          0          0
   0       68     1996    10069      1263005057      1263015126          586607          0       2000          0          0
   0       68     2021    10094      1263015134      1263025228          596684          0       2000          0          0
   0       68     2043    10111      1263025232      1263035343          606782          0       2000          0          0
   0       68     2007    10084      1263035346      1263045430          616897          0       2000          0          0
   0       68     2038    10114      1263045433      1263055548          626984          0       2000          0          0
   0       68     1996    10063      1263055551      1263065613          637101          0       2000          0          0
   0       68     2023    10100      1263065616      1263075716          647166          0       2000          0          0
   0       68     2023    10100      1263075718      1263085819          657269          0       2000          0          0
   0       68     2024    10102      1263085885      1263095987          667436          0       2000          0          0
   0       68     2006    10095      1263095990      1263106085          677540          0       2000          0          0
   0       68     2982    11073      1263106095      1263117168          687646          0       2000          0          0
   0       68     1998    10086      1263117179      1263127265          698729          0       2000          0          0
   0       68     2005    10075      1263127272      1263137347          708823          0       2000          0          0
   0       68     2018    10099      1263137352      1263147451          718902          0       2000          0          0
   0       68     2040    10125      1263147455      1263157580          729006          0       2000          0          0
   0       68     2949    11020      1263157585      1263168605          739135          0       2000          0          0
   0       68     2004    10082      1263168610      1263178692          750160          0       2000          0          0
   0       68     2007    10084      1263178697      1263188781          760247          0       2000          0          0
   0       68     1994    10072      1263188784      1263198856          770335          0       2000          0          0
   0       68     2012    10090      1263198859      1263208949          780409          0       2000          0          0
   0       68     2012    10089      1263208952      1263219041          790502          0       2000          0          0
   0       68     2838    10932      1263219044      1263229976          800594          0       2000          0          0
   0       68     2078    10148      1263229984      1263240132          811534          0       2000          0          0
   0       68     1998    10078      1263240137      1263250215          821687          0       2000          0          0
   0       68     2015    10092      1263250218      1263260311          831769          0       2000          0          0
   0       68     2006    10081      1263260313      1263270394          841864          0       2000          0          0
   0       68     2012    10088      1263270397      1263280485          851948          0       2000          0          0
   0       68     2021    10087      1263280488      1263290575          862038          0       2000          0          0
   0       68     2021    10098      1263290578      1263300675          872128          0       2000          0          0
   0       68     2023    10100      1263300678      1263310779          882229          0       2000          0          0
   0       68     2025    10091      1263310781      1263320872          892331          0       2000          0          0
   0       68     2010    10087      1263320874      1263330961          902425          0       2000          0          0
   0       68     2049    10124      1263330964      1263341087          912514          0       2000          0          0
   0       68     2792    10876      1263341093      1263351970          922644          0       2000          0          0
   0       68     2000    10078      1263351976      1263362054          933526          0       2000          0          0
   0       68     2006    10083      1263362058      1263372141          943609          0       2000          0          0
   0       68     2021    10089      1263372144      1263382232          953694          0       2000          0          0
   0       68     1997    10074      1263382235      1263392309          963786          0       2000          0          0
   0       68     2022    10099      1263392312      1263402411          973862          0       2000          0          0
   0       68     2090    10177      1263402413      1263412590          983964          0       2000          0          0
   0       68     2040    10119      1263412597      1263422715          994147          0       2000          0          0
   0       68     2010    10087      1263422787      1263432874         1004337          0       2000          0          0
   0       68     2034    10101      1263432877      1263442978         1014427          0       2000          0          0
   0       68     2011    10091      1263442981      1263453071         1024531          0       2000          0          0
   0       68     2016    10091      1263453078      1263463169         1034628          0       2000          0          0
   0       68     2013    10086      1263463178      1263473263         1044728          0       2000          0          0
   0       68     2806    10894      1263473268      1263484162         1054818          0       2000          0          0
   0       68     2004    10085      1263484170      1263494256         1065721          0       2000          0          0
   0       68     2015    10084      1263494260      1263504344         1075810          0       2000          0          0
   0       68     2013    10091      1263504348      1263514439         1085899          0       2000          0          0
   0       68     2022    10100      1263514443      1263524543         1095994          0       2000          0          0
   0       68     2021    10098      1263524546      1263534644         1106096          0       2000          0          0
   0       68     2009    10075      1263534647      1263544722         1116197          0       2000          0          0
   0       68     2005    10082      1263544725      1263554807         1126275          0       2000          0          0
   0       68     2023    10097      1263554809      1263564906         1136360          0       2000          0          0
   0       68     2026    10109      1263564914      1263575023         1146464          0       2000          0          0
   0       68     2004    10083      1263575028      1263585111         1156578          0       2000          0          0
   0       68     2026    10105      1263585115      1263595220         1166666          0       2000          0          0
   0       68     2022    10090      1263595223      1263605313         1176774          0       2000          0          0
   0       68     2014    10095      1263605316      1263615411         1186867          0       2000          0          0
   0       68     2029    10111      1263615421      1263625533         1196972          0       2000          0          0
   0       68     2010    10093      1263625542      1263635635         1207092          0       2000          0          0
   0       68     2012    10087      1263635639      1263645727         1217190          0       2000          0          0
   0       68     1998    10075      1263645730      1263655805         1227281          0       2000          0          0
   0       68     2023    10095      1263655808      1263665903         1237359          0       2000          0          0
   0       68     1997    10069      1263665907      1263675976         1247457          0       2000          0          0
   0       68     2045    10127      1263675980      1263686108         1257531          0       2000          0          0
   0       68     2021    10090      1263686112      1263696201         1267662          0       2000          0          0
   0       68     2014    10092      1263696205      1263706296         1277755          0       2000          0          0
   0       68     2020    10097      1263706300      1263716396         1287850          0       2000          0          0
   0       68     2005    10080      1263716399      1263726479         1297949          0       2000          0          0
   0       68     2013    10090      1263726482      1263736572         1308033          0       2000          0          0
   0       68     2040    10117      1263736574      1263746691         1318125          0       2000          0          0
   0       68     2021    10098      1263746694      1263756793         1328245          0       2000          0          0
   0       68     2008    10085      1263756857      1263766942         1338407          0       2000          0          0
   0       68     2022    10092      1263766945      1263777037         1348495          0       2000          0          0
   0       68     2010    10088      1263777040      1263787128         1358591          0       2000          0          0
   0       68     2030    10101      1263787141      1263797243         1368692          0       2000          0          0
   0       68     2001    10078      1263797247      1263807326         1378798          0       2000          0          0
   0       68     2006    10084      1263807329      1263817413         1388880          0       2000          0          0
   0       68     2007    10073      1263817415      1263827489         1398966          0       2000          0          0
   0       68     2006    10083      1263827492      1263837574         1409042          0       2000          0          0
   0       68     2034    10111      1263837576      1263847687         1419127          0       2000          0          0
   0       68     2036    10102      1263847690      1263857792         1429241          0       2000          0          0
   0       68     2004    10081      1263857795      1263867876         1439345          0       2000          0          0
   0       68     2020    10097      1263867878      1263877975         1449429          0       2000          0          0
   0       68     2043    10111      1263877977      1263888088         1459528          0       2000          0          0
   0       68     2011    10088      1263888091      1263898179         1469641          0       2000          0          0
   0       68     2005    10082      1263898181      1263908263         1479732          0       2000          0          0
   0       68     2012    10089      1263908266      1263918355         1489816          0       2000          0          0
   0       68     2021    10098      1263918357      1263928455         1499908          0       2000          0          0
   0       68     2005    10071      1263928458      1263938528         1510008          0       2000          0          0
   0       68     2015    10091      1263938531      1263948622         1520081          0       2000          0          0
   0       68     2023    10100      1263948625      1263958724         1530175          0       2000          0          0
   0       68     2004    10080      1263958726      1263968806         1540277          0       2000          0          0
   0       68     2012    10088      1263968809      1263978897         1550360          0       2000          0          0
   0       68     2014    10091      1263978899      1263988990         1560450          0       2000          0          0
   0       68     2028    10104      1263988993      1263999097         1570543          0       2000          0          0
   0       68     2019    10107      1263999099      1264009207         1580650          0       2000          0          0
   0       68     2481    10549      1264009216      1264019765         1590766          0       2000          0          0
   0       68     2035    10114      1264019768      1264029882         1601319          0       2000          0          0
   0       68     2027    10102      1264029888      1264039990         1611438          0       2000          0          0
   0       68     2034    10110      1264039993      1264050103         1621543          0       2000          0          0
   0       68     2005    10081      1264050105      1264060187         1631656          0       2000          0          0
   0       68     2021    10094      1264060189      1264070283         1641740          0       2000          0          0
   0       68     1995    10076      1264070288      1264080364         1651838          0       2000          0          0
   0       68     2016    10095      1264080368      1264090463         1661919          0       2000          0          0
   0       68     1999    10076      1264090515      1264100591         1672065          0       2000          0          0
   0       68     2247    10336      1264100594      1264110930         1682144          0       2000          0          0
   0       68     1997    10088      1264110938      1264121026         1692489          0       2000          0          0
   0       68     3270    11362      1264121037      1264132399         1702587          0       2000          0          0
   0       68     2141    10214      1264132407      1264142621         1713958          0       2000          0          0
   0       68     2004    10097      1264142629      1264152726         1724179          0       2000          0          0
   0       68     1998    10072      1264152740      1264162812         1734290          0       2000          0          0
   0       68     2003    10082      1264162816      1264172897         1744366          0       2000          0          0
   0       68     2008    10086      1264172901      1264182987         1754452          0       2000          0          0
   0       68     2031    10109      1264182990      1264193100         1764541          0       2000          0          0
   0       68     2023    10090      1264193103      1264203193         1774654          0       2000          0          0
   0       68     2032    10109      1264203196      1264213306         1784747          0       2000          0          0
   0       68     2023    10104      1264213309      1264223412         1794859          0       2000          0          0
   0       68     2011    10085      1264223418      1264233503         1804968          0       2000          0          0
   0       68     2010    10080      1264233507      1264243586         1815057          0       2000          0          0
   0       68     2027    10106      1264243590      1264253697         1825141          0       2000          0          0
   0       68     2021    10098      1264253700      1264263798         1835251          0       2000          0          0
   0       68     1996    10072      1264263801      1264273873         1845351          0       2000          0          0
   0       68     2006    10081      1264273876      1264283957         1855426          0       2000          0          0
   0       68     2051    10129      1264283960      1264294088         1865510          0       2000          0          0
   0       68     2006    10082      1264294092      1264304174         1875642          0       2000          0          0
   0       68     2021    10098      1264304177      1264314275         1885727          0       2000          0          0
   0       68     2029    10106      1264314277      1264324384         1895828          0       2000          0          0
   0       68     2022    10102      1264324386      1264334488         1905936          0       2000          0          0
   0       68     2015    10093      1264334493      1264344586         1916043          0       2000          0          0
   0       68     2062    10131      1264344594      1264354725         1926145          0       2000          0          0
   0       68     2010    10090      1264354729      1264364819         1936279          0       2000          0          0
   0       68     2211    10296      1264364823      1264375119         1946373          0       2000          0          0
   0       68     1999    10070      1264375124      1264385194         1956674          0       2000          0          0
   0       68     1999    10071      1264385199      1264395270         1966749          0       2000          0          0
   0       68     2037    10115      1264395274      1264405388         1976824          0       2000          0          0
   0       68     1995    10063      1264405392      1264415454         1986942          0       2000          0          0
   0       68     2006    10083      1264415458      1264425540         1997008          0       2000          0          0
   0       68     2024    10101      1264425597      1264435698         2007147          0       2000          0          0
   0       68     2023    10099      1264435700      1264445800         2017250          0       2000          0          0
   0       68     2590    10672      1264445804      1264456476         2027354          0       2000          0          0
   0       68     2023    10092      1264456485      1264466576         2038035          0       2000          0          0
   0       68     2018    10092      1264466581      1264476673         2048131          0       2000          0          0
   0       68     2013    10093      1264476676      1264486769         2058226          0       2000          0          0
   0       68     2125    10192      1264486776      1264496967         2068326          0       2000          0          0
   0       68     2022    10088      1264496970      1264507058         2078520          0       2000          0          0
   0       68     2022    10088      1264507061      1264517149         2088612          0       2000          0          0
   0       68     2005    10081      1264517152      1264527233         2098702          0       2000          0          0
   0       68     2019    10085      1264527236      1264537321         2108787          0       2000          0          0
   0       68     2021    10097      1264537324      1264547420         2118874          0       2000          0          0
   0       68     2022    10095      1264547423      1264557518         2128973          0       2000          0          0
   0       68     2035    10118      1264557521      1264567638         2139071          0       2000          0          0
   0       68     2033    10101      1264567646      1264577747         2149197          0       2000          0          0
   0       68     2010    10087      1264577752      1264587838         2159302          0       2000          0          0
   0       68     2019    10086      1264587843      1264597929         2169393          0       2000          0          0
   0       68     2038    10104      1264597931      1264608035         2179482          0       2000          0          0
   0       68     2510    10587      1264608038      1264618625         2189589          0       2000          0          0
   0       68     2009    10091      1264618634      1264628725         2200184          0       2000          0          0
   0       68     2005    10072      1264628730      1264638802         2210280          0       2000          0          0
   0       68     2022    10088      1264638805      1264648893         2220355          0       2000          0          0
   0       68     2039    10122      1264648896      1264659018         2230447          0       2000          0          0
   0       68     2006    10083      1264659020      1264669103         2240571          0       2000          0          0
   0       68     2011    10079      1264669106      1264679185         2250657          0       2000          0          0
   0       68     2017    10090      1264679187      1264689277         2260738          0       2000          0          0
   0       68     2020    10088      1264689286      1264699374         2270836          0       2000          0          0
   0       68     2004    10082      1264699378      1264709460         2280929          0       2000          0          0
   0       68     2060    10127      1264709465      1264719591         2291015          0       2000          0          0
   0       68     1997    10063      1264719594      1264729658         2301145          0       2000          0          0
   0       68     2020    10086      1264729661      1264739747         2311211          0       2000          0          0
   0       68     1997    10077      1264739750      1264749827         2321300          0       2000          0          0
   0       68     2038    10104      1264749833      1264759937         2331383          0       2000          0          0
   0       68     2018    10094      1264759998      1264770092         2341548          0       2000          0          0
   0       68     2020    10087      1264770095      1264780181         2351645          0       2000          0          0
   0       68     2005    10082      1264780184      1264790266         2361734          0       2000          0          0
   0       68     2040    10128      1264790269      1264800397         2371820          0       2000          0          0
   0       68     2064    10132      1264800406      1264810539         2381957          0       2000          0          0
   0       68     2033    10101      1264810543      1264820644         2392094          0       2000          0          0
   0       68     2028    10104      1264820648      1264830752         2402198          0       2000          0          0
   0       68     2048    10125      1264830755      1264840880         2412306          0       2000          0          0
   0       68     1993    10060      1264840883      1264850943         2422433          0       2000          0          0
   0       68     2027    10093      1264850947      1264861040         2432497          0       2000          0          0
   0       68     2023    10088      1264861043      1264871131         2442593          0       2000          0          0
   0       68     2014    10080      1264871134      1264881214         2452685          0       2000          0          0
   0       68     1998    10064      1264881217      1264891281         2462767          0       2000          0          0
   0       68     2004    10071      1264891284      1264901354         2472834          0       2000          0          0
   0       68     2045    10128      1264901357      1264911485         2482908          0       2000          0          0
   0       68     2373    10439      1264911493      1264921932         2493043          0       2000          0          0
   0       68     1994    10074      1264921936      1264932010         2503486          0       2000          0          0
   0       68     2002    10070      1264932014      1264942084         2513564          0       2000          0          0
   0       68     2028    10097      1264942087      1264952184         2523638          0       2000          0          0
   0       68     2007    10078      1264952190      1264962268         2533741          0       2000          0          0
   0       68     2017    10088      1264962273      1264972360         2543823          0       2000          0          0
   0       68     2007    10074      1264972365      1264982438         2553915          0       2000          0          0
   0       68     2048    10124      1264982441      1264992566         2563992          0       2000          0          0
   0       68     2004    10069      1264992569      1265002638         2574119          0       2000          0          0
   0       68     2017    10084      1265002640      1265012724         2584191          0       2000          0          0
   0       68     2004    10091      1265012728      1265022819         2594278          0       2000          0          0
   0       68     1998    10070      1265022828      1265032898         2604379          0       2000          0          0
   0       68     2028    10097      1265032903      1265043000         2614453          0       2000          0          0
   0       68     1996    10073      1265043021      1265053094         2624571          0       2000          0          0
   0       68     2073    10140      1265053098      1265063238         2634648          0       2000          0          0
   0       68     2034    10110      1265063240      1265073350         2644790          0       2000          0          0
   0       68     2003    10068      1265073353      1265083421         2654903          0       2000          0          0
   0       68     2004    10085      1265083423      1265093508         2664974          0       2000          0          0
   0       68     2253    10327      1265093594      1265103921         2675144          0       2000          0          0
   0       68     2922    11013      1265103930      1265114944         2685481          0       2000          0          0
   0       68     2002    10126      1265114952      1265125078         2696502          0       2000          0          0
   0       68     2015    10093      1265125094      1265135187         2706645          0       2000          0          0
   0       68     2027    10100      1265135195      1265145296         2716746          0       2000          0          0
   0       68     2000    10072      1265145304      1265155376         2726855          0       2000          0          0
   0       68     2505    10580      1265155383      1265165963         2736934          0       2000          0          0
   0       68     2021    10104      1265165971      1265176074         2747521          0       2000          0          0
   0       68     2021    10089      1265176078      1265186167         2757629          0       2000          0          0
   0       68     2018    10099      1265186170      1265196270         2767721          0       2000          0          0
   0       68     2023    10090      1265196274      1265206363         2777824          0       2000          0          0
   0       68     1996    10073      1265206367      1265216439         2787917          0       2000          0          0
   0       68     2020    10094      1265216443      1265226537         2797993          0       2000          0          0
   0       68     2013    10096      1265226539      1265236635         2808090          0       2000          0          0
   0       68     2743    10828      1265236642      1265247469         2818192          0       2000          0          0
   0       68     2036    10106      1265247479      1265257585         2829029          0       2000          0          0
   0       68     2019    10086      1265257589      1265267675         2839140          0       2000          0          0
   0       68     2008    10084      1265267678      1265277762         2849229          0       2000          0          0
   0       68     2020    10107      1265277765      1265287871         2859315          0       2000          0          0
   0       68     2016    10086      1265287880      1265297967         2869431          0       2000          0          0
   0       68     2022    10100      1265297972      1265308072         2879522          0       2000          0          0
   0       68     2005    10074      1265308076      1265318150         2889626          0       2000          0          0
   0       68     2012    10088      1265318153      1265328241         2899703          0       2000          0          0
   0       68     2033    10103      1265328249      1265338353         2909800          0       2000          0          0
   0       68     2016    10094      1265338357      1265348451         2919907          0       2000          0          0
   0       68     2015    10102      1265348455      1265358557         2930005          0       2000          0          0
   0       68     2078    10149      1265358566      1265368715         2940116          0       2000          0          0
   0       68     1996    10078      1265368720      1265378797         2950270          0       2000          0          0
   0       68     2011    10089      1265378801      1265388889         2960351          0       2000          0          0
   0       68     2023    10098      1265388892      1265398991         2970443          0       2000          0          0
   0       68     2047    10123      1265398994      1265409117         2980544          0       2000          0          0
   0       68     2005    10087      1265409120      1265419206         2990670          0       2000          0          0
   0       68     2423    10500      1265419212      1265429712         3000762          0       2000          0          0
   0       68     2024    10090      1265429778      1265439868         3011328          0       2000          0          0
   0       68     2024    10102      1265439872      1265449974         3021423          0       2000          0          0
   0       68     2005    10082      1265449977      1265460059         3031528          0       2000          0          0
   0       68     2019    10106      1265460062      1265470168         3041613          0       2000          0          0
   0       68     2538    10611      1265470177      1265480788         3051728          0       2000          0          0
   0       68     2003    10073      1265480793      1265490865         3062343          0       2000          0          0
   0       68     2002    10080      1265490870      1265500949         3072420          0       2000          0          0
   0       68     2013    10090      1265500952      1265511042         3082503          0       2000          0          0
   0       68     2006    10083      1265511045      1265521128         3092595          0       2000          0          0
   0       68     2006    10082      1265521130      1265531212         3102681          0       2000          0          0
   0       68     2037    10113      1265531215      1265541328         3112765          0       2000          0          0
   0       68     2012    10090      1265541331      1265551420         3122881          0       2000          0          0
   0       68     2022    10089      1265551423      1265561512         3132973          0       2000          0          0
   0       68     2008    10085      1265561515      1265571600         3143065          0       2000          0          0
   0       68     2055    10144      1265571603      1265581747         3153153          0       2000          0          0
   0       68     2809    10893      1265581755      1265592648         3163306          0       2000          0          0
   0       68     2000    10083      1265592658      1265602740         3174208          0       2000          0          0
   0       68     2015    10092      1265602746      1265612837         3184296          0       2000          0          0
   0       68     2024    10100      1265612845      1265622946         3194396          0       2000          0          0
   0       68     2015    10099      1265622952      1265633051         3204502          0       2000          0          0
   0       68     1998    10079      1265633056      1265643136         3214607          0       2000          0          0
   0       68     2007    10085      1265643139      1265653224         3224689          0       2000          0          0
   0       68     2013    10080      1265653227      1265663307         3234777          0       2000          0          0
   0       68     2025    10102      1265663309      1265673412         3244860          0       2000          0          0
   0       68     2008    10076      1265673415      1265683491         3254965          0       2000          0          0
   0       68     1995    10066      1265683494      1265693560         3265044          0       2000          0          0
   0       68     2033    10111      1265693565      1265703676         3275116          0       2000          0          0
   0       68     2027    10105      1265703681      1265713785         3285231          0       2000          0          0
   0       68     2022    10099      1265713789      1265723887         3295339          0       2000          0          0
   0       68     2024    10100      1265723890      1265733990         3305441          0       2000          0          0
   0       68     2044    10111      1265733994      1265744105         3315544          0       2000          0          0
   0       68     2017    10094      1265744108      1265754202         3325658          0       2000          0          0
   0       68     2021    10098      1265754204      1265764302         3335755          0       2000          0          0
   0       68     2027    10104      1265764368      1265774473         3345919          0       2000          0          0
   0       68     2012    10088      1265774475      1265784563         3356026          0       2000          0          0
   0       68     1997    10073      1265784566      1265794639         3366116          0       2000          0          0
   0       68     2016    10086      1265794650      1265804736         3376200          0       2000          0          0
   0       68     2038    10108      1265804740      1265814848         3386291          0       2000          0          0
   0       68     2000    10067      1265814853      1265824920         3396404          0       2000          0          0
   0       68     2006    10087      1265824923      1265835010         3406474          0       2000          0          0
   0       68     2022    10099      1265835013      1265845112         3416563          0       2000          0          0
   0       68     2004    10081      1265845114      1265855195         3426665          0       2000          0          0
   0       68     2012    10089      1265855199      1265865287         3436749          0       2000          0          0
   0       68     2001    10077      1265865290      1265875367         3446840          0       2000          0          0
   0       68     2021    10097      1265875369      1265885466         3456919          0       2000          0          0
   0       68     2005    10086      1265885469      1265895555         3467019          0       2000          0          0
   0       68     2005    10078      1265895561      1265905639         3477112          0       2000          0          0
   0       68     2022    10106      1265905648      1265915754         3487198          0       2000          0          0
   0       68     2788    10865      1265915759      1265926624         3497309          0       2000          0          0
   0       68     2021    10092      1265926630      1265936722         3508181          0       2000          0          0
   0       68     1997    10076      1265936727      1265946803         3518277          0       2000          0          0
   0       68     2005    10083      1265946806      1265956889         3528357          0       2000          0          0
   0       68     2023    10100      1265956892      1265966992         3538443          0       2000          0          0
   0       68     2049    10126      1265966994      1265977121         3548545          0       2000          0          0
   0       68     2005    10082      1265977123      1265987205         3558673          0       2000          0          0
   0       68     2020    10096      1265987207      1265997304         3568758          0       2000          0          0
   0       68     2006    10082      1265997306      1266007389         3578857          0       2000          0          0
   0       68     2021    10094      1266007391      1266017485         3588942          0       2000          0          0
   0       68     2007    10086      1266017488      1266027574         3599038          0       2000          0          0
   0       68     2027    10098      1266027584      1266037682         3609134          0       2000          0          0
   0       68     2010    10089      1266037687      1266047776         3619237          0       2000          0          0
   0       68     2000    10076      1266047779      1266057856         3629330          0       2000          0          0
   0       68     2005    10087      1266057858      1266067945         3639409          0       2000          0          0
   0       68     2009    10085      1266067948      1266078033         3649499          0       2000          0          0
   0       68     2005    10082      1266078035      1266088117         3659586          0       2000          0          0
   0       68     2021    10097      1266088119      1266098216         3669670          0       2000          0          0
   0       68     2040    10128      1266098267      1266108394         3679817          0       2000          0          0
   0       68     2012    10094      1266108402      1266118496         3689953          0       2000          0          0
   0       68     2004    10071      1266118501      1266128572         3700051          0       2000          0          0
   0       68     1997    10077      1266128576      1266138652         3710126          0       2000          0          0
   0       68     2041    10123      1266138657      1266148780         3720208          0       2000          0          0
   0       68     2042    10127      1266148785      1266158912         3730336          0       2000          0          0
   0       68     2128    10198      1266158920      1266169118         3740471          0       2000          0          0
   0       68     2026    10105      1266169122      1266179226         3750672          0       2000          0          0
   0       68     2024    10092      1266179230      1266189322         3760781          0       2000          0          0
   0       68     1997    10075      1266189326      1266199400         3770876          0       2000          0          0
   0       68     2005    10083      1266199403      1266209486         3780954          0       2000          0          0
   0       68     1995    10070      1266209489      1266219560         3791040          0       2000          0          0
   0       68     2028    10104      1266219562      1266229667         3801113          0       2000          0          0
   0       68     2005    10082      1266229669      1266239751         3811219          0       2000          0          0
   0       68     2000    10076      1266239756      1266249832         3821306          0       2000          0          0
   0       68     2043    10113      1266249840      1266259953         3831390          0       2000          0          0
   0       68     2007    10085      1266259957      1266270042         3841508          0       2000          0          0
   0       68     2008    10086      1266270046      1266280131         3851596          0       2000          0          0
   0       68     2005    10080      1266280134      1266290213         3861684          0       2000          0          0
   0       68     2025    10095      1266290220      1266300316         3871771          0       2000          0          0
   0       68     1996    10074      1266300320      1266310394         3881871          0       2000          0          0
   0       68     2021    10088      1266310397      1266320486         3891948          0       2000          0          0
   0       68     2022    10099      1266320489      1266330588         3902039          0       2000          0          0
   0       68     2005    10082      1266330590      1266340672         3912141          0       2000          0          0
   0       68     2037    10118      1266340675      1266350793         3922225          0       2000          0          0
   0       68     2016    10093      1266350807      1266360899         3932357          0       2000          0          0
   0       68     2023    10090      1266360904      1266370994         3942454          0       2000          0          0
   0       68     2093    10161      1266370997      1266381159         3952548          0       2000          0          0
   0       68     1996    10074      1266381162      1266391236         3962713          0       2000          0          0
   0       68     1997    10075      1266391239      1266401314         3972789          0       2000          0          0
   0       68     2021    10098      1266401317      1266411414         3982867          0       2000          0          0
   0       68     2021    10098      1266411417      1266421515         3992967          0       2000          0          0
   0       68     2006    10077      1266421518      1266431595         4003068          0       2000          0          0
   0       68     2022    10098      1266431667      1266441765         4013217          0       2000          0          0
   0       68     2026    10102      1266441768      1266451869         4023318          0       2000          0          0
   0       68     2005    10082      1266451872      1266461953         4033422          0       2000          0          0
   0       68     2009    10098      1266461956      1266472054         4043507          0       2000          0          0
   0       68     2253    10322      1266472060      1266482381         4053610          0       2000          0          0
   0       68     2011    10076      1266482385      1266492462         4063936          0       2000          0          0
   0       68     2009    10093      1266492465      1266502558         4074016          0       2000          0          0
   0       68     2095    10162      1266502565      1266512727         4084116          0       2000          0          0
   0       68     2006    10076      1266512730      1266522806         4094280          0       2000          0          0
   0       68     2017    10096      1266522811      1266532907         4104361          0       2000          0          0
   0       68     2022    10089      1266532911      1266543000         4114461          0       2000          0          0
   0       68     2028    10108      1266543002      1266553110         4124553          0       2000          0          0
   0       68     2013    10090      1266553113      1266563203         4134663          0       2000          0          0
   0       68     2005    10081      1266563206      1266573286         4144756          0       2000          0          0
   0       68     2025    10104      1266573289      1266583393         4154840          0       2000          0          0
   0       68     2080    10150      1266583396      1266593546         4164946          0       2000          0          0
   0       68     2009    10087      1266593550      1266603637         4175100          0       2000          0          0
   0       68     2025    10103      1266603640      1266613744         4185191          0       2000          0          0
   0       68     1999    10074      1266613752      1266623826         4195302          0       2000          0          0
   0       68     2002    10086      1266623834      1266633920         4205385          0       2000          0          0
   0       68     2023    10100      1266633925      1266644025         4215475          0       2000          0          0
   0       68     1997    10064      1266644027      1266654091         4225577          0       2000          0          0
   0       68     2014    10080      1266654094      1266664174         4235644          0       2000          0          0
   0       68     2036    10114      1266664177      1266674291         4245727          0       2000          0          0
   0       68     2011    10087      1266674293      1266684380         4255844          0       2000          0          0
   0       68     2011    10089      1266684382      1266694471         4265933          0       2000          0          0
   0       68     2024    10103      1266694474      1266704577         4276025          0       2000          0          0
   0       68     2079    10147      1266704580      1266714727         4286131          0       2000          0          0
   0       68     2003    10070      1266714731      1266724801         4296282          0       2000          0          0
   0       68     1995    10075      1266724804      1266734879         4306355          0       2000          0          0
   0       68     2038    10104      1266734883      1266744987         4316434          0       2000          0          0
   0       68     1995    10072      1266744989      1266755061         4326540          0       2000          0          0
   0       68     2043    10119      1266755064      1266765183         4336614          0       2000          0          0
   0       68     2014    10081      1266765245      1266775326         4346795          0       2000          0          0
   0       68     1998    10064      1266775329      1266785392         4356879          0       2000          0          0
   0       68     2022    10099      1266785395      1266795495         4366946          0       2000          0          0
   0       68     2022    10100      1266795498      1266805598         4377048          0       2000          0          0
   0       68     2027    10100      1266805601      1266815700         4387151          0       2000          0          0
   0       68     1997    10067      1266815707      1266825773         4397257          0       2000          0          0
   0       68     1997    10065      1266825777      1266835842         4407327          0       2000          0          0
   0       68     2015    10092      1266835846      1266845937         4417396          0       2000          0          0
   0       68     2004    10094      1266845940      1266856034         4427490          0       2000          0          0
   0       68     2006    10075      1266856037      1266866112         4437587          0       2000          0          0
   0       68     2006    10084      1266866115      1266876199         4447665          0       2000          0          0
   0       68     2041    10118      1266876203      1266886321         4457753          0       2000          0          0
   0       68     2004    10080      1266886323      1266896403         4467873          0       2000          0          0
   0       68     1995    10073      1266896406      1266906479         4477956          0       2000          0          0
   0       68     2010    10086      1266906482      1266916568         4488032          0       2000          0          0
   0       68     2288    10368      1266916570      1266926939         4498121          0       2000          0          0
   0       68     2784    10859      1266926943      1266937801         4508493          0       2000          0          0
   0       68     2011    10079      1266937809      1266947888         4519360          0       2000          0          0
   0       68     2006    10084      1266947892      1266957976         4529443          0       2000          0          0
   0       68     2010    10087      1266957980      1266968067         4539531          0       2000          0          0
   0       68     2022    10099      1266968070      1266978168         4549620          0       2000          0          0
   0       68     2008    10084      1266978171      1266988255         4559721          0       2000          0          0
   0       68     2021    10097      1266988257      1266998355         4569808          0       2000          0          0
   0       68     2014    10090      1266998357      1267008447         4579908          0       2000          0          0
   0       68     2036    10112      1267008449      1267018561         4590000          0       2000          0          0
   0       68     2019    10096      1267018564      1267028660         4600114          0       2000          0          0
   0       68     2038    10119      1267028663      1267038781         4610213          0       2000          0          0
   0       68     2001    10071      1267038785      1267048856         4620335          0       2000          0          0
   0       68     2023    10094      1267048861      1267058955         4630412          0       2000          0          0
   0       68     2000    10078      1267058959      1267069037         4640510          0       2000          0          0
   0       68     2006    10084      1267069040      1267079124         4650591          0       2000          0          0
   0       68     2024    10101      1267079127      1267089228         4660677          0       2000          0          0
   0       68     2013    10090      1267089230      1267099320         4670781          0       2000          0          0
   0       68     2007    10089      1267099381      1267109470         4680931          0       2000          0          0
   0       68     1996    10065      1267109474      1267119540         4691025          0       2000          0          0
   0       68     1996    10081      1267119544      1267129625         4701094          0       2000          0          0
   0       68     2004    10090      1267129631      1267139721         4711182          0       2000          0          0
   0       68     2066    10155      1267139730      1267149885         4721280          0       2000          0          0
   0       68     2879    10961      1267149894      1267160854         4731444          0       2000          0          0
   0       68     2032    10102      1267160872      1267170975         4742422          0       2000          0          0
   0       68     2051    10118      1267170980      1267181097         4752530          0       2000          0          0
   0       68     2025    10098      1267181101      1267191198         4762651          0       2000          0          0
   0       68     2424    10491      1267191205      1267201696         4772756          0       2000          0          0
   0       68     2038    10114      1267201699      1267211814         4783250          0       2000          0          0
   0       68     2018    10084      1267211817      1267221902         4793368          0       2000          0          0
   0       68     2005    10082      1267221904      1267231986         4803455          0       2000          0          0
   0       68     2027    10100      1267231989      1267242089         4813540          0       2000          0          0
   0       68     2243    10324      1267242092      1267252415         4823642          0       2000          0          0
   0       68     2024    10095      1267252425      1267262519         4833975          0       2000          0          0
   0       68     2007    10098      1267262523      1267272621         4844073          0       2000          0          0
   0       68     1997    10077      1267272631      1267282708         4854181          0       2000          0          0
   0       68     2015    10085      1267282711      1267292796         4864261          0       2000          0          0
   0       68     2011    10090      1267292801      1267302891         4874351          0       2000          0          0
   0       68     2038    10115      1267302895      1267313010         4884445          0       2000          0          0
   0       68     2022    10098      1267313012      1267323110         4894563          0       2000          0          0
   0       68     2020    10097      1267323113      1267333209         4904663          0       2000          0          0
   0       68     2021    10097      1267333212      1267343309         4914762          0       2000          0          0
   0       68     2030    10106      1267343312      1267353418         4924862          0       2000          0          0
   0       68     2022    10101      1267353421      1267363522         4934971          0       2000          0          0
   0       68     2754    10838      1267363527      1267374365         4945078          0       2000          0          0
   0       68     2058    10128      1267374370      1267384499         4955921          0       2000          0          0
   0       68     2010    10077      1267384503      1267394580         4966054          0       2000          0          0
   0       68     2007    10084      1267394584      1267404667         4976134          0       2000          0          0
   0       68     2021    10097      1267404670      1267414767         4986221          0       2000          0          0
