#idx     perf      run   period           start             end          rel_st      slack c_duration   c_period     wu_lat
   0       68     2020    10086      1257345515      1257355601             295          0       2000          0          0
   0       68     1985    10048      1257355604      1257365653           10384          0       2000          0          0
   0       68     1983    10047      1257365654      1257375701           20434          0       2000          0          0
   0       68     1983    10050      1257375703      1257385753           30482          0       2000          0          0
   0       68     1983    10047      1257385755      1257395802           40534          0       2000          0          0
   0       68     1985    10057      1257395804      1257405861           50583          0       2000          0          0
   0       68     1983    10061      1257405863      1257415923           60642          0       2000          0          0
   0       68     1983    10049      1257415925      1257425974           70704          0       2000          0          0
   0       68     1985    10051      1257425975      1257436026           80754          0       2000          0          0
   0       68     2000    10063      1257436027      1257446091           90807          0       2000          0          0
   0       68     1983    10047      1257446092      1257456139          100871          0       2000          0          0
   0       68     1999    10063      1257456140      1257466203          110920          0       2000          0          0
   0       68     1999    10063      1257466204      1257476267          120984          0       2000          0          0
   0       68     2000    10063      1257476269      1257486332          131048          0       2000          0          0
   0       68     1999    10063      1257486334      1257496396          141113          0       2000          0          0
   0       68     1983    10046      1257496398      1257506444          151177          0       2000          0          0
   0       68     1983    10059      1257506445      1257516504          161225          0       2000          0          0
   0       68     1983    10049      1257516506      1257526554          171285          0       2000          0          0
   0       68     1986    10050      1257526556      1257536605          181335          0       2000          0          0
   0       68     2001    10067      1257536607      1257546674          191386          0       2000          0          0
   0       68     2007    10079      1257546676      1257556756          201456          0       2000          0          0
   0       68     2015    10079      1257556757      1257566836          211537          0       2000          0          0
   0       68     1998    10062      1257566838      1257576900          221617          0       2000          0          0
   0       68     1999    10063      1257576901      1257586964          231681          0       2000          0          0
   0       68     1983    10053      1257586966      1257597019          241745          0       2000          0          0
   0       68     1983    10046      1257597020      1257607067          251799          0       2000          0          0
   0       68     1984    10049      1257607068      1257617117          261847          0       2000          0          0
   0       68     1983    10051      1257617118      1257627169          271898          0       2000          0          0
   0       68     1983    10079      1257627171      1257637250          281950          0       2000          0          0
   0       68     1983    10048      1257637251      1257647299          292031          0       2000          0          0
   0       68     1985    10049      1257647301      1257657350          302080          0       2000          0          0
   0       68     1998    10065      1257657351      1257667417          312131          0       2000          0          0
   0       68     1999    10065      1257667418      1257677483          322198          0       2000          0          0
   0       68     1985    10049      1257677540      1257687590          332320          0       2000          0          0
   0       68     1985    10049      1257687591      1257697640          342371          0       2000          0          0
   0       68     1999    10063      1257697641      1257707704          352421          0       2000          0          0
   0       68     1999    10062      1257707706      1257717768          362485          0       2000          0          0
   0       68     1999    10062      1257717770      1257727832          372549          0       2000          0          0
   0       68     1983    10059      1257727834      1257737893          382613          0       2000          0          0
   0       68     1983    10049      1257737895      1257747944          392674          0       2000          0          0
   0       68     1984    10047      1257747945      1257757992          402725          0       2000          0          0
   0       68     1983    10047      1257757994      1257768041          412773          0       2000          0          0
   0       68     1983    10047      1257768043      1257778090          422822          0       2000          0          0
   0       68     1998    10062      1257778091      1257788153          432871          0       2000          0          0
   0       68     2009    10073      1257788155      1257798227          442934          0       2000          0          0
   0       68     2001    10065      1257798229      1257808294          453008          0       2000          0          0
   0       68     1999    10063      1257808295      1257818358          463074          0       2000          0          0
   0       68     2015    10086      1257818360      1257828446          473139          0       2000          0          0
   0       68     1999    10063      1257828447      1257838510          483226          0       2000          0          0
   0       68     1984    10058      1257838511      1257848570          493291          0       2000          0          0
   0       68     1999    10077      1257848571      1257858648          503351          0       2000          0          0
   0       68     1985    10049      1257858650      1257868699          513429          0       2000          0          0
   0       68     1985    10054      1257868700      1257878754          523480          0       2000          0          0
   0       68     1984    10048      1257878756      1257888803          533535          0       2000          0          0
   0       68     1983    10046      1257888805      1257898851          543584          0       2000          0          0
   0       68     1984    10049      1257898853      1257908902          553632          0       2000          0          0
   0       68     1999    10063      1257908904      1257918967          563683          0       2000          0          0
   0       68     1998    10063      1257918968      1257929031          573748          0       2000          0          0
   0       68     1999    10063      1257929033      1257939096          583812          0       2000          0          0
   0       68     1983    10047      1257939097      1257949144          593877          0       2000          0          0
   0       68     1999    10062      1257949146      1257959208          603925          0       2000          0          0
   0       68     1983    10059      1257959209      1257969269          613989          0       2000          0          0
   0       68     1983    10047      1257969270      1257979317          624049          0       2000          0          0
   0       68     1985    10050      1257979319      1257989369          634098          0       2000          0          0
   0       68     1999    10072      1257989370      1257999442          644149          0       2000          0          0
   0       68     1983    10048      1257999444      1258009491          654223          0       2000          0          0
   0       68     1984    10048      1258009522      1258019570          664301          0       2000          0          0
   0       68     2004    10068      1258019572      1258029640          674351          0       2000          0          0
   0       68     1998    10061      1258029641      1258039703          684421          0       2000          0          0
   0       68     1983    10047      1258039704      1258049751          694484          0       2000          0          0
   0       68     1983    10047      1258049753      1258059799          704532          0       2000          0          0
   0       68     1983    10046      1258059801      1258069847          714580          0       2000          0          0
   0       68     1998    10066      1258069849      1258079914          724628          0       2000          0          0
   0       68     1983    10048      1258079916      1258089964          734695          0       2000          0          0
   0       68     1985    10051      1258089965      1258100016          744745          0       2000          0          0
   0       68     1983    10068      1258100017      1258110085          754797          0       2000          0          0
   0       68     1983    10050      1258110087      1258120137          764866          0       2000          0          0
   0       68     1983    10060      1258120139      1258130199          774918          0       2000          0          0
   0       68     1983    10047      1258130200      1258140247          784980          0       2000          0          0
   0       68     1984    10048      1258140249      1258150297          795028          0       2000          0          0
   0       68     1983    10046      1258150298      1258160345          805078          0       2000          0          0
   0       68     1999    10062      1258160346      1258170409          815126          0       2000          0          0
   0       68     1999    10073      1258170410      1258180483          825189          0       2000          0          0
   0       68     1983    10047      1258180484      1258190531          835264          0       2000          0          0
   0       68     1985    10049      1258190533      1258200582          845312          0       2000          0          0
   0       68     1985    10048      1258200584      1258210632          855363          0       2000          0          0
   0       68     1999    10063      1258210634      1258220696          865413          0       2000          0          0
   0       68     1999    10070      1258220698      1258230768          875477          0       2000          0          0
   0       68     1999    10108      1258230770      1258240878          885549          0       2000          0          0
   0       68     1983    10047      1258240880      1258250927          895659          0       2000          0          0
   0       68     1984    10056      1258250929      1258260984          905708          0       2000          0          0
   0       68     1998    10062      1258260986      1258271048          915765          0       2000          0          0
   0       68     1983    10047      1258271050      1258281097          925829          0       2000          0          0
   0       68     1999    10074      1258281098      1258291172          935877          0       2000          0          0
   0       68     1983    10049      1258291174      1258301223          945953          0       2000          0          0
   0       68     1985    10049      1258301224      1258311273          956003          0       2000          0          0
   0       68     1999    10071      1258311275      1258321345          966054          0       2000          0          0
   0       68     1998    10062      1258321347      1258331409          976126          0       2000          0          0
   0       68     2001    10065      1258331410      1258341475          986190          0       2000          0          0
   0       68     1983    10047      1258341505      1258351552          996285          0       2000          0          0
   0       68     1999    10063      1258351554      1258361617         1006333          0       2000          0          0
   0       68     1983    10047      1258361618      1258371665         1016398          0       2000          0          0
   0       68     2014    10079      1258371667      1258381745         1026446          0       2000          0          0
   0       68     2000    10063      1258381747      1258391810         1036526          0       2000          0          0
   0       68     1983    10059      1258391812      1258401871         1046591          0       2000          0          0
   0       68     1983    10050      1258401872      1258411923         1056652          0       2000          0          0
   0       68     1985    10049      1258411924      1258421973         1066704          0       2000          0          0
   0       68     1998    10062      1258421975      1258432037         1076754          0       2000          0          0
   0       68     1983    10046      1258432039      1258442085         1086818          0       2000          0          0
   0       68     1998    10062      1258442086      1258452148         1096866          0       2000          0          0
   0       68     1998    10062      1258452150      1258462212         1106929          0       2000          0          0
   0       68     1983    10047      1258462213      1258472260         1116993          0       2000          0          0
   0       68     1998    10062      1258472261      1258482323         1127041          0       2000          0          0
   0       68     1983    10047      1258482325      1258492372         1137104          0       2000          0          0
   0       68     1984    10048      1258492373      1258502421         1147153          0       2000          0          0
   0       68     1999    10078      1258502423      1258512501         1157202          0       2000          0          0
   0       68     1983    10050      1258512503      1258522553         1167282          0       2000          0          0
   0       68     1984    10049      1258522555      1258532604         1177334          0       2000          0          0
   0       68     1983    10048      1258532605      1258542653         1187385          0       2000          0          0
   0       68     1983    10046      1258542655      1258552701         1197434          0       2000          0          0
   0       68     1999    10070      1258552702      1258562772         1207482          0       2000          0          0
   0       68     1983    10054      1258562774      1258572828         1217553          0       2000          0          0
   0       68     2001    10065      1258572830      1258582895         1227609          0       2000          0          0
   0       68     1983    10064      1258582896      1258592960         1237675          0       2000          0          0
   0       68     1983    10056      1258592962      1258603018         1247741          0       2000          0          0
   0       68     1985    10053      1258603020      1258613072         1257799          0       2000          0          0
   0       68     1999    10069      1258613074      1258623143         1267853          0       2000          0          0
   0       68     1984    10051      1258623144      1258633195         1277923          0       2000          0          0
   0       68     1985    10058      1258633197      1258643255         1287976          0       2000          0          0
   0       68     2003    10071      1258643256      1258653328         1298036          0       2000          0          0
   0       68     1984    10049      1258653329      1258663378         1308108          0       2000          0          0
   0       68     1985    10048      1258663379      1258673428         1318159          0       2000          0          0
   0       68     1983    10046      1258673450      1258683497         1328230          0       2000          0          0
   0       68     1998    10069      1258683498      1258693568         1338278          0       2000          0          0
   0       68     1999    10063      1258693569      1258703632         1348348          0       2000          0          0
   0       68     2000    10063      1258703633      1258713696         1358413          0       2000          0          0
   0       68     1983    10047      1258713698      1258723745         1368477          0       2000          0          0
   0       68     1983    10047      1258723746      1258733793         1378526          0       2000          0          0
   0       68     1983    10051      1258733795      1258743846         1388574          0       2000          0          0
   0       68     1983    10047      1258743847      1258753894         1398627          0       2000          0          0
   0       68     1985    10048      1258753896      1258763944         1408675          0       2000          0          0
   0       68     2015    10080      1258763945      1258774025         1418725          0       2000          0          0
   0       68     1983    10047      1258774027      1258784073         1428806          0       2000          0          0
   0       68     1983    10047      1258784075      1258794122         1438854          0       2000          0          0
   0       68     1999    10063      1258794124      1258804187         1448903          0       2000          0          0
   0       68     1998    10061      1258804188      1258814250         1458968          0       2000          0          0
   0       68     1984    10048      1258814251      1258824299         1469031          0       2000          0          0
   0       68     1999    10063      1258824301      1258834365         1479080          0       2000          0          0
   0       68     1998    10070      1258834366      1258844436         1489145          0       2000          0          0
   0       68     1983    10048      1258844437      1258854485         1499217          0       2000          0          0
   0       68     1984    10048      1258854487      1258864535         1509266          0       2000          0          0
   0       68     1985    10052      1258864536      1258874589         1519316          0       2000          0          0
   0       68     1998    10062      1258874590      1258884652         1529369          0       2000          0          0
   0       68     1983    10047      1258884653      1258894700         1539433          0       2000          0          0
   0       68     2016    10079      1258894702      1258904781         1549481          0       2000          0          0
   0       68     1988    10051      1258904782      1258914834         1559562          0       2000          0          0
   0       68     1983    10046      1258914835      1258924881         1569615          0       2000          0          0
   0       68     1998    10062      1258924883      1258934945         1579662          0       2000          0          0
   0       68     1999    10064      1258934947      1258945011         1589726          0       2000          0          0
   0       68     2000    10064      1258945012      1258955076         1599791          0       2000          0          0
   0       68     1984    10054      1258955077      1258965131         1609857          0       2000          0          0
   0       68     1983    10048      1258965133      1258975181         1619912          0       2000          0          0
   0       68     1985    10049      1258975182      1258985231         1629961          0       2000          0          0
   0       68     1998    10061      1258985233      1258995294         1640012          0       2000          0          0
   0       68     1983    10047      1258995296      1259005342         1650075          0       2000          0          0
   0       68     1983    10047      1259005367      1259015414         1660146          0       2000          0          0
   0       68     2000    10067      1259015415      1259025483         1670195          0       2000          0          0
   0       68     2009    10073      1259025485      1259035557         1680264          0       2000          0          0
   0       68     1997    10060      1259035559      1259045619         1690338          0       2000          0          0
   0       68     1983    10046      1259045620      1259055667         1700400          0       2000          0          0
   0       68     1985    10056      1259055668      1259065724         1710448          0       2000          0          0
   0       68     2015    10080      1259065726      1259075806         1720505          0       2000          0          0
   0       68     1983    10053      1259075808      1259085860         1730587          0       2000          0          0
   0       68     1984    10049      1259085862      1259095910         1740641          0       2000          0          0
   0       68     1985    10061      1259095912      1259105973         1750691          0       2000          0          0
   0       68     1983    10055      1259105975      1259116030         1760754          0       2000          0          0
   0       68     1983    10052      1259116031      1259126083         1770810          0       2000          0          0
   0       68     1983    10047      1259126085      1259136132         1780864          0       2000          0          0
   0       68     1985    10049      1259136133      1259146182         1790913          0       2000          0          0
   0       68     1999    10062      1259146184      1259156246         1800963          0       2000          0          0
   0       68     1983    10055      1259156247      1259166302         1811027          0       2000          0          0
   0       68     1999    10067      1259166303      1259176370         1821083          0       2000          0          0
   0       68     1983    10047      1259176372      1259186419         1831151          0       2000          0          0
   0       68     1983    10047      1259186421      1259196468         1841200          0       2000          0          0
   0       68     1983    10048      1259196469      1259206518         1851249          0       2000          0          0
   0       68     1985    10052      1259206519      1259216571         1861299          0       2000          0          0
   0       68     1983    10049      1259216572      1259226621         1871352          0       2000          0          0
   0       68     1984    10049      1259226623      1259236671         1881402          0       2000          0          0
   0       68     1984    10056      1259236673      1259246729         1891452          0       2000          0          0
   0       68     1999    10063      1259246730      1259256793         1901509          0       2000          0          0
   0       68     1983    10047      1259256794      1259266841         1911573          0       2000          0          0
   0       68     2000    10063      1259266842      1259276906         1921622          0       2000          0          0
   0       68     1983    10047      1259276907      1259286954         1931686          0       2000          0          0
   0       68     1984    10048      1259286955      1259297004         1941735          0       2000          0          0
   0       68     1999    10067      1259297005      1259307072         1951785          0       2000          0          0
   0       68     1984    10048      1259307074      1259317122         1961853          0       2000          0          0
   0       68     1985    10049      1259317124      1259327173         1971903          0       2000          0          0
   0       68     1999    10063      1259327174      1259337237         1981953          0       2000          0          0
   0       68     1983    10048      1259337263      1259347311         1992043          0       2000          0          0
   0       68     1984    10047      1259347313      1259357360         2002092          0       2000          0          0
   0       68     1999    10063      1259357362      1259367425         2012141          0       2000          0          0
   0       68     1998    10062      1259367426      1259377488         2022206          0       2000          0          0
   0       68     1983    10047      1259377490      1259387537         2032269          0       2000          0          0
   0       68     1999    10063      1259387538      1259397601         2042318          0       2000          0          0
   0       68     1983    10055      1259397603      1259407658         2052382          0       2000          0          0
   0       68     1999    10067      1259407659      1259417726         2062438          0       2000          0          0
   0       68     1983    10047      1259417728      1259427775         2072507          0       2000          0          0
   0       68     1985    10051      1259427776      1259437827         2082556          0       2000          0          0
   0       68     1984    10048      1259437828      1259447876         2092608          0       2000          0          0
   0       68     1999    10062      1259447877      1259457939         2102657          0       2000          0          0
   0       68     1999    10062      1259457941      1259468003         2112720          0       2000          0          0
   0       68     1983    10047      1259468005      1259478052         2122784          0       2000          0          0
   0       68     1983    10047      1259478054      1259488100         2132833          0       2000          0          0
   0       68     2000    10064      1259488102      1259498165         2142881          0       2000          0          0
   0       68     1983    10046      1259498167      1259508213         2152946          0       2000          0          0
   0       68     2000    10064      1259508215      1259518279         2162994          0       2000          0          0
   0       68     1983    10059      1259518280      1259528339         2173060          0       2000          0          0
   0       68     1983    10052      1259528341      1259538393         2183120          0       2000          0          0
   0       68     1985    10057      1259538394      1259548452         2193174          0       2000          0          0
   0       68     1984    10048      1259548453      1259558501         2203232          0       2000          0          0
   0       68     1999    10067      1259558503      1259568570         2213282          0       2000          0          0
   0       68     1985    10049      1259568572      1259578620         2223351          0       2000          0          0
   0       68     1983    10047      1259578622      1259588669         2233401          0       2000          0          0
   0       68     2016    10079      1259588670      1259598749         2243450          0       2000          0          0
   0       68     1984    10055      1259598751      1259608806         2253530          0       2000          0          0
   0       68     1984    10048      1259608808      1259618856         2263587          0       2000          0          0
   0       68     1983    10050      1259618857      1259628907         2273637          0       2000          0          0
   0       68     1984    10048      1259628909      1259638957         2283688          0       2000          0          0
   0       68     2000    10079      1259638958      1259649038         2293738          0       2000          0          0
   0       68     1983    10053      1259649039      1259659093         2303818          0       2000          0          0
   0       68     1984    10048      1259659094      1259669143         2313873          0       2000          0          0
   0       68     1998    10063      1259669167      1259679229         2323946          0       2000          0          0
   0       68     1983    10054      1259679231      1259689286         2334010          0       2000          0          0
   0       68     1999    10063      1259689287      1259699350         2344066          0       2000          0          0
   0       68     2000    10063      1259699352      1259709415         2354131          0       2000          0          0
   0       68     1984    10048      1259709417      1259719464         2364196          0       2000          0          0
   0       68     1983    10047      1259719466      1259729513         2374245          0       2000          0          0
   0       68     2000    10064      1259729514      1259739578         2384294          0       2000          0          0
   0       68     1984    10060      1259739579      1259749639         2394359          0       2000          0          0
   0       68     1983    10051      1259749640      1259759691         2404420          0       2000          0          0
   0       68     1985    10057      1259759693      1259769749         2414472          0       2000          0          0
   0       68     1998    10062      1259769751      1259779813         2424530          0       2000          0          0
   0       68     1999    10062      1259779814      1259789876         2434594          0       2000          0          0
   0       68     1984    10048      1259789878      1259799926         2444657          0       2000          0          0
   0       68     1999    10096      1259799928      1259810023         2454707          0       2000          0          0
   0       68     1983    10068      1259810025      1259820093         2464804          0       2000          0          0
   0       68     1984    10057      1259820095      1259830152         2474874          0       2000          0          0
   0       68     1998    10062      1259830154      1259840216         2484933          0       2000          0          0
   0       68     1984    10048      1259840218      1259850266         2494997          0       2000          0          0
   0       68     2015    10089      1259850267      1259860356         2505046          0       2000          0          0
   0       68     1983    10049      1259860358      1259870406         2515137          0       2000          0          0
   0       68     1985    10049      1259870408      1259880457         2525187          0       2000          0          0
   0       68     1999    10063      1259880458      1259890521         2535237          0       2000          0          0
   0       68     1999    10062      1259890522      1259900584         2545302          0       2000          0          0
   0       68     1999    10071      1259900586      1259910657         2555365          0       2000          0          0
   0       68     1999    10063      1259910659      1259920722         2565438          0       2000          0          0
   0       68     1984    10047      1259920723      1259930770         2575503          0       2000          0          0
   0       68     1998    10062      1259930772      1259940834         2585551          0       2000          0          0
   0       68     1999    10062      1259940835      1259950897         2595615          0       2000          0          0
   0       68     2000    10064      1259950899      1259960962         2605678          0       2000          0          0
   0       68     1999    10087      1259960964      1259971051         2615743          0       2000          0          0
   0       68     1983    10050      1259971052      1259981102         2625832          0       2000          0          0
   0       68     1984    10057      1259981104      1259991160         2635883          0       2000          0          0
   0       68     1983    10046      1259991162      1260001208         2645941          0       2000          0          0
   0       68     1984    10052      1260001237      1260011289         2656016          0       2000          0          0
   0       68     1995    10058      1260011291      1260021349         2666070          0       2000          0          0
   0       68     2014    10078      1260021350      1260031428         2676130          0       2000          0          0
   0       68     2001    10065      1260031430      1260041495         2686209          0       2000          0          0
   0       68     1998    10062      1260041496      1260051558         2696276          0       2000          0          0
   0       68     1983    10046      1260051560      1260061606         2706339          0       2000          0          0
   0       68     1999    10070      1260061607      1260071677         2716387          0       2000          0          0
   0       68     1983    10047      1260071679      1260081725         2726458          0       2000          0          0
   0       68     1999    10069      1260081727      1260091796         2736506          0       2000          0          0
   0       68     1985    10054      1260091797      1260101851         2746576          0       2000          0          0
   0       68     1984    10059      1260101853      1260111912         2756632          0       2000          0          0
   0       68     1983    10059      1260111914      1260121973         2766693          0       2000          0          0
   0       68     1983    10056      1260121974      1260132030         2776753          0       2000          0          0
   0       68     1984    10049      1260132031      1260142080         2786811          0       2000          0          0
   0       68     1983    10047      1260142081      1260152129         2796861          0       2000          0          0
   0       68     1984    10048      1260152130      1260162178         2806910          0       2000          0          0
   0       68     1983    10049      1260162180      1260172229         2816959          0       2000          0          0
   0       68     1983    10047      1260172230      1260182277         2827010          0       2000          0          0
   0       68     1999    10073      1260182279      1260192352         2837058          0       2000          0          0
   0       68     1983    10048      1260192353      1260202401         2847133          0       2000          0          0
   0       68     1985    10049      1260202403      1260212452         2857182          0       2000          0          0
   0       68     1999    10062      1260212453      1260222516         2867233          0       2000          0          0
   0       68     1998    10061      1260222517      1260232579         2877296          0       2000          0          0
   0       68     1983    10047      1260232580      1260242627         2887359          0       2000          0          0
   0       68     1983    10047      1260242628      1260252675         2897407          0       2000          0          0
   0       68     1984    10048      1260252676      1260262724         2907456          0       2000          0          0
   0       68     1983    10046      1260262726      1260272772         2917505          0       2000          0          0
   0       68     1983    10047      1260272774      1260282821         2927553          0       2000          0          0
   0       68     2000    10063      1260282822      1260292886         2937601          0       2000          0          0
   0       68     1983    10067      1260292887      1260302954         2947666          0       2000          0          0
   0       68     1983    10081      1260302956      1260313037         2957735          0       2000          0          0
   0       68     1985    10049      1260313038      1260323087         2967818          0       2000          0          0
   0       68     1985    10048      1260323089      1260333137         2977868          0       2000          0          0
   0       68     1983    10048      1260333179      1260343226         2987958          0       2000          0          0
   0       68     1999    10063      1260343228      1260353290         2998007          0       2000          0          0
   0       68     1998    10062      1260353292      1260363353         3008071          0       2000          0          0
   0       68     2001    10064      1260363355      1260373419         3018134          0       2000          0          0
   0       68     1999    10063      1260373421      1260383484         3028200          0       2000          0          0
   0       68     1998    10061      1260383485      1260393547         3038265          0       2000          0          0
   0       68     1999    10066      1260393548      1260403614         3048328          0       2000          0          0
   0       68     2009    10117      1260403616      1260413734         3058396          0       2000          0          0
   0       68     2000    10068      1260413735      1260423803         3068515          0       2000          0          0
   0       68     1983    10047      1260423805      1260433852         3078584          0       2000          0          0
   0       68     1984    10046      1260433853      1260443900         3088633          0       2000          0          0
   0       68     2015    10079      1260443901      1260453980         3098681          0       2000          0          0
   0       68     1983    10049      1260453981      1260464030         3108761          0       2000          0          0
   0       68     1983    10047      1260464032      1260474079         3118811          0       2000          0          0
   0       68     1999    10063      1260474081      1260484144         3128860          0       2000          0          0
   0       68     1983    10047      1260484145      1260494192         3138924          0       2000          0          0
   0       68     1983    10049      1260494193      1260504242         3148973          0       2000          0          0
   0       68     1983    10047      1260504244      1260514291         3159023          0       2000          0          0
   0       68     1983    10053      1260514292      1260524346         3169072          0       2000          0          0
   0       68     1999    10068      1260524347      1260534415         3179127          0       2000          0          0
   0       68     1984    10048      1260534417      1260544465         3189196          0       2000          0          0
   0       68     1983    10050      1260544467      1260554517         3199246          0       2000          0          0
   0       68     1983    10047      1260554519      1260564565         3209298          0       2000          0          0
   0       68     1983    10047      1260564567      1260574614         3219346          0       2000          0          0
   0       68     2014    10078      1260574615      1260584693         3229395          0       2000          0          0
   0       68     2000    10064      1260584694      1260594758         3239474          0       2000          0          0
   0       68     1983    10047      1260594759      1260604806         3249539          0       2000          0          0
   0       68     2000    10069      1260604807      1260614876         3259587          0       2000          0          0
   0       68     2000    10065      1260614878      1260624943         3269657          0       2000          0          0
   0       68     1984    10047      1260624945      1260634992         3279724          0       2000          0          0
   0       68     1983    10047      1260634994      1260645040         3289773          0       2000          0          0
   0       68     1995    10068      1260645042      1260655109         3299821          0       2000          0          0
   0       68     1983    10048      1260655111      1260665159         3309890          0       2000          0          0
   0       68     1985    10049      1260665186      1260675235         3319965          0       2000          0          0
   0       68     1999    10063      1260675237      1260685300         3330016          0       2000          0          0
   0       68     1998    10063      1260685301      1260695364         3340081          0       2000          0          0
   0       68     1983    10046      1260695365      1260705411         3350145          0       2000          0          0
   0       68     2014    10086      1260705413      1260715499         3360192          0       2000          0          0
   0       68     1983    10046      1260715501      1260725547         3370280          0       2000          0          0
   0       68     1984    10056      1260725548      1260735604         3380328          0       2000          0          0
   0       68     1999    10063      1260735606      1260745669         3390385          0       2000          0          0
   0       68     1983    10046      1260745670      1260755716         3400449          0       2000          0          0
   0       68     1983    10058      1260755718      1260765776         3410497          0       2000          0          0
   0       68     1983    10049      1260765777      1260775826         3420557          0       2000          0          0
   0       68     1985    10049      1260775828      1260785877         3430607          0       2000          0          0
   0       68     1983    10046      1260785879      1260795925         3440658          0       2000          0          0
   0       68     1999    10063      1260795927      1260805990         3450706          0       2000          0          0
   0       68     2016    10080      1260805991      1260816071         3460770          0       2000          0          0
   0       68     2000    10063      1260816073      1260826136         3470852          0       2000          0          0
   0       68     1998    10062      1260826137      1260836199         3480917          0       2000          0          0
   0       68     1983    10047      1260836201      1260846248         3490980          0       2000          0          0
   0       68     1999    10063      1260846250      1260856312         3501029          0       2000          0          0
   0       68     1983    10047      1260856314      1260866360         3511093          0       2000          0          0
   0       68     1983    10051      1260866362      1260876413         3521141          0       2000          0          0
   0       68     1983    10048      1260876415      1260886463         3531194          0       2000          0          0
   0       68     1985    10048      1260886465      1260896513         3541244          0       2000          0          0
   0       68     1983    10047      1260896515      1260906561         3551294          0       2000          0          0
   0       68     2002    10066      1260906563      1260916629         3561342          0       2000          0          0
   0       68     1983    10046      1260916630      1260926676         3571409          0       2000          0          0
   0       68     1999    10063      1260926678      1260936740         3581457          0       2000          0          0
   0       68     1983    10047      1260936742      1260946789         3591521          0       2000          0          0
   0       68     2000    10063      1260946790      1260956854         3601570          0       2000          0          0
   0       68     1998    10062      1260956855      1260966917         3611634          0       2000          0          0
   0       68     2000    10063      1260966918      1260976981         3621698          0       2000          0          0
   0       68     1983    10089      1260976983      1260987072         3631762          0       2000          0          0
   0       68     1983    10049      1260987073      1260997123         3641853          0       2000          0          0
   0       68     1984    10048      1260997147      1261007196         3651927          0       2000          0          0
   0       68     1985    10049      1261007197      1261017247         3661977          0       2000          0          0
   0       68     1983    10050      1261017248      1261027298         3672027          0       2000          0          0
   0       68     2008    10083      1261027300      1261037383         3682079          0       2000          0          0
   0       68     1983    10051      1261037384      1261047435         3692164          0       2000          0          0
   0       68     1985    10049      1261047437      1261057486         3702216          0       2000          0          0
   0       68     1983    10047      1261057487      1261067534         3712267          0       2000          0          0
   0       68     2014    10078      1261067536      1261077613         3722315          0       2000          0          0
   0       68     1999    10062      1261077615      1261087677         3732394          0       2000          0          0
   0       68     1998    10068      1261087678      1261097747         3742458          0       2000          0          0
   0       68     1999    10080      1261097748      1261107829         3752528          0       2000          0          0
   0       68     1984    10061      1261107830      1261117891         3762609          0       2000          0          0
   0       68     1988    10072      1261117892      1261127964         3772672          0       2000          0          0
   0       68     1983    10050      1261127966      1261138016         3782745          0       2000          0          0
   0       68     1984    10049      1261138018      1261148066         3792797          0       2000          0          0
   0       68     1985    10049      1261148068      1261158117         3802847          0       2000          0          0
   0       68     1983    10047      1261158119      1261168165         3812898          0       2000          0          0
   0       68     2015    10086      1261168167      1261178253         3822946          0       2000          0          0
   0       68     1998    10062      1261178255      1261188317         3833034          0       2000          0          0
   0       68     1985    10048      1261188318      1261198367         3843098          0       2000          0          0
   0       68     2015    10085      1261198368      1261208453         3853148          0       2000          0          0
   0       68     1983    10048      1261208454      1261218503         3863234          0       2000          0          0
   0       68     1985    10048      1261218504      1261228552         3873283          0       2000          0          0
   0       68     1983    10049      1261228554      1261238603         3883333          0       2000          0          0
   0       68     1983    10056      1261238605      1261248660         3893384          0       2000          0          0
   0       68     1998    10062      1261248662      1261258724         3903441          0       2000          0          0
   0       68     1999    10063      1261258725      1261268788         3913504          0       2000          0          0
   0       68     1985    10047      1261268789      1261278837         3923569          0       2000          0          0
   0       68     1998    10062      1261278838      1261288900         3933618          0       2000          0          0
   0       68     1983    10046      1261288902      1261298948         3943681          0       2000          0          0
   0       68     1999    10075      1261298949      1261309025         3953729          0       2000          0          0
   0       68     1999    10065      1261309026      1261319092         3963806          0       2000          0          0
   0       68     1983    10048      1261319093      1261329141         3973873          0       2000          0          0
   0       68     1984    10049      1261329163      1261339212         3983942          0       2000          0          0
   0       68     1983    10047      1261339213      1261349260         3993993          0       2000          0          0
   0       68     2001    10064      1261349262      1261359326         4004041          0       2000          0          0
   0       68     1998    10062      1261359328      1261369390         4014107          0       2000          0          0
   0       68     1983    10047      1261369391      1261379438         4024171          0       2000          0          0
   0       68     1983    10050      1261379440      1261389490         4034219          0       2000          0          0
   0       68     2009    10072      1261389492      1261399564         4044271          0       2000          0          0
   0       68     1983    10047      1261399566      1261409612         4054345          0       2000          0          0
   0       68     1999    10071      1261409614      1261419685         4064393          0       2000          0          0
   0       68     1983    10054      1261419687      1261429740         4074466          0       2000          0          0
   0       68     1999    10068      1261429742      1261439810         4084521          0       2000          0          0
   0       68     1984    10048      1261439811      1261449859         4094591          0       2000          0          0
   0       68     1985    10049      1261449860      1261459909         4104640          0       2000          0          0
   0       68     1983    10046      1261459911      1261469957         4114690          0       2000          0          0
   0       68     1998    10067      1261469958      1261480025         4124738          0       2000          0          0
   0       68     1983    10049      1261480027      1261490076         4134806          0       2000          0          0
   0       68     1984    10048      1261490077      1261500125         4144857          0       2000          0          0
   0       68     2000    10064      1261500127      1261510191         4154906          0       2000          0          0
   0       68     1999    10071      1261510192      1261520263         4164972          0       2000          0          0
   0       68     1998    10062      1261520265      1261530327         4175044          0       2000          0          0
   0       68     1998    10062      1261530329      1261540390         4185108          0       2000          0          0
   0       68     1983    10055      1261540392      1261550447         4195171          0       2000          0          0
   0       68     1983    10048      1261550448      1261560496         4205228          0       2000          0          0
   0       68     1985    10049      1261560498      1261570547         4215277          0       2000          0          0
   0       68     1983    10046      1261570549      1261580595         4225328          0       2000          0          0
   0       68     1998    10070      1261580596      1261590666         4235376          0       2000          0          0
   0       68     2000    10063      1261590668      1261600731         4245447          0       2000          0          0
   0       68     1983    10052      1261600732      1261610784         4255512          0       2000          0          0
   0       68     1984    10047      1261610785      1261620832         4265565          0       2000          0          0
   0       68     2014    10082      1261620834      1261630916         4275613          0       2000          0          0
   0       68     1984    10048      1261630917      1261640966         4285697          0       2000          0          0
   0       68     1999    10089      1261640967      1261651056         4295746          0       2000          0          0
   0       68     1983    10051      1261651057      1261661109         4305837          0       2000          0          0
   0       68     1985    10049      1261661138      1261671186         4315917          0       2000          0          0
   0       68     1983    10047      1261671188      1261681235         4325967          0       2000          0          0
   0       68     1983    10046      1261681236      1261691283         4336016          0       2000          0          0
   0       68     1998    10070      1261691284      1261701354         4346064          0       2000          0          0
   0       68     1983    10047      1261701356      1261711403         4356135          0       2000          0          0
   0       68     2000    10063      1261711405      1261721467         4366184          0       2000          0          0
   0       68     1998    10062      1261721469      1261731531         4376248          0       2000          0          0
   0       68     2000    10064      1261731533      1261741596         4386312          0       2000          0          0
   0       68     1984    10047      1261741598      1261751645         4396377          0       2000          0          0
   0       68     2014    10078      1261751646      1261761725         4406426          0       2000          0          0
   0       68     1983    10047      1261761726      1261771773         4416505          0       2000          0          0
   0       68     1983    10048      1261771774      1261781823         4426554          0       2000          0          0
   0       68     1999    10062      1261781824      1261791886         4436604          0       2000          0          0
   0       68     2016    10087      1261791888      1261801975         4446667          0       2000          0          0
   0       68     1999    10063      1261801976      1261812040         4456756          0       2000          0          0
   0       68     2000    10063      1261812041      1261822104         4466820          0       2000          0          0
   0       68     2000    10064      1261822106      1261832170         4476885          0       2000          0          0
   0       68     1984    10049      1261832171      1261842220         4486951          0       2000          0          0
   0       68     1983    10046      1261842221      1261852268         4497001          0       2000          0          0
   0       68     2000    10064      1261852269      1261862333         4507049          0       2000          0          0
   0       68     1983    10054      1261862335      1261872388         4517114          0       2000          0          0
   0       68     2000    10067      1261872390      1261882457         4527169          0       2000          0          0
   0       68     1984    10048      1261882459      1261892506         4537238          0       2000          0          0
   0       68     1985    10049      1261892508      1261902557         4547287          0       2000          0          0
   0       68     2000    10064      1261902559      1261912622         4557338          0       2000          0          0
   0       68     1999    10062      1261912624      1261922686         4567403          0       2000          0          0
   0       68     2014    10077      1261922688      1261932765         4577467          0       2000          0          0
   0       68     1983    10047      1261932767      1261942813         4587546          0       2000          0          0
   0       68     1983    10047      1261942815      1261952861         4597594          0       2000          0          0
   0       68     2000    10063      1261952863      1261962926         4607642          0       2000          0          0
   0       68     1983    10054      1261962927      1261972982         4617707          0       2000          0          0
   0       68     1983    10047      1261972983      1261983030         4627763          0       2000          0          0
   0       68     1983    10050      1261983031      1261993082         4637811          0       2000          0          0
   0       68     1983    10047      1261993103      1262003150         4647882          0       2000          0          0
   0       68     1984    10050      1262003152      1262013202         4657931          0       2000          0          0
   0       68     1991    10055      1262013204      1262023259         4667984          0       2000          0          0
   0       68     1983    10047      1262023260      1262033307         4678040          0       2000          0          0
   0       68     1984    10055      1262033309      1262043364         4688088          0       2000          0          0
   0       68     1999    10063      1262043366      1262053428         4698145          0       2000          0          0
   0       68     1998    10062      1262053430      1262063492         4708209          0       2000          0          0
   0       68     1999    10063      1262063493      1262073556         4718273          0       2000          0          0
   0       68     1983    10046      1262073557      1262083604         4728337          0       2000          0          0
   0       68     1983    10047      1262083605      1262093652         4738385          0       2000          0          0
   0       68     1983    10052      1262093653      1262103705         4748433          0       2000          0          0
   0       68     1983    10055      1262103707      1262113761         4758486          0       2000          0          0
   0       68     1984    10064      1262113763      1262123826         4768542          0       2000          0          0
   0       68     1984    10056      1262123828      1262133883         4778607          0       2000          0          0
   0       68     1984    10048      1262133885      1262143933         4788664          0       2000          0          0
   0       68     1983    10047      1262143934      1262153982         4798714          0       2000          0          0
   0       68     1984    10048      1262153983      1262164031         4808763          0       2000          0          0
   0       68     1984    10051      1262164033      1262174083         4818812          0       2000          0          0
   0       68     1983    10046      1262174085      1262184131         4828864          0       2000          0          0
   0       68     1999    10063      1262184132      1262194195         4838912          0       2000          0          0
   0       68     1983    10047      1262194197      1262204243         4848976          0       2000          0          0
   0       68     1983    10057      1262204245      1262214302         4859024          0       2000          0          0
   0       68     1983    10047      1262214303      1262224351         4869083          0       2000          0          0
   0       68     1985    10049      1262224352      1262234401         4879132          0       2000          0          0
   0       68     1999    10072      1262234403      1262244474         4889182          0       2000          0          0
   0       68     1983    10047      1262244476      1262254523         4899255          0       2000          0          0
   0       68     1984    10050      1262254524      1262264574         4909304          0       2000          0          0
   0       68     2001    10065      1262264576      1262274641         4919355          0       2000          0          0
   0       68     1983    10046      1262274642      1262284688         4929422          0       2000          0          0
   0       68     1983    10047      1262284690      1262294737         4939469          0       2000          0          0
   0       68     1998    10062      1262294739      1262304801         4949518          0       2000          0          0
   0       68     1983    10047      1262304802      1262314849         4959582          0       2000          0          0
   0       68     1998    10072      1262314851      1262324922         4969630          0       2000          0          0
   0       68     1983    10048      1262324948      1262334996         4979727          0       2000          0          0
   0       68     1984    10048      1262334998      1262345045         4989777          0       2000          0          0
