#idx     perf      run   period           start             end          rel_st      slack c_duration   c_period     wu_lat
   0       68     2025    10098      1289304135      1289314233             262          0       2000          0          0
   0       68     1983    10052      1289314236      1289324288           10363          0       2000          0          0
   0       68     1983    10052      1289324290      1289334343           20417          0       2000          0          0
   0       68     1983    10051      1289334344      1289344395           30471          0       2000          0          0
   0       68     1983    10053      1289344397      1289354450           40523          0       2000          0          0
   0       68     1983    10050      1289354452      1289364502           50578          0       2000          0          0
   0       68     1983    10051      1289364504      1289374555           60630          0       2000          0          0
   0       68     1983    10051      1289374556      1289384607           70683          0       2000          0          0
   0       68     1983    10050      1289384608      1289394659           80735          0       2000          0          0
   0       68     1983    10051      1289394660      1289404711           90787          0       2000          0          0
   0       68     1983    10050      1289404713      1289414763          100839          0       2000          0          0
   0       68     1983    10050      1289414764      1289424814          110891          0       2000          0          0
   0       68     1983    10052      1289424816      1289434868          120943          0       2000          0          0
   0       68     1983    10060      1289434869      1289444930          130996          0       2000          0          0
   0       68     1983    10055      1289444931      1289454987          141058          0       2000          0          0
   0       68     1983    10051      1289454988      1289465039          151115          0       2000          0          0
   0       68     1983    10050      1289465041      1289475090          161167          0       2000          0          0
   0       68     1983    10050      1289475092      1289485142          171219          0       2000          0          0
   0       68     1983    10052      1289485144      1289495195          181270          0       2000          0          0
   0       68     1983    10054      1289495197      1289505251          191323          0       2000          0          0
   0       68     1983    10051      1289505252      1289515303          201379          0       2000          0          0
   0       68     1983    10051      1289515304      1289525355          211431          0       2000          0          0
   0       68     1999    10066      1289525356      1289535423          221483          0       2000          0          0
   0       68     1983    10051      1289535424      1289545475          231551          0       2000          0          0
   0       68     1983    10056      1289545476      1289555533          241603          0       2000          0          0
   0       68     1983    10057      1289555534      1289565592          251661          0       2000          0          0
   0       68     1983    10056      1289565593      1289575649          261720          0       2000          0          0
   0       68     1983    10051      1289575651      1289585701          271777          0       2000          0          0
   0       68     1983    10050      1289585703      1289595753          281830          0       2000          0          0
   0       68     1983    10050      1289595755      1289605805          291881          0       2000          0          0
   0       68     1983    10064      1289605807      1289615871          301933          0       2000          0          0
   0       68     1983    10058      1289615872      1289625931          311999          0       2000          0          0
   0       68     1983    10057      1289625932      1289635989          322059          0       2000          0          0
   0       68     1983    10054      1289636060      1289646113          332186          0       2000          0          0
   0       68     1983    10055      1289646115      1289656170          342242          0       2000          0          0
   0       68     1983    10050      1289656172      1289666222          352298          0       2000          0          0
   0       68     1983    10050      1289666223      1289676274          362350          0       2000          0          0
   0       68     1983    10060      1289676275      1289686335          372402          0       2000          0          0
   0       68     1983    10059      1289686337      1289696395          382463          0       2000          0          0
   0       68     1983    10054      1289696397      1289706451          392524          0       2000          0          0
   0       68     1983    10052      1289706452      1289716504          402579          0       2000          0          0
   0       68     1983    10051      1289716505      1289726557          412632          0       2000          0          0
   0       68     1983    10050      1289726558      1289736609          422685          0       2000          0          0
   0       68     1983    10050      1289736610      1289746661          432737          0       2000          0          0
   0       68     1983    10050      1289746662      1289756712          442789          0       2000          0          0
   0       68     1983    10050      1289756714      1289766764          452841          0       2000          0          0
   0       68     1983    10057      1289766765      1289776823          462892          0       2000          0          0
   0       68     1983    10056      1289776824      1289786880          472951          0       2000          0          0
   0       68     1983    10053      1289786882      1289796935          483008          0       2000          0          0
   0       68     1983    10051      1289796937      1289806988          493063          0       2000          0          0
   0       68     1983    10051      1289806989      1289817040          503116          0       2000          0          0
   0       68     1983    10051      1289817042      1289827092          513168          0       2000          0          0
   0       68     1983    10051      1289827094      1289837144          523220          0       2000          0          0
   0       68     1983    10050      1289837146      1289847196          533273          0       2000          0          0
   0       68     1983    10050      1289847198      1289857248          543324          0       2000          0          0
   0       68     1983    10050      1289857249      1289867299          553376          0       2000          0          0
   0       68     1983    10059      1289867300      1289877360          563427          0       2000          0          0
   0       68     1983    10052      1289877361      1289887414          573488          0       2000          0          0
   0       68     1983    10054      1289887415      1289897469          583542          0       2000          0          0
   0       68     1983    10051      1289897470      1289907521          593597          0       2000          0          0
   0       68     1983    10050      1289907523      1289917573          603649          0       2000          0          0
   0       68     1983    10050      1289917575      1289927625          613701          0       2000          0          0
   0       68     1983    10050      1289927626      1289937677          623753          0       2000          0          0
   0       68     1983    10051      1289937678      1289947729          633805          0       2000          0          0
   0       68     1983    10050      1289947730      1289957781          643857          0       2000          0          0
   0       68     1983    10051      1289957782      1289967833          653909          0       2000          0          0
   0       68     1983    10051      1289967862      1289977914          663989          0       2000          0          0
   0       68     1983    10081      1289977915      1289987996          674042          0       2000          0          0
   0       68     1983    10057      1289987998      1289998055          684125          0       2000          0          0
   0       68     1983    10055      1289998056      1290008111          694183          0       2000          0          0
   0       68     1983    10052      1290008113      1290018165          704240          0       2000          0          0
   0       68     1983    10051      1290018166      1290028217          714293          0       2000          0          0
   0       68     1983    10051      1290028219      1290038269          724345          0       2000          0          0
   0       68     1983    10051      1290038271      1290048321          734397          0       2000          0          0
   0       68     1983    10051      1290048323      1290058373          744449          0       2000          0          0
   0       68     1983    10050      1290058375      1290068425          754501          0       2000          0          0
   0       68     1983    10050      1290068426      1290078476          764553          0       2000          0          0
   0       68     1983    10050      1290078478      1290088528          774604          0       2000          0          0
   0       68     1983    10050      1290088529      1290098580          784656          0       2000          0          0
   0       68     1983    10063      1290098581      1290108644          794708          0       2000          0          0
   0       68     1983    10057      1290108646      1290118702          804773          0       2000          0          0
   0       68     1989    10059      1290118704      1290128763          814831          0       2000          0          0
   0       68     1983    10052      1290128764      1290138817          824891          0       2000          0          0
   0       68     1983    10052      1290138818      1290148870          834945          0       2000          0          0
   0       68     1983    10058      1290148872      1290158929          844998          0       2000          0          0
   0       68     1983    10053      1290158931      1290168984          855058          0       2000          0          0
   0       68     1983    10052      1290168986      1290179038          865112          0       2000          0          0
   0       68     1983    10053      1290179040      1290189092          875166          0       2000          0          0
   0       68     1983    10050      1290189094      1290199144          885220          0       2000          0          0
   0       68     1983    10051      1290199146      1290209197          895272          0       2000          0          0
   0       68     1983    10053      1290209198      1290219252          905325          0       2000          0          0
   0       68     1983    10053      1290219253      1290229306          915380          0       2000          0          0
   0       68     1983    10056      1290229307      1290239363          925434          0       2000          0          0
   0       68     1983    10050      1290239365      1290249415          935491          0       2000          0          0
   0       68     1983    10050      1290249417      1290259467          945543          0       2000          0          0
   0       68     1983    10050      1290259468      1290269519          955595          0       2000          0          0
   0       68     1983    10051      1290269520      1290279571          965647          0       2000          0          0
   0       68     1983    10058      1290279572      1290289630          975699          0       2000          0          0
   0       68     1983    10054      1290289631      1290299686          985758          0       2000          0          0
   0       68     1983    10051      1290299712      1290309762          995838          0       2000          0          0
   0       68     1983    10051      1290309764      1290319815         1005891          0       2000          0          0
   0       68     1983    10058      1290319817      1290329874         1015943          0       2000          0          0
   0       68     1983    10056      1290329876      1290339931         1026002          0       2000          0          0
   0       68     1983    10051      1290339933      1290349984         1036060          0       2000          0          0
   0       68     1983    10050      1290349985      1290360036         1046112          0       2000          0          0
   0       68     1983    10050      1290360037      1290370087         1056164          0       2000          0          0
   0       68     1983    10051      1290370089      1290380140         1066216          0       2000          0          0
   0       68     1983    10050      1290380141      1290390191         1076268          0       2000          0          0
   0       68     1983    10050      1290390193      1290400243         1086320          0       2000          0          0
   0       68     1983    10051      1290400245      1290410295         1096371          0       2000          0          0
   0       68     1983    10050      1290410297      1290420347         1106423          0       2000          0          0
   0       68     1983    10051      1290420348      1290430399         1116475          0       2000          0          0
   0       68     1983    10058      1290430400      1290440459         1126527          0       2000          0          0
   0       68     1983    10058      1290440460      1290450518         1136587          0       2000          0          0
   0       68     1983    10057      1290450520      1290460576         1146647          0       2000          0          0
   0       68     1983    10051      1290460578      1290470628         1156705          0       2000          0          0
   0       68     1983    10051      1290470630      1290480680         1166757          0       2000          0          0
   0       68     1983    10050      1290480682      1290490732         1176809          0       2000          0          0
   0       68     1983    10050      1290490734      1290500784         1186860          0       2000          0          0
   0       68     1983    10051      1290500786      1290510836         1196912          0       2000          0          0
   0       68     1983    10050      1290510838      1290520888         1206964          0       2000          0          0
   0       68     1983    10051      1290520890      1290530941         1217016          0       2000          0          0
   0       68     1983    10051      1290530942      1290540993         1227069          0       2000          0          0
   0       68     1998    10066      1290540995      1290551060         1237121          0       2000          0          0
   0       68     1983    10062      1290551062      1290561124         1247189          0       2000          0          0
   0       68     1983    10053      1290561126      1290571179         1257252          0       2000          0          0
   0       68     1983    10055      1290571180      1290581236         1267307          0       2000          0          0
   0       68     1983    10051      1290581237      1290591289         1277364          0       2000          0          0
   0       68     1983    10050      1290591290      1290601340         1287417          0       2000          0          0
   0       68     1983    10050      1290601342      1290611392         1297468          0       2000          0          0
   0       68     1983    10050      1290611393      1290621444         1307520          0       2000          0          0
   0       68     1983    10052      1290621445      1290631497         1317572          0       2000          0          0
   0       68     1983    10052      1290631519      1290641571         1327646          0       2000          0          0
   0       68     1983    10050      1290641572      1290651623         1337699          0       2000          0          0
   0       68     1983    10051      1290651624      1290661675         1347751          0       2000          0          0
   0       68     1983    10051      1290661677      1290671728         1357803          0       2000          0          0
   0       68     1983    10051      1290671729      1290681780         1367856          0       2000          0          0
   0       68     1983    10052      1290681781      1290691833         1377908          0       2000          0          0
   0       68     1983    10050      1290691834      1290701884         1387961          0       2000          0          0
   0       68     1983    10070      1290701886      1290711956         1398013          0       2000          0          0
   0       68     1983    10062      1290711957      1290722020         1408084          0       2000          0          0
   0       68     1983    10052      1290722021      1290732073         1418148          0       2000          0          0
   0       68     1983    10051      1290732074      1290742125         1428201          0       2000          0          0
   0       68     1983    10051      1290742127      1290752177         1438253          0       2000          0          0
   0       68     1983    10051      1290752179      1290762230         1448305          0       2000          0          0
   0       68     1983    10062      1290762231      1290772293         1458358          0       2000          0          0
   0       68     1983    10058      1290772294      1290782352         1468421          0       2000          0          0
   0       68     1983    10054      1290782354      1290792408         1478480          0       2000          0          0
   0       68     1983    10051      1290792409      1290802460         1488536          0       2000          0          0
   0       68     1983    10052      1290802462      1290812514         1498588          0       2000          0          0
   0       68     1983    10050      1290812515      1290822566         1508642          0       2000          0          0
   0       68     1983    10053      1290822567      1290832620         1518694          0       2000          0          0
   0       68     1983    10057      1290832621      1290842678         1528748          0       2000          0          0
   0       68     1983    10057      1290842680      1290852737         1538807          0       2000          0          0
   0       68     1983    10051      1290852738      1290862789         1548865          0       2000          0          0
   0       68     1983    10051      1290862790      1290872841         1558917          0       2000          0          0
   0       68     1983    10050      1290872842      1290882892         1568969          0       2000          0          0
   0       68     1983    10054      1290882894      1290892948         1579020          0       2000          0          0
   0       68     1983    10051      1290892950      1290903001         1589076          0       2000          0          0
   0       68     1983    10051      1290903002      1290913053         1599129          0       2000          0          0
   0       68     1983    10051      1290913055      1290923106         1609182          0       2000          0          0
   0       68     1983    10050      1290923107      1290933157         1619234          0       2000          0          0
   0       68     1983    10051      1290933158      1290943209         1629285          0       2000          0          0
   0       68     1983    10050      1290943211      1290953261         1639337          0       2000          0          0
   0       68     1983    10051      1290953263      1290963314         1649389          0       2000          0          0
   0       68     1983    10051      1290963335      1290973386         1659461          0       2000          0          0
   0       68     1983    10051      1290973387      1290983438         1669514          0       2000          0          0
   0       68     1983    10053      1290983439      1290993493         1679566          0       2000          0          0
   0       68     1983    10052      1290993494      1291003546         1689621          0       2000          0          0
   0       68     1983    10052      1291003547      1291013600         1699674          0       2000          0          0
   0       68     1983    10050      1291013601      1291023651         1709728          0       2000          0          0
   0       68     1983    10050      1291023653      1291033703         1719780          0       2000          0          0
   0       68     1983    10050      1291033705      1291043755         1729831          0       2000          0          0
   0       68     1983    10050      1291043757      1291053807         1739883          0       2000          0          0
   0       68     1983    10051      1291053808      1291063859         1749935          0       2000          0          0
   0       68     1983    10050      1291063861      1291073911         1759987          0       2000          0          0
   0       68     1983    10050      1291073912      1291083962         1770039          0       2000          0          0
   0       68     1983    10055      1291083964      1291094019         1780090          0       2000          0          0
   0       68     1983    10066      1291094020      1291104086         1790147          0       2000          0          0
   0       68     1983    10054      1291104088      1291114142         1800215          0       2000          0          0
   0       68     1983    10053      1291114144      1291124197         1810270          0       2000          0          0
   0       68     1983    10053      1291124198      1291134251         1820325          0       2000          0          0
   0       68     1983    10052      1291134252      1291144305         1830379          0       2000          0          0
   0       68     1983    10052      1291144306      1291154358         1840433          0       2000          0          0
   0       68     1983    10052      1291154359      1291164412         1850486          0       2000          0          0
   0       68     1983    10052      1291164413      1291174465         1860540          0       2000          0          0
   0       68     1983    10051      1291174467      1291184518         1870593          0       2000          0          0
   0       68     1983    10051      1291184519      1291194571         1880646          0       2000          0          0
   0       68     1983    10051      1291194572      1291204623         1890699          0       2000          0          0
   0       68     1983    10057      1291204624      1291214681         1900751          0       2000          0          0
   0       68     1983    10053      1291214682      1291224736         1910809          0       2000          0          0
   0       68     1983    10051      1291224737      1291234788         1920864          0       2000          0          0
   0       68     1983    10053      1291234790      1291244842         1930917          0       2000          0          0
   0       68     1983    10053      1291244844      1291254897         1940971          0       2000          0          0
   0       68     1983    10055      1291254899      1291264953         1951025          0       2000          0          0
   0       68     1983    10058      1291264955      1291275013         1961081          0       2000          0          0
   0       68     1983    10052      1291275014      1291285066         1971141          0       2000          0          0
   0       68     1983    10052      1291285067      1291295119         1981194          0       2000          0          0
   0       68     1983    10052      1291295144      1291305196         1991270          0       2000          0          0
   0       68     1983    10053      1291305197      1291315250         2001324          0       2000          0          0
   0       68     1983    10052      1291315251      1291325303         2011378          0       2000          0          0
   0       68     1983    10054      1291325305      1291335358         2021432          0       2000          0          0
   0       68     1983    10053      1291335360      1291345413         2031487          0       2000          0          0
   0       68     1983    10053      1291345414      1291355468         2041541          0       2000          0          0
   0       68     1983    10052      1291355469      1291365521         2051596          0       2000          0          0
   0       68     1983    10051      1291365522      1291375573         2061649          0       2000          0          0
   0       68     1983    10051      1291375575      1291385625         2071701          0       2000          0          0
   0       68     1983    10050      1291385627      1291395677         2081753          0       2000          0          0
   0       68     1983    10051      1291395679      1291405730         2091805          0       2000          0          0
   0       68     1983    10051      1291405731      1291415782         2101858          0       2000          0          0
   0       68     1983    10050      1291415783      1291425833         2111910          0       2000          0          0
   0       68     1983    10056      1291425835      1291435891         2121961          0       2000          0          0
   0       68     1983    10054      1291435892      1291445947         2132019          0       2000          0          0
   0       68     1983    10065      1291445948      1291456013         2142075          0       2000          0          0
   0       68     1983    10051      1291456015      1291466066         2152141          0       2000          0          0
   0       68     1983    10052      1291466067      1291476120         2162194          0       2000          0          0
   0       68     1983    10051      1291476121      1291486172         2172248          0       2000          0          0
   0       68     1983    10051      1291486174      1291496225         2182300          0       2000          0          0
   0       68     1983    10050      1291496227      1291506277         2192353          0       2000          0          0
   0       68     1983    10051      1291506278      1291516329         2202405          0       2000          0          0
   0       68     1983    10050      1291516330      1291526380         2212457          0       2000          0          0
   0       68     1983    10051      1291526381      1291536432         2222508          0       2000          0          0
   0       68     1983    10051      1291536434      1291546485         2232561          0       2000          0          0
   0       68     1983    10051      1291546486      1291556538         2242613          0       2000          0          0
   0       68     1983    10052      1291556539      1291566591         2252666          0       2000          0          0
   0       68     1983    10051      1291566592      1291576643         2262719          0       2000          0          0
   0       68     1983    10053      1291576645      1291586698         2272771          0       2000          0          0
   0       68     1983    10051      1291586699      1291596750         2282826          0       2000          0          0
   0       68     1983    10051      1291596751      1291606802         2292878          0       2000          0          0
   0       68     1983    10051      1291606803      1291616854         2302930          0       2000          0          0
   0       68     1983    10050      1291616855      1291626906         2312982          0       2000          0          0
   0       68     1983    10051      1291626928      1291636979         2323055          0       2000          0          0
   0       68     1983    10052      1291636981      1291647033         2333107          0       2000          0          0
   0       68     1983    10050      1291647034      1291657084         2343161          0       2000          0          0
   0       68     1983    10050      1291657086      1291667136         2353212          0       2000          0          0
   0       68     1983    10053      1291667137      1291677190         2363264          0       2000          0          0
   0       68     1983    10050      1291677192      1291687242         2373319          0       2000          0          0
   0       68     1983    10051      1291687243      1291697294         2383370          0       2000          0          0
   0       68     1983    10052      1291697296      1291707347         2393422          0       2000          0          0
   0       68     1983    10050      1291707349      1291717399         2403475          0       2000          0          0
   0       68     1983    10050      1291717400      1291727451         2413527          0       2000          0          0
   0       68     1983    10050      1291727452      1291737502         2423579          0       2000          0          0
   0       68     1983    10051      1291737504      1291747555         2433630          0       2000          0          0
   0       68     1983    10051      1291747556      1291757607         2443683          0       2000          0          0
   0       68     1983    10050      1291757609      1291767658         2453735          0       2000          0          0
   0       68     1983    10050      1291767660      1291777710         2463787          0       2000          0          0
   0       68     1983    10050      1291777711      1291787761         2473838          0       2000          0          0
   0       68     1983    10068      1291787763      1291797830         2483889          0       2000          0          0
   0       68     1983    10054      1291797832      1291807885         2493958          0       2000          0          0
   0       68     1983    10054      1291807887      1291817941         2504013          0       2000          0          0
   0       68     1983    10051      1291817942      1291827993         2514069          0       2000          0          0
   0       68     1983    10050      1291827994      1291838045         2524121          0       2000          0          0
   0       68     1983    10050      1291838046      1291848096         2534173          0       2000          0          0
   0       68     1983    10052      1291848098      1291858150         2544224          0       2000          0          0
   0       68     1998    10066      1291858152      1291868217         2554278          0       2000          0          0
   0       68     1983    10051      1291868219      1291878270         2564345          0       2000          0          0
   0       68     1983    10050      1291878271      1291888321         2574398          0       2000          0          0
   0       68     1983    10051      1291888323      1291898374         2584450          0       2000          0          0
   0       68     1983    10050      1291898376      1291908426         2594502          0       2000          0          0
   0       68     1983    10050      1291908427      1291918478         2604554          0       2000          0          0
   0       68     1983    10050      1291918479      1291928529         2614606          0       2000          0          0
   0       68     1983    10050      1291928530      1291938580         2624657          0       2000          0          0
   0       68     1983    10066      1291938581      1291948648         2634708          0       2000          0          0
   0       68     1983    10050      1291948649      1291958699         2644776          0       2000          0          0
   0       68     1999    10067      1291958721      1291968787         2654847          0       2000          0          0
   0       68     1983    10050      1291968789      1291978839         2664915          0       2000          0          0
   0       68     1983    10050      1291978841      1291988891         2674967          0       2000          0          0
   0       68     1983    10051      1291988892      1291998943         2685019          0       2000          0          0
   0       68     1983    10058      1291998945      1292009003         2695071          0       2000          0          0
   0       68     1983    10061      1292009004      1292019065         2705131          0       2000          0          0
   0       68     1983    10055      1292019066      1292029121         2715193          0       2000          0          0
   0       68     1983    10058      1292029122      1292039180         2725249          0       2000          0          0
   0       68     1983    10063      1292039181      1292049245         2735308          0       2000          0          0
   0       68     1983    10058      1292049246      1292059304         2745373          0       2000          0          0
   0       68     1983    10054      1292059305      1292069359         2755432          0       2000          0          0
   0       68     1983    10051      1292069361      1292079412         2765488          0       2000          0          0
   0       68     1983    10051      1292079413      1292089464         2775540          0       2000          0          0
   0       68     1983    10051      1292089465      1292099516         2785592          0       2000          0          0
   0       68     1983    10055      1292099518      1292109573         2795644          0       2000          0          0
   0       68     1983    10051      1292109575      1292119625         2805701          0       2000          0          0
   0       68     1983    10051      1292119627      1292129678         2815753          0       2000          0          0
   0       68     1983    10051      1292129679      1292139731         2825806          0       2000          0          0
   0       68     1983    10051      1292139732      1292149783         2835859          0       2000          0          0
   0       68     1983    10052      1292149784      1292159836         2845911          0       2000          0          0
   0       68     1983    10063      1292159837      1292169901         2855964          0       2000          0          0
   0       68     1983    10054      1292169902      1292179956         2866029          0       2000          0          0
   0       68     1983    10066      1292179957      1292190023         2876084          0       2000          0          0
   0       68     1983    10064      1292190025      1292200089         2886151          0       2000          0          0
   0       68     1983    10059      1292200090      1292210149         2896217          0       2000          0          0
   0       68     1983    10053      1292210151      1292220204         2906278          0       2000          0          0
   0       68     1983    10058      1292220205      1292230263         2916332          0       2000          0          0
   0       68     1983    10052      1292230265      1292240317         2926392          0       2000          0          0
   0       68     1983    10053      1292240318      1292250371         2936445          0       2000          0          0
   0       68     1983    10055      1292250372      1292260427         2946499          0       2000          0          0
   0       68     1983    10053      1292260429      1292270481         2956555          0       2000          0          0
   0       68     1983    10052      1292270483      1292280535         2966609          0       2000          0          0
   0       68     1983    10051      1292280537      1292290588         2976663          0       2000          0          0
   0       68     1983    10051      1292290617      1292300668         2986744          0       2000          0          0
   0       68     1983    10051      1292300670      1292310721         2996797          0       2000          0          0
   0       68     1983    10052      1292310722      1292320774         3006849          0       2000          0          0
   0       68     1983    10050      1292320775      1292330825         3016902          0       2000          0          0
   0       68     1983    10051      1292330827      1292340877         3026954          0       2000          0          0
   0       68     1983    10052      1292340879      1292350931         3037005          0       2000          0          0
   0       68     1983    10051      1292350933      1292360983         3047059          0       2000          0          0
   0       68     1983    10051      1292360985      1292371036         3057111          0       2000          0          0
   0       68     1983    10051      1292371037      1292381088         3067164          0       2000          0          0
   0       68     1983    10051      1292381089      1292391140         3077216          0       2000          0          0
   0       68     1983    10050      1292391142      1292401192         3087268          0       2000          0          0
   0       68     1983    10050      1292401193      1292411244         3097320          0       2000          0          0
   0       68     1983    10050      1292411245      1292421295         3107372          0       2000          0          0
   0       68     1983    10050      1292421297      1292431346         3117423          0       2000          0          0
   0       68     1983    10050      1292431348      1292441398         3127475          0       2000          0          0
   0       68     1983    10050      1292441400      1292451450         3137526          0       2000          0          0
   0       68     1983    10052      1292451451      1292461503         3147578          0       2000          0          0
   0       68     1983    10052      1292461504      1292471556         3157631          0       2000          0          0
   0       68     1983    10051      1292471558      1292481609         3167684          0       2000          0          0
   0       68     1983    10051      1292481610      1292491661         3177737          0       2000          0          0
   0       68     1983    10050      1292491663      1292501713         3187789          0       2000          0          0
   0       68     1983    10050      1292501714      1292511765         3197841          0       2000          0          0
   0       68     1983    10050      1292511766      1292521816         3207893          0       2000          0          0
   0       68     1983    10050      1292521818      1292531868         3217944          0       2000          0          0
   0       68     1983    10051      1292531869      1292541920         3227996          0       2000          0          0
   0       68     1983    10050      1292541921      1292551972         3238048          0       2000          0          0
   0       68     1983    10067      1292551973      1292562040         3248100          0       2000          0          0
   0       68     1983    10054      1292562041      1292572095         3258168          0       2000          0          0
   0       68     1983    10053      1292572096      1292582150         3268223          0       2000          0          0
   0       68     1983    10051      1292582151      1292592202         3278278          0       2000          0          0
   0       68     1983    10050      1292592204      1292602254         3288330          0       2000          0          0
   0       68     1983    10051      1292602255      1292612306         3298382          0       2000          0          0
   0       68     1983    10053      1292612308      1292622361         3308434          0       2000          0          0
   0       68     1983    10054      1292622390      1292632444         3318517          0       2000          0          0
   0       68     1983    10054      1292632445      1292642500         3328572          0       2000          0          0
   0       68     1983    10052      1292642501      1292652553         3338628          0       2000          0          0
   0       68     1983    10051      1292652554      1292662605         3348681          0       2000          0          0
   0       68     1983    10052      1292662607      1292672659         3358733          0       2000          0          0
   0       68     1983    10052      1292672660      1292682712         3368787          0       2000          0          0
   0       68     1983    10050      1292682714      1292692764         3378840          0       2000          0          0
   0       68     1983    10052      1292692765      1292702817         3388892          0       2000          0          0
   0       68     1983    10050      1292702819      1292712869         3398945          0       2000          0          0
   0       68     1983    10051      1292712870      1292722921         3408997          0       2000          0          0
   0       68     1983    10050      1292722922      1292732972         3419049          0       2000          0          0
   0       68     1983    10058      1292732973      1292743032         3429100          0       2000          0          0
   0       68     1983    10050      1292743033      1292753084         3439160          0       2000          0          0
   0       68     1983    10051      1292753085      1292763136         3449212          0       2000          0          0
   0       68     1983    10050      1292763137      1292773187         3459264          0       2000          0          0
   0       68     1983    10051      1292773189      1292783239         3469315          0       2000          0          0
   0       68     1983    10057      1292783241      1292793298         3479367          0       2000          0          0
   0       68     1983    10055      1292793300      1292803354         3489426          0       2000          0          0
   0       68     1983    10053      1292803356      1292813408         3499482          0       2000          0          0
   0       68     1983    10050      1292813410      1292823460         3509537          0       2000          0          0
   0       68     1983    10050      1292823462      1292833512         3519588          0       2000          0          0
   0       68     1983    10051      1292833513      1292843564         3529640          0       2000          0          0
   0       68     1983    10051      1292843566      1292853616         3539692          0       2000          0          0
   0       68     1983    10050      1292853618      1292863668         3549744          0       2000          0          0
   0       68     1983    10050      1292863669      1292873720         3559796          0       2000          0          0
   0       68     1983    10051      1292873721      1292883772         3569848          0       2000          0          0
   0       68     1983    10051      1292883773      1292893824         3579900          0       2000          0          0
   0       68     1983    10050      1292893825      1292903875         3589952          0       2000          0          0
   0       68     1983    10050      1292903877      1292913927         3600004          0       2000          0          0
   0       68     1983    10050      1292913929      1292923979         3610055          0       2000          0          0
   0       68     1983    10051      1292923980      1292934031         3620107          0       2000          0          0
   0       68     1983    10050      1292934033      1292944083         3630159          0       2000          0          0
   0       68     1983    10051      1292944084      1292954135         3640211          0       2000          0          0
   0       68     1983    10051      1292954155      1292964206         3650282          0       2000          0          0
   0       68     1983    10051      1292964207      1292974258         3660334          0       2000          0          0
   0       68     1983    10051      1292974259      1292984310         3670386          0       2000          0          0
   0       68     1983    10050      1292984311      1292994361         3680438          0       2000          0          0
   0       68     2016    10085      1292994363      1293004447         3690489          0       2000          0          0
   0       68     1983    10052      1293004449      1293014501         3700575          0       2000          0          0
   0       68     1983    10052      1293014502      1293024555         3710629          0       2000          0          0
   0       68     1983    10051      1293024556      1293034607         3720683          0       2000          0          0
   0       68     1983    10051      1293034608      1293044659         3730735          0       2000          0          0
   0       68     1983    10051      1293044661      1293054711         3740788          0       2000          0          0
   0       68     1983    10050      1293054713      1293064763         3750840          0       2000          0          0
   0       68     1983    10050      1293064765      1293074815         3760891          0       2000          0          0
   0       68     1983    10051      1293074817      1293084868         3770943          0       2000          0          0
   0       68     1983    10051      1293084869      1293094920         3780996          0       2000          0          0
   0       68     1983    10050      1293094921      1293104971         3791048          0       2000          0          0
   0       68     1983    10059      1293104973      1293115031         3801099          0       2000          0          0
   0       68     1983    10050      1293115033      1293125083         3811160          0       2000          0          0
   0       68     1983    10050      1293125085      1293135135         3821212          0       2000          0          0
   0       68     1983    10050      1293135136      1293145187         3831263          0       2000          0          0
   0       68     1983    10051      1293145188      1293155239         3841315          0       2000          0          0
   0       68     1983    10052      1293155240      1293165292         3851367          0       2000          0          0
   0       68     1983    10055      1293165294      1293175348         3861420          0       2000          0          0
   0       68     1983    10054      1293175350      1293185404         3871477          0       2000          0          0
   0       68     1983    10055      1293185405      1293195460         3881532          0       2000          0          0
   0       68     1983    10053      1293195461      1293205515         3891588          0       2000          0          0
   0       68     1983    10051      1293205516      1293215567         3901643          0       2000          0          0
   0       68     1983    10051      1293215568      1293225619         3911695          0       2000          0          0
   0       68     1983    10050      1293225621      1293235671         3921747          0       2000          0          0
   0       68     1983    10053      1293235672      1293245725         3931799          0       2000          0          0
   0       68     1983    10055      1293245726      1293255781         3941853          0       2000          0          0
   0       68     1983    10055      1293255783      1293265837         3951909          0       2000          0          0
   0       68     1983    10068      1293265839      1293275907         3961965          0       2000          0          0
   0       68     1983    10055      1293275908      1293285963         3972035          0       2000          0          0
   0       68     1983    10053      1293285983      1293296036         3982110          0       2000          0          0
   0       68     1983    10051      1293296037      1293306088         3992164          0       2000          0          0
   0       68     1983    10050      1293306090      1293316140         4002216          0       2000          0          0
   0       68     1983    10051      1293316142      1293326193         4012268          0       2000          0          0
   0       68     1983    10050      1293326194      1293336244         4022321          0       2000          0          0
   0       68     1983    10051      1293336246      1293346297         4032372          0       2000          0          0
   0       68     1983    10052      1293346298      1293356350         4042425          0       2000          0          0
   0       68     1983    10061      1293356352      1293366413         4052479          0       2000          0          0
   0       68     1983    10056      1293366414      1293376470         4062541          0       2000          0          0
   0       68     1983    10054      1293376472      1293386525         4072598          0       2000          0          0
   0       68     1983    10052      1293386527      1293396578         4082653          0       2000          0          0
   0       68     1983    10051      1293396580      1293406630         4092707          0       2000          0          0
   0       68     1983    10051      1293406632      1293416682         4102759          0       2000          0          0
   0       68     1983    10050      1293416684      1293426734         4112811          0       2000          0          0
   0       68     1983    10050      1293426735      1293436786         4122862          0       2000          0          0
   0       68     1983    10050      1293436787      1293446838         4132914          0       2000          0          0
   0       68     1983    10061      1293446839      1293456900         4142966          0       2000          0          0
   0       68     1983    10056      1293456902      1293466958         4153029          0       2000          0          0
   0       68     1983    10083      1293466959      1293477042         4163086          0       2000          0          0
   0       68     1983    10051      1293477044      1293487095         4173170          0       2000          0          0
   0       68     1983    10050      1293487096      1293497147         4183223          0       2000          0          0
   0       68     1983    10051      1293497148      1293507199         4193275          0       2000          0          0
   0       68     1983    10050      1293507200      1293517250         4203327          0       2000          0          0
   0       68     1983    10050      1293517252      1293527302         4213379          0       2000          0          0
   0       68     1983    10050      1293527303      1293537353         4223430          0       2000          0          0
   0       68     1983    10050      1293537355      1293547405         4233481          0       2000          0          0
   0       68     1983    10050      1293547406      1293557457         4243533          0       2000          0          0
   0       68     1983    10064      1293557458      1293567522         4253585          0       2000          0          0
   0       68     1983    10059      1293567524      1293577583         4263650          0       2000          0          0
   0       68     1983    10053      1293577584      1293587638         4273711          0       2000          0          0
   0       68     1983    10051      1293587639      1293597690         4283766          0       2000          0          0
   0       68     1983    10051      1293597691      1293607743         4293818          0       2000          0          0
   0       68     1983    10050      1293607744      1293617794         4303871          0       2000          0          0
   0       68     1983    10053      1293617818      1293627871         4313944          0       2000          0          0
   0       68     1983    10052      1293627872      1293637924         4323999          0       2000          0          0
   0       68     1983    10052      1293637926      1293647978         4334052          0       2000          0          0
   0       68     1983    10052      1293647979      1293658032         4344106          0       2000          0          0
   0       68     1983    10051      1293658033      1293668084         4354160          0       2000          0          0
   0       68     1983    10051      1293668086      1293678136         4364213          0       2000          0          0
   0       68     1983    10054      1293678138      1293688192         4374265          0       2000          0          0
   0       68     1983    10057      1293688193      1293698251         4384320          0       2000          0          0
   0       68     1983    10056      1293698252      1293708308         4394379          0       2000          0          0
   0       68     1983    10051      1293708310      1293718361         4404436          0       2000          0          0
   0       68     1983    10051      1293718362      1293728413         4414489          0       2000          0          0
   0       68     1983    10050      1293728415      1293738465         4424542          0       2000          0          0
   0       68     1983    10051      1293738467      1293748517         4434593          0       2000          0          0
   0       68     1983    10051      1293748519      1293758570         4444646          0       2000          0          0
   0       68     1983    10050      1293758571      1293768621         4454698          0       2000          0          0
   0       68     1983    10050      1293768622      1293778673         4464749          0       2000          0          0
   0       68     1983    10050      1293778674      1293788724         4474801          0       2000          0          0
   0       68     1983    10051      1293788726      1293798776         4484852          0       2000          0          0
   0       68     1983    10069      1293798778      1293808846         4494904          0       2000          0          0
   0       68     1983    10058      1293808848      1293818906         4504974          0       2000          0          0
   0       68     1983    10051      1293818908      1293828959         4515034          0       2000          0          0
   0       68     1983    10076      1293828961      1293839036         4525087          0       2000          0          0
   0       68     1983    10051      1293839038      1293849089         4535164          0       2000          0          0
   0       68     1983    10051      1293849090      1293859141         4545217          0       2000          0          0
   0       68     1983    10058      1293859142      1293869200         4555269          0       2000          0          0
   0       68     1983    10054      1293869202      1293879256         4565329          0       2000          0          0
   0       68     1983    10051      1293879258      1293889309         4575384          0       2000          0          0
   0       68     1983    10050      1293889310      1293899360         4585437          0       2000          0          0
   0       68     1983    10061      1293899362      1293909423         4595488          0       2000          0          0
   0       68     1983    10062      1293909424      1293919486         4605551          0       2000          0          0
   0       68     1983    10055      1293919487      1293929542         4615614          0       2000          0          0
   0       68     1983    10051      1293929544      1293939595         4625670          0       2000          0          0
   0       68     1983    10051      1293939597      1293949648         4635723          0       2000          0          0
   0       68     1983    10051      1293949674      1293959725         4645801          0       2000          0          0
   0       68     1983    10079      1293959726      1293969805         4655853          0       2000          0          0
   0       68     1983    10051      1293969807      1293979858         4665933          0       2000          0          0
   0       68     1983    10051      1293979859      1293989910         4675986          0       2000          0          0
   0       68     1983    10051      1293989911      1293999962         4686038          0       2000          0          0
   0       68     1983    10074      1293999963      1294010037         4696090          0       2000          0          0
   0       68     1983    10053      1294010039      1294020092         4706165          0       2000          0          0
   0       68     1983    10060      1294020093      1294030153         4716220          0       2000          0          0
   0       68     1983    10057      1294030154      1294040211         4726281          0       2000          0          0
   0       68     1983    10051      1294040213      1294050263         4736339          0       2000          0          0
   0       68     1983    10051      1294050265      1294060316         4746391          0       2000          0          0
   0       68     1983    10051      1294060317      1294070368         4756444          0       2000          0          0
   0       68     1983    10051      1294070369      1294080420         4766496          0       2000          0          0
   0       68     1983    10051      1294080421      1294090472         4776548          0       2000          0          0
   0       68     1983    10050      1294090473      1294100524         4786600          0       2000          0          0
   0       68     1983    10050      1294100525      1294110575         4796652          0       2000          0          0
   0       68     1983    10051      1294110577      1294120628         4806703          0       2000          0          0
   0       68     1983    10051      1294120630      1294130681         4816756          0       2000          0          0
   0       68     1983    10050      1294130682      1294140732         4826809          0       2000          0          0
   0       68     1983    10051      1294140734      1294150785         4836861          0       2000          0          0
   0       68     1983    10051      1294150786      1294160837         4846913          0       2000          0          0
   0       68     1983    10059      1294160839      1294170898         4856965          0       2000          0          0
   0       68     1983    10057      1294170899      1294180956         4867026          0       2000          0          0
   0       68     1983    10077      1294180958      1294191035         4877084          0       2000          0          0
   0       68     1983    10056      1294191037      1294201093         4887163          0       2000          0          0
   0       68     1983    10056      1294201094      1294211150         4897221          0       2000          0          0
   0       68     1983    10054      1294211152      1294221206         4907279          0       2000          0          0
   0       68     1983    10053      1294221207      1294231260         4917334          0       2000          0          0
   0       68     1983    10051      1294231262      1294241313         4927388          0       2000          0          0
   0       68     1983    10063      1294241314      1294251377         4937441          0       2000          0          0
   0       68     1983    10057      1294251378      1294261435         4947505          0       2000          0          0
   0       68     1983    10051      1294261436      1294271488         4957563          0       2000          0          0
   0       68     1983    10051      1294271489      1294281540         4967616          0       2000          0          0
   0       68     1983    10051      1294281569      1294291621         4977696          0       2000          0          0
   0       68     1983    10051      1294291622      1294301673         4987749          0       2000          0          0
