#idx     perf      run   period           start             end          rel_st      slack c_duration   c_period     wu_lat
   0       68     2018    10085      1310314603      1310324689             264          0       2000          0          0
   0       68     1983    10048      1310324691      1310334740           10352          0       2000          0          0
   0       68     1983    10048      1310334742      1310344790           20402          0       2000          0          0
   0       68     1983    10051      1310344791      1310354842           30452          0       2000          0          0
   0       68     1983    10051      1310354844      1310364895           40505          0       2000          0          0
   0       68     1983    10051      1310364897      1310374948           50557          0       2000          0          0
   0       68     1983    10052      1310374949      1310385002           60610          0       2000          0          0
   0       68     1983    10051      1310385003      1310395054           70664          0       2000          0          0
   0       68     1983    10052      1310395056      1310405107           80716          0       2000          0          0
   0       68     1983    10050      1310405109      1310415159           90770          0       2000          0          0
   0       68     1983    10050      1310415161      1310425211          100821          0       2000          0          0
   0       68     1983    10051      1310425212      1310435263          110873          0       2000          0          0
   0       68     1983    10051      1310435265      1310445315          120925          0       2000          0          0
   0       68     1983    10051      1310445317      1310455367          130977          0       2000          0          0
   0       68     1983    10051      1310455369      1310465419          141030          0       2000          0          0
   0       68     1999    10066      1310465421      1310475487          151082          0       2000          0          0
   0       68     1983    10054      1310475489      1310485543          161149          0       2000          0          0
   0       68     1983    10052      1310485544      1310495596          171205          0       2000          0          0
   0       68     1983    10052      1310495598      1310505650          181258          0       2000          0          0
   0       68     1983    10050      1310505651      1310515701          191312          0       2000          0          0
   0       68     1983    10050      1310515703      1310525753          201364          0       2000          0          0
   0       68     1983    10050      1310525755      1310535805          211415          0       2000          0          0
   0       68     1983    10052      1310535806      1310545858          221467          0       2000          0          0
   0       68     1983    10050      1310545859      1310555910          231520          0       2000          0          0
   0       68     1983    10051      1310555911      1310565962          241572          0       2000          0          0
   0       68     1983    10077      1310565963      1310576041          251624          0       2000          0          0
   0       68     1983    10051      1310576042      1310586093          261703          0       2000          0          0
   0       68     1999    10072      1310586095      1310596167          271755          0       2000          0          0
   0       68     1983    10051      1310596168      1310606220          281829          0       2000          0          0
   0       68     1983    10054      1310606221      1310616275          291882          0       2000          0          0
   0       68     1983    10051      1310616277      1310626328          301938          0       2000          0          0
   0       68     1983    10052      1310626329      1310636381          311990          0       2000          0          0
   0       68     1983    10053      1310636383      1310646435          322043          0       2000          0          0
   0       68     1983    10052      1310646490      1310656542          332150          0       2000          0          0
   0       68     1983    10050      1310656544      1310666594          342204          0       2000          0          0
   0       68     1983    10050      1310666595      1310676645          352256          0       2000          0          0
   0       68     1983    10050      1310676647      1310686697          362308          0       2000          0          0
   0       68     1983    10050      1310686699      1310696749          372359          0       2000          0          0
   0       68     1983    10052      1310696750      1310706802          382411          0       2000          0          0
   0       68     1983    10052      1310706804      1310716856          392464          0       2000          0          0
   0       68     1983    10053      1310716857      1310726910          402518          0       2000          0          0
   0       68     1983    10051      1310726911      1310736962          412572          0       2000          0          0
   0       68     1983    10055      1310736964      1310747018          422624          0       2000          0          0
   0       68     1983    10066      1310747020      1310757086          432680          0       2000          0          0
   0       68     1983    10051      1310757087      1310767138          442748          0       2000          0          0
   0       68     1983    10050      1310767140      1310777190          452800          0       2000          0          0
   0       68     1983    10050      1310777191      1310787242          462852          0       2000          0          0
   0       68     1983    10051      1310787243      1310797294          472904          0       2000          0          0
   0       68     1983    10051      1310797295      1310807346          482956          0       2000          0          0
   0       68     1983    10051      1310807347      1310817398          493008          0       2000          0          0
   0       68     1983    10052      1310817400      1310827451          503060          0       2000          0          0
   0       68     1983    10050      1310827453      1310837503          513114          0       2000          0          0
   0       68     1983    10051      1310837505      1310847555          523165          0       2000          0          0
   0       68     1983    10051      1310847557      1310857607          533217          0       2000          0          0
   0       68     1983    10050      1310857609      1310867659          543269          0       2000          0          0
   0       68     1983    10050      1310867661      1310877711          553321          0       2000          0          0
   0       68     1983    10051      1310877712      1310887763          563373          0       2000          0          0
   0       68     1983    10052      1310887764      1310897817          573425          0       2000          0          0
   0       68     1983    10052      1310897818      1310907870          583479          0       2000          0          0
   0       68     1983    10051      1310907871      1310917922          593532          0       2000          0          0
   0       68     1983    10051      1310917923      1310927975          603584          0       2000          0          0
   0       68     1983    10060      1310927976      1310938036          613637          0       2000          0          0
   0       68     1983    10051      1310938038      1310948089          623698          0       2000          0          0
   0       68     1983    10051      1310948090      1310958142          633751          0       2000          0          0
   0       68     1983    10051      1310958143      1310968194          643804          0       2000          0          0
   0       68     1983    10051      1310968196      1310978246          653856          0       2000          0          0
   0       68     1983    10051      1310978279      1310988331          663940          0       2000          0          0
   0       68     1983    10050      1310988332      1310998383          673993          0       2000          0          0
   0       68     1983    10051      1310998384      1311008435          684045          0       2000          0          0
   0       68     1983    10051      1311008437      1311018487          694097          0       2000          0          0
   0       68     1983    10050      1311018489      1311028539          704150          0       2000          0          0
   0       68     1983    10050      1311028541      1311038591          714201          0       2000          0          0
   0       68     1983    10050      1311038592      1311048643          724253          0       2000          0          0
   0       68     1983    10052      1311048644      1311058696          734305          0       2000          0          0
   0       68     1983    10051      1311058697      1311068748          744358          0       2000          0          0
   0       68     1983    10050      1311068750      1311078800          754410          0       2000          0          0
   0       68     1983    10050      1311078801      1311088851          764462          0       2000          0          0
   0       68     1983    10051      1311088853      1311098904          774514          0       2000          0          0
   0       68     1983    10050      1311098905      1311108955          784566          0       2000          0          0
   0       68     1983    10077      1311108957      1311119033          794617          0       2000          0          0
   0       68     1983    10052      1311119035      1311129087          804696          0       2000          0          0
   0       68     1983    10051      1311129089      1311139140          814749          0       2000          0          0
   0       68     1983    10050      1311139142      1311149192          824802          0       2000          0          0
   0       68     1983    10051      1311149193      1311159244          834854          0       2000          0          0
   0       68     1983    10052      1311159246      1311169298          844906          0       2000          0          0
   0       68     1983    10053      1311169299      1311179352          854960          0       2000          0          0
   0       68     1983    10050      1311179353      1311189404          865014          0       2000          0          0
   0       68     1983    10051      1311189405      1311199456          875066          0       2000          0          0
   0       68     1983    10053      1311199458      1311209511          885118          0       2000          0          0
   0       68     1983    10051      1311209512      1311219563          895173          0       2000          0          0
   0       68     1983    10053      1311219564      1311229617          905225          0       2000          0          0
   0       68     1983    10051      1311229619      1311239669          915279          0       2000          0          0
   0       68     1983    10051      1311239671      1311249721          925332          0       2000          0          0
   0       68     1983    10051      1311249723      1311259774          935384          0       2000          0          0
   0       68     1983    10054      1311259775      1311269829          945436          0       2000          0          0
   0       68     1983    10050      1311269830      1311279881          955491          0       2000          0          0
   0       68     1983    10051      1311279882      1311289934          965543          0       2000          0          0
   0       68     1983    10051      1311289935      1311299986          975596          0       2000          0          0
   0       68     1983    10050      1311299987      1311310037          985648          0       2000          0          0
   0       68     1983    10051      1311310063      1311320114          995723          0       2000          0          0
   0       68     1983    10051      1311320115      1311330167         1005776          0       2000          0          0
   0       68     1983    10050      1311330168      1311340218         1015829          0       2000          0          0
   0       68     1983    10050      1311340220      1311350270         1025880          0       2000          0          0
   0       68     1983    10050      1311350271      1311360321         1035932          0       2000          0          0
   0       68     1983    10050      1311360323      1311370373         1045983          0       2000          0          0
   0       68     1983    10055      1311370375      1311380430         1056035          0       2000          0          0
   0       68     1983    10051      1311380431      1311390482         1066092          0       2000          0          0
   0       68     1983    10051      1311390484      1311400535         1076144          0       2000          0          0
   0       68     1983    10052      1311400536      1311410588         1086197          0       2000          0          0
   0       68     1983    10051      1311410589      1311420640         1096250          0       2000          0          0
   0       68     1983    10050      1311420642      1311430692         1106302          0       2000          0          0
   0       68     1983    10050      1311430693      1311440744         1116354          0       2000          0          0
   0       68     1983    10050      1311440745      1311450795         1126406          0       2000          0          0
   0       68     1983    10052      1311450797      1311460849         1136458          0       2000          0          0
   0       68     1983    10050      1311460850      1311470900         1146511          0       2000          0          0
   0       68     1983    10050      1311470902      1311480952         1156563          0       2000          0          0
   0       68     1983    10055      1311480953      1311491009         1166614          0       2000          0          0
   0       68     1983    10053      1311491010      1311501063         1176671          0       2000          0          0
   0       68     1983    10050      1311501065      1311511115         1186726          0       2000          0          0
   0       68     1983    10051      1311511117      1311521168         1196777          0       2000          0          0
   0       68     1983    10051      1311521169      1311531220         1206830          0       2000          0          0
   0       68     1983    10051      1311531221      1311541272         1216882          0       2000          0          0
   0       68     1983    10051      1311541273      1311551324         1226934          0       2000          0          0
   0       68     1983    10052      1311551325      1311561377         1236986          0       2000          0          0
   0       68     1983    10050      1311561378      1311571429         1247039          0       2000          0          0
   0       68     1983    10049      1311571430      1311581480         1257091          0       2000          0          0
   0       68     1983    10050      1311581481      1311591532         1267142          0       2000          0          0
   0       68     1983    10050      1311591533      1311601583         1277194          0       2000          0          0
   0       68     2015    10083      1311601585      1311611668         1287245          0       2000          0          0
   0       68     1983    10050      1311611669      1311621719         1297330          0       2000          0          0
   0       68     1983    10050      1311621721      1311631771         1307381          0       2000          0          0
   0       68     1983    10050      1311631772      1311641823         1317433          0       2000          0          0
   0       68     1983    10051      1311641845      1311651895         1327505          0       2000          0          0
   0       68     1983    10052      1311651897      1311661948         1337557          0       2000          0          0
   0       68     1983    10051      1311661950      1311672001         1347610          0       2000          0          0
   0       68     1983    10050      1311672002      1311682052         1357663          0       2000          0          0
   0       68     1983    10050      1311682054      1311692104         1367714          0       2000          0          0
   0       68     1983    10050      1311692105      1311702155         1377766          0       2000          0          0
   0       68     1983    10051      1311702157      1311712208         1387818          0       2000          0          0
   0       68     1983    10052      1311712210      1311722262         1397870          0       2000          0          0
   0       68     1983    10050      1311722263      1311732313         1407924          0       2000          0          0
   0       68     1983    10051      1311732315      1311742366         1417975          0       2000          0          0
   0       68     1983    10050      1311742368      1311752418         1428028          0       2000          0          0
   0       68     1983    10051      1311752419      1311762470         1438080          0       2000          0          0
   0       68     1983    10050      1311762472      1311772522         1448133          0       2000          0          0
   0       68     1983    10051      1311772524      1311782575         1458184          0       2000          0          0
   0       68     1983    10050      1311782576      1311792626         1468237          0       2000          0          0
   0       68     1983    10050      1311792628      1311802678         1478289          0       2000          0          0
   0       68     1983    10051      1311802680      1311812730         1488340          0       2000          0          0
   0       68     1983    10050      1311812732      1311822782         1498393          0       2000          0          0
   0       68     1983    10060      1311822784      1311832843         1508444          0       2000          0          0
   0       68     1983    10050      1311832845      1311842895         1518506          0       2000          0          0
   0       68     1983    10051      1311842897      1311852948         1528557          0       2000          0          0
   0       68     1983    10051      1311852949      1311863000         1538610          0       2000          0          0
   0       68     1983    10051      1311863002      1311873052         1548662          0       2000          0          0
   0       68     1983    10050      1311873054      1311883104         1558714          0       2000          0          0
   0       68     1983    10050      1311883106      1311893156         1568766          0       2000          0          0
   0       68     1983    10051      1311893158      1311903208         1578818          0       2000          0          0
   0       68     1983    10051      1311903209      1311913260         1588870          0       2000          0          0
   0       68     1983    10051      1311913261      1311923312         1598922          0       2000          0          0
   0       68     1983    10050      1311923314      1311933364         1608974          0       2000          0          0
   0       68     1983    10050      1311933365      1311943415         1619026          0       2000          0          0
   0       68     1983    10055      1311943417      1311953472         1629077          0       2000          0          0
   0       68     1983    10051      1311953473      1311963524         1639134          0       2000          0          0
   0       68     1983    10052      1311963525      1311973577         1649186          0       2000          0          0
   0       68     1983    10050      1311973598      1311983648         1659259          0       2000          0          0
   0       68     1983    10051      1311983650      1311993701         1669311          0       2000          0          0
   0       68     1983    10051      1311993702      1312003753         1679363          0       2000          0          0
   0       68     1983    10050      1312003754      1312013804         1689415          0       2000          0          0
   0       68     1983    10051      1312013806      1312023857         1699466          0       2000          0          0
   0       68     1983    10050      1312023858      1312033909         1709519          0       2000          0          0
   0       68     1983    10051      1312033910      1312043961         1719571          0       2000          0          0
   0       68     1983    10056      1312043962      1312054018         1729623          0       2000          0          0
   0       68     1983    10067      1312054019      1312064086         1739680          0       2000          0          0
   0       68     1999    10067      1312064088      1312074155         1749749          0       2000          0          0
   0       68     1983    10050      1312074156      1312084206         1759817          0       2000          0          0
   0       68     1983    10051      1312084208      1312094258         1769868          0       2000          0          0
   0       68     1983    10060      1312094260      1312104320         1779920          0       2000          0          0
   0       68     1983    10057      1312104321      1312114379         1789982          0       2000          0          0
   0       68     1983    10063      1312114380      1312124443         1800041          0       2000          0          0
   0       68     1983    10054      1312124444      1312134498         1810105          0       2000          0          0
   0       68     1983    10055      1312134500      1312144555         1820160          0       2000          0          0
   0       68     1983    10050      1312144556      1312154607         1830217          0       2000          0          0
   0       68     1983    10053      1312154608      1312164661         1840269          0       2000          0          0
   0       68     1983    10050      1312164662      1312174712         1850323          0       2000          0          0
   0       68     1983    10051      1312174714      1312184765         1860375          0       2000          0          0
   0       68     1983    10063      1312184767      1312194829         1870427          0       2000          0          0
   0       68     1983    10054      1312194831      1312204885         1880491          0       2000          0          0
   0       68     1983    10070      1312204887      1312214957         1890547          0       2000          0          0
   0       68     1983    10059      1312214958      1312225017         1900619          0       2000          0          0
   0       68     1983    10062      1312225019      1312235081         1910680          0       2000          0          0
   0       68     1983    10052      1312235082      1312245134         1920743          0       2000          0          0
   0       68     1983    10051      1312245136      1312255187         1930796          0       2000          0          0
   0       68     1983    10051      1312255188      1312265239         1940849          0       2000          0          0
   0       68     1983    10052      1312265240      1312275292         1950901          0       2000          0          0
   0       68     1983    10051      1312275294      1312285345         1960954          0       2000          0          0
   0       68     1983    10051      1312285346      1312295397         1971007          0       2000          0          0
   0       68     1983    10051      1312295399      1312305449         1981059          0       2000          0          0
   0       68     1983    10051      1312305474      1312315526         1991135          0       2000          0          0
   0       68     1983    10050      1312315527      1312325578         2001188          0       2000          0          0
   0       68     1983    10050      1312325579      1312335629         2011240          0       2000          0          0
   0       68     1983    10050      1312335631      1312345681         2021291          0       2000          0          0
   0       68     1983    10051      1312345682      1312355733         2031343          0       2000          0          0
   0       68     1983    10051      1312355734      1312365785         2041395          0       2000          0          0
   0       68     1983    10051      1312365786      1312375837         2051447          0       2000          0          0
   0       68     1983    10057      1312375838      1312385895         2061499          0       2000          0          0
   0       68     1983    10051      1312385896      1312395948         2071557          0       2000          0          0
   0       68     1983    10061      1312395949      1312406010         2081610          0       2000          0          0
   0       68     1983    10051      1312406012      1312416063         2091672          0       2000          0          0
   0       68     1983    10051      1312416064      1312426115         2101725          0       2000          0          0
   0       68     1983    10050      1312426116      1312436166         2111777          0       2000          0          0
   0       68     1983    10050      1312436168      1312446218         2121829          0       2000          0          0
   0       68     1983    10051      1312446220      1312456270         2131881          0       2000          0          0
   0       68     1983    10051      1312456272      1312466323         2141933          0       2000          0          0
   0       68     1983    10050      1312466324      1312476374         2151985          0       2000          0          0
   0       68     1983    10050      1312476376      1312486426         2162036          0       2000          0          0
   0       68     1983    10051      1312486427      1312496478         2172088          0       2000          0          0
   0       68     1983    10050      1312496479      1312506529         2182140          0       2000          0          0
   0       68     1983    10053      1312506531      1312516583         2192191          0       2000          0          0
   0       68     1983    10052      1312516585      1312526637         2202245          0       2000          0          0
   0       68     1983    10051      1312526638      1312536689         2212299          0       2000          0          0
   0       68     1983    10051      1312536691      1312546742         2222351          0       2000          0          0
   0       68     1983    10050      1312546744      1312556794         2232404          0       2000          0          0
   0       68     1983    10051      1312556795      1312566846         2242456          0       2000          0          0
   0       68     1983    10050      1312566847      1312576898         2252508          0       2000          0          0
   0       68     1983    10050      1312576899      1312586949         2262560          0       2000          0          0
   0       68     1983    10050      1312586951      1312597001         2272611          0       2000          0          0
   0       68     1983    10050      1312597003      1312607053         2282663          0       2000          0          0
   0       68     1983    10050      1312607054      1312617105         2292715          0       2000          0          0
   0       68     1983    10051      1312617106      1312627157         2302767          0       2000          0          0
   0       68     1983    10051      1312627159      1312637210         2312819          0       2000          0          0
   0       68     1983    10051      1312637232      1312647283         2322892          0       2000          0          0
   0       68     1983    10050      1312647284      1312657335         2332945          0       2000          0          0
   0       68     1983    10051      1312657336      1312667387         2342997          0       2000          0          0
   0       68     1983    10051      1312667389      1312677439         2353049          0       2000          0          0
   0       68     1983    10051      1312677441      1312687491         2363101          0       2000          0          0
   0       68     1983    10050      1312687493      1312697543         2373154          0       2000          0          0
   0       68     1983    10050      1312697545      1312707595         2383205          0       2000          0          0
   0       68     1983    10054      1312707596      1312717650         2393257          0       2000          0          0
   0       68     1983    10052      1312717652      1312727704         2403312          0       2000          0          0
   0       68     1983    10057      1312727705      1312737762         2413366          0       2000          0          0
   0       68     1983    10052      1312737764      1312747816         2423424          0       2000          0          0
   0       68     1983    10051      1312747817      1312757868         2433478          0       2000          0          0
   0       68     1983    10050      1312757869      1312767920         2443530          0       2000          0          0
   0       68     1983    10051      1312767921      1312777972         2453582          0       2000          0          0
   0       68     1983    10058      1312777974      1312788031         2463634          0       2000          0          0
   0       68     1983    10050      1312788033      1312798083         2473693          0       2000          0          0
   0       68     1983    10050      1312798084      1312808134         2483745          0       2000          0          0
   0       68     1983    10050      1312808136      1312818186         2493797          0       2000          0          0
   0       68     1983    10050      1312818187      1312828237         2503848          0       2000          0          0
   0       68     1983    10050      1312828239      1312838289         2513900          0       2000          0          0
   0       68     1983    10052      1312838291      1312848343         2523951          0       2000          0          0
   0       68     1983    10050      1312848344      1312858394         2534005          0       2000          0          0
   0       68     1983    10052      1312858396      1312868448         2544057          0       2000          0          0
   0       68     1983    10051      1312868450      1312878501         2554110          0       2000          0          0
   0       68     1983    10050      1312878502      1312888552         2564163          0       2000          0          0
   0       68     1983    10050      1312888553      1312898603         2574214          0       2000          0          0
   0       68     1983    10050      1312898605      1312908655         2584266          0       2000          0          0
   0       68     1983    10050      1312908656      1312918707         2594317          0       2000          0          0
   0       68     1983    10050      1312918708      1312928758         2604369          0       2000          0          0
   0       68     1983    10050      1312928760      1312938809         2614420          0       2000          0          0
   0       68     1983    10053      1312938811      1312948864         2624471          0       2000          0          0
   0       68     1983    10051      1312948865      1312958917         2634526          0       2000          0          0
   0       68     1983    10052      1312958918      1312968970         2644579          0       2000          0          0
   0       68     1983    10051      1312968995      1312979046         2654656          0       2000          0          0
   0       68     1983    10051      1312979048      1312989098         2664709          0       2000          0          0
   0       68     1983    10050      1312989100      1312999150         2674761          0       2000          0          0
   0       68     1983    10051      1312999152      1313009202         2684812          0       2000          0          0
   0       68     1983    10050      1313009204      1313019254         2694865          0       2000          0          0
   0       68     1983    10051      1313019256      1313029306         2704916          0       2000          0          0
   0       68     1983    10050      1313029308      1313039358         2714968          0       2000          0          0
   0       68     1983    10051      1313039359      1313049410         2725020          0       2000          0          0
   0       68     1983    10051      1313049412      1313059463         2735072          0       2000          0          0
   0       68     1983    10050      1313059464      1313069515         2745125          0       2000          0          0
   0       68     1983    10050      1313069516      1313079566         2755177          0       2000          0          0
   0       68     1983    10050      1313079568      1313089618         2765229          0       2000          0          0
   0       68     1983    10050      1313089619      1313099670         2775280          0       2000          0          0
   0       68     1983    10050      1313099671      1313109721         2785332          0       2000          0          0
   0       68     1983    10050      1313109722      1313119773         2795383          0       2000          0          0
   0       68     1983    10052      1313119774      1313129826         2805435          0       2000          0          0
   0       68     1983    10052      1313129827      1313139879         2815488          0       2000          0          0
   0       68     1983    10052      1313139881      1313149933         2825542          0       2000          0          0
   0       68     1983    10052      1313149934      1313159986         2835595          0       2000          0          0
   0       68     1983    10051      1313159988      1313170038         2845649          0       2000          0          0
   0       68     1983    10053      1313170040      1313180093         2855701          0       2000          0          0
   0       68     1983    10050      1313180094      1313190145         2865755          0       2000          0          0
   0       68     1983    10051      1313190146      1313200198         2875807          0       2000          0          0
   0       68     1983    10053      1313200199      1313210252         2885860          0       2000          0          0
   0       68     1983    10052      1313210254      1313220306         2895914          0       2000          0          0
   0       68     1983    10053      1313220307      1313230360         2905968          0       2000          0          0
   0       68     1983    10050      1313230361      1313240411         2916022          0       2000          0          0
   0       68     1983    10051      1313240413      1313250464         2926074          0       2000          0          0
   0       68     1983    10050      1313250466      1313260516         2936126          0       2000          0          0
   0       68     1983    10051      1313260517      1313270568         2946178          0       2000          0          0
   0       68     1983    10050      1313270569      1313280619         2956230          0       2000          0          0
   0       68     1983    10053      1313280621      1313290674         2966281          0       2000          0          0
   0       68     1983    10054      1313290676      1313300729         2976336          0       2000          0          0
   0       68     1983    10052      1313300752      1313310804         2986412          0       2000          0          0
   0       68     1983    10052      1313310805      1313320857         2996466          0       2000          0          0
   0       68     1983    10054      1313320858      1313330912         3006519          0       2000          0          0
   0       68     1983    10057      1313330913      1313340971         3016574          0       2000          0          0
   0       68     1983    10060      1313340972      1313351032         3026633          0       2000          0          0
   0       68     1983    10050      1313351034      1313361084         3036694          0       2000          0          0
   0       68     1983    10050      1313361086      1313371136         3046746          0       2000          0          0
   0       68     1983    10050      1313371137      1313381188         3056798          0       2000          0          0
   0       68     1983    10070      1313381189      1313391259         3066850          0       2000          0          0
   0       68     1983    10052      1313391260      1313401313         3076921          0       2000          0          0
   0       68     1983    10051      1313401314      1313411365         3086975          0       2000          0          0
   0       68     1983    10051      1313411366      1313421418         3097027          0       2000          0          0
   0       68     1983    10051      1313421419      1313431470         3107080          0       2000          0          0
   0       68     1983    10050      1313431471      1313441521         3117132          0       2000          0          0
   0       68     1983    10051      1313441523      1313451573         3127183          0       2000          0          0
   0       68     1983    10051      1313451575      1313461626         3137236          0       2000          0          0
   0       68     1983    10050      1313461627      1313471678         3147288          0       2000          0          0
   0       68     1983    10050      1313471679      1313481729         3157340          0       2000          0          0
   0       68     1983    10050      1313481731      1313491781         3167391          0       2000          0          0
   0       68     1983    10050      1313491783      1313501833         3177443          0       2000          0          0
   0       68     1983    10053      1313501834      1313511887         3187495          0       2000          0          0
   0       68     1983    10050      1313511888      1313521939         3197549          0       2000          0          0
   0       68     1983    10052      1313521940      1313531992         3207601          0       2000          0          0
   0       68     1983    10050      1313531993      1313542043         3217654          0       2000          0          0
   0       68     1983    10051      1313542045      1313552095         3227706          0       2000          0          0
   0       68     1983    10050      1313552097      1313562147         3237758          0       2000          0          0
   0       68     1983    10051      1313562149      1313572200         3247810          0       2000          0          0
   0       68     1983    10051      1313572201      1313582252         3257862          0       2000          0          0
   0       68     1983    10051      1313582253      1313592304         3267914          0       2000          0          0
   0       68     1983    10050      1313592306      1313602356         3277966          0       2000          0          0
   0       68     1983    10050      1313602358      1313612408         3288018          0       2000          0          0
   0       68     1983    10061      1313612409      1313622470         3298070          0       2000          0          0
   0       68     2040    10116      1313622472      1313632588         3308132          0       2000          0          0
   0       68     1983    10057      1313632614      1313642671         3318275          0       2000          0          0
   0       68     1983    10051      1313642673      1313652724         3328333          0       2000          0          0
   0       68     1983    10056      1313652725      1313662782         3338386          0       2000          0          0
   0       68     1983    10051      1313662783      1313672834         3348444          0       2000          0          0
   0       68     1983    10050      1313672836      1313682886         3358496          0       2000          0          0
   0       68     1983    10050      1313682888      1313692937         3368548          0       2000          0          0
   0       68     1983    10050      1313692939      1313702989         3378600          0       2000          0          0
   0       68     1983    10050      1313702990      1313713041         3388651          0       2000          0          0
   0       68     1983    10050      1313713042      1313723092         3398703          0       2000          0          0
   0       68     1983    10061      1313723094      1313733154         3408754          0       2000          0          0
   0       68     1983    10052      1313733156      1313743208         3418816          0       2000          0          0
   0       68     1983    10054      1313743210      1313753264         3428870          0       2000          0          0
   0       68     1983    10051      1313753265      1313763316         3438926          0       2000          0          0
   0       68     1983    10051      1313763318      1313773368         3448979          0       2000          0          0
   0       68     1983    10050      1313773370      1313783420         3459030          0       2000          0          0
   0       68     1983    10050      1313783422      1313793472         3469082          0       2000          0          0
   0       68     1983    10050      1313793473      1313803524         3479134          0       2000          0          0
   0       68     1983    10051      1313803525      1313813576         3489186          0       2000          0          0
   0       68     1983    10050      1313813577      1313823627         3499238          0       2000          0          0
   0       68     1983    10050      1313823628      1313833678         3509289          0       2000          0          0
   0       68     1983    10050      1313833680      1313843730         3519341          0       2000          0          0
   0       68     2014    10103      1313843731      1313853834         3529392          0       2000          0          0
   0       68     1983    10061      1313853836      1313863897         3539496          0       2000          0          0
   0       68     1983    10055      1313863899      1313873954         3549559          0       2000          0          0
   0       68     1983    10078      1313873955      1313884034         3559616          0       2000          0          0
   0       68     1983    10050      1313884035      1313894085         3569696          0       2000          0          0
   0       68     1983    10050      1313894087      1313904137         3579748          0       2000          0          0
   0       68     1983    10051      1313904139      1313914190         3589799          0       2000          0          0
   0       68     1983    10064      1313914191      1313924255         3599852          0       2000          0          0
   0       68     1983    10061      1313924257      1313934318         3609918          0       2000          0          0
   0       68     1983    10052      1313934320      1313944372         3619980          0       2000          0          0
   0       68     1983    10056      1313944374      1313954430         3630034          0       2000          0          0
   0       68     1983    10053      1313954431      1313964484         3640092          0       2000          0          0
   0       68     1983    10061      1313964509      1313974570         3650169          0       2000          0          0
   0       68     1983    10059      1313974572      1313984631         3660233          0       2000          0          0
   0       68     1983    10051      1313984633      1313994684         3670293          0       2000          0          0
   0       68     1983    10051      1313994686      1314004737         3680346          0       2000          0          0
   0       68     1983    10050      1314004738      1314014789         3690399          0       2000          0          0
   0       68     1983    10051      1314014790      1314024841         3700451          0       2000          0          0
   0       68     1983    10051      1314024842      1314034894         3710503          0       2000          0          0
   0       68     1999    10067      1314034895      1314044962         3720556          0       2000          0          0
   0       68     1983    10055      1314044963      1314055018         3730624          0       2000          0          0
   0       68     1983    10064      1314055020      1314065084         3740681          0       2000          0          0
   0       68     1983    10051      1314065085      1314075137         3750746          0       2000          0          0
   0       68     1983    10053      1314075138      1314085192         3760799          0       2000          0          0
   0       68     1983    10051      1314085193      1314095244         3770854          0       2000          0          0
   0       68     1983    10050      1314095246      1314105296         3780906          0       2000          0          0
   0       68     1983    10050      1314105297      1314115348         3790958          0       2000          0          0
   0       68     1983    10050      1314115349      1314125399         3801010          0       2000          0          0
   0       68     1983    10052      1314125401      1314135453         3811061          0       2000          0          0
   0       68     1983    10050      1314135454      1314145505         3821115          0       2000          0          0
   0       68     1983    10051      1314145506      1314155557         3831167          0       2000          0          0
   0       68     1983    10051      1314155558      1314165610         3841219          0       2000          0          0
   0       68     1983    10052      1314165611      1314175663         3851272          0       2000          0          0
   0       68     1983    10051      1314175665      1314185716         3861325          0       2000          0          0
   0       68     1983    10051      1314185717      1314195768         3871378          0       2000          0          0
   0       68     1983    10055      1314195770      1314205825         3881430          0       2000          0          0
   0       68     1983    10055      1314205827      1314215881         3891487          0       2000          0          0
   0       68     1983    10052      1314215883      1314225935         3901543          0       2000          0          0
   0       68     1983    10050      1314225936      1314235987         3911597          0       2000          0          0
   0       68     1983    10051      1314235988      1314246039         3921649          0       2000          0          0
   0       68     1983    10051      1314246040      1314256091         3931701          0       2000          0          0
   0       68     1983    10050      1314256092      1314266143         3941753          0       2000          0          0
   0       68     1983    10051      1314266144      1314276195         3951805          0       2000          0          0
   0       68     1983    10050      1314276196      1314286247         3961857          0       2000          0          0
   0       68     1983    10051      1314286248      1314296299         3971909          0       2000          0          0
   0       68     1983    10063      1314296327      1314306389         3981987          0       2000          0          0
   0       68     1983    10055      1314306391      1314316446         3992051          0       2000          0          0
   0       68     1983    10054      1314316447      1314326501         4002108          0       2000          0          0
   0       68     1983    10050      1314326502      1314336552         4012163          0       2000          0          0
   0       68     1983    10051      1314336554      1314346604         4022214          0       2000          0          0
   0       68     1983    10051      1314346606      1314356656         4032266          0       2000          0          0
   0       68     1983    10051      1314356658      1314366709         4042318          0       2000          0          0
   0       68     1983    10052      1314366710      1314376762         4052371          0       2000          0          0
   0       68     1983    10052      1314376764      1314386815         4062424          0       2000          0          0
   0       68     1983    10051      1314386817      1314396867         4072477          0       2000          0          0
   0       68     1983    10057      1314396869      1314406926         4082530          0       2000          0          0
   0       68     1983    10050      1314406927      1314416978         4092588          0       2000          0          0
   0       68     1983    10054      1314416979      1314427033         4102640          0       2000          0          0
   0       68     1983    10050      1314427034      1314437084         4112695          0       2000          0          0
   0       68     1983    10050      1314437086      1314447136         4122747          0       2000          0          0
   0       68     1983    10051      1314447137      1314457188         4132798          0       2000          0          0
   0       68     1983    10051      1314457190      1314467240         4142850          0       2000          0          0
   0       68     1983    10051      1314467242      1314477293         4152902          0       2000          0          0
   0       68     1983    10050      1314477294      1314487345         4162955          0       2000          0          0
   0       68     1983    10050      1314487346      1314497396         4173007          0       2000          0          0
   0       68     1983    10050      1314497398      1314507447         4183058          0       2000          0          0
   0       68     1983    10050      1314507449      1314517499         4193110          0       2000          0          0
   0       68     1983    10062      1314517501      1314527563         4203162          0       2000          0          0
   0       68     1983    10063      1314527564      1314537628         4213225          0       2000          0          0
   0       68     1983    10057      1314537629      1314547686         4223290          0       2000          0          0
   0       68     1983    10055      1314547688      1314557743         4233348          0       2000          0          0
   0       68     1983    10053      1314557745      1314567798         4243405          0       2000          0          0
   0       68     1983    10050      1314567799      1314577850         4253460          0       2000          0          0
   0       68     1983    10050      1314577851      1314587902         4263512          0       2000          0          0
   0       68     1983    10050      1314587903      1314597954         4273564          0       2000          0          0
   0       68     1983    10055      1314597955      1314608010         4283616          0       2000          0          0
   0       68     1983    10051      1314608011      1314618062         4293672          0       2000          0          0
   0       68     1983    10050      1314618063      1314628114         4303724          0       2000          0          0
   0       68     1983    10051      1314628141      1314638193         4313802          0       2000          0          0
   0       68     1983    10050      1314638194      1314648244         4323855          0       2000          0          0
   0       68     1983    10053      1314648246      1314658299         4333907          0       2000          0          0
   0       68     1983    10053      1314658301      1314668354         4343961          0       2000          0          0
   0       68     1983    10056      1314668355      1314678412         4354016          0       2000          0          0
   0       68     1983    10053      1314678413      1314688466         4364074          0       2000          0          0
   0       68     1983    10051      1314688467      1314698518         4374128          0       2000          0          0
   0       68     1983    10050      1314698519      1314708570         4384180          0       2000          0          0
   0       68     1983    10051      1314708571      1314718622         4394232          0       2000          0          0
   0       68     1983    10051      1314718624      1314728674         4404285          0       2000          0          0
   0       68     1983    10051      1314728676      1314738727         4414337          0       2000          0          0
   0       68     1983    10056      1314738729      1314748785         4424389          0       2000          0          0
   0       68     1983    10056      1314748786      1314758842         4434447          0       2000          0          0
   0       68     1983    10054      1314758844      1314768898         4444504          0       2000          0          0
   0       68     1983    10051      1314768899      1314778951         4454560          0       2000          0          0
   0       68     1983    10051      1314778952      1314789003         4464613          0       2000          0          0
   0       68     1983    10050      1314789004      1314799055         4474665          0       2000          0          0
   0       68     1983    10050      1314799056      1314809107         4484717          0       2000          0          0
   0       68     1983    10051      1314809108      1314819159         4494769          0       2000          0          0
   0       68     1983    10051      1314819160      1314829211         4504821          0       2000          0          0
   0       68     1983    10050      1314829212      1314839263         4514873          0       2000          0          0
   0       68     1983    10056      1314839264      1314849320         4524925          0       2000          0          0
   0       68     1983    10057      1314849321      1314859378         4534982          0       2000          0          0
   0       68     1983    10051      1314859379      1314869430         4545040          0       2000          0          0
   0       68     1983    10051      1314869432      1314879482         4555092          0       2000          0          0
   0       68     1983    10051      1314879484      1314889535         4565144          0       2000          0          0
   0       68     1983    10050      1314889536      1314899586         4575197          0       2000          0          0
   0       68     1983    10050      1314899588      1314909638         4585248          0       2000          0          0
   0       68     1983    10051      1314909640      1314919691         4595300          0       2000          0          0
   0       68     1983    10051      1314919692      1314929743         4605353          0       2000          0          0
   0       68     1983    10050      1314929745      1314939795         4615405          0       2000          0          0
   0       68     1983    10050      1314939797      1314949847         4625457          0       2000          0          0
   0       68     1983    10050      1314949848      1314959899         4635509          0       2000          0          0
   0       68     1983    10061      1314959929      1314969991         4645590          0       2000          0          0
   0       68     1983    10053      1314969992      1314980045         4655653          0       2000          0          0
   0       68     1983    10052      1314980046      1314990098         4665707          0       2000          0          0
   0       68     1983    10050      1314990100      1315000150         4675760          0       2000          0          0
   0       68     1983    10050      1315000151      1315010202         4685812          0       2000          0          0
   0       68     1983    10050      1315010203      1315020254         4695864          0       2000          0          0
   0       68     1983    10051      1315020255      1315030306         4705916          0       2000          0          0
   0       68     1983    10051      1315030307      1315040358         4715968          0       2000          0          0
   0       68     1983    10051      1315040360      1315050410         4726020          0       2000          0          0
   0       68     1983    10051      1315050412      1315060462         4736073          0       2000          0          0
   0       68     1983    10051      1315060464      1315070514         4746125          0       2000          0          0
   0       68     1983    10051      1315070516      1315080567         4756177          0       2000          0          0
   0       68     1983    10060      1315080569      1315090629         4766229          0       2000          0          0
   0       68     1983    10051      1315090630      1315100682         4776291          0       2000          0          0
   0       68     1983    10051      1315100683      1315110734         4786344          0       2000          0          0
   0       68     1983    10051      1315110735      1315120787         4796396          0       2000          0          0
   0       68     1983    10051      1315120788      1315130839         4806449          0       2000          0          0
   0       68     1983    10066      1315130841      1315140907         4816502          0       2000          0          0
   0       68     1983    10059      1315140909      1315150968         4826569          0       2000          0          0
   0       68     1983    10057      1315150969      1315161026         4836630          0       2000          0          0
   0       68     1983    10056      1315161027      1315171084         4846688          0       2000          0          0
   0       68     1983    10059      1315171085      1315181144         4856746          0       2000          0          0
   0       68     1983    10063      1315181146      1315191208         4866806          0       2000          0          0
   0       68     1983    10059      1315191210      1315201269         4876871          0       2000          0          0
   0       68     1983    10054      1315201270      1315211324         4886931          0       2000          0          0
   0       68     1983    10054      1315211325      1315221380         4896986          0       2000          0          0
   0       68     1983    10052      1315221381      1315231433         4907042          0       2000          0          0
   0       68     1983    10053      1315231434      1315241487         4917095          0       2000          0          0
   0       68     1983    10051      1315241489      1315251540         4927149          0       2000          0          0
   0       68     1983    10051      1315251541      1315261592         4937202          0       2000          0          0
   0       68     1983    10052      1315261594      1315271645         4947254          0       2000          0          0
   0       68     1983    10051      1315271647      1315281698         4957308          0       2000          0          0
   0       68     1983    10050      1315281699      1315291750         4967360          0       2000          0          0
   0       68     1983    10059      1315291772      1315301831         4977432          0       2000          0          0
   0       68     1983    10052      1315301832      1315311884         4987493          0       2000          0          0
