#idx     perf      run   period           start             end          rel_st      slack c_duration   c_period     wu_lat
   0       68     4674    13855      1294489157      1294503011            1049          0       2000          0          0
   0       68     2654    11994      1294503016      1294515010           14908          0       2000          0          0
   0       68     2655    11996      1294515014      1294527010           26906          0       2000          0          0
   0       68     2658    11996      1294527013      1294539010           38905          0       2000          0          0
   0       68     2672    11997      1294539013      1294551010           50905          0       2000          0          0
   0       68     2655    11997      1294551013      1294563010           62905          0       2000          0          0
   0       68     2658    11997      1294563012      1294575010           74905          0       2000          0          0
   0       68     2656    11997      1294575014      1294587010           86906          0       2000          0          0
   0       68     2667    12499      1294587015      1294599514           98907          0       2000          0          0
   0       68     4840    14803      1294599523      1294614326          111416          0       2000          0          0
   0       68     2668    12687      1294614331      1294627019          126224          0       2000          0          0
   0       68     2730    11982      1294627028      1294639010          138920          0       2000          0          0
   0       68     2665    11997      1294639016      1294651013          150908          0       2000          0          0
   0       68     2658    11989      1294651020      1294663009          162912          0       2000          0          0
   0       68     2655    11997      1294663013      1294675010          174905          0       2000          0          0
   0       68     2656    11997      1294675013      1294687010          186905          0       2000          0          0
   0       68     2661    11999      1294687014      1294699013          198906          0       2000          0          0
   0       68     2655    12004      1294699019      1294711022          210911          0       2000          0          0
   0       68     6660    14732      1294711031      1294725763          222923          0       2000          0          0
   0       68     2670    13243      1294725767      1294739010          237659          0       2000          0          0
   0       68     2659    11996      1294739013      1294751009          250905          0       2000          0          0
   0       68     2661    11998      1294751013      1294763010          262905          0       2000          0          0
   0       68     2663    11996      1294763014      1294775010          274906          0       2000          0          0
   0       68     2657    11996      1294775014      1294787009          286906          0       2000          0          0
   0       68     2662    12017      1294787013      1294799030          298905          0       2000          0          0
   0       68     2661    11978      1294799033      1294811011          310925          0       2000          0          0
   0       68     2660    12593      1294811017      1294823610          322909          0       2000          0          0
   0       68     2669    12392      1294823619      1294836011          335511          0       2000          0          0
   0       68     2785    12007      1294836017      1294848024          347909          0       2000          0          0
   0       68     2659    11982      1294848028      1294860010          359920          0       2000          0          0
   0       68     2661    11996      1294860013      1294872010          371906          0       2000          0          0
   0       68     2659    11996      1294872013      1294884010          383906          0       2000          0          0
   0       68     2663    11997      1294884013      1294896010          395905          0       2000          0          0
   0       68     2662    11937      1294896074      1294908010          407966          0       2000          0          0
   0       68     2660    11999      1294908014      1294920013          419906          0       2000          0          0
   0       68     2661    12989      1294920021      1294933011          431914          0       2000          0          0
   0       68     7096    15995      1294933016      1294949010          444908          0       2000          0          0
   0       68     5807    13877      1294949019      1294962896          460911          0       2000          0          0
   0       68     2661    11121      1294962900      1294974021          474792          0       2000          0          0
   0       68     2655    10985      1294974025      1294985010          485917          0       2000          0          0
   0       68     2662    11997      1294985013      1294997010          496905          0       2000          0          0
   0       68     2667    11996      1294997014      1295009009          508906          0       2000          0          0
   0       68     2657    11997      1295009013      1295021010          520905          0       2000          0          0
   0       68     2662    12001      1295021013      1295033014          532906          0       2000          0          0
   0       68     2663    11990      1295033023      1295045012          544915          0       2000          0          0
   0       68     2663    11001      1295045019      1295056020          556911          0       2000          0          0
   0       68     2658    10983      1295056027      1295067010          567919          0       2000          0          0
   0       68     2659    11997      1295067014      1295079011          578906          0       2000          0          0
   0       68     2657    11996      1295079016      1295091013          590908          0       2000          0          0
   0       68     2658    11005      1295091019      1295102024          602911          0       2000          0          0
   0       68     7312    15385      1295102032      1295117417          613924          0       2000          0          0
   0       68     2749    13591      1295117422      1295131012          629314          0       2000          0          0
   0       68     2754    10826      1295131017      1295141843          642909          0       2000          0          0
   0       68     2728    13164      1295141847      1295155011          653739          0       2000          0          0
   0       68     2666    12001      1295155017      1295167018          666909          0       2000          0          0
   0       68     2664    11481      1295167029      1295178509          678921          0       2000          0          0
   0       68     8703    16783      1295178515      1295195298          690407          0       2000          0          0
   0       68     2665    14145      1295195308      1295209452          707200          0       2000          0          0
   0       68     6491    19548      1295209462      1295229010          721354          0       2000          0          0
   0       68     2664    14993      1295229017      1295244010          740909          0       2000          0          0
   0       68     2670    13023      1295244014      1295257037          755906          0       2000          0          0
   0       68     2663    15346      1295257043      1295272388          768935          0       2000          0          0
   0       68     2695    11621      1295272397      1295284019          784289          0       2000          0          0
   0       68     2665    11988      1295284023      1295296011          795915          0       2000          0          0
   0       68     2662    11994      1295296015      1295308009          807907          0       2000          0          0
   0       68     2670    11998      1295308012      1295320010          819904          0       2000          0          0
   0       68     2665    11943      1295320067      1295332010          831959          0       2000          0          0
   0       68     2666    11996      1295332014      1295344010          843906          0       2000          0          0
   0       68     2660    11997      1295344013      1295356010          855905          0       2000          0          0
   0       68     2664    11997      1295356013      1295368010          867906          0       2000          0          0
   0       68     2657    12998      1295368014      1295381012          879906          0       2000          0          0
   0       68     2657    12018      1295381017      1295393035          892909          0       2000          0          0
   0       68     2677    11922      1295393044      1295404967          904936          0       2000          0          0
   0       68     2667    13039      1295404971      1295418010          916863          0       2000          0          0
   0       68     2665    11996      1295418014      1295430010          929906          0       2000          0          0
   0       68     2661    11996      1295430013      1295442009          941905          0       2000          0          0
   0       68     2663    11997      1295442013      1295454010          953905          0       2000          0          0
   0       68     2693    11997      1295454013      1295466010          965905          0       2000          0          0
   0       68     2663    11008      1295466013      1295477021          977905          0       2000          0          0
   0       68     2661    12990      1295477024      1295490014          988916          0       2000          0          0
   0       68     2657    13558      1295490022      1295503580         1001914          0       2000          0          0
   0       68     5687    14421      1295503590      1295518011         1015482          0       2000          0          0
   0       68     2667    11993      1295518017      1295530010         1029909          0       2000          0          0
   0       68     2662    11995      1295530014      1295542009         1041907          0       2000          0          0
   0       68     2662    11997      1295542013      1295554010         1053905          0       2000          0          0
   0       68     2662    11997      1295554013      1295566010         1065905          0       2000          0          0
   0       68     2660    11996      1295566014      1295578010         1077906          0       2000          0          0
   0       68     2659    11997      1295578013      1295590010         1089906          0       2000          0          0
   0       68     2660    12001      1295590013      1295602014         1101906          0       2000          0          0
   0       68     2683    13087      1295602021      1295615108         1113913          0       2000          0          0
   0       68     3669    14898      1295615117      1295630015         1127009          0       2000          0          0
   0       68     2683    10759      1295630025      1295640784         1141917          0       2000          0          0
   0       68     2672    13223      1295640788      1295654012         1152681          0       2000          0          0
   0       68     2663    12006      1295654019      1295666025         1165911          0       2000          0          0
   0       68     2664    11981      1295666029      1295678010         1177921          0       2000          0          0
   0       68     2662    11997      1295678013      1295690011         1189906          0       2000          0          0
   0       68     2659    11998      1295690014      1295702012         1201906          0       2000          0          0
   0       68     2661    11724      1295702019      1295713743         1213911          0       2000          0          0
   0       68     3905    13262      1295713750      1295727013         1225642          0       2000          0          0
   0       68     2683    11938      1295727076      1295739014         1238968          0       2000          0          0
   0       68     5109    13182      1295739021      1295752203         1250913          0       2000          0          0
   0       68     2656    11803      1295752208      1295764011         1264100          0       2000          0          0
   0       68     2664    11995      1295764015      1295776010         1275907          0       2000          0          0
   0       68     2662    11997      1295776013      1295788010         1287905          0       2000          0          0
   0       68     2664    11997      1295788013      1295800011         1299905          0       2000          0          0
   0       68     2661    11998      1295800014      1295812012         1311906          0       2000          0          0
   0       68     2667    11030      1295812017      1295823047         1323909          0       2000          0          0
   0       68     6124    14200      1295823061      1295837262         1334953          0       2000          0          0
   0       68     5669    14741      1295837269      1295852010         1349161          0       2000          0          0
   0       68     8667    16737      1295852014      1295868751         1363907          0       2000          0          0
   0       68     2668    13256      1295868754      1295882011         1380646          0       2000          0          0
   0       68     2668    11995      1295882014      1295894009         1393907          0       2000          0          0
   0       68     2667    11997      1295894013      1295906010         1405905          0       2000          0          0
   0       68     2666    11007      1295906013      1295917020         1417906          0       2000          0          0
   0       68     2670    12989      1295917024      1295930012         1428916          0       2000          0          0
   0       68     2670    11992      1295930018      1295942011         1441911          0       2000          0          0
   0       68     2673    11005      1295942015      1295953021         1453907          0       2000          0          0
   0       68     4222    13981      1295953029      1295967010         1464921          0       2000          0          0
   0       68     2662    11995      1295967014      1295979010         1478907          0       2000          0          0
   0       68     2684    11996      1295979013      1295991010         1490905          0       2000          0          0
   0       68     2668    11997      1295991013      1296003010         1502905          0       2000          0          0
   0       68     2666    11996      1296003013      1296015009         1514905          0       2000          0          0
   0       68     2656    11997      1296015013      1296027010         1526905          0       2000          0          0
   0       68     2660    11998      1296027014      1296039011         1538906          0       2000          0          0
   0       68     2669    11994      1296039017      1296051011         1550909          0       2000          0          0
   0       68     5771    13845      1296051015      1296064860         1562908          0       2000          0          0
   0       68     2683    13144      1296064866      1296078011         1576759          0       2000          0          0
   0       68     2688    11995      1296078015      1296090010         1589907          0       2000          0          0
   0       68     2661    11996      1296090014      1296102010         1601906          0       2000          0          0
   0       68     2663    11997      1296102013      1296114010         1613905          0       2000          0          0
   0       68     2678    11998      1296114014      1296126012         1625906          0       2000          0          0
   0       68     2665    11994      1296126017      1296138011         1637909          0       2000          0          0
   0       68     2668    11946      1296138064      1296150010         1649956          0       2000          0          0
   0       68     2667    11996      1296150014      1296162010         1661906          0       2000          0          0
   0       68     2668    11998      1296162013      1296174011         1673905          0       2000          0          0
   0       68     2662    11999      1296174015      1296186014         1685907          0       2000          0          0
   0       68     2665    11975      1296186022      1296197997         1697915          0       2000          0          0
   0       68     2889    12006      1296198010      1296210016         1709902          0       2000          0          0
   0       68     2667    11985      1296210027      1296222011         1721919          0       2000          0          0
   0       68     4464    12997      1296222016      1296235013         1733908          0       2000          0          0
   0       68     2663    11989      1296235021      1296247010         1746913          0       2000          0          0
   0       68     2663    12002      1296247015      1296259016         1758907          0       2000          0          0
   0       68     2670    11729      1296259023      1296270752         1770915          0       2000          0          0
   0       68     4723    13254      1296270757      1296284011         1782649          0       2000          0          0
   0       68     2664    11997      1296284020      1296296017         1795912          0       2000          0          0
   0       68     2661    11795      1296296030      1296307825         1807922          0       2000          0          0
   0       68     4695    13180      1296307831      1296321011         1819723          0       2000          0          0
   0       68     2658    11991      1296321019      1296333010         1832911          0       2000          0          0
   0       68     2667    11996      1296333014      1296345011         1844906          0       2000          0          0
   0       68     5669    13738      1296345014      1296358752         1856906          0       2000          0          0
   0       68     2674    13255      1296358755      1296372010         1870647          0       2000          0          0
   0       68     2666    11998      1296372014      1296384012         1883906          0       2000          0          0
   0       68     2666    12005      1296384017      1296396022         1895909          0       2000          0          0
   0       68     2594    11979      1296396032      1296408010         1907924          0       2000          0          0
   0       68     2671    12007      1296408018      1296420024         1919910          0       2000          0          0
   0       68     2666    11982      1296420028      1296432010         1931920          0       2000          0          0
   0       68     2665    11997      1296432013      1296444010         1943905          0       2000          0          0
   0       68     2661    11997      1296444013      1296456010         1955905          0       2000          0          0
   0       68     2664    11998      1296456013      1296468011         1967905          0       2000          0          0
   0       68     2665    11997      1296468014      1296480011         1979906          0       2000          0          0
   0       68     2665    16002      1296480015      1296496016         1991907          0       2000          0          0
   0       68     2812    10990      1296496024      1296507014         2007916          0       2000          0          0
   0       68     2655    10988      1296507022      1296518010         2018914          0       2000          0          0
   0       68     2658    11996      1296518013      1296530010         2029906          0       2000          0          0
   0       68     2668    11997      1296530013      1296542010         2041905          0       2000          0          0
   0       68     2657    11945      1296542065      1296554010         2053957          0       2000          0          0
   0       68     2659    11996      1296554014      1296566010         2065906          0       2000          0          0
   0       68     2654    11997      1296566013      1296578010         2077905          0       2000          0          0
   0       68     2660    11997      1296578013      1296590009         2089905          0       2000          0          0
   0       68     2657    12000      1296590013      1296602012         2101905          0       2000          0          0
   0       68     2655    15656      1296602018      1296617675         2113910          0       2000          0          0
   0       68     2705    12326      1296617683      1296630010         2129575          0       2000          0          0
   0       68     2655    12990      1296630020      1296643010         2141912          0       2000          0          0
   0       68     3217    13007      1296643014      1296656021         2154906          0       2000          0          0
   0       68     5662    13836      1296656031      1296669866         2167923          0       2000          0          0
   0       68     2664    12574      1296669877      1296682451         2181769          0       2000          0          0
   0       68     2667    13555      1296682455      1296696010         2194347          0       2000          0          0
   0       68     2658    10808      1296696014      1296706821         2207906          0       2000          0          0
   0       68     2665    12360      1296706835      1296719195         2218727          0       2000          0          0
   0       68     2987    13826      1296719200      1296733026         2231092          0       2000          0          0
   0       68     2654    10726      1296733034      1296743760         2244926          0       2000          0          0
   0       68     2661    11471      1296743764      1296755235         2255656          0       2000          0          0
   0       68     2655    10734      1296755239      1296765973         2267131          0       2000          0          0
   0       68     2656    13033      1296765977      1296779010         2277869          0       2000          0          0
   0       68     4087    12159      1296779014      1296791173         2290906          0       2000          0          0
   0       68     2658    12523      1296791177      1296803700         2303069          0       2000          0          0
   0       68     2659    12307      1296803704      1296816010         2315596          0       2000          0          0
   0       68     2655    12067      1296816014      1296828081         2327906          0       2000          0          0
   0       68     2652    11920      1296828092      1296840012         2339984          0       2000          0          0
   0       68     2668    13235      1296840018      1296853252         2351910          0       2000          0          0
   0       68     4257    12749      1296853261      1296866011         2365153          0       2000          0          0
   0       68     2656    11007      1296866016      1296877022         2377908          0       2000          0          0
   0       68     2659    11994      1296877026      1296889021         2388918          0       2000          0          0
   0       68     2657    12986      1296889025      1296902010         2400917          0       2000          0          0
   0       68     2657    12001      1296902014      1296914015         2413906          0       2000          0          0
   0       68     2657    14008      1296914026      1296928034         2425918          0       2000          0          0
   0       68     4676    14962      1296928050      1296943012         2439942          0       2000          0          0
   0       68     4747    12998      1296943020      1296956018         2454912          0       2000          0          0
   0       68     5126    14932      1296956078      1296971010         2467970          0       2000          0          0
   0       68     2653    11996      1296971014      1296983010         2482906          0       2000          0          0
   0       68     2657    11997      1296983014      1296995010         2494906          0       2000          0          0
   0       68     2655    11002      1296995014      1297006016         2506906          0       2000          0          0
   0       68     3662    12990      1297006020      1297019010         2517912          0       2000          0          0
   0       68     2657    11996      1297019013      1297031010         2530906          0       2000          0          0
   0       68     2674    11997      1297031013      1297043010         2542905          0       2000          0          0
   0       68     2659    12002      1297043014      1297055016         2554906          0       2000          0          0
   0       68     2735    15986      1297055028      1297071014         2566920          0       2000          0          0
   0       68     2656    15001      1297071023      1297086025         2582915          0       2000          0          0
   0       68     2650    16977      1297086034      1297103011         2597926          0       2000          0          0
   0       68     2656    10726      1297103015      1297113741         2614907          0       2000          0          0
   0       68     2667    13270      1297113744      1297127014         2625636          0       2000          0          0
   0       68     2665    11987      1297127023      1297139010         2638915          0       2000          0          0
   0       68     2665    11998      1297139013      1297151012         2650905          0       2000          0          0
   0       68     2655    11993      1297151018      1297163011         2662910          0       2000          0          0
   0       68     2656    11995      1297163016      1297175011         2674908          0       2000          0          0
   0       68     2658    11992      1297175018      1297187010         2686910          0       2000          0          0
   0       68     2657    11010      1297187014      1297198024         2698906          0       2000          0          0
   0       68     6673    14760      1297198039      1297212798         2709931          0       2000          0          0
   0       68     4692    12764      1297212808      1297225572         2724700          0       2000          0          0
   0       68     2666    13430      1297225579      1297239010         2737471          0       2000          0          0
   0       68     2664    10734      1297239013      1297249747         2750905          0       2000          0          0
   0       68     2660    13260      1297249750      1297263011         2761642          0       2000          0          0
   0       68     2693    12003      1297263014      1297275017         2774906          0       2000          0          0
   0       68     2740    11993      1297275030      1297287023         2786922          0       2000          0          0
   0       68     2652    11980      1297287032      1297299012         2798924          0       2000          0          0
   0       68     2657    11993      1297299018      1297311011         2810910          0       2000          0          0
   0       68     2661    11995      1297311015      1297323010         2822907          0       2000          0          0
   0       68     2664    11996      1297323013      1297335010         2834906          0       2000          0          0
   0       68     2660    12009      1297335013      1297347022         2846905          0       2000          0          0
   0       68     2661    11985      1297347025      1297359010         2858917          0       2000          0          0
   0       68     2658    11996      1297359013      1297371009         2870905          0       2000          0          0
   0       68     2659    14960      1297371059      1297386019         2882951          0       2000          0          0
   0       68     2726    14991      1297386030      1297401021         2897922          0       2000          0          0
   0       68     2683    13981      1297401030      1297415012         2912922          0       2000          0          0
   0       68     2664    13994      1297415016      1297429010         2926908          0       2000          0          0
   0       68     2657    10727      1297429013      1297439740         2940905          0       2000          0          0
   0       68     2665    13267      1297439743      1297453010         2951635          0       2000          0          0
   0       68     2655    11997      1297453013      1297465010         2964906          0       2000          0          0
   0       68     2659    11996      1297465013      1297477009         2976906          0       2000          0          0
   0       68     2662    11997      1297477013      1297489010         2988905          0       2000          0          0
   0       68     2660    12000      1297489013      1297501013         3000906          0       2000          0          0
   0       68     2657    11993      1297501019      1297513012         3012911          0       2000          0          0
   0       68     2659    11066      1297513017      1297524083         3024909          0       2000          0          0
   0       68     4676    15921      1297524093      1297540014         3035985          0       2000          0          0
   0       68     2656    10796      1297540024      1297550820         3051916          0       2000          0          0
   0       68     4091    14185      1297550825      1297565010         3062717          0       2000          0          0
   0       68     2656    11994      1297565015      1297577010         3076907          0       2000          0          0
   0       68     2655    11997      1297577013      1297589010         3088905          0       2000          0          0
   0       68     2654    11997      1297589013      1297601010         3100905          0       2000          0          0
   0       68     2659    10732      1297601013      1297611746         3112905          0       2000          0          0
   0       68     2682    10754      1297611749      1297622503         3123641          0       2000          0          0
   0       68     2705    11063      1297622506      1297633569         3134398          0       2000          0          0
   0       68     2757    10837      1297633578      1297644415         3145470          0       2000          0          0
   0       68     2683    10755      1297644423      1297655178         3156315          0       2000          0          0
   0       68     2670    10741      1297655182      1297665923         3167074          0       2000          0          0
   0       68     2673    10744      1297665926      1297676670         3177819          0       2000          0          0
   0       68     2682    10754      1297676674      1297687427         3188566          0       2000          0          0
   0       68     2682    10753      1297687430      1297698183         3199323          0       2000          0          0
   0       68     2670    10741      1297698186      1297708927         3210078          0       2000          0          0
   0       68     2675    10745      1297708930      1297719675         3220822          0       2000          0          0
   0       68     2676    10749      1297719679      1297730428         3231571          0       2000          0          0
   0       68     2679    10751      1297730434      1297741185         3242326          0       2000          0          0
   0       68     2670    11047      1297741189      1297752236         3253081          0       2000          0          0
   0       68     2850    10924      1297752245      1297763169         3264137          0       2000          0          0
   0       68     2672    10743      1297763506      1297774249         3275398          0       2000          0          0
   0       68     2662    10733      1297774253      1297784986         3286145          0       2000          0          0
   0       68     2754    10825      1297784990      1297795815         3296882          0       2000          0          0
   0       68     2698    10769      1297795819      1297806588         3307711          0       2000          0          0
   0       68     2694    10765      1297806591      1297817356         3318483          0       2000          0          0
   0       68     2677    11650      1297817360      1297829010         3329252          0       2000          0          0
   0       68     2655    16035      1297829014      1297845050         3340907          0       2000          0          0
   0       68     2665    16763      1297845060      1297861823         3356953          0       2000          0          0
   0       68     3297    12178      1297861832      1297874010         3373724          0       2000          0          0
   0       68     5788    13859      1297874016      1297887874         3385908          0       2000          0          0
   0       68     2655    13131      1297887879      1297901010         3399771          0       2000          0          0
   0       68     2654    11997      1297901013      1297913010         3412905          0       2000          0          0
   0       68     2654    11996      1297913013      1297925010         3424906          0       2000          0          0
   0       68     2653    11998      1297925013      1297937011         3436905          0       2000          0          0
   0       68     2653    24045      1297937014      1297961059         3448906          0       2000          0          0
   0       68     2803    12947      1297961070      1297974017         3472962          0       2000          0          0
   0       68     4907    15987      1297974027      1297990014         3485919          0       2000          0          0
   0       68     2677    10748      1297990023      1298000770         3501915          0       2000          0          0
   0       68     4678    14235      1298000775      1298015010         3512667          0       2000          0          0
   0       68     2662    11996      1298015014      1298027010         3526906          0       2000          0          0
   0       68     2664    11996      1298027013      1298039010         3538905          0       2000          0          0
   0       68     2662    11997      1298039013      1298051010         3550905          0       2000          0          0
   0       68     2665    11997      1298051014      1298063010         3562906          0       2000          0          0
   0       68     2663    11997      1298063013      1298075010         3574906          0       2000          0          0
   0       68     2661    11996      1298075014      1298087010         3586906          0       2000          0          0
   0       68     2654    11997      1298087013      1298099010         3598905          0       2000          0          0
   0       68     2665    12007      1298099014      1298111021         3610906          0       2000          0          0
   0       68     2741    12986      1298111030      1298124016         3622922          0       2000          0          0
   0       68     2648    10993      1298124026      1298135019         3635918          0       2000          0          0
   0       68     3676    12983      1298135029      1298148012         3646921          0       2000          0          0
   0       68     2662    11992      1298148018      1298160011         3659911          0       2000          0          0
   0       68     2662    12019      1298160015      1298172034         3671908          0       2000          0          0
   0       68     2672    11970      1298172048      1298184018         3683940          0       2000          0          0
   0       68     2665    11929      1298184089      1298196018         3695981          0       2000          0          0
   0       68     5736    13816      1298196034      1298209850         3707926          0       2000          0          0
   0       68     6609    14692      1298209860      1298224552         3721752          0       2000          0          0
   0       68     2826    13450      1298224560      1298238010         3736452          0       2000          0          0
   0       68     2666    11995      1298238015      1298250010         3749907          0       2000          0          0
   0       68     2665    11997      1298250013      1298262010         3761906          0       2000          0          0
   0       68     2666    11996      1298262014      1298274010         3773906          0       2000          0          0
   0       68     2662    15003      1298274013      1298289017         3785905          0       2000          0          0
   0       68     2663    13719      1298289027      1298302746         3800920          0       2000          0          0
   0       68     3704    13255      1298302756      1298316010         3814648          0       2000          0          0
   0       68     2661    11003      1298316015      1298327018         3827907          0       2000          0          0
   0       68     2663    12988      1298327022      1298340010         3838914          0       2000          0          0
   0       68     2663    11996      1298340014      1298352010         3851906          0       2000          0          0
   0       68     2663    11997      1298352013      1298364010         3863905          0       2000          0          0
   0       68     2663    10996      1298364013      1298375009         3875905          0       2000          0          0
   0       68     2660    13004      1298375013      1298388017         3886905          0       2000          0          0
   0       68     2750    11995      1298388031      1298400026         3899923          0       2000          0          0
   0       68     2859    10981      1298400038      1298411019         3911930          0       2000          0          0
   0       68     2660    12982      1298411028      1298424010         3922920          0       2000          0          0
   0       68     2653    11997      1298424013      1298436010         3935906          0       2000          0          0
   0       68     2655    11997      1298436013      1298448010         3947905          0       2000          0          0
   0       68     2658    11996      1298448013      1298460010         3959906          0       2000          0          0
   0       68     2659    11997      1298460013      1298472010         3971905          0       2000          0          0
   0       68     2653    11997      1298472013      1298484010         3983905          0       2000          0          0
   0       68     2659    11996      1298484014      1298496009         3995906          0       2000          0          0
   0       68     2657    12008      1298496013      1298508021         4007905          0       2000          0          0
   0       68     2666    11995      1298508031      1298520026         4019923          0       2000          0          0
   0       68     3577    11980      1298520036      1298532016         4031928          0       2000          0          0
   0       68     2661    11987      1298532023      1298544010         4043915          0       2000          0          0
   0       68     2654    11996      1298544014      1298556010         4055906          0       2000          0          0
   0       68     2658    11997      1298556013      1298568010         4067905          0       2000          0          0
   0       68     2654    11997      1298568013      1298580010         4079905          0       2000          0          0
   0       68     2656    11996      1298580013      1298592010         4091905          0       2000          0          0
   0       68     2660    11945      1298592065      1298604010         4103958          0       2000          0          0
   0       68     2655    11996      1298604014      1298616010         4115906          0       2000          0          0
   0       68     2656    11997      1298616013      1298628011         4127905          0       2000          0          0
   0       68     2661    12001      1298628014      1298640015         4139906          0       2000          0          0
   0       68     2755    12004      1298640024      1298652027         4151916          0       2000          0          0
   0       68     2655    11976      1298652033      1298664010         4163925          0       2000          0          0
   0       68     2650    11998      1298664013      1298676010         4175905          0       2000          0          0
   0       68     2656    11996      1298676014      1298688010         4187906          0       2000          0          0
   0       68     2658    11996      1298688013      1298700009         4199905          0       2000          0          0
   0       68     2656    11998      1298700012      1298712010         4211904          0       2000          0          0
   0       68     2655    11997      1298712013      1298724010         4223905          0       2000          0          0
   0       68     2657    11998      1298724013      1298736011         4235906          0       2000          0          0
   0       68     2659    12019      1298736016      1298748036         4247909          0       2000          0          0
   0       68     2705    11981      1298748050      1298760031         4259943          0       2000          0          0
   0       68     2566    10973      1298760044      1298771018         4271936          0       2000          0          0
   0       68     2659    12984      1298771026      1298784010         4282918          0       2000          0          0
   0       68     2658    11995      1298784015      1298796010         4295907          0       2000          0          0
   0       68     2659    11997      1298796013      1298808010         4307905          0       2000          0          0
   0       68     2664    11997      1298808013      1298820010         4319905          0       2000          0          0
   0       68     2659    11015      1298820013      1298831028         4331905          0       2000          0          0
   0       68     2655    13003      1298831031      1298844034         4342924          0       2000          0          0
   0       68     2694    11967      1298844049      1298856016         4355942          0       2000          0          0
   0       68     2649    11995      1298856026      1298868021         4367918          0       2000          0          0
   0       68     5669    13742      1298868031      1298881773         4379923          0       2000          0          0
   0       68     2664    12250      1298881777      1298894027         4393669          0       2000          0          0
   0       68     3662    12979      1298894031      1298907010         4405923          0       2000          0          0
   0       68     2660    11996      1298907013      1298919010         4418905          0       2000          0          0
   0       68     2657    12001      1298919013      1298931014         4430905          0       2000          0          0
   0       68     2665    11997      1298931018      1298943014         4442910          0       2000          0          0
   0       68     2771    11994      1298943020      1298955014         4454912          0       2000          0          0
   0       68     2670    12014      1298955024      1298967038         4466916          0       2000          0          0
   0       68     2673    11962      1298967048      1298979010         4478940          0       2000          0          0
   0       68     2655    11995      1298979014      1298991010         4490907          0       2000          0          0
   0       68     2661    11951      1298991059      1299003010         4502951          0       2000          0          0
   0       68     2624    12006      1299003013      1299015018         4514905          0       2000          0          0
   0       68     2668    11983      1299015027      1299027010         4526919          0       2000          0          0
   0       68     2658    11996      1299027014      1299039010         4538907          0       2000          0          0
   0       68     2658    11996      1299039014      1299051010         4550906          0       2000          0          0
   0       68     2658    11996      1299051013      1299063009         4562905          0       2000          0          0
   0       68     2656    11998      1299063012      1299075010         4574904          0       2000          0          0
   0       68     2655    11997      1299075013      1299087010         4586905          0       2000          0          0
   0       68     2653    11997      1299087013      1299099011         4598905          0       2000          0          0
   0       68     2656    11995      1299099014      1299111010         4610907          0       2000          0          0
   0       68     2655    11998      1299111013      1299123011         4622905          0       2000          0          0
   0       68     2656    11995      1299123015      1299135011         4634908          0       2000          0          0
   0       68     2658    11995      1299135015      1299147010         4646907          0       2000          0          0
   0       68     5659    15000      1299147013      1299162013         4658905          0       2000          0          0
   0       68     2658    11999      1299162020      1299174018         4673912          0       2000          0          0
   0       68     2664    11984      1299174027      1299186011         4685919          0       2000          0          0
   0       68     2660    12013      1299186015      1299198028         4697907          0       2000          0          0
   0       68     3677    11971      1299198040      1299210012         4709933          0       2000          0          0
   0       68     2661    11007      1299210018      1299221025         4721910          0       2000          0          0
   0       68     3667    12973      1299221037      1299234010         4732929          0       2000          0          0
   0       68     2660    11003      1299234014      1299245016         4745906          0       2000          0          0
   0       68     3662    12989      1299245021      1299258010         4756913          0       2000          0          0
   0       68     2658    11996      1299258013      1299270010         4769906          0       2000          0          0
   0       68     2663    12007      1299270013      1299282020         4781905          0       2000          0          0
   0       68     2666    11987      1299282023      1299294011         4793915          0       2000          0          0
   0       68     2664    11996      1299294015      1299306010         4805907          0       2000          0          0
   0       68     2665    11002      1299306015      1299317017         4817907          0       2000          0          0
   0       68     3660    12988      1299317022      1299330010         4828914          0       2000          0          0
   0       68     2663    11996      1299330014      1299342010         4841906          0       2000          0          0
   0       68     2664    11997      1299342015      1299354011         4853907          0       2000          0          0
   0       68     2661    11005      1299354017      1299365022         4865909          0       2000          0          0
   0       68     2659    11010      1299365028      1299376037         4876920          0       2000          0          0
   0       68     2657    15971      1299376042      1299392013         4887934          0       2000          0          0
   0       68     2661    14956      1299392070      1299407026         4903962          0       2000          0          0
   0       68     2658    14983      1299407032      1299422015         4918924          0       2000          0          0
   0       68     2662    14987      1299422024      1299437011         4933916          0       2000          0          0
   0       68     2660    14994      1299437015      1299452009         4948908          0       2000          0          0
   0       68     2654    11998      1299452012      1299464010         4963904          0       2000          0          0
   0       68     2658    11996      1299464014      1299476010         4975906          0       2000          0          0
   0       68     2655    11997      1299476013      1299488010         4987905          0       2000          0          0
