#idx     perf      run   period           start             end          rel_st      slack c_duration   c_period     wu_lat
   0       68     5699    13773      1305033163      1305046936            3263          0       2000          0          0
   0       68     2664    13071      1305046940      1305060011           17041          0       2000          0          0
   0       68     2657    11995      1305060015      1305072010           30116          0       2000          0          0
   0       68     2659    11997      1305072013      1305084010           42114          0       2000          0          0
   0       68     2654    11996      1305084013      1305096010           54114          0       2000          0          0
   0       68     2659    11017      1305096013      1305107030           66114          0       2000          0          0
   0       68     2659    12981      1305107033      1305120015           77134          0       2000          0          0
   0       68     2658    15992      1305120023      1305136015           90124          0       2000          0          0
   0       68     2691    11988      1305136024      1305148012          106125          0       2000          0          0
   0       68     2640    11996      1305148018      1305160013          118119          0       2000          0          0
   0       68     2666    11990      1305160021      1305172011          130122          0       2000          0          0
   0       68     2659    11995      1305172016      1305184011          142117          0       2000          0          0
   0       68     2660    12009      1305184017      1305196026          154118          0       2000          0          0
   0       68     5700    13774      1305196037      1305209812          166138          0       2000          0          0
   0       68     2684    13194      1305209817      1305223011          179918          0       2000          0          0
   0       68     2663    11997      1305223016      1305235013          193117          0       2000          0          0
   0       68     2666    11002      1305235021      1305246023          205122          0       2000          0          0
   0       68     3662    12977      1305246033      1305259010          216134          0       2000          0          0
   0       68     2660    11996      1305259014      1305271010          229115          0       2000          0          0
   0       68     2658    11996      1305271014      1305283010          241115          0       2000          0          0
   0       68     2663    14998      1305283013      1305298011          253114          0       2000          0          0
   0       68     2664    14021      1305298014      1305312035          268115          0       2000          0          0
   0       68     2662    14143      1305312040      1305326183          282141          0       2000          0          0
   0       68     2663    13822      1305326191      1305340012          296292          0       2000          0          0
   0       68     2683    12004      1305340018      1305352022          310119          0       2000          0          0
   0       68     3684    11982      1305352029      1305364011          322130          0       2000          0          0
   0       68     2662    10909      1305364015      1305374924          334116          0       2000          0          0
   0       68     2686    13083      1305374928      1305388010          345029          0       2000          0          0
   0       68     6138    14207      1305388014      1305402221          358114          0       2000          0          0
   0       68     2658    11791      1305402225      1305414016          372326          0       2000          0          0
   0       68     2662    11984      1305414026      1305426010          384127          0       2000          0          0
   0       68     2663    11022      1305426014      1305437036          396115          0       2000          0          0
   0       68     8639    21972      1305437042      1305459014          407143          0       2000          0          0
   0       68     2661    13879      1305459134      1305473013          429235          0       2000          0          0
   0       68     2660    11002      1305473020      1305484022          443121          0       2000          0          0
   0       68     4665    13984      1305484027      1305498010          454128          0       2000          0          0
   0       68     2661    11995      1305498015      1305510010          468116          0       2000          0          0
   0       68     2710    11996      1305510014      1305522010          480115          0       2000          0          0
   0       68     2658    11997      1305522013      1305534010          492114          0       2000          0          0
   0       68     2658    11997      1305534014      1305546011          504114          0       2000          0          0
   0       68     2663    11996      1305546014      1305558010          516115          0       2000          0          0
   0       68     4664    17015      1305558013      1305575029          528114          0       2000          0          0
   0       68     2683    10984      1305575038      1305586022          545139          0       2000          0          0
   0       68     4668    13980      1305586030      1305600010          556131          0       2000          0          0
   0       68     2665    11996      1305600015      1305612011          570115          0       2000          0          0
   0       68     2667    11995      1305612015      1305624010          582116          0       2000          0          0
   0       68     2661    12006      1305624013      1305636019          594114          0       2000          0          0
   0       68     2760    11982      1305636029      1305648010          606130          0       2000          0          0
   0       68     2668    12005      1305648015      1305660020          618116          0       2000          0          0
   0       68     2665    11986      1305660029      1305672014          630129          0       2000          0          0
   0       68     2664    11003      1305672023      1305683026          642124          0       2000          0          0
   0       68     2662    13009      1305683030      1305696039          653131          0       2000          0          0
   0       68     2700    11962      1305696054      1305708016          666155          0       2000          0          0
   0       68     2650    11989      1305708026      1305720015          678127          0       2000          0          0
   0       68     2679    11987      1305720023      1305732010          690124          0       2000          0          0
   0       68     2659    11996      1305732014      1305744011          702115          0       2000          0          0
   0       68     5664    13733      1305744015      1305757748          714116          0       2000          0          0
   0       68     2675    13260      1305757751      1305771012          727852          0       2000          0          0
   0       68     2678    12017      1305771016      1305783033          741117          0       2000          0          0
   0       68     2666    11971      1305783046      1305795018          753147          0       2000          0          0
   0       68     2810    10994      1305795026      1305806020          765127          0       2000          0          0
   0       68     6665    14736      1305806029      1305820765          776130          0       2000          0          0
   0       68     2666    13241      1305820769      1305834010          790870          0       2000          0          0
   0       68     2659    11996      1305834014      1305846010          804115          0       2000          0          0
   0       68     2660    11997      1305846013      1305858010          816114          0       2000          0          0
   0       68     2663    11996      1305858014      1305870009          828115          0       2000          0          0
   0       68     5685    13754      1305870069      1305883822          840169          0       2000          0          0
   0       68     2667    13190      1305883826      1305897016          853927          0       2000          0          0
   0       68     2713    11989      1305897027      1305909016          867128          0       2000          0          0
   0       68     2646    11986      1305909026      1305921012          879127          0       2000          0          0
   0       68     2656    11991      1305921019      1305933010          891119          0       2000          0          0
   0       68     5669    13738      1305933013      1305946751          903114          0       2000          0          0
   0       68     2661    13254      1305946755      1305960010          916856          0       2000          0          0
   0       68     2663    11998      1305960013      1305972011          930114          0       2000          0          0
   0       68     2655    11998      1305972014      1305984012          942115          0       2000          0          0
   0       68     2674    11995      1305984015      1305996010          954116          0       2000          0          0
   0       68     5659    13741      1305996014      1306009755          966115          0       2000          0          0
   0       68     2665    13249      1306009766      1306023015          979867          0       2000          0          0
   0       68     2660    13990      1306023025      1306037014          993126          0       2000          0          0
   0       68     2652    15989      1306037023      1306053012         1007124          0       2000          0          0
   0       68     2657    12005      1306053018      1306065023         1023119          0       2000          0          0
   0       68     4661    13984      1306065027      1306079011         1035128          0       2000          0          0
   0       68     2656    11995      1306079014      1306091010         1049115          0       2000          0          0
   0       68     2910    11997      1306091013      1306103010         1061114          0       2000          0          0
   0       68     2642    11996      1306103014      1306115010         1073115          0       2000          0          0
   0       68     2658    12009      1306115014      1306127023         1085115          0       2000          0          0
   0       68     6012    14104      1306127035      1306141139         1097136          0       2000          0          0
   0       68     2736    10875      1306141149      1306152024         1111250          0       2000          0          0
   0       68     4700    13979      1306152032      1306166011         1122133          0       2000          0          0
   0       68     2800    12004      1306166017      1306178021         1136118          0       2000          0          0
   0       68     2660    11986      1306178030      1306190016         1148131          0       2000          0          0
   0       68     6008    14095      1306190026      1306204121         1160127          0       2000          0          0
   0       68     2659    10892      1306204132      1306215024         1174233          0       2000          0          0
   0       68     4679    12998      1306215034      1306228032         1185135          0       2000          0          0
   0       68     3662    12976      1306228039      1306241015         1198140          0       2000          0          0
   0       68     2661    11987      1306241024      1306253012         1211125          0       2000          0          0
   0       68     2656    11992      1306253021      1306265012         1223122          0       2000          0          0
   0       68     2658    11992      1306265019      1306277010         1235120          0       2000          0          0
   0       68     2665    11996      1306277014      1306289010         1247115          0       2000          0          0
   0       68     2667    11949      1306289062      1306301011         1259163          0       2000          0          0
   0       68     2666    11997      1306301015      1306313011         1271116          0       2000          0          0
   0       68     2664    11995      1306313015      1306325010         1283116          0       2000          0          0
   0       68     2663    12006      1306325014      1306337019         1295115          0       2000          0          0
   0       68     2668    11976      1306337035      1306349011         1307136          0       2000          0          0
   0       68     2663    11001      1306349016      1306360017         1319117          0       2000          0          0
   0       68     6684    14755      1306360022      1306374777         1330123          0       2000          0          0
   0       68     2666    13229      1306374781      1306388010         1344882          0       2000          0          0
   0       68     2657    11996      1306388014      1306400010         1358115          0       2000          0          0
   0       68     2663    11996      1306400014      1306412010         1370115          0       2000          0          0
   0       68     2664    11997      1306412013      1306424010         1382114          0       2000          0          0
   0       68     2663    11996      1306424014      1306436010         1394115          0       2000          0          0
   0       68     2693    12007      1306436014      1306448021         1406115          0       2000          0          0
   0       68     2656    11975      1306448036      1306460011         1418137          0       2000          0          0
   0       68     2660    12007      1306460018      1306472025         1430119          0       2000          0          0
   0       68     4691    12762      1306472031      1306484793         1442132          0       2000          0          0
   0       68     2659    11214      1306484797      1306496011         1454898          0       2000          0          0
   0       68     2662    11996      1306496014      1306508010         1466115          0       2000          0          0
   0       68     2654    11996      1306508014      1306520010         1478115          0       2000          0          0
   0       68     2659    11016      1306520013      1306531030         1490114          0       2000          0          0
   0       68     2664    12977      1306531033      1306544010         1501134          0       2000          0          0
   0       68     2674    15997      1306544014      1306560011         1514115          0       2000          0          0
   0       68     2680    12006      1306560014      1306572020         1530115          0       2000          0          0
   0       68     2657    11992      1306572037      1306584029         1542138          0       2000          0          0
   0       68     3663    11970      1306584040      1306596010         1554141          0       2000          0          0
   0       68     2664    11996      1306596014      1306608010         1566115          0       2000          0          0
   0       68     2662    11997      1306608014      1306620010         1578115          0       2000          0          0
   0       68     2662    11996      1306620014      1306632010         1590115          0       2000          0          0
   0       68     6143    14222      1306632014      1306646235         1602115          0       2000          0          0
   0       68     2654    12767      1306646245      1306659011         1616346          0       2000          0          0
   0       68     2657    11996      1306659016      1306671012         1629117          0       2000          0          0
   0       68     2654    11995      1306671017      1306683012         1641118          0       2000          0          0
   0       68     2656    11024      1306683016      1306694041         1653117          0       2000          0          0
   0       68     3798    12883      1306694130      1306707013         1664231          0       2000          0          0
   0       68     2659    11989      1306707022      1306719011         1677123          0       2000          0          0
   0       68     2661    11004      1306719015      1306730019         1689116          0       2000          0          0
   0       68     6656    14725      1306730023      1306744748         1700124          0       2000          0          0
   0       68     2661    13259      1306744751      1306758011         1714852          0       2000          0          0
   0       68     2653    11996      1306758014      1306770010         1728115          0       2000          0          0
   0       68     2656    11997      1306770014      1306782010         1740114          0       2000          0          0
   0       68     2656    11997      1306782013      1306794011         1752114          0       2000          0          0
   0       68     6094    14169      1306794015      1306808184         1764116          0       2000          0          0
   0       68     2656    12819      1306808191      1306821010         1778292          0       2000          0          0
   0       68     2655    11997      1306821013      1306833010         1791114          0       2000          0          0
   0       68     2655    11997      1306833014      1306845010         1803114          0       2000          0          0
   0       68     2656    11997      1306845013      1306857010         1815114          0       2000          0          0
   0       68     2652    11996      1306857014      1306869010         1827115          0       2000          0          0
   0       68     2658    11996      1306869013      1306881009         1839114          0       2000          0          0
   0       68     2653    11014      1306881012      1306892026         1851113          0       2000          0          0
   0       68     5805    13882      1306892030      1306905912         1862131          0       2000          0          0
   0       68     2664    11086      1306905924      1306917011         1876025          0       2000          0          0
   0       68     2657    11997      1306917015      1306929012         1887116          0       2000          0          0
   0       68     2653    11009      1306929017      1306940026         1899118          0       2000          0          0
   0       68     2654    12979      1306940030      1306953010         1910131          0       2000          0          0
   0       68     2665    11997      1306953013      1306965010         1923114          0       2000          0          0
   0       68     2655    11997      1306965013      1306977010         1935114          0       2000          0          0
   0       68     2659    11996      1306977014      1306989009         1947114          0       2000          0          0
   0       68     2656    11998      1306989012      1307001010         1959113          0       2000          0          0
   0       68     5662    13731      1307001013      1307014744         1971114          0       2000          0          0
   0       68     2660    13263      1307014748      1307028011         1984848          0       2000          0          0
   0       68     2656    11018      1307028017      1307039035         1998118          0       2000          0          0
   0       68     3660    11978      1307039040      1307051018         2009141          0       2000          0          0
   0       68     2658    12989      1307051021      1307064010         2021122          0       2000          0          0
   0       68     2683    14997      1307064013      1307079010         2034114          0       2000          0          0
   0       68     2658    15997      1307079013      1307095011         2049114          0       2000          0          0
   0       68     2674    15996      1307095014      1307111010         2065115          0       2000          0          0
   0       68     2652    14960      1307111057      1307126017         2081158          0       2000          0          0
   0       68     2664    14980      1307126031      1307141012         2096132          0       2000          0          0
   0       68     2676    15996      1307141017      1307157013         2111118          0       2000          0          0
   0       68     2673    15992      1307157019      1307173011         2127120          0       2000          0          0
   0       68     2654    15994      1307173017      1307189011         2143118          0       2000          0          0
   0       68     2657    11996      1307189016      1307201012         2159117          0       2000          0          0
   0       68     4682    12753      1307201018      1307213770         2171118          0       2000          0          0
   0       68     5667    13736      1307213775      1307227511         2183876          0       2000          0          0
   0       68     2663    13497      1307227515      1307241011         2197616          0       2000          0          0
   0       68     2659    10733      1307241017      1307251750         2211118          0       2000          0          0
   0       68     2660    13268      1307251754      1307265022         2221855          0       2000          0          0
   0       68     2674    11983      1307265027      1307277010         2235128          0       2000          0          0
   0       68     2655    11996      1307277013      1307289009         2247114          0       2000          0          0
   0       68     2660    11997      1307289013      1307301009         2259113          0       2000          0          0
   0       68     2661    11997      1307301012      1307313010         2271113          0       2000          0          0
   0       68     2661    11996      1307313013      1307325009         2283114          0       2000          0          0
   0       68     2657    11997      1307325012      1307337009         2295113          0       2000          0          0
   0       68     2661    12006      1307337012      1307349019         2307113          0       2000          0          0
   0       68     2658    15991      1307349022      1307365013         2319123          0       2000          0          0
   0       68     2660    13005      1307365019      1307378024         2335120          0       2000          0          0
   0       68     2652    10989      1307378029      1307389018         2348130          0       2000          0          0
   0       68     2730    14989      1307389021      1307404010         2359122          0       2000          0          0
   0       68     2654    14996      1307404013      1307419010         2374114          0       2000          0          0
   0       68     2654    14997      1307419013      1307434010         2389114          0       2000          0          0
   0       68     2656    14996      1307434014      1307449010         2404115          0       2000          0          0
   0       68     2654    14997      1307449013      1307464010         2419114          0       2000          0          0
   0       68     2673    14022      1307464014      1307478036         2434115          0       2000          0          0
   0       68     2659    11991      1307478040      1307490031         2448141          0       2000          0          0
   0       68     2719    12974      1307490036      1307503010         2460137          0       2000          0          0
   0       68     2661    11996      1307503014      1307515010         2473115          0       2000          0          0
   0       68     2657    11997      1307515013      1307527010         2485114          0       2000          0          0
   0       68     2657    11996      1307527013      1307539009         2497114          0       2000          0          0
   0       68     2657    12006      1307539012      1307551018         2509113          0       2000          0          0
   0       68     2661    11943      1307551067      1307563010         2521168          0       2000          0          0
   0       68     2657    11996      1307563013      1307575010         2533114          0       2000          0          0
   0       68     2657    11998      1307575013      1307587010         2545114          0       2000          0          0
   0       68     2657    10999      1307587016      1307598016         2557117          0       2000          0          0
   0       68     5663    13734      1307598020      1307611753         2568121          0       2000          0          0
   0       68     2662    11253      1307611757      1307623010         2581858          0       2000          0          0
   0       68     2659    15016      1307623013      1307638029         2593114          0       2000          0          0
   0       68     2739    11972      1307638038      1307650010         2608139          0       2000          0          0
   0       68     6243    14324      1307650014      1307664338         2620115          0       2000          0          0
   0       68     4667    13668      1307664343      1307678011         2634444          0       2000          0          0
   0       68     2658    12001      1307678015      1307690016         2648116          0       2000          0          0
   0       68     2662    11989      1307690025      1307702015         2660126          0       2000          0          0
   0       68     2662    12987      1307702024      1307715010         2672124          0       2000          0          0
   0       68     2659    11598      1307715014      1307726612         2685115          0       2000          0          0
   0       68     5679    13751      1307726621      1307740371         2696722          0       2000          0          0
   0       68     4863    13654      1307740378      1307754032         2710479          0       2000          0          0
   0       68     3730    12973      1307754038      1307767011         2724139          0       2000          0          0
   0       68     2659    11996      1307767015      1307779010         2737116          0       2000          0          0
   0       68     2656    13797      1307779014      1307792811         2749115          0       2000          0          0
   0       68     2672    13194      1307792820      1307806014         2762920          0       2000          0          0
   0       68     3851    11935      1307806023      1307817958         2776124          0       2000          0          0
   0       68     4691    14043      1307817967      1307832010         2788068          0       2000          0          0
   0       68     2661    12032      1307832014      1307844046         2802115          0       2000          0          0
   0       68     2661    10977      1307844063      1307855040         2814164          0       2000          0          0
   0       68     4414    12965      1307855045      1307868010         2825146          0       2000          0          0
   0       68     2658    11995      1307868016      1307880010         2838116          0       2000          0          0
   0       68     2656    11997      1307880014      1307892011         2850115          0       2000          0          0
   0       68     2660    11996      1307892014      1307904010         2862115          0       2000          0          0
   0       68     6069    15001      1307904013      1307919014         2874114          0       2000          0          0
   0       68     6305    14379      1307919025      1307933404         2889126          0       2000          0          0
   0       68     3668    13600      1307933410      1307947010         2903511          0       2000          0          0
   0       68     2662    11996      1307947014      1307959010         2917115          0       2000          0          0
   0       68     2663    11996      1307959014      1307971010         2929115          0       2000          0          0
   0       68     6090    14159      1307971060      1307985219         2941161          0       2000          0          0
   0       68     2658    12787      1307985223      1307998010         2955324          0       2000          0          0
   0       68     2656    11556      1307998014      1308009570         2968115          0       2000          0          0
   0       68     2669    12437      1308009573      1308022010         2979674          0       2000          0          0
   0       68     2657    11000      1308022014      1308033014         2992115          0       2000          0          0
   0       68     2661    11002      1308033024      1308044026         3003125          0       2000          0          0
   0       68     2662    12980      1308044030      1308057010         3014131          0       2000          0          0
   0       68     2677    11995      1308057016      1308069010         3027116          0       2000          0          0
   0       68     2663    11996      1308069014      1308081010         3039115          0       2000          0          0
   0       68     2659    10891      1308081014      1308091905         3051115          0       2000          0          0
   0       68     2667    13102      1308091908      1308105010         3062009          0       2000          0          0
   0       68     2676    11997      1308105014      1308117011         3075114          0       2000          0          0
   0       68     2661    11367      1308117015      1308128382         3087116          0       2000          0          0
   0       68     2668    12632      1308128391      1308141023         3098492          0       2000          0          0
   0       68     2662    11990      1308141033      1308153023         3111133          0       2000          0          0
   0       68     2667    11011      1308153032      1308164044         3123133          0       2000          0          0
   0       68     2692    10963      1308164049      1308175011         3134149          0       2000          0          0
   0       68     2659    11991      1308175020      1308187011         3145121          0       2000          0          0
   0       68     2653    11999      1308187017      1308199016         3157118          0       2000          0          0
   0       68     2658    11984      1308199026      1308211011         3169127          0       2000          0          0
   0       68     2938    12009      1308211016      1308223025         3181117          0       2000          0          0
   0       68     5672    13743      1308223033      1308236776         3193134          0       2000          0          0
   0       68     2662    13231      1308236781      1308250011         3206882          0       2000          0          0
   0       68     2658    11995      1308250016      1308262011         3220117          0       2000          0          0
   0       68     2654    11995      1308262017      1308274011         3232118          0       2000          0          0
   0       68     4618    12687      1308274016      1308286704         3244117          0       2000          0          0
   0       68     2662    11302      1308286707      1308298010         3256808          0       2000          0          0
   0       68     2653    11997      1308298013      1308310010         3268114          0       2000          0          0
   0       68     2654    11010      1308310013      1308321023         3280114          0       2000          0          0
   0       68     2654    12984      1308321026      1308334010         3291127          0       2000          0          0
   0       68     2654    11996      1308334014      1308346010         3304115          0       2000          0          0
   0       68     2655    11997      1308346013      1308358010         3316114          0       2000          0          0
   0       68     2651    11009      1308358013      1308369022         3328114          0       2000          0          0
   0       68     2659    12930      1308369084      1308382014         3339185          0       2000          0          0
   0       68     2676    11989      1308382022      1308394010         3352123          0       2000          0          0
   0       68     2656    11995      1308394015      1308406010         3364116          0       2000          0          0
   0       68     2654    11997      1308406013      1308418010         3376114          0       2000          0          0
   0       68     2656    11997      1308418013      1308430009         3388114          0       2000          0          0
   0       68     2656    11996      1308430013      1308442009         3400114          0       2000          0          0
   0       68     2656    11997      1308442012      1308454010         3412113          0       2000          0          0
   0       68     2655    11998      1308454013      1308466011         3424114          0       2000          0          0
   0       68     2655    11995      1308466016      1308478011         3436117          0       2000          0          0
   0       68     2653    12000      1308478015      1308490016         3448116          0       2000          0          0
   0       68     2662    11985      1308490026      1308502010         3460127          0       2000          0          0
   0       68     2657    11001      1308502016      1308513017         3472117          0       2000          0          0
   0       68     3658    12989      1308513022      1308526010         3483122          0       2000          0          0
   0       68     2653    11996      1308526013      1308538010         3496114          0       2000          0          0
   0       68     2655    11997      1308538013      1308550009         3508113          0       2000          0          0
   0       68     2654    11997      1308550012      1308562010         3520113          0       2000          0          0
   0       68     2654    11998      1308562013      1308574011         3532114          0       2000          0          0
   0       68     2656    11995      1308574016      1308586011         3544117          0       2000          0          0
   0       68     2657    12005      1308586015      1308598020         3556116          0       2000          0          0
   0       68     3689    11984      1308598025      1308610009         3568126          0       2000          0          0
   0       68     2651    11997      1308610013      1308622010         3580114          0       2000          0          0
   0       68     5658    13741      1308622013      1308635754         3592114          0       2000          0          0
   0       68     2664    13248      1308635762      1308649010         3605863          0       2000          0          0
   0       68     2662    11995      1308649015      1308661010         3619116          0       2000          0          0
   0       68     2656    11997      1308661014      1308673012         3631115          0       2000          0          0
   0       68     2654    11994      1308673016      1308685011         3643117          0       2000          0          0
   0       68     2658    11997      1308685014      1308697011         3655115          0       2000          0          0
   0       68     2659    11997      1308697016      1308709012         3667116          0       2000          0          0
   0       68     5689    13761      1308709017      1308722778         3679118          0       2000          0          0
   0       68     2660    13228      1308722782      1308736010         3692883          0       2000          0          0
   0       68     2656    11997      1308736013      1308748010         3706114          0       2000          0          0
   0       68     2658    11997      1308748013      1308760010         3718114          0       2000          0          0
   0       68     2652    11997      1308760014      1308772010         3730114          0       2000          0          0
   0       68     2655    11952      1308772058      1308784010         3742159          0       2000          0          0
   0       68     2654    11996      1308784013      1308796010         3754114          0       2000          0          0
   0       68     2654    11998      1308796013      1308808011         3766114          0       2000          0          0
   0       68     2654    11999      1308808014      1308820013         3778115          0       2000          0          0
   0       68     2656    11993      1308820019      1308832011         3790119          0       2000          0          0
   0       68     5679    13749      1308832015      1308845764         3802116          0       2000          0          0
   0       68     2659    13243      1308845767      1308859010         3815868          0       2000          0          0
   0       68     2653    11996      1308859013      1308871010         3829114          0       2000          0          0
   0       68     2655    11996      1308871013      1308883010         3841114          0       2000          0          0
   0       68     2654    11997      1308883013      1308895010         3853114          0       2000          0          0
   0       68     2655    11996      1308895014      1308907010         3865114          0       2000          0          0
   0       68     2654    12013      1308907013      1308919026         3877114          0       2000          0          0
   0       68     2655    11980      1308919030      1308931010         3889131          0       2000          0          0
   0       68     2656    12007      1308931014      1308943021         3901115          0       2000          0          0
   0       68     3691    11985      1308943026      1308955011         3913127          0       2000          0          0
   0       68     2653    11994      1308955017      1308967011         3925118          0       2000          0          0
   0       68     2654    11996      1308967016      1308979012         3937117          0       2000          0          0
   0       68     2656    11992      1308979018      1308991010         3949119          0       2000          0          0
   0       68     2655    11996      1308991014      1309003010         3961115          0       2000          0          0
   0       68     6299    14368      1309003013      1309017381         3973114          0       2000          0          0
   0       68     2672    13627      1309017385      1309031012         3987486          0       2000          0          0
   0       68     2655    10732      1309031017      1309041749         4001118          0       2000          0          0
   0       68     5654    13723      1309041755      1309055479         4011856          0       2000          0          0
   0       68     2666    12530      1309055483      1309068013         4025583          0       2000          0          0
   0       68     2659    15991      1309068021      1309084012         4038122          0       2000          0          0
   0       68     2679    15992      1309084017      1309100009         4054118          0       2000          0          0
   0       68     2656    14997      1309100013      1309115010         4070113          0       2000          0          0
   0       68     2660    15007      1309115013      1309130020         4085114          0       2000          0          0
   0       68     2659    15982      1309130030      1309146012         4100131          0       2000          0          0
   0       68     2656    15999      1309146017      1309162016         4116118          0       2000          0          0
   0       68     2658    14021      1309162026      1309176047         4132127          0       2000          0          0
   0       68     2662    10956      1309176055      1309187010         4146155          0       2000          0          0
   0       68     2664    11006      1309187016      1309198022         4157117          0       2000          0          0
   0       68     3665    12914      1309198097      1309211011         4168198          0       2000          0          0
   0       68     2659    10999      1309211019      1309222018         4181120          0       2000          0          0
   0       68     3665    12987      1309222024      1309235011         4192125          0       2000          0          0
   0       68     2676    11992      1309235018      1309247010         4205119          0       2000          0          0
   0       68     2662    11998      1309247013      1309259011         4217114          0       2000          0          0
   0       68     2662    11012      1309259016      1309270028         4229117          0       2000          0          0
   0       68     2661    12989      1309270034      1309283023         4240135          0       2000          0          0
   0       68     2671    11982      1309283027      1309295010         4253128          0       2000          0          0
   0       68     2662    11997      1309295013      1309307010         4265114          0       2000          0          0
   0       68     2664    12004      1309307014      1309319018         4277115          0       2000          0          0
   0       68     2667    11989      1309319021      1309331010         4289122          0       2000          0          0
   0       68     5667    13736      1309331013      1309344749         4301114          0       2000          0          0
   0       68     2671    13257      1309344752      1309358010         4314853          0       2000          0          0
   0       68     2655    11997      1309358013      1309370010         4328114          0       2000          0          0
   0       68     2658    11998      1309370013      1309382011         4340114          0       2000          0          0
   0       68     2664    11995      1309382017      1309394012         4352118          0       2000          0          0
   0       68     3677    11991      1309394019      1309406009         4364119          0       2000          0          0
   0       68     2658    11996      1309406013      1309418009         4376114          0       2000          0          0
   0       68     2655    11997      1309418013      1309430010         4388114          0       2000          0          0
   0       68     2657    11997      1309430013      1309442010         4400114          0       2000          0          0
   0       68     2656    11997      1309442013      1309454010         4412114          0       2000          0          0
   0       68     2665    11997      1309454013      1309466010         4424114          0       2000          0          0
   0       68     2662    11999      1309466013      1309478012         4436114          0       2000          0          0
   0       68     2656    11993      1309478017      1309490010         4448118          0       2000          0          0
   0       68     2664    11002      1309490014      1309501016         4460115          0       2000          0          0
   0       68     6667    14738      1309501020      1309515758         4471121          0       2000          0          0
   0       68     2658    11256      1309515762      1309527018         4485863          0       2000          0          0
   0       68     2664    10988      1309527022      1309538010         4497123          0       2000          0          0
   0       68     2662    11997      1309538013      1309550010         4508114          0       2000          0          0
   0       68     2661    11997      1309550013      1309562010         4520114          0       2000          0          0
   0       68     2664    11997      1309562014      1309574010         4532115          0       2000          0          0
   0       68     2658    13588      1309574014      1309587601         4544115          0       2000          0          0
   0       68     2677    12402      1309587609      1309600011         4557710          0       2000          0          0
   0       68     2685    10967      1309600075      1309611042         4570176          0       2000          0          0
   0       68     4663    13958      1309611052      1309625010         4581153          0       2000          0          0
   0       68     2666    14842      1309625015      1309639857         4595116          0       2000          0          0
   0       68     2669    17149      1309639866      1309657016         4609967          0       2000          0          0
   0       68     2661    10742      1309657025      1309667766         4627126          0       2000          0          0
   0       68     2670    11248      1309667775      1309679023         4637876          0       2000          0          0
   0       68     2665    10755      1309679027      1309689782         4649128          0       2000          0          0
   0       68     2668    15232      1309689798      1309705030         4659899          0       2000          0          0
   0       68     2660    11582      1309705039      1309716621         4675140          0       2000          0          0
   0       68     2664    13383      1309716629      1309730013         4686730          0       2000          0          0
   0       68     2692    12004      1309730020      1309742024         4700121          0       2000          0          0
   0       68     2660    11202      1309742028      1309753230         4712129          0       2000          0          0
   0       68     2663    10742      1309753234      1309763976         4723334          0       2000          0          0
   0       68     2666    11079      1309763980      1309775059         4734081          0       2000          0          0
   0       68     2667    10893      1309775063      1309785956         4745164          0       2000          0          0
   0       68     2667    11049      1309785960      1309797009         4756061          0       2000          0          0
   0       68     2664    11998      1309797012      1309809010         4767113          0       2000          0          0
   0       68     2663    12000      1309809013      1309821014         4779114          0       2000          0          0
   0       68     2665    11994      1309821022      1309833015         4791123          0       2000          0          0
   0       68     2682    11988      1309833025      1309845013         4803126          0       2000          0          0
   0       68     5699    13770      1309845021      1309858791         4815122          0       2000          0          0
   0       68     2668    13214      1309858795      1309872009         4828896          0       2000          0          0
   0       68     2655    11982      1309872013      1309883995         4842114          0       2000          0          0
   0       68     2668    12011      1309883999      1309896010         4854099          0       2000          0          0
   0       68     2657    11996      1309896013      1309908010         4866114          0       2000          0          0
   0       68     2662    14030      1309908013      1309922044         4878114          0       2000          0          0
   0       68     2665    11967      1309922050      1309934017         4892151          0       2000          0          0
   0       68     2663    11983      1309934027      1309946010         4904128          0       2000          0          0
   0       68     2663    11997      1309946014      1309958011         4916115          0       2000          0          0
   0       68     2736    11993      1309958016      1309970010         4928117          0       2000          0          0
   0       68     2659    11996      1309970014      1309982010         4940115          0       2000          0          0
   0       68     2679    11996      1309982013      1309994010         4952114          0       2000          0          0
   0       68     2660    11996      1309994013      1310006009         4964114          0       2000          0          0
   0       68     6303    14372      1310006059      1310020431         4976160          0       2000          0          0
