#idx     perf      run   period           start             end          rel_st      slack c_duration   c_period     wu_lat
   0       68     5705    13776      1283928177      1283941953             558          0       2000          0          0
   0       68     3675    13056      1283941957      1283955014           14339          0       2000          0          0
   0       68     2663    12011      1283955021      1283967032           27403          0       2000          0          0
   0       68     8803    16880      1283967041      1283983921           39423          0       2000          0          0
   0       68     2671    12096      1283983929      1283996026           56311          0       2000          0          0
   0       68     2665    11981      1283996029      1284008010           68411          0       2000          0          0
   0       68     2667    11997      1284008013      1284020010           80395          0       2000          0          0
   0       68     2667    11996      1284020014      1284032010           92395          0       2000          0          0
   0       68     2674    11998      1284032013      1284044011          104395          0       2000          0          0
   0       68     2664    11996      1284044014      1284056010          116396          0       2000          0          0
   0       68     2666    11997      1284056013      1284068010          128395          0       2000          0          0
   0       68     2667    11653      1284068013      1284079666          140395          0       2000          0          0
   0       68     2670    13341      1284079669      1284093010          152051          0       2000          0          0
   0       68     2682    11996      1284093013      1284105010          165395          0       2000          0          0
   0       68     2682    11998      1284105013      1284117010          177395          0       2000          0          0
   0       68     2663    11997      1284117014      1284129011          189396          0       2000          0          0
   0       68     2663    11992      1284129018      1284141010          201399          0       2000          0          0
   0       68     2669    11998      1284141013      1284153011          213395          0       2000          0          0
   0       68     2665    12001      1284153016      1284165017          225398          0       2000          0          0
   0       68     2667    11985      1284165026      1284177011          237407          0       2000          0          0
   0       68     2666    11027      1284177015      1284188042          249397          0       2000          0          0
   0       68     5231    13966      1284188051      1284202017          260433          0       2000          0          0
   0       68     5734    13813      1284202027      1284215840          274409          0       2000          0          0
   0       68     2747    11162      1284215848      1284227011          288230          0       2000          0          0
   0       68     4676    14993      1284227017      1284242010          299398          0       2000          0          0
   0       68     2713    11996      1284242014      1284254009          314396          0       2000          0          0
   0       68     2738    11997      1284254013      1284266010          326394          0       2000          0          0
   0       68     2670    12001      1284266013      1284278015          338395          0       2000          0          0
   0       68     2678    11991      1284278025      1284290016          350407          0       2000          0          0
   0       68     4189    12985      1284290025      1284303010          362407          0       2000          0          0
   0       68     2710    11994      1284303017      1284315010          375398          0       2000          0          0
   0       68     2664    11996      1284315014      1284327010          387396          0       2000          0          0
   0       68     2666    11997      1284327013      1284339010          399395          0       2000          0          0
   0       68     2665    11933      1284339077      1284351010          411459          0       2000          0          0
   0       68     2670    11997      1284351013      1284363011          423395          0       2000          0          0
   0       68     6173    14248      1284363014      1284377262          435396          0       2000          0          0
   0       68     2685    12740      1284377271      1284390010          449652          0       2000          0          0
   0       68     2667    12002      1284390014      1284402015          462396          0       2000          0          0
   0       68     2734    11988      1284402025      1284414013          474407          0       2000          0          0
   0       68     6438    14510      1284414022      1284428532          486404          0       2000          0          0
   0       68     2684    13470      1284428540      1284442010          500922          0       2000          0          0
   0       68     2664    10733      1284442013      1284452746          514395          0       2000          0          0
   0       68     2671    13260      1284452750      1284466010          525131          0       2000          0          0
   0       68     2664    11997      1284466013      1284478010          538395          0       2000          0          0
   0       68     2665    11997      1284478013      1284490010          550395          0       2000          0          0
   0       68     2665    12005      1284490013      1284502018          562395          0       2000          0          0
   0       68     2727    11991      1284502034      1284514025          574416          0       2000          0          0
   0       68     6251    14325      1284514034      1284528358          586416          0       2000          0          0
   0       68     2669    13649      1284528366      1284542015          600748          0       2000          0          0
   0       68     2665    10736      1284542024      1284552760          614405          0       2000          0          0
   0       68     4948    14247      1284552763      1284567010          625145          0       2000          0          0
   0       68     2708    11993      1284567018      1284579011          639399          0       2000          0          0
   0       68     2664    11995      1284579014      1284591010          651396          0       2000          0          0
   0       68     2665    11997      1284591013      1284603010          663395          0       2000          0          0
   0       68     2667    11998      1284603013      1284615011          675395          0       2000          0          0
   0       68     2673    13010      1284615014      1284628024          687396          0       2000          0          0
   0       68     2665    12988      1284628032      1284641020          700414          0       2000          0          0
   0       68     2660    11987      1284641024      1284653012          713406          0       2000          0          0
   0       68     2571    11994      1284653017      1284665011          725399          0       2000          0          0
   0       68     2664    15007      1284665015      1284680021          737397          0       2000          0          0
   0       68     2745    17986      1284680031      1284698017          752413          0       2000          0          0
   0       68    12010    20103      1284698026      1284718129          770408          0       2000          0          0
   0       68     6968    15058      1284718140      1284733198          790521          0       2000          0          0
   0       68    11950    20041      1284733206      1284753247          805588          0       2000          0          0
   0       68     2843    15766      1284753258      1284769024          825640          0       2000          0          0
   0       68     2653    11074      1284769035      1284780109          841416          0       2000          0          0
   0       68     4783    13113      1284780172      1284793286          852554          0       2000          0          0
   0       68     4700    15751      1284793295      1284809046          865677          0       2000          0          0
   0       68     2664    10975      1284809056      1284820030          881438          0       2000          0          0
   0       68     4680    12976      1284820039      1284833015          892420          0       2000          0          0
   0       68     2666    11986      1284833024      1284845011          905406          0       2000          0          0
   0       68     2666    11995      1284845016      1284857011          917397          0       2000          0          0
   0       68     2667    11995      1284857015      1284869010          929397          0       2000          0          0
   0       68     2667    12009      1284869014      1284881023          941396          0       2000          0          0
   0       68     2673    11982      1284881033      1284893015          953415          0       2000          0          0
   0       68     3832    14987      1284893023      1284908010          965405          0       2000          0          0
   0       68     2788    10860      1284908015      1284918875          980397          0       2000          0          0
   0       68     2667    13131      1284918879      1284932010          991261          0       2000          0          0
   0       68     2666    11996      1284932013      1284944010         1004395          0       2000          0          0
   0       68     2662    12027      1284944013      1284956040         1016395          0       2000          0          0
   0       68     2743    11962      1284956055      1284968016         1028436          0       2000          0          0
   0       68     2672    11045      1284968026      1284979072         1040408          0       2000          0          0
   0       68     4678    13930      1284979081      1284993010         1051462          0       2000          0          0
   0       68     2732    12046      1284993014      1285005060         1065396          0       2000          0          0
   0       68     3690    11946      1285005064      1285017010         1077446          0       2000          0          0
   0       68     2667    11057      1285017014      1285028071         1089395          0       2000          0          0
   0       68     2666    12936      1285028074      1285041010         1100456          0       2000          0          0
   0       68     2665    11997      1285041014      1285053010         1113395          0       2000          0          0
   0       68     2664    11996      1285053013      1285065010         1125395          0       2000          0          0
   0       68     2669    11996      1285065013      1285077009         1137395          0       2000          0          0
   0       68     2629    11999      1285077012      1285089011         1149394          0       2000          0          0
   0       68     2666    11993      1285089016      1285101009         1161398          0       2000          0          0
   0       68     2666    11999      1285101013      1285113012         1173394          0       2000          0          0
   0       68     2679    11996      1285113016      1285125011         1185397          0       2000          0          0
   0       68     2666    11995      1285125015      1285137010         1197397          0       2000          0          0
   0       68     2668    11998      1285137014      1285149012         1209396          0       2000          0          0
   0       68     2669    12002      1285149016      1285161018         1221398          0       2000          0          0
   0       68     2710    12002      1285161029      1285173030         1233411          0       2000          0          0
   0       68     6245    14328      1285173042      1285187371         1245424          0       2000          0          0
   0       68     2704    11637      1285187439      1285199076         1259821          0       2000          0          0
   0       68     2731    11348      1285199090      1285210438         1271472          0       2000          0          0
   0       68     3682    14562      1285210448      1285225010         1282830          0       2000          0          0
   0       68     2665    10733      1285225013      1285235747         1297395          0       2000          0          0
   0       68     2669    13259      1285235750      1285249009         1308132          0       2000          0          0
   0       68     2664    11998      1285249012      1285261010         1321394          0       2000          0          0
   0       68     2663    11998      1285261013      1285273011         1333395          0       2000          0          0
   0       68     2669    12022      1285273014      1285285036         1345396          0       2000          0          0
   0       68     5749    14690      1285285052      1285299742         1357433          0       2000          0          0
   0       68     6426    14500      1285299751      1285314251         1372133          0       2000          0          0
   0       68     2664    12752      1285314258      1285327010         1386640          0       2000          0          0
   0       68     2662    11997      1285327013      1285339010         1399395          0       2000          0          0
   0       68     2666    11997      1285339013      1285351010         1411395          0       2000          0          0
   0       68     2734    12001      1285351014      1285363015         1423395          0       2000          0          0
   0       68     2675    11001      1285363025      1285374027         1435407          0       2000          0          0
   0       68     7515    15587      1285374036      1285389624         1446418          0       2000          0          0
   0       68     2667    13400      1285389628      1285403029         1462010          0       2000          0          0
   0       68     2697    11986      1285403039      1285415025         1475421          0       2000          0          0
   0       68     4681    12756      1285415035      1285427791         1487417          0       2000          0          0
   0       68     2672    11214      1285427796      1285439010         1500178          0       2000          0          0
   0       68     2666    11997      1285439013      1285451011         1511395          0       2000          0          0
   0       68     2663    11996      1285451014      1285463010         1523395          0       2000          0          0
   0       68     2664    11997      1285463013      1285475010         1535395          0       2000          0          0
   0       68     2668    11996      1285475013      1285487009         1547395          0       2000          0          0
   0       68     2673    11009      1285487012      1285498020         1559394          0       2000          0          0
   0       68     5675    13780      1285498030      1285511810         1570412          0       2000          0          0
   0       68     2756    11207      1285511826      1285523032         1584207          0       2000          0          0
   0       68     2689    10981      1285523042      1285534022         1595424          0       2000          0          0
   0       68     2667    11978      1285534032      1285546011         1606414          0       2000          0          0
   0       68     2665    11995      1285546015      1285558009         1618397          0       2000          0          0
   0       68     2667    11997      1285558013      1285570010         1630394          0       2000          0          0
   0       68     2663    11997      1285570013      1285582010         1642395          0       2000          0          0
   0       68     2669    11998      1285582012      1285594010         1654394          0       2000          0          0
   0       68     2662    11946      1285594064      1285606010         1666446          0       2000          0          0
   0       68     2666    12548      1285606013      1285618561         1678395          0       2000          0          0
   0       68     2998    12482      1285618566      1285631048         1690948          0       2000          0          0
   0       68     2762    11956      1285631057      1285643014         1703439          0       2000          0          0
   0       68     2761    11990      1285643021      1285655011         1715403          0       2000          0          0
   0       68     2665    12000      1285655016      1285667016         1727397          0       2000          0          0
   0       68     2674    10997      1285667026      1285678023         1739408          0       2000          0          0
   0       68     2667    12977      1285678033      1285691010         1750415          0       2000          0          0
   0       68     2665    11996      1285691014      1285703010         1763396          0       2000          0          0
   0       68     2668    11997      1285703014      1285715011         1775396          0       2000          0          0
   0       68     2668    11996      1285715014      1285727010         1787396          0       2000          0          0
   0       68     2679    11997      1285727013      1285739011         1799395          0       2000          0          0
   0       68     2682    12003      1285739013      1285751017         1811395          0       2000          0          0
   0       68     2742    12271      1285751031      1285763302         1823413          0       2000          0          0
   0       68     4020    14452      1285763311      1285777763         1835693          0       2000          0          0
   0       68     2671    12240      1285777770      1285790010         1850152          0       2000          0          0
   0       68     2667    11996      1285790014      1285802009         1862395          0       2000          0          0
   0       68     2667    11997      1285802013      1285814010         1874394          0       2000          0          0
   0       68     2662    11997      1285814013      1285826010         1886395          0       2000          0          0
   0       68     2684    12024      1285826013      1285838037         1898395          0       2000          0          0
   0       68     2741    11973      1285838044      1285850018         1910426          0       2000          0          0
   0       68     2673    10993      1285850027      1285861021         1922409          0       2000          0          0
   0       68     2708    12982      1285861029      1285874010         1933410          0       2000          0          0
   0       68     2668    11995      1285874015      1285886010         1946397          0       2000          0          0
   0       68     2667    11997      1285886013      1285898010         1958395          0       2000          0          0
   0       68     2667    11997      1285898013      1285910010         1970395          0       2000          0          0
   0       68     2666    11996      1285910014      1285922010         1982396          0       2000          0          0
   0       68     2723    11997      1285922013      1285934010         1994395          0       2000          0          0
   0       68     2695    11996      1285934014      1285946010         2006396          0       2000          0          0
   0       68     2664    12002      1285946014      1285958016         2018396          0       2000          0          0
   0       68     5412    14992      1285958024      1285973016         2030406          0       2000          0          0
   0       68     2663    10994      1285973027      1285984022         2045409          0       2000          0          0
   0       68     2672    10995      1285984031      1285995026         2056413          0       2000          0          0
   0       68     2671    13929      1285995081      1286009010         2067463          0       2000          0          0
   0       68     2665    10735      1286009014      1286019749         2081396          0       2000          0          0
   0       68     2661    12260      1286019752      1286032012         2092134          0       2000          0          0
   0       68     2674    11994      1286032016      1286044010         2104398          0       2000          0          0
   0       68     2654    11998      1286044014      1286056011         2116395          0       2000          0          0
   0       68     2653    11996      1286056015      1286068011         2128397          0       2000          0          0
   0       68     2649    12025      1286068014      1286080039         2140396          0       2000          0          0
   0       68     2729    11966      1286080054      1286092020         2152436          0       2000          0          0
   0       68     2775    11988      1286092031      1286104018         2164412          0       2000          0          0
   0       68     3779    13014      1286104027      1286117041         2176409          0       2000          0          0
   0       68     2702    13962      1286117051      1286131014         2189433          0       2000          0          0
   0       68     2668    10759      1286131022      1286141781         2203403          0       2000          0          0
   0       68     2671    13235      1286141791      1286155026         2214173          0       2000          0          0
   0       68     2675    11971      1286155044      1286167014         2227425          0       2000          0          0
   0       68     2856    11105      1286167023      1286178128         2239405          0       2000          0          0
   0       68     4651    15876      1286178139      1286194015         2250521          0       2000          0          0
   0       68     2651    10725      1286194024      1286204750         2266406          0       2000          0          0
   0       68     2887    13260      1286204754      1286218014         2277136          0       2000          0          0
   0       68     2652    11989      1286218022      1286230011         2290404          0       2000          0          0
   0       68     2654    11994      1286230015      1286242009         2302397          0       2000          0          0
   0       68     2673    11997      1286242013      1286254010         2314395          0       2000          0          0
   0       68     2653    12000      1286254014      1286266013         2326396          0       2000          0          0
   0       68     2667    11984      1286266026      1286278010         2338408          0       2000          0          0
   0       68     2651    12007      1286278014      1286290021         2350395          0       2000          0          0
   0       68     2654    11980      1286290034      1286302014         2362416          0       2000          0          0
   0       68     2869    11991      1286302022      1286314014         2374404          0       2000          0          0
   0       68     2655    11988      1286314022      1286326010         2386404          0       2000          0          0
   0       68     2658    11006      1286326014      1286337020         2398396          0       2000          0          0
   0       68     2659    12985      1286337023      1286350009         2409405          0       2000          0          0
   0       68     2653    11998      1286350012      1286362010         2422394          0       2000          0          0
   0       68     2657    11997      1286362013      1286374010         2434395          0       2000          0          0
   0       68     2688    11996      1286374014      1286386010         2446396          0       2000          0          0
   0       68     2652    11997      1286386013      1286398010         2458395          0       2000          0          0
   0       68     5667    13750      1286398061      1286411811         2470442          0       2000          0          0
   0       68     2669    11749      1286411820      1286423569         2484202          0       2000          0          0
   0       68     4689    12762      1286423579      1286436341         2495961          0       2000          0          0
   0       68     2653    13665      1286436345      1286450010         2508727          0       2000          0          0
   0       68     2630    10711      1286450014      1286460726         2522396          0       2000          0          0
   0       68     3991    13276      1286460734      1286474010         2533116          0       2000          0          0
   0       68     2651    11994      1286474015      1286486010         2546397          0       2000          0          0
   0       68     2652    11997      1286486013      1286498010         2558395          0       2000          0          0
   0       68     5688    13757      1286498014      1286511771         2570396          0       2000          0          0
   0       68     2683    13243      1286511774      1286525017         2584156          0       2000          0          0
   0       68     2675    11986      1286525029      1286537015         2597411          0       2000          0          0
   0       68     3780    14986      1286537024      1286552011         2609406          0       2000          0          0
   0       68     2654    10723      1286552016      1286562739         2624398          0       2000          0          0
   0       68     2754    13275      1286562742      1286576017         2635124          0       2000          0          0
   0       68     2657    10997      1286576027      1286587024         2648409          0       2000          0          0
   0       68     3676    12976      1286587034      1286600010         2659416          0       2000          0          0
   0       68     2656    11995      1286600014      1286612010         2672396          0       2000          0          0
   0       68     2655    11999      1286612013      1286624012         2684395          0       2000          0          0
   0       68     4123    12212      1286624018      1286636230         2696400          0       2000          0          0
   0       68     2660    12783      1286636238      1286649021         2708620          0       2000          0          0
   0       68     2953    11985      1286649031      1286661016         2721413          0       2000          0          0
   0       68     2652    11995      1286661025      1286673020         2733407          0       2000          0          0
   0       68     2656    11996      1286673036      1286685033         2745418          0       2000          0          0
   0       68     5009    13079      1286685042      1286698121         2757424          0       2000          0          0
   0       68     2696    10769      1286698126      1286708895         2770508          0       2000          0          0
   0       68     2674    10745      1286708899      1286719645         2781281          0       2000          0          0
   0       68     2678    10750      1286719648      1286730398         2792030          0       2000          0          0
   0       68     2695    11618      1286730402      1286742020         2802783          0       2000          0          0
   0       68     5713    13795      1286742030      1286755824         2814411          0       2000          0          0
   0       68     2702    11246      1286755833      1286767080         2828215          0       2000          0          0
   0       68     2681    10753      1286767086      1286777840         2839468          0       2000          0          0
   0       68     2757    10829      1286777843      1286788672         2850225          0       2000          0          0
   0       68     2679    10751      1286788676      1286799427         2861058          0       2000          0          0
   0       68     2969    11041      1286799485      1286810527         2871867          0       2000          0          0
   0       68     2704    10777      1286810531      1286821308         2882913          0       2000          0          0
   0       68     2685    10756      1286821312      1286832069         2893694          0       2000          0          0
   0       68     2679    10749      1286832073      1286842821         2904454          0       2000          0          0
   0       68     2686    12635      1286842824      1286855459         2915206          0       2000          0          0
   0       68     2676    10759      1286855469      1286866228         2927851          0       2000          0          0
   0       68     3149    11222      1286866237      1286877459         2938619          0       2000          0          0
   0       68     2774    10847      1286877463      1286888310         2949845          0       2000          0          0
   0       68     2761    10833      1286888315      1286899148         2960697          0       2000          0          0
   0       68     2703    10773      1286899152      1286909925         2971533          0       2000          0          0
   0       68     2698    10770      1286909928      1286920698         2982310          0       2000          0          0
   0       68     2682    10752      1286920702      1286931454         2993084          0       2000          0          0
   0       68     2665    10739      1286931458      1286942197         3003840          0       2000          0          0
   0       68     2713    10787      1286942201      1286952988         3014583          0       2000          0          0
   0       68     2681    10806      1286952991      1286963798         3025373          0       2000          0          0
   0       68     4632    13383      1286963807      1286977190         3036189          0       2000          0          0
   0       68     4308    12387      1286977200      1286989588         3049582          0       2000          0          0
   0       68     2699    10773      1286989594      1287000367         3061976          0       2000          0          0
   0       68     2682    10755      1287000372      1287011127         3072754          0       2000          0          0
   0       68     2670    10742      1287011133      1287021875         3083515          0       2000          0          0
   0       68     2669    10741      1287021878      1287032619         3094260          0       2000          0          0
   0       68     2684    10756      1287032623      1287043379         3105005          0       2000          0          0
   0       68     2669    10739      1287043382      1287054122         3115764          0       2000          0          0
   0       68     2675    10747      1287054125      1287064872         3126507          0       2000          0          0
   0       68     2685    11511      1287064876      1287076387         3137257          0       2000          0          0
   0       68     2672    12439      1287076396      1287088835         3148778          0       2000          0          0
   0       68     6063    14138      1287088845      1287102983         3161226          0       2000          0          0
   0       68     2680    13030      1287102991      1287116021         3175373          0       2000          0          0
   0       68     2660    11990      1287116032      1287128022         3188414          0       2000          0          0
   0       68     2666    10754      1287128033      1287138786         3200414          0       2000          0          0
   0       68     5697    13778      1287138796      1287152574         3211177          0       2000          0          0
   0       68     3922    11999      1287152585      1287164583         3224966          0       2000          0          0
   0       68     2688    10855      1287164590      1287175445         3236972          0       2000          0          0
   0       68     2670    10758      1287175517      1287186275         3247899          0       2000          0          0
   0       68     7015    15095      1287186285      1287201380         3258667          0       2000          0          0
   0       68     2685    12631      1287201389      1287214020         3273771          0       2000          0          0
   0       68     2665    10747      1287214030      1287224776         3286411          0       2000          0          0
   0       68     2699    10774      1287224786      1287235559         3297167          0       2000          0          0
   0       68     2699    10772      1287235564      1287246335         3307945          0       2000          0          0
   0       68     2682    10754      1287246339      1287257093         3318721          0       2000          0          0
   0       68     2663    10734      1287257097      1287267831         3329479          0       2000          0          0
   0       68     3093    11165      1287267834      1287278999         3340216          0       2000          0          0
   0       68     2661    10732      1287279021      1287289754         3351403          0       2000          0          0
   0       68     2672    10743      1287289758      1287300501         3362139          0       2000          0          0
   0       68     2695    11515      1287300505      1287312021         3372887          0       2000          0          0
   0       68     2666    10747      1287312030      1287322778         3384412          0       2000          0          0
   0       68     2690    12224      1287322786      1287335010         3395168          0       2000          0          0
   0       68     2679    11995      1287335015      1287347010         3407397          0       2000          0          0
   0       68     2664    11996      1287347014      1287359010         3419395          0       2000          0          0
   0       68     2677    10893      1287359013      1287369906         3431395          0       2000          0          0
   0       68     2673    11100      1287369910      1287381010         3442292          0       2000          0          0
   0       68     2654    11997      1287381014      1287393010         3453396          0       2000          0          0
   0       68     2652    11996      1287393014      1287405010         3465396          0       2000          0          0
   0       68     2670    12008      1287405014      1287417021         3477395          0       2000          0          0
   0       68     4735    12812      1287417030      1287429843         3489412          0       2000          0          0
   0       68     2731    13164      1287429852      1287443015         3502233          0       2000          0          0
   0       68     2665    10997      1287443025      1287454022         3515407          0       2000          0          0
   0       68     4667    12979      1287454032      1287467010         3526413          0       2000          0          0
   0       68     5657    13727      1287467015      1287480742         3539396          0       2000          0          0
   0       68     2655    13263      1287480745      1287494009         3553127          0       2000          0          0
   0       68     2652    11998      1287494012      1287506010         3566394          0       2000          0          0
   0       68     2656    12004      1287506013      1287518017         3578395          0       2000          0          0
   0       68     2758    11994      1287518023      1287530017         3590405          0       2000          0          0
   0       68     5648    13728      1287530027      1287543754         3602408          0       2000          0          0
   0       68     4674    12747      1287543763      1287556510         3616145          0       2000          0          0
   0       68     2655    13497      1287556514      1287570011         3628896          0       2000          0          0
   0       68     2657    10727      1287570067      1287580794         3642449          0       2000          0          0
   0       68     2661    13212      1287580798      1287594010         3653179          0       2000          0          0
   0       68     2652    11997      1287594013      1287606010         3666395          0       2000          0          0
   0       68     2653    11997      1287606013      1287618011         3678395          0       2000          0          0
   0       68     2782    12001      1287618014      1287630015         3690395          0       2000          0          0
   0       68     2752    11986      1287630024      1287642010         3702406          0       2000          0          0
   0       68     2653    12001      1287642014      1287654015         3714395          0       2000          0          0
   0       68     2768    11994      1287654021      1287666015         3726403          0       2000          0          0
   0       68     7996    16073      1287666025      1287682098         3738407          0       2000          0          0
   0       68     2653    13904      1287682106      1287696010         3754488          0       2000          0          0
   0       68     2651    10720      1287696013      1287706733         3768395          0       2000          0          0
   0       68     2657    13287      1287706737      1287720023         3779118          0       2000          0          0
   0       68     2650    11983      1287720027      1287732010         3792409          0       2000          0          0
   0       68     2653    11997      1287732013      1287744010         3804394          0       2000          0          0
   0       68     2648    11996      1287744013      1287756010         3816395          0       2000          0          0
   0       68     2649    12004      1287756013      1287768018         3828395          0       2000          0          0
   0       68     2667    11988      1287768029      1287780017         3840410          0       2000          0          0
   0       68     4270    12992      1287780026      1287793018         3852407          0       2000          0          0
   0       68     7874    17982      1287793029      1287811011         3865410          0       2000          0          0
   0       68     6509    14579      1287811018      1287825597         3883400          0       2000          0          0
   0       68     2656    10724      1287825602      1287836326         3897984          0       2000          0          0
   0       68     2649    11681      1287836330      1287848011         3908711          0       2000          0          0
   0       68     2670    11996      1287848014      1287860010         3920396          0       2000          0          0
   0       68     2649    12003      1287860013      1287872016         3932395          0       2000          0          0
   0       68     2725    13066      1287872026      1287885092         3944408          0       2000          0          0
   0       68     4140    13909      1287885102      1287899011         3957484          0       2000          0          0
   0       68     2650    11994      1287899016      1287911010         3971398          0       2000          0          0
   0       68     2655    11997      1287911014      1287923010         3983395          0       2000          0          0
   0       68     2655    11996      1287923014      1287935010         3995395          0       2000          0          0
   0       68     2653    11996      1287935013      1287947009         4007395          0       2000          0          0
   0       68     2650    11998      1287947012      1287959010         4019394          0       2000          0          0
   0       68     2652    12005      1287959013      1287971018         4031395          0       2000          0          0
   0       68     2764    11994      1287971024      1287983018         4043406          0       2000          0          0
   0       68     6422    14926      1287983084      1287998010         4055466          0       2000          0          0
   0       68     2657    11992      1287998018      1288010010         4070400          0       2000          0          0
   0       68     2653    11997      1288010013      1288022010         4082395          0       2000          0          0
   0       68     2649    11996      1288022013      1288034009         4094395          0       2000          0          0
   0       68     2668    11998      1288034012      1288046010         4106394          0       2000          0          0
   0       68     2650    11996      1288046013      1288058010         4118395          0       2000          0          0
   0       68     2641    11006      1288058013      1288069019         4130394          0       2000          0          0
   0       68     6658    16984      1288069027      1288086011         4141409          0       2000          0          0
   0       68     2653    12013      1288086016      1288098029         4158397          0       2000          0          0
   0       68     2655    11984      1288098034      1288110018         4170416          0       2000          0          0
   0       68     2655    10996      1288110025      1288121020         4182406          0       2000          0          0
   0       68     4659    13981      1288121030      1288135011         4193412          0       2000          0          0
   0       68     2754    11995      1288135016      1288147011         4207398          0       2000          0          0
   0       68     2752    11995      1288147016      1288159011         4219398          0       2000          0          0
   0       68     2754    11996      1288159015      1288171011         4231397          0       2000          0          0
   0       68     2752    11009      1288171016      1288182025         4243398          0       2000          0          0
   0       68     3656    12979      1288182033      1288195013         4254415          0       2000          0          0
   0       68     3782    14995      1288195018      1288210013         4267400          0       2000          0          0
   0       68     2655    10735      1288210020      1288220755         4282402          0       2000          0          0
   0       68     7407    15479      1288220762      1288236242         4293144          0       2000          0          0
   0       68     2653    13763      1288236247      1288250010         4308628          0       2000          0          0
   0       68     2658    10727      1288250013      1288260740         4322395          0       2000          0          0
   0       68     2658    13267      1288260743      1288274010         4333125          0       2000          0          0
   0       68     2652    11997      1288274013      1288286010         4346395          0       2000          0          0
   0       68     2667    11997      1288286013      1288298010         4358395          0       2000          0          0
   0       68     2654    12001      1288298013      1288310013         4370395          0       2000          0          0
   0       68     2658    11988      1288310022      1288322010         4382403          0       2000          0          0
   0       68     2654    11998      1288322013      1288334011         4394395          0       2000          0          0
   0       68     5664    13735      1288334015      1288347750         4406397          0       2000          0          0
   0       68     4660    12730      1288347754      1288360483         4420135          0       2000          0          0
   0       68     2652    13527      1288360486      1288374013         4432868          0       2000          0          0
   0       68     2805    10879      1288374020      1288384900         4446402          0       2000          0          0
   0       68     2661    13108      1288384904      1288398013         4457286          0       2000          0          0
   0       68     2654    11263      1288398109      1288409372         4470491          0       2000          0          0
   0       68     5866    13939      1288409378      1288423317         4481760          0       2000          0          0
   0       68     2670    11690      1288423323      1288435013         4495705          0       2000          0          0
   0       68     2654    10776      1288435021      1288445797         4507403          0       2000          0          0
   0       68     4717    14208      1288445802      1288460010         4518184          0       2000          0          0
   0       68     2652    11995      1288460015      1288472010         4532397          0       2000          0          0
   0       68     2653    11995      1288472015      1288484010         4544396          0       2000          0          0
   0       68     2653    11996      1288484013      1288496010         4556395          0       2000          0          0
   0       68     5605    13674      1288496012      1288509686         4568394          0       2000          0          0
   0       68     2657    13320      1288509689      1288523010         4582071          0       2000          0          0
   0       68     2655    11997      1288523013      1288535009         4595395          0       2000          0          0
   0       68     2656    12001      1288535012      1288547014         4607394          0       2000          0          0
   0       68     2657    11988      1288547024      1288559012         4619406          0       2000          0          0
   0       68     5855    13927      1288559017      1288572944         4631399          0       2000          0          0
   0       68     2659    13060      1288572950      1288586010         4645332          0       2000          0          0
   0       68     2654    11997      1288586013      1288598010         4658395          0       2000          0          0
   0       68     2652    11997      1288598013      1288610010         4670394          0       2000          0          0
   0       68     2653    11997      1288610013      1288622010         4682395          0       2000          0          0
   0       68     2654    10735      1288622013      1288632749         4694395          0       2000          0          0
   0       68     2673    10798      1288632753      1288643551         4705135          0       2000          0          0
   0       68     2747    10828      1288643555      1288654383         4715937          0       2000          0          0
   0       68     2657    12624      1288654387      1288667012         4726769          0       2000          0          0
   0       68     2649    11994      1288667018      1288679012         4739399          0       2000          0          0
   0       68     2652    11993      1288679017      1288691010         4751399          0       2000          0          0
   0       68     2654    11996      1288691014      1288703010         4763396          0       2000          0          0
   0       68     5681    13751      1288703015      1288716766         4775397          0       2000          0          0
   0       68     2658    13240      1288716769      1288730010         4789151          0       2000          0          0
   0       68     2671    11997      1288730013      1288742010         4802395          0       2000          0          0
   0       68     2671    11996      1288742014      1288754010         4814395          0       2000          0          0
   0       68     2651    12002      1288754013      1288766014         4826395          0       2000          0          0
   0       68     2653    11986      1288766026      1288778011         4838407          0       2000          0          0
   0       68     2653    12002      1288778016      1288790019         4850398          0       2000          0          0
   0       68     3670    12984      1288790026      1288803010         4862408          0       2000          0          0
   0       68     2651    11950      1288803059      1288815009         4875441          0       2000          0          0
   0       68     2653    11997      1288815013      1288827009         4887394          0       2000          0          0
   0       68     2655    11998      1288827012      1288839010         4899394          0       2000          0          0
   0       68     2651    11998      1288839013      1288851011         4911395          0       2000          0          0
   0       68     2651    11997      1288851015      1288863012         4923396          0       2000          0          0
   0       68     2651    11992      1288863017      1288875010         4935399          0       2000          0          0
   0       68     2651    11004      1288875014      1288886018         4947396          0       2000          0          0
   0       68     2654    11795      1288886024      1288897819         4958406          0       2000          0          0
   0       68     2661    13218      1288897823      1288911041         4970205          0       2000          0          0
   0       68     2652    11965      1288911045      1288923010         4983426          0       2000          0          0
