#idx     perf      run   period           start             end          rel_st      slack c_duration   c_period     wu_lat
   0       68     2035    10108      1299852549      1299862657             319          0       2000          0          0
   0       68     1983    10055      1299862661      1299872716           10431          0       2000          0          0
   0       68     1983    10051      1299872718      1299882769           20488          0       2000          0          0
   0       68     1983    10051      1299882771      1299892822           30541          0       2000          0          0
   0       68     1983    10051      1299892824      1299902874           40593          0       2000          0          0
   0       68     1983    10051      1299902876      1299912927           50646          0       2000          0          0
   0       68     1983    10051      1299912928      1299922979           60698          0       2000          0          0
   0       68     1983    10051      1299922981      1299933032           70750          0       2000          0          0
   0       68     1983    10051      1299933033      1299943084           80803          0       2000          0          0
   0       68     1983    10054      1299943085      1299953139           90855          0       2000          0          0
   0       68     1983    10051      1299953141      1299963192          100910          0       2000          0          0
   0       68     1983    10054      1299963193      1299973247          110963          0       2000          0          0
   0       68     1983    10053      1299973249      1299983302          121019          0       2000          0          0
   0       68     1983    10052      1299983303      1299993356          131073          0       2000          0          0
   0       68     1983    10052      1299993357      1300003409          141127          0       2000          0          0
   0       68     1983    10050      1300003410      1300013461          151180          0       2000          0          0
   0       68     1983    10051      1300013462      1300023513          161232          0       2000          0          0
   0       68     1983    10050      1300023514      1300033565          171284          0       2000          0          0
   0       68     1983    10051      1300033566      1300043617          181336          0       2000          0          0
   0       68     1983    10050      1300043618      1300053669          191388          0       2000          0          0
   0       68     1983    10050      1300053670      1300063721          201440          0       2000          0          0
   0       68     1983    10053      1300063722      1300073775          211492          0       2000          0          0
   0       68     1983    10054      1300073777      1300083831          221547          0       2000          0          0
   0       68     1983    10053      1300083833      1300093886          231602          0       2000          0          0
   0       68     1983    10050      1300093887      1300103938          241657          0       2000          0          0
   0       68     1983    10051      1300103939      1300113990          251709          0       2000          0          0
   0       68     1983    10051      1300113992      1300124043          261762          0       2000          0          0
   0       68     1983    10053      1300124044      1300134097          271814          0       2000          0          0
   0       68     1983    10051      1300134098      1300144149          281868          0       2000          0          0
   0       68     1983    10051      1300144151      1300154202          291920          0       2000          0          0
   0       68     1983    10053      1300154203      1300164256          301973          0       2000          0          0
   0       68     1983    10054      1300164257      1300174311          312027          0       2000          0          0
   0       68     1983    10051      1300174313      1300184363          322082          0       2000          0          0
   0       68     1983    10054      1300184417      1300194471          332186          0       2000          0          0
   0       68     1983    10052      1300194472      1300204525          342242          0       2000          0          0
   0       68     1983    10051      1300204526      1300214577          352296          0       2000          0          0
   0       68     1983    10051      1300214579      1300224630          362349          0       2000          0          0
   0       68     1983    10051      1300224631      1300234682          372401          0       2000          0          0
   0       68     1983    10051      1300234684      1300244735          382454          0       2000          0          0
   0       68     1983    10051      1300244736      1300254787          392506          0       2000          0          0
   0       68     1983    10051      1300254788      1300264839          402558          0       2000          0          0
   0       68     1983    10050      1300264841      1300274891          412610          0       2000          0          0
   0       68     1983    10051      1300274892      1300284943          422662          0       2000          0          0
   0       68     1983    10050      1300284945      1300294995          432714          0       2000          0          0
   0       68     1983    10053      1300294996      1300305049          442766          0       2000          0          0
   0       68     1983    10050      1300305051      1300315101          452820          0       2000          0          0
   0       68     1983    10051      1300315102      1300325153          462872          0       2000          0          0
   0       68     1983    10051      1300325155      1300335206          472925          0       2000          0          0
   0       68     1983    10050      1300335207      1300345258          482977          0       2000          0          0
   0       68     1983    10050      1300345259      1300355309          493029          0       2000          0          0
   0       68     1983    10051      1300355311      1300365361          503080          0       2000          0          0
   0       68     1983    10051      1300365363      1300375414          513133          0       2000          0          0
   0       68     1983    10050      1300375415      1300385465          523185          0       2000          0          0
   0       68     1983    10050      1300385467      1300395517          533237          0       2000          0          0
   0       68     1983    10055      1300395519      1300405573          543289          0       2000          0          0
   0       68     1983    10052      1300405575      1300415627          553345          0       2000          0          0
   0       68     1983    10052      1300415628      1300425680          563398          0       2000          0          0
   0       68     1983    10051      1300425682      1300435733          573451          0       2000          0          0
   0       68     1983    10050      1300435734      1300445784          583504          0       2000          0          0
   0       68     1983    10050      1300445786      1300455836          593556          0       2000          0          0
   0       68     1983    10050      1300455837      1300465887          603607          0       2000          0          0
   0       68     1983    10051      1300465889      1300475940          613659          0       2000          0          0
   0       68     1983    10050      1300475941      1300485992          623711          0       2000          0          0
   0       68     1983    10050      1300485993      1300496043          633763          0       2000          0          0
   0       68     1999    10066      1300496045      1300506111          643815          0       2000          0          0
   0       68     1983    10049      1300506113      1300516162          653882          0       2000          0          0
   0       68     1983    10054      1300516190      1300526243          663959          0       2000          0          0
   0       68     1983    10051      1300526245      1300536296          674015          0       2000          0          0
   0       68     1983    10051      1300536298      1300546348          684067          0       2000          0          0
   0       68     1983    10051      1300546350      1300556401          694120          0       2000          0          0
   0       68     1983    10064      1300556402      1300566467          704172          0       2000          0          0
   0       68     1983    10057      1300566468      1300576525          714238          0       2000          0          0
   0       68     1983    10055      1300576527      1300586582          724297          0       2000          0          0
   0       68     1983    10051      1300586583      1300596634          734353          0       2000          0          0
   0       68     1983    10051      1300596636      1300606687          744406          0       2000          0          0
   0       68     1983    10050      1300606688      1300616739          754458          0       2000          0          0
   0       68     1983    10071      1300616740      1300626811          764510          0       2000          0          0
   0       68     1983    10060      1300626812      1300636872          774582          0       2000          0          0
   0       68     1983    10057      1300636873      1300646930          784643          0       2000          0          0
   0       68     1983    10053      1300646931      1300656984          794701          0       2000          0          0
   0       68     1983    10052      1300656986      1300667038          804756          0       2000          0          0
   0       68     1983    10050      1300667039      1300677089          814809          0       2000          0          0
   0       68     1983    10051      1300677091      1300687142          824861          0       2000          0          0
   0       68     1983    10050      1300687143      1300697193          834913          0       2000          0          0
   0       68     1983    10050      1300697195      1300707245          844965          0       2000          0          0
   0       68     1983    10050      1300707247      1300717297          855016          0       2000          0          0
   0       68     1983    10050      1300717299      1300727349          865068          0       2000          0          0
   0       68     1983    10064      1300727350      1300737415          875120          0       2000          0          0
   0       68     1983    10059      1300737416      1300747476          885186          0       2000          0          0
   0       68     1983    10054      1300747477      1300757531          895247          0       2000          0          0
   0       68     1983    10051      1300757532      1300767583          905302          0       2000          0          0
   0       68     1983    10051      1300767585      1300777636          915355          0       2000          0          0
   0       68     1983    10051      1300777637      1300787688          925407          0       2000          0          0
   0       68     1983    10051      1300787690      1300797740          935459          0       2000          0          0
   0       68     1983    10050      1300797742      1300807792          945511          0       2000          0          0
   0       68     1983    10050      1300807793      1300817843          955563          0       2000          0          0
   0       68     1983    10051      1300817844      1300827895          965614          0       2000          0          0
   0       68     1983    10050      1300827896      1300837946          975666          0       2000          0          0
   0       68     1983    10051      1300837948      1300847999          985718          0       2000          0          0
   0       68     1983    10071      1300848022      1300858093          995791          0       2000          0          0
   0       68     1983    10054      1300858094      1300868148         1005864          0       2000          0          0
   0       68     1983    10051      1300868150      1300878201         1015920          0       2000          0          0
   0       68     1983    10050      1300878202      1300888253         1025972          0       2000          0          0
   0       68     1983    10051      1300888254      1300898305         1036024          0       2000          0          0
   0       68     1983    10050      1300898306      1300908357         1046076          0       2000          0          0
   0       68     1983    10050      1300908358      1300918408         1056128          0       2000          0          0
   0       68     1983    10051      1300918410      1300928460         1066180          0       2000          0          0
   0       68     1983    10050      1300928462      1300938512         1076232          0       2000          0          0
   0       68     1983    10051      1300938514      1300948565         1086284          0       2000          0          0
   0       68     1983    10050      1300948566      1300958617         1096336          0       2000          0          0
   0       68     1983    10054      1300958618      1300968673         1106388          0       2000          0          0
   0       68     1983    10051      1300968674      1300978725         1116444          0       2000          0          0
   0       68     1983    10051      1300978727      1300988778         1126496          0       2000          0          0
   0       68     1983    10051      1300988779      1300998830         1136549          0       2000          0          0
   0       68     1983    10051      1300998832      1301008882         1146601          0       2000          0          0
   0       68     1983    10050      1301008884      1301018934         1156654          0       2000          0          0
   0       68     1983    10051      1301018936      1301028986         1166705          0       2000          0          0
   0       68     1983    10051      1301028988      1301039038         1176757          0       2000          0          0
   0       68     1983    10050      1301039040      1301049090         1186809          0       2000          0          0
   0       68     1983    10052      1301049091      1301059143         1196861          0       2000          0          0
   0       68     1983    10050      1301059144      1301069194         1206914          0       2000          0          0
   0       68     1983    10053      1301069196      1301079249         1216966          0       2000          0          0
   0       68     1983    10051      1301079250      1301089301         1227020          0       2000          0          0
   0       68     1983    10051      1301089302      1301099353         1237072          0       2000          0          0
   0       68     1983    10050      1301099354      1301109404         1247124          0       2000          0          0
   0       68     1983    10051      1301109406      1301119457         1257176          0       2000          0          0
   0       68     1983    10052      1301119458      1301129510         1267228          0       2000          0          0
   0       68     1983    10051      1301129512      1301139563         1277281          0       2000          0          0
   0       68     1983    10051      1301139564      1301149615         1287334          0       2000          0          0
   0       68     1983    10053      1301149616      1301159669         1297386          0       2000          0          0
   0       68     1983    10052      1301159671      1301169723         1307440          0       2000          0          0
   0       68     1983    10052      1301169724      1301179776         1317494          0       2000          0          0
   0       68     1983    10051      1301179802      1301189854         1327572          0       2000          0          0
   0       68     1983    10054      1301189855      1301199910         1337625          0       2000          0          0
   0       68     1983    10051      1301199911      1301209962         1347681          0       2000          0          0
   0       68     1983    10059      1301209963      1301220022         1357733          0       2000          0          0
   0       68     1983    10053      1301220024      1301230077         1367794          0       2000          0          0
   0       68     1983    10051      1301230078      1301240129         1377848          0       2000          0          0
   0       68     1983    10051      1301240131      1301250182         1387901          0       2000          0          0
   0       68     1983    10051      1301250184      1301260234         1397953          0       2000          0          0
   0       68     1983    10051      1301260236      1301270287         1408006          0       2000          0          0
   0       68     1983    10050      1301270288      1301280338         1418058          0       2000          0          0
   0       68     1983    10050      1301280340      1301290390         1428110          0       2000          0          0
   0       68     1983    10050      1301290392      1301300442         1438161          0       2000          0          0
   0       68     1983    10054      1301300443      1301310497         1448213          0       2000          0          0
   0       68     1983    10050      1301310499      1301320549         1458268          0       2000          0          0
   0       68     1983    10051      1301320551      1301330602         1468320          0       2000          0          0
   0       68     1983    10051      1301330603      1301340654         1478373          0       2000          0          0
   0       68     1983    10050      1301340655      1301350706         1488425          0       2000          0          0
   0       68     1983    10050      1301350707      1301360758         1498477          0       2000          0          0
   0       68     1983    10050      1301360759      1301370810         1508529          0       2000          0          0
   0       68     1983    10051      1301370811      1301380862         1518581          0       2000          0          0
   0       68     1983    10051      1301380863      1301390914         1528633          0       2000          0          0
   0       68     1983    10051      1301390915      1301400966         1538685          0       2000          0          0
   0       68     1998    10066      1301400968      1301411034         1548737          0       2000          0          0
   0       68     1983    10051      1301411035      1301421086         1558805          0       2000          0          0
   0       68     1983    10051      1301421088      1301431139         1568857          0       2000          0          0
   0       68     1983    10051      1301431141      1301441192         1578910          0       2000          0          0
   0       68     1983    10051      1301441193      1301451244         1588963          0       2000          0          0
   0       68     1983    10050      1301451245      1301461296         1599015          0       2000          0          0
   0       68     1983    10051      1301461297      1301471348         1609067          0       2000          0          0
   0       68     1983    10051      1301471349      1301481400         1619119          0       2000          0          0
   0       68     1983    10050      1301481401      1301491451         1629171          0       2000          0          0
   0       68     1983    10050      1301491453      1301501503         1639223          0       2000          0          0
   0       68     1983    10050      1301501505      1301511555         1649275          0       2000          0          0
   0       68     1999    10067      1301511579      1301521647         1659349          0       2000          0          0
   0       68     1983    10051      1301521648      1301531700         1669418          0       2000          0          0
   0       68     1983    10053      1301531701      1301541754         1679471          0       2000          0          0
   0       68     1983    10052      1301541755      1301551807         1689525          0       2000          0          0
   0       68     1983    10051      1301551809      1301561860         1699578          0       2000          0          0
   0       68     1983    10050      1301561861      1301571911         1709631          0       2000          0          0
   0       68     1983    10050      1301571912      1301581963         1719682          0       2000          0          0
   0       68     1983    10056      1301581964      1301592020         1729734          0       2000          0          0
   0       68     1983    10051      1301592021      1301602072         1739791          0       2000          0          0
   0       68     1983    10050      1301602073      1301612124         1749843          0       2000          0          0
   0       68     1983    10050      1301612125      1301622175         1759895          0       2000          0          0
   0       68     2027    10096      1301622177      1301632272         1769946          0       2000          0          0
   0       68     1983    10050      1301632274      1301642325         1780044          0       2000          0          0
   0       68     1983    10052      1301642326      1301652378         1790096          0       2000          0          0
   0       68     1983    10051      1301652380      1301662431         1800150          0       2000          0          0
   0       68     1983    10062      1301662432      1301672495         1810202          0       2000          0          0
   0       68     1983    10053      1301672496      1301682549         1820266          0       2000          0          0
   0       68     1983    10053      1301682551      1301692603         1830320          0       2000          0          0
   0       68     1983    10051      1301692605      1301702655         1840374          0       2000          0          0
   0       68     1983    10050      1301702657      1301712707         1850427          0       2000          0          0
   0       68     1983    10051      1301712708      1301722759         1860478          0       2000          0          0
   0       68     1983    10050      1301722760      1301732811         1870530          0       2000          0          0
   0       68     1983    10053      1301732812      1301742865         1880582          0       2000          0          0
   0       68     1996    10063      1301742867      1301752930         1890637          0       2000          0          0
   0       68     1983    10061      1301752932      1301762993         1900701          0       2000          0          0
   0       68     1983    10055      1301762994      1301773049         1910764          0       2000          0          0
   0       68     1983    10058      1301773050      1301783109         1920820          0       2000          0          0
   0       68     1983    10054      1301783110      1301793164         1930880          0       2000          0          0
   0       68     1983    10054      1301793165      1301803219         1940935          0       2000          0          0
   0       68     1983    10051      1301803221      1301813272         1950991          0       2000          0          0
   0       68     1983    10050      1301813273      1301823323         1961043          0       2000          0          0
   0       68     1983    10050      1301823325      1301833375         1971095          0       2000          0          0
   0       68     1983    10051      1301833376      1301843427         1981146          0       2000          0          0
   0       68     1983    10051      1301843455      1301853506         1991225          0       2000          0          0
   0       68     1983    10064      1301853508      1301863572         2001278          0       2000          0          0
   0       68     1983    10055      1301863573      1301873629         2011343          0       2000          0          0
   0       68     1983    10052      1301873630      1301883682         2021400          0       2000          0          0
   0       68     1983    10051      1301883683      1301893735         2031453          0       2000          0          0
   0       68     1983    10050      1301893736      1301903787         2041506          0       2000          0          0
   0       68     1983    10051      1301903788      1301913839         2051558          0       2000          0          0
   0       68     1983    10050      1301913840      1301923891         2061610          0       2000          0          0
   0       68     1983    10050      1301923892      1301933942         2071662          0       2000          0          0
   0       68     1983    10050      1301933943      1301943994         2081713          0       2000          0          0
   0       68     1983    10050      1301943995      1301954046         2091765          0       2000          0          0
   0       68     1983    10050      1301954047      1301964098         2101817          0       2000          0          0
   0       68     1983    10054      1301964099      1301974153         2111869          0       2000          0          0
   0       68     1983    10054      1301974155      1301984209         2121924          0       2000          0          0
   0       68     1983    10057      1301984210      1301994268         2131980          0       2000          0          0
   0       68     1983    10054      1301994269      1302004323         2142039          0       2000          0          0
   0       68     1983    10052      1302004325      1302014377         2152095          0       2000          0          0
   0       68     1983    10051      1302014378      1302024429         2162148          0       2000          0          0
   0       68     1983    10051      1302024430      1302034481         2172200          0       2000          0          0
   0       68     1983    10051      1302034483      1302044533         2182252          0       2000          0          0
   0       68     1983    10050      1302044535      1302054585         2192304          0       2000          0          0
   0       68     1983    10050      1302054586      1302064636         2202356          0       2000          0          0
   0       68     1983    10050      1302064638      1302074688         2212408          0       2000          0          0
   0       68     1983    10050      1302074689      1302084740         2222459          0       2000          0          0
   0       68     1983    10069      1302084741      1302094810         2232511          0       2000          0          0
   0       68     1983    10056      1302094811      1302104867         2242581          0       2000          0          0
   0       68     1983    10055      1302104869      1302114924         2252638          0       2000          0          0
   0       68     1983    10055      1302114925      1302124980         2262695          0       2000          0          0
   0       68     1983    10053      1302124981      1302135034         2272751          0       2000          0          0
   0       68     1983    10051      1302135036      1302145086         2282805          0       2000          0          0
   0       68     1983    10051      1302145088      1302155138         2292858          0       2000          0          0
   0       68     1983    10051      1302155140      1302165191         2302910          0       2000          0          0
   0       68     1983    10051      1302165192      1302175244         2312962          0       2000          0          0
   0       68     1983    10064      1302175270      1302185334         2323040          0       2000          0          0
   0       68     1983    10057      1302185335      1302195392         2333105          0       2000          0          0
   0       68     1983    10058      1302195393      1302205451         2343163          0       2000          0          0
   0       68     1983    10055      1302205453      1302215507         2353222          0       2000          0          0
   0       68     1983    10052      1302215509      1302225561         2363279          0       2000          0          0
   0       68     1983    10053      1302225562      1302235615         2373332          0       2000          0          0
   0       68     1983    10101      1302235616      1302245717         2383386          0       2000          0          0
   0       68     1983    10051      1302245719      1302255770         2393489          0       2000          0          0
   0       68     1983    10050      1302255771      1302265822         2403541          0       2000          0          0
   0       68     1983    10050      1302265823      1302275873         2413593          0       2000          0          0
   0       68     1983    10051      1302275875      1302285926         2423644          0       2000          0          0
   0       68     1983    10050      1302285927      1302295977         2433697          0       2000          0          0
   0       68     1983    10053      1302295979      1302306032         2443749          0       2000          0          0
   0       68     1983    10052      1302306033      1302316085         2453803          0       2000          0          0
   0       68     1983    10050      1302316087      1302326137         2463857          0       2000          0          0
   0       68     1983    10052      1302326139      1302336191         2473908          0       2000          0          0
   0       68     1983    10051      1302336192      1302346243         2483962          0       2000          0          0
   0       68     1983    10050      1302346244      1302356295         2494014          0       2000          0          0
   0       68     1983    10053      1302356296      1302366349         2504066          0       2000          0          0
   0       68     1983    10052      1302366350      1302376402         2514120          0       2000          0          0
   0       68     1983    10053      1302376404      1302386457         2524173          0       2000          0          0
   0       68     1983    10052      1302386458      1302396510         2534228          0       2000          0          0
   0       68     1983    10050      1302396512      1302406562         2544281          0       2000          0          0
   0       68     1983    10052      1302406563      1302416615         2554333          0       2000          0          0
   0       68     1983    10053      1302416617      1302426670         2564387          0       2000          0          0
   0       68     1983    10055      1302426671      1302436726         2574441          0       2000          0          0
   0       68     1983    10052      1302436728      1302446780         2584498          0       2000          0          0
   0       68     1983    10050      1302446782      1302456832         2594551          0       2000          0          0
   0       68     1983    10051      1302456833      1302466884         2604603          0       2000          0          0
   0       68     1983    10050      1302466885      1302476936         2614655          0       2000          0          0
   0       68     1983    10051      1302476937      1302486988         2624707          0       2000          0          0
   0       68     1983    10050      1302486990      1302497040         2634760          0       2000          0          0
   0       68     1983    10050      1302497041      1302507091         2644811          0       2000          0          0
   0       68     1983    10050      1302507113      1302517164         2654883          0       2000          0          0
   0       68     1983    10050      1302517165      1302527215         2664935          0       2000          0          0
   0       68     1983    10052      1302527217      1302537269         2674986          0       2000          0          0
   0       68     1983    10051      1302537270      1302547322         2685040          0       2000          0          0
   0       68     1983    10051      1302547323      1302557375         2695093          0       2000          0          0
   0       68     1983    10051      1302557376      1302567427         2705146          0       2000          0          0
   0       68     1983    10050      1302567429      1302577479         2715198          0       2000          0          0
   0       68     1983    10051      1302577480      1302587531         2725250          0       2000          0          0
   0       68     1983    10050      1302587532      1302597582         2735302          0       2000          0          0
   0       68     1983    10050      1302597584      1302607634         2745354          0       2000          0          0
   0       68     1983    10052      1302607635      1302617688         2755405          0       2000          0          0
   0       68     1983    10050      1302617689      1302627739         2765459          0       2000          0          0
   0       68     1983    10052      1302627741      1302637793         2775510          0       2000          0          0
   0       68     1983    10052      1302637794      1302647847         2785564          0       2000          0          0
   0       68     1983    10051      1302647848      1302657899         2795618          0       2000          0          0
   0       68     1983    10050      1302657901      1302667951         2805670          0       2000          0          0
   0       68     1983    10061      1302667952      1302678013         2815722          0       2000          0          0
   0       68     1983    10052      1302678015      1302688066         2825785          0       2000          0          0
   0       68     1983    10058      1302688068      1302698126         2835838          0       2000          0          0
   0       68     1983    10051      1302698127      1302708178         2845897          0       2000          0          0
   0       68     1983    10050      1302708180      1302718230         2855949          0       2000          0          0
   0       68     1983    10050      1302718231      1302728281         2866001          0       2000          0          0
   0       68     1983    10051      1302728283      1302738333         2876052          0       2000          0          0
   0       68     1983    10050      1302738335      1302748385         2886105          0       2000          0          0
   0       68     1983    10056      1302748386      1302758442         2896156          0       2000          0          0
   0       68     1983    10059      1302758444      1302768503         2906214          0       2000          0          0
   0       68     1983    10055      1302768504      1302778560         2916274          0       2000          0          0
   0       68     1983    10051      1302778561      1302788612         2926331          0       2000          0          0
   0       68     1983    10051      1302788613      1302798665         2936383          0       2000          0          0
   0       68     1983    10051      1302798666      1302808717         2946436          0       2000          0          0
   0       68     1983    10051      1302808718      1302818769         2956488          0       2000          0          0
   0       68     1983    10050      1302818771      1302828821         2966541          0       2000          0          0
   0       68     1983    10050      1302828823      1302838873         2976592          0       2000          0          0
   0       68     1983    10051      1302838894      1302848945         2986664          0       2000          0          0
   0       68     1983    10050      1302848947      1302858997         2996716          0       2000          0          0
   0       68     1983    10051      1302858998      1302869049         3006768          0       2000          0          0
   0       68     1983    10054      1302869051      1302879104         3016820          0       2000          0          0
   0       68     1983    10058      1302879106      1302889164         3026876          0       2000          0          0
   0       68     1983    10051      1302889166      1302899216         3036935          0       2000          0          0
   0       68     1983    10052      1302899218      1302909270         3046988          0       2000          0          0
   0       68     1983    10050      1302909272      1302919322         3057042          0       2000          0          0
   0       68     1983    10050      1302919323      1302929373         3067093          0       2000          0          0
   0       68     1983    10051      1302929375      1302939426         3077145          0       2000          0          0
   0       68     1983    10051      1302939427      1302949478         3087197          0       2000          0          0
   0       68     1983    10050      1302949479      1302959529         3097249          0       2000          0          0
   0       68     1983    10051      1302959531      1302969582         3107301          0       2000          0          0
   0       68     1983    10055      1302969583      1302979638         3117353          0       2000          0          0
   0       68     1983    10052      1302979639      1302989691         3127409          0       2000          0          0
   0       68     1983    10052      1302989693      1302999745         3137462          0       2000          0          0
   0       68     1983    10051      1302999746      1303009797         3147516          0       2000          0          0
   0       68     1983    10051      1303009798      1303019849         3157568          0       2000          0          0
   0       68     1983    10050      1303019851      1303029901         3167621          0       2000          0          0
   0       68     1983    10050      1303029902      1303039952         3177672          0       2000          0          0
   0       68     1983    10076      1303039954      1303050030         3187724          0       2000          0          0
   0       68     1983    10051      1303050031      1303060082         3197801          0       2000          0          0
   0       68     1983    10051      1303060083      1303070134         3207853          0       2000          0          0
   0       68     1983    10050      1303070135      1303080186         3217905          0       2000          0          0
   0       68     1983    10053      1303080187      1303090241         3227957          0       2000          0          0
   0       68     1983    10051      1303090242      1303100293         3238012          0       2000          0          0
   0       68     1983    10052      1303100294      1303110346         3248064          0       2000          0          0
   0       68     1983    10055      1303110347      1303120402         3258117          0       2000          0          0
   0       68     1983    10051      1303120403      1303130455         3268173          0       2000          0          0
   0       68     1983    10050      1303130456      1303140506         3278226          0       2000          0          0
   0       68     1983    10052      1303140507      1303150559         3288277          0       2000          0          0
   0       68     1983    10052      1303150560      1303160612         3298330          0       2000          0          0
   0       68     1983    10062      1303160614      1303170676         3308383          0       2000          0          0
   0       68     1983    10063      1303170701      1303180763         3318471          0       2000          0          0
   0       68     1983    10058      1303180765      1303190823         3328535          0       2000          0          0
   0       68     1983    10052      1303190824      1303200877         3338594          0       2000          0          0
   0       68     1983    10060      1303200878      1303210938         3348648          0       2000          0          0
   0       68     1983    10055      1303210939      1303220994         3358709          0       2000          0          0
   0       68     1983    10052      1303220996      1303231048         3368766          0       2000          0          0
   0       68     1983    10051      1303231050      1303241101         3378819          0       2000          0          0
   0       68     1983    10051      1303241102      1303251153         3388872          0       2000          0          0
   0       68     1983    10050      1303251154      1303261205         3398924          0       2000          0          0
   0       68     1983    10051      1303261206      1303271257         3408976          0       2000          0          0
   0       68     1983    10050      1303271259      1303281309         3419028          0       2000          0          0
   0       68     1983    10050      1303281310      1303291361         3429080          0       2000          0          0
   0       68     1983    10051      1303291362      1303301413         3439132          0       2000          0          0
   0       68     1983    10053      1303301415      1303311467         3449184          0       2000          0          0
   0       68     1983    10052      1303311469      1303321521         3459239          0       2000          0          0
   0       68     1983    10052      1303321522      1303331575         3469292          0       2000          0          0
   0       68     1983    10052      1303331576      1303341628         3479346          0       2000          0          0
   0       68     1983    10051      1303341630      1303351680         3489400          0       2000          0          0
   0       68     1983    10051      1303351682      1303361733         3499452          0       2000          0          0
   0       68     1983    10050      1303361734      1303371785         3509504          0       2000          0          0
   0       68     1983    10050      1303371786      1303381836         3519556          0       2000          0          0
   0       68     1983    10050      1303381838      1303391888         3529608          0       2000          0          0
   0       68     1983    10050      1303391890      1303401940         3539659          0       2000          0          0
   0       68     1983    10051      1303401941      1303411992         3549711          0       2000          0          0
   0       68     1983    10050      1303411994      1303422044         3559764          0       2000          0          0
   0       68     1983    10053      1303422045      1303432099         3569815          0       2000          0          0
   0       68     1983    10053      1303432100      1303442153         3579870          0       2000          0          0
   0       68     1983    10054      1303442155      1303452209         3589925          0       2000          0          0
   0       68     1983    10052      1303452211      1303462262         3599980          0       2000          0          0
   0       68     1983    10051      1303462264      1303472315         3610034          0       2000          0          0
   0       68     1983    10050      1303472316      1303482366         3620086          0       2000          0          0
   0       68     1983    10051      1303482367      1303492418         3630137          0       2000          0          0
   0       68     1983    10050      1303492420      1303502470         3640189          0       2000          0          0
   0       68     1983    10051      1303502495      1303512546         3650265          0       2000          0          0
   0       68     1983    10051      1303512547      1303522598         3660317          0       2000          0          0
   0       68     1983    10050      1303522600      1303532650         3670369          0       2000          0          0
   0       68     1983    10068      1303532651      1303542719         3680421          0       2000          0          0
   0       68     1983    10057      1303542720      1303552777         3690490          0       2000          0          0
   0       68     1983    10053      1303552779      1303562831         3700548          0       2000          0          0
   0       68     1983    10051      1303562833      1303572884         3710602          0       2000          0          0
   0       68     1983    10050      1303572885      1303582935         3720655          0       2000          0          0
   0       68     1983    10057      1303582936      1303592994         3730706          0       2000          0          0
   0       68     1983    10054      1303592995      1303603050         3740765          0       2000          0          0
   0       68     1983    10053      1303603051      1303613105         3750821          0       2000          0          0
   0       68     1983    10051      1303613106      1303623157         3760876          0       2000          0          0
   0       68     1983    10052      1303623158      1303633211         3770928          0       2000          0          0
   0       68     1983    10050      1303633212      1303643262         3780982          0       2000          0          0
   0       68     1983    10050      1303643264      1303653314         3791034          0       2000          0          0
   0       68     1983    10050      1303653316      1303663366         3801085          0       2000          0          0
   0       68     1983    10053      1303663367      1303673420         3811137          0       2000          0          0
   0       68     1983    10060      1303673421      1303683481         3821191          0       2000          0          0
   0       68     1983    10056      1303683483      1303693538         3831252          0       2000          0          0
   0       68     1983    10054      1303693540      1303703593         3841310          0       2000          0          0
   0       68     1983    10051      1303703595      1303713646         3851365          0       2000          0          0
   0       68     1983    10051      1303713647      1303723698         3861417          0       2000          0          0
   0       68     1983    10051      1303723700      1303733751         3871470          0       2000          0          0
   0       68     1983    10050      1303733752      1303743803         3881522          0       2000          0          0
   0       68     1983    10051      1303743804      1303753855         3891574          0       2000          0          0
   0       68     1983    10051      1303753856      1303763908         3901626          0       2000          0          0
   0       68     1983    10051      1303763909      1303773960         3911679          0       2000          0          0
   0       68     1983    10075      1303773961      1303784037         3921731          0       2000          0          0
   0       68     1983    10051      1303784038      1303794089         3931808          0       2000          0          0
   0       68     1983    10051      1303794090      1303804141         3941860          0       2000          0          0
   0       68     1983    10051      1303804143      1303814194         3951912          0       2000          0          0
   0       68     1983    10051      1303814195      1303824246         3961965          0       2000          0          0
   0       68     1983    10050      1303824247      1303834297         3972017          0       2000          0          0
   0       68     1983    10051      1303834327      1303844378         3982096          0       2000          0          0
   0       68     1983    10050      1303844379      1303854429         3992149          0       2000          0          0
   0       68     1983    10050      1303854431      1303864481         4002201          0       2000          0          0
   0       68     1983    10050      1303864483      1303874532         4012252          0       2000          0          0
   0       68     1983    10060      1303874534      1303884594         4022304          0       2000          0          0
   0       68     1983    10056      1303884595      1303894651         4032365          0       2000          0          0
   0       68     1983    10052      1303894652      1303904705         4042422          0       2000          0          0
   0       68     1983    10051      1303904706      1303914757         4052476          0       2000          0          0
   0       68     1983    10051      1303914759      1303924809         4062528          0       2000          0          0
   0       68     1983    10050      1303924811      1303934861         4072581          0       2000          0          0
   0       68     1983    10051      1303934862      1303944913         4082632          0       2000          0          0
   0       68     1983    10051      1303944915      1303954966         4092684          0       2000          0          0
   0       68     1983    10053      1303954967      1303965021         4102737          0       2000          0          0
   0       68     1983    10051      1303965022      1303975073         4112792          0       2000          0          0
   0       68     1983    10050      1303975074      1303985125         4122844          0       2000          0          0
   0       68     1983    10052      1303985126      1303995178         4132896          0       2000          0          0
   0       68     1983    10053      1303995180      1304005232         4142949          0       2000          0          0
   0       68     1983    10050      1304005234      1304015284         4153003          0       2000          0          0
   0       68     1983    10052      1304015285      1304025337         4163055          0       2000          0          0
   0       68     1983    10050      1304025339      1304035389         4173108          0       2000          0          0
   0       68     1983    10050      1304035390      1304045441         4183160          0       2000          0          0
   0       68     1983    10051      1304045442      1304055493         4193212          0       2000          0          0
   0       68     1983    10050      1304055495      1304065545         4203264          0       2000          0          0
   0       68     1983    10050      1304065546      1304075597         4213316          0       2000          0          0
   0       68     1983    10049      1304075598      1304085648         4223368          0       2000          0          0
   0       68     2015    10083      1304085649      1304095732         4233419          0       2000          0          0
   0       68     1983    10062      1304095733      1304105795         4243503          0       2000          0          0
   0       68     1983    10057      1304105796      1304115853         4253566          0       2000          0          0
   0       68     1983    10054      1304115855      1304125909         4263625          0       2000          0          0
   0       68     1983    10053      1304125910      1304135963         4273680          0       2000          0          0
   0       68     1983    10075      1304135965      1304146040         4283735          0       2000          0          0
   0       68     1983    10051      1304146042      1304156093         4293812          0       2000          0          0
   0       68     1983    10051      1304156095      1304166145         4303864          0       2000          0          0
   0       68     1983    10053      1304166168      1304176220         4313938          0       2000          0          0
   0       68     1983    10059      1304176222      1304186281         4323992          0       2000          0          0
   0       68     1983    10057      1304186282      1304196340         4334052          0       2000          0          0
   0       68     1983    10060      1304196341      1304206402         4344111          0       2000          0          0
   0       68     1983    10057      1304206403      1304216460         4354173          0       2000          0          0
   0       68     1983    10052      1304216461      1304226513         4364231          0       2000          0          0
   0       68     1983    10055      1304226515      1304236570         4374285          0       2000          0          0
   0       68     1983    10059      1304236572      1304246631         4384342          0       2000          0          0
   0       68     1983    10056      1304246632      1304256688         4394402          0       2000          0          0
   0       68     1983    10051      1304256690      1304266741         4404460          0       2000          0          0
   0       68     1983    10051      1304266743      1304276793         4414513          0       2000          0          0
   0       68     1983    10050      1304276795      1304286845         4424565          0       2000          0          0
   0       68     1983    10051      1304286846      1304296897         4434616          0       2000          0          0
   0       68     1983    10050      1304296899      1304306949         4444668          0       2000          0          0
   0       68     1983    10050      1304306950      1304317001         4454720          0       2000          0          0
   0       68     1983    10051      1304317002      1304327053         4464772          0       2000          0          0
   0       68     1983    10061      1304327054      1304337115         4474824          0       2000          0          0
   0       68     1983    10055      1304337117      1304347171         4484887          0       2000          0          0
   0       68     1983    10052      1304347173      1304357225         4494943          0       2000          0          0
   0       68     1983    10050      1304357227      1304367277         4504997          0       2000          0          0
   0       68     1983    10051      1304367279      1304377329         4515049          0       2000          0          0
   0       68     1983    10050      1304377331      1304387381         4525101          0       2000          0          0
   0       68     1983    10051      1304387382      1304397433         4535152          0       2000          0          0
   0       68     1983    10050      1304397434      1304407484         4545204          0       2000          0          0
   0       68     1983    10051      1304407486      1304417537         4555256          0       2000          0          0
   0       68     1983    10050      1304417538      1304427589         4565308          0       2000          0          0
   0       68     1983    10059      1304427590      1304437650         4575360          0       2000          0          0
   0       68     1983    10056      1304437651      1304447707         4585421          0       2000          0          0
   0       68     1983    10055      1304447709      1304457764         4595478          0       2000          0          0
   0       68     1983    10051      1304457766      1304467817         4605535          0       2000          0          0
   0       68     1983    10051      1304467818      1304477869         4615588          0       2000          0          0
   0       68     1983    10050      1304477870      1304487920         4625640          0       2000          0          0
   0       68     1983    10051      1304487922      1304497972         4635692          0       2000          0          0
   0       68     1983    10051      1304497993      1304508044         4645763          0       2000          0          0
   0       68     1983    10050      1304508046      1304518096         4655815          0       2000          0          0
   0       68     1983    10050      1304518097      1304528147         4665867          0       2000          0          0
   0       68     1983    10050      1304528149      1304538199         4675919          0       2000          0          0
   0       68     1983    10050      1304538200      1304548250         4685970          0       2000          0          0
   0       68     1983    10062      1304548252      1304558314         4696021          0       2000          0          0
   0       68     1983    10053      1304558315      1304568369         4706085          0       2000          0          0
   0       68     1983    10053      1304568370      1304578423         4716140          0       2000          0          0
   0       68     1983    10050      1304578424      1304588475         4726194          0       2000          0          0
   0       68     1983    10050      1304588476      1304598527         4736246          0       2000          0          0
   0       68     1983    10050      1304598528      1304608578         4746298          0       2000          0          0
   0       68     1983    10051      1304608579      1304618630         4756349          0       2000          0          0
   0       68     1983    10050      1304618631      1304628681         4766401          0       2000          0          0
   0       68     1983    10051      1304628683      1304638733         4776452          0       2000          0          0
   0       68     1983    10051      1304638735      1304648785         4786505          0       2000          0          0
   0       68     1983    10051      1304648787      1304658837         4796557          0       2000          0          0
   0       68     1983    10051      1304658839      1304668890         4806609          0       2000          0          0
   0       68     1983    10052      1304668891      1304678943         4816661          0       2000          0          0
   0       68     1983    10051      1304678944      1304688995         4826714          0       2000          0          0
   0       68     1983    10059      1304688997      1304699055         4836766          0       2000          0          0
   0       68     1983    10058      1304699057      1304709114         4846826          0       2000          0          0
   0       68     1983    10052      1304709116      1304719168         4856886          0       2000          0          0
   0       68     1983    10050      1304719170      1304729220         4866939          0       2000          0          0
   0       68     1983    10051      1304729221      1304739272         4876991          0       2000          0          0
   0       68     1983    10051      1304739273      1304749324         4887043          0       2000          0          0
   0       68     1983    10051      1304749326      1304759376         4897095          0       2000          0          0
   0       68     1983    10051      1304759378      1304769428         4907147          0       2000          0          0
   0       68     2014    10083      1304769430      1304779513         4917200          0       2000          0          0
   0       68     1983    10051      1304779514      1304789565         4927284          0       2000          0          0
   0       68     1983    10050      1304789566      1304799616         4937336          0       2000          0          0
   0       68     1983    10051      1304799618      1304809668         4947388          0       2000          0          0
   0       68     1983    10056      1304809670      1304819726         4957440          0       2000          0          0
   0       68     1983    10065      1304819728      1304829792         4967497          0       2000          0          0
   0       68     1983    10055      1304829813      1304839868         4977583          0       2000          0          0
   0       68     1983    10051      1304839869      1304849921         4987639          0       2000          0          0
