cset: --> last message, executed args into cpuset "/user", new pid is: 9918
{
  name          : calibration
  trace_id      : 7d92092d4aa1d06ec05ea6dfe13de552
  span_id       : ce01a74f65e7ea3c
  tracestate    : 
  parent_span_id: 4477884f2f1d83a4
  start         : 1787914530475462407
  duration      : 32180
  description   : 
  span kind     : Internal
  status        : Unset
  attributes    : 
  events        : 
  links         : 
  resources     : 
	telemetry.sdk.version: 1.28.0
	telemetry.sdk.name: opentelemetry
	telemetry.sdk.language: cpp
	service.name: rt-app_console
  instr-lib     : rt-app-tracer
}
{
  name          : HI_task-0
  trace_id      : 7d92092d4aa1d06ec05ea6dfe13de552
  span_id       : 17db3dd1072dc7f4
  tracestate    : 
  parent_span_id: 4477884f2f1d83a4
  start         : 1787914530476741627
  duration      : 19999338184
  description   : 
  span kind     : Internal
  status        : Unset
  attributes    : 
	cancellation: force_terminate
	config.sched_data.util_min: -1
	config.index: 0
	config.lock_pages: 1
	config.sched_data.priority: 90
	config.num_instances: 1
	config.loop: 1
	config.delay: 0
	config.forked: 0
	config.duration: 20
	config.sched_data.policy: SCHED_FIFO
	config.nphases: 1
	config.sched_data.util_max: -1
	config.name: HI_task-0
	config.cpuset: [ 2 ]
  events        : 
  links         : 
  resources     : 
	telemetry.sdk.version: 1.28.0
	telemetry.sdk.name: opentelemetry
	telemetry.sdk.language: cpp
	service.name: rt-app_console
  instr-lib     : rt-app-tracer
}
{
  name          : LO_noise-1
  trace_id      : 7d92092d4aa1d06ec05ea6dfe13de552
  span_id       : 21371e79e9346ca7
  tracestate    : 
  parent_span_id: 4477884f2f1d83a4
  start         : 1787914530476621043
  duration      : 19999508846
  description   : 
  span kind     : Internal
  status        : Unset
  attributes    : 
	cancellation: force_terminate
	config.sched_data.util_min: -1
	config.index: 1
	config.lock_pages: 1
	config.sched_data.priority: 0
	config.num_instances: 4
	config.loop: 1
	config.delay: 0
	config.forked: 0
	config.duration: 20
	config.sched_data.policy: SCHED_OTHER
	config.nphases: 1
	config.sched_data.util_max: -1
	config.name: LO_noise-1
	config.cpuset: [ 3 ]
  events        : 
  links         : 
  resources     : 
	telemetry.sdk.version: 1.28.0
	telemetry.sdk.name: opentelemetry
	telemetry.sdk.language: cpp
	service.name: rt-app_console
  instr-lib     : rt-app-tracer
}
{
  name          : LO_noise-2
  trace_id      : 7d92092d4aa1d06ec05ea6dfe13de552
  span_id       : 86ecfa28bfa1b968
  tracestate    : 
  parent_span_id: 4477884f2f1d83a4
  start         : 1787914530476490232
  duration      : 19999668748
  description   : 
  span kind     : Internal
  status        : Unset
  attributes    : 
	cancellation: force_terminate
	config.sched_data.util_min: -1
	config.index: 2
	config.lock_pages: 1
	config.sched_data.priority: 0
	config.num_instances: 4
	config.loop: 1
	config.delay: 0
	config.forked: 0
	config.duration: 20
	config.sched_data.policy: SCHED_OTHER
	config.nphases: 1
	config.sched_data.util_max: -1
	config.name: LO_noise-2
	config.cpuset: [ 3 ]
  events        : 
  links         : 
  resources     : 
	telemetry.sdk.version: 1.28.0
	telemetry.sdk.name: opentelemetry
	telemetry.sdk.language: cpp
	service.name: rt-app_console
  instr-lib     : rt-app-tracer
}
{
  name          : LO_noise-3
  trace_id      : 7d92092d4aa1d06ec05ea6dfe13de552
  span_id       : ea09d6d2170e042f
  tracestate    : 
  parent_span_id: 4477884f2f1d83a4
  start         : 1787914530476354444
  duration      : 19999814263
  description   : 
  span kind     : Internal
  status        : Unset
  attributes    : 
	cancellation: force_terminate
	config.sched_data.util_min: -1
	config.index: 3
	config.lock_pages: 1
	config.sched_data.priority: 0
	config.num_instances: 4
	config.loop: 1
	config.delay: 0
	config.forked: 0
	config.duration: 20
	config.sched_data.policy: SCHED_OTHER
	config.nphases: 1
	config.sched_data.util_max: -1
	config.name: LO_noise-3
	config.cpuset: [ 3 ]
  events        : 
  links         : 
  resources     : 
	telemetry.sdk.version: 1.28.0
	telemetry.sdk.name: opentelemetry
	telemetry.sdk.language: cpp
	service.name: rt-app_console
  instr-lib     : rt-app-tracer
}
{
  name          : LO_noise-4
  trace_id      : 7d92092d4aa1d06ec05ea6dfe13de552
  span_id       : ba8587c7e6fd3e38
  tracestate    : 
  parent_span_id: 4477884f2f1d83a4
  start         : 1787914530476191734
  duration      : 19999978729
  description   : 
  span kind     : Internal
  status        : Unset
  attributes    : 
	cancellation: force_terminate
	config.sched_data.util_min: -1
	config.index: 4
	config.lock_pages: 1
	config.sched_data.priority: 0
	config.num_instances: 4
	config.loop: 1
	config.delay: 0
	config.forked: 0
	config.duration: 20
	config.sched_data.policy: SCHED_OTHER
	config.nphases: 1
	config.sched_data.util_max: -1
	config.name: LO_noise-4
	config.cpuset: [ 3 ]
  events        : 
  links         : 
  resources     : 
	telemetry.sdk.version: 1.28.0
	telemetry.sdk.name: opentelemetry
	telemetry.sdk.language: cpp
	service.name: rt-app_console
  instr-lib     : rt-app-tracer
}
{
  name          : phase[0]
  trace_id      : 7d92092d4aa1d06ec05ea6dfe13de552
  span_id       : db05bf64cc758038
  tracestate    : 
  parent_span_id: f5711fc0fd7961a9
  start         : 1787914530506837878
  duration      : 19969364644
  description   : 
  span kind     : Internal
  status        : Unset
  attributes    : 
  events        : 
  links         : 
  resources     : 
	telemetry.sdk.version: 1.28.0
	telemetry.sdk.name: opentelemetry
	telemetry.sdk.language: cpp
	service.name: rt-app_console
  instr-lib     : rt-app-tracer
}
{
  name          : thread_loop[0]
  trace_id      : 7d92092d4aa1d06ec05ea6dfe13de552
  span_id       : f5711fc0fd7961a9
  tracestate    : 
  parent_span_id: 17db3dd1072dc7f4
  start         : 1787914530506834031
  duration      : 19969370044
  description   : 
  span kind     : Internal
  status        : Unset
  attributes    : 
  events        : 
  links         : 
  resources     : 
	telemetry.sdk.version: 1.28.0
	telemetry.sdk.name: opentelemetry
	telemetry.sdk.language: cpp
	service.name: rt-app_console
  instr-lib     : rt-app-tracer
}
{
  name          : phase[0]
  trace_id      : 7d92092d4aa1d06ec05ea6dfe13de552
  span_id       : bc9d1f5c2844ef25
  tracestate    : 
  parent_span_id: 05221b60d8dfe168
  start         : 1787914530476399045
  duration      : 19999873971
  description   : 
  span kind     : Internal
  status        : Unset
  attributes    : 
  events        : 
  links         : 
  resources     : 
	telemetry.sdk.version: 1.28.0
	telemetry.sdk.name: opentelemetry
	telemetry.sdk.language: cpp
	service.name: rt-app_console
  instr-lib     : rt-app-tracer
}
{
  name          : thread_loop[0]
  trace_id      : 7d92092d4aa1d06ec05ea6dfe13de552
  span_id       : 05221b60d8dfe168
  tracestate    : 
  parent_span_id: ea09d6d2170e042f
  start         : 1787914530476396441
  duration      : 19999879321
  description   : 
  span kind     : Internal
  status        : Unset
  attributes    : 
  events        : 
  links         : 
  resources     : 
	telemetry.sdk.version: 1.28.0
	telemetry.sdk.name: opentelemetry
	telemetry.sdk.language: cpp
	service.name: rt-app_console
  instr-lib     : rt-app-tracer
}
{
  name          : phase[0]
  trace_id      : 7d92092d4aa1d06ec05ea6dfe13de552
  span_id       : 2def59fb0efa4e93
  tracestate    : 
  parent_span_id: eb199a24921212bf
  start         : 1787914530476237911
  duration      : 20000073127
  description   : 
  span kind     : Internal
  status        : Unset
  attributes    : 
  events        : 
  links         : 
  resources     : 
	telemetry.sdk.version: 1.28.0
	telemetry.sdk.name: opentelemetry
	telemetry.sdk.language: cpp
	service.name: rt-app_console
  instr-lib     : rt-app-tracer
}
{
  name          : thread_loop[0]
  trace_id      : 7d92092d4aa1d06ec05ea6dfe13de552
  span_id       : eb199a24921212bf
  tracestate    : 
  parent_span_id: ba8587c7e6fd3e38
  start         : 1787914530476234664
  duration      : 20000077483
  description   : 
  span kind     : Internal
  status        : Unset
  attributes    : 
  events        : 
  links         : 
  resources     : 
	telemetry.sdk.version: 1.28.0
	telemetry.sdk.name: opentelemetry
	telemetry.sdk.language: cpp
	service.name: rt-app_console
  instr-lib     : rt-app-tracer
}
{
  name          : phase[0]
  trace_id      : 7d92092d4aa1d06ec05ea6dfe13de552
  span_id       : b3de4e42fc6b23a1
  tracestate    : 
  parent_span_id: 6f9a626567fd31e9
  start         : 1787914530476527626
  duration      : 19999857335
  description   : 
  span kind     : Internal
  status        : Unset
  attributes    : 
  events        : 
  links         : 
  resources     : 
	telemetry.sdk.version: 1.28.0
	telemetry.sdk.name: opentelemetry
	telemetry.sdk.language: cpp
	service.name: rt-app_console
  instr-lib     : rt-app-tracer
}
{
  name          : thread_loop[0]
  trace_id      : 7d92092d4aa1d06ec05ea6dfe13de552
  span_id       : 6f9a626567fd31e9
  tracestate    : 
  parent_span_id: 86ecfa28bfa1b968
  start         : 1787914530476525115
  duration      : 19999861150
  description   : 
  span kind     : Internal
  status        : Unset
  attributes    : 
  events        : 
  links         : 
  resources     : 
	telemetry.sdk.version: 1.28.0
	telemetry.sdk.name: opentelemetry
	telemetry.sdk.language: cpp
	service.name: rt-app_console
  instr-lib     : rt-app-tracer
}
{
  name          : phase[0]
  trace_id      : 7d92092d4aa1d06ec05ea6dfe13de552
  span_id       : 9ef5f5cbc150a35b
  tracestate    : 
  parent_span_id: 56d069c6840ccc67
  start         : 1787914530476658181
  duration      : 19999772584
  description   : 
  span kind     : Internal
  status        : Unset
  attributes    : 
  events        : 
  links         : 
  resources     : 
	telemetry.sdk.version: 1.28.0
	telemetry.sdk.name: opentelemetry
	telemetry.sdk.language: cpp
	service.name: rt-app_console
  instr-lib     : rt-app-tracer
}
{
  name          : thread_loop[0]
  trace_id      : 7d92092d4aa1d06ec05ea6dfe13de552
  span_id       : 56d069c6840ccc67
  tracestate    : 
  parent_span_id: 21371e79e9346ca7
  start         : 1787914530476655647
  duration      : 19999776240
  description   : 
  span kind     : Internal
  status        : Unset
  attributes    : 
  events        : 
  links         : 
  resources     : 
	telemetry.sdk.version: 1.28.0
	telemetry.sdk.name: opentelemetry
	telemetry.sdk.language: cpp
	service.name: rt-app_console
  instr-lib     : rt-app-tracer
}
{
  name          : main
  trace_id      : 7d92092d4aa1d06ec05ea6dfe13de552
  span_id       : 4477884f2f1d83a4
  tracestate    : 
  parent_span_id: 0000000000000000
  start         : 1787914530475423016
  duration      : 20002803086
  description   : 
  span kind     : Internal
  status        : Unset
  attributes    : 
	shutdown: graceful
	config.io_device: /dev/null
	config.mem_buffer_size: 4194304
	config.lock_pages: 1
	config.calib_cpu: 0
	config.policy: 0
	config.logdir: /home/fabio/Scrivania/OTel-capabilities-for-mixed-criticality-workloads/2-DoE/block2/t2_p0_s1_r0.5_n4/run_24
	config.duration: 20
	config.num_tasks: 2
	config.calib_ns_per_loop: 139
	config.logbasename: rtapp
	config.logsize: -2
	config.gnuplot: 0
	config.pi_enabled: 0
	config.cumulative_slack: 0
	config.nthreads: 5
	config.die_on_dmiss: 0
  events        : 
	{
	  name          : graceful-shutdown
	  timestamp     : 1787914550478223646
	  attributes    : 
	}
  links         : 
  resources     : 
	telemetry.sdk.version: 1.28.0
	telemetry.sdk.name: opentelemetry
	telemetry.sdk.language: cpp
	service.name: rt-app_console
  instr-lib     : rt-app-tracer
}
