#idx     perf      run   period           start             end          rel_st      slack c_duration   c_period     wu_lat
   0       33     2038    10164       805393374       805403539             198          0       2000          0          0
   0       33     4052    12163       805403566       805415729           10389          0       2000          0          0
   0       33     4645    12758       805415735       805428493           22559          0       2000          0          0
   0       33     4484    12592       805428529       805441121           35352          0       2000          0          0
   0       33     4619    12768       805441131       805453899           47954          0       2000          0          0
   0       33     4644    12764       805453905       805466669           60728          0       2000          0          0
   0       33     4645    12766       805466702       805479468           73525          0       2000          0          0
   0       33     4653    12719       805479495       805492214           86318          0       2000          0          0
   0       33     4633    12738       805492219       805504957           99042          0       2000          0          0
   0       33     4606    12682       805505000       805517682          111823          0       2000          0          0
   0       33     4704    12855       805517693       805530548          124517          0       2000          0          0
   0       33     4635    12699       805530559       805543258          137382          0       2000          0          0
   0       33     4606    12708       805543263       805555971          150086          0       2000          0          0
   0       33     4633    12751       805555988       805568740          162812          0       2000          0          0
   0       33     4606    12669       805568767       805581437          175591          0       2000          0          0
   0       33     4606    12670       805581442       805594112          188265          0       2000          0          0
   0       33     4606    12670       805594116       805606786          200940          0       2000          0          0
   0       33     4656    12792       805606790       805619582          213613          0       2000          0          0
   0       33     2181    10288       805619604       805629893          226428          0       2000          0          0
   0       33     4711    12855       805629910       805642765          236733          0       2000          0          0
   0       33     4647    12757       805642771       805655527          249594          0       2000          0          0
   0       33     4634    12699       805655563       805668262          262386          0       2000          0          0
   0       33     4606    12713       805668265       805680979          275089          0       2000          0          0
   0       33     4606    12717       805681018       805693735          287842          0       2000          0          0
   0       33     4606    12708       805693769       805706478          300593          0       2000          0          0
   0       33     4646    12711       805706495       805719206          313319          0       2000          0          0
   0       33     4606    12708       805719210       805731919          326034          0       2000          0          0
   0       33     4632    12701       805731936       805744637          338759          0       2000          0          0
   0       33     4645    12749       805744643       805757392          351466          0       2000          0          0
   0       33     4634    12698       805757430       805770128          364253          0       2000          0          0
   0       33     4606    12714       805770132       805782846          376955          0       2000          0          0
   0       33     4606    12708       805782886       805795593          389709          0       2000          0          0
   0       33     4633    12736       805795610       805808346          402434          0       2000          0          0
   0       33     4606    12679       805808421       805821100          415245          0       2000          0          0
   0       33     4606    12708       805821104       805833812          427927          0       2000          0          0
   0       33     4634    12737       805833829       805846566          440652          0       2000          0          0
   0       33     4632    12696       805846583       805859279          453406          0       2000          0          0
   0       33     4606    12669       805859283       805871951          466106          0       2000          0          0
   0       33     4606    12712       805871955       805884667          478778          0       2000          0          0
   0       33     4606    12708       805884706       805897415          491530          0       2000          0          0
   0       33     4631    12695       805897434       805910128          504257          0       2000          0          0
   0       33     4606    12708       805910132       805922840          516955          0       2000          0          0
   0       33     4632    12733       805922857       805935590          529680          0       2000          0          0
   0       33     4632    12696       805935606       805948302          542429          0       2000          0          0
   0       33     4606    12669       805948306       805960975          555129          0       2000          0          0
   0       33     4655    12803       805960979       805973781          567802          0       2000          0          0
   0       33     4607    12714       805973788       805986502          580611          0       2000          0          0
   0       33     4627    12691       805986522       805999213          593345          0       2000          0          0
   0       33     4606    12710       805999217       806011927          606040          0       2000          0          0
   0       33     4606    12706       806011969       806024675          618792          0       2000          0          0
   0       33     4631    12733       806024695       806037427          631518          0       2000          0          0
   0       33     4632    12695       806037444       806050140          644268          0       2000          0          0
   0       33     4606    12707       806050143       806062851          656967          0       2000          0          0
   0       33     4635    12700       806062868       806075568          669691          0       2000          0          0
   0       33     4641    12711       806075572       806088283          682395          0       2000          0          0
   0       33     4606    12673       806088291       806100964          695114          0       2000          0          0
   0       33     4606    12709       806100968       806113677          707791          0       2000          0          0
   0       33     4630    12737       806113694       806126431          720517          0       2000          0          0
   0       33     4606    12671       806126470       806139141          733293          0       2000          0          0
   0       33     4606    12708       806139145       806151853          745969          0       2000          0          0
   0       33     4633    12737       806151870       806164607          758694          0       2000          0          0
   0       33     4630    12733       806164624       806177357          771447          0       2000          0          0
   0       33     4598    12668       806177387       806190056          784211          0       2000          0          0
   0       33     4608    12712       806190063       806202775          796886          0       2000          0          0
   0       33     4630    12732       806202796       806215528          809619          0       2000          0          0
   0       33     4633    12705       806215545       806228250          822369          0       2000          0          0
   0       33     4651    12761       806228300       806241061          835124          0       2000          0          0
   0       33     4606    12708       806241098       806253806          847921          0       2000          0          0
   0       33     4631    12734       806253823       806266557          860646          0       2000          0          0
   0       33     4620    12687       806266574       806279261          873397          0       2000          0          0
   0       33     4588    12709       806279268       806291978          886092          0       2000          0          0
   0       33     4606    12717       806292006       806304724          898830          0       2000          0          0
   0       33     4610    12677       806304760       806317437          911584          0       2000          0          0
   0       33     2033    10183       806317444       806327627          924267          0       2000          0          0
   0       33     4634    12704       806327634       806340338          934457          0       2000          0          0
   0       33     4606    12723       806340344       806353067          947167          0       2000          0          0
   0       33     4606    12712       806353102       806365814          959926          0       2000          0          0
   0       33     4629    12693       806365831       806378525          972655          0       2000          0          0
   0       33     4606    12676       806378529       806391205          985352          0       2000          0          0
   0       33     3585    11713       806391213       806402926          998036          0       2000          0          0
   0       33     4606    12709       806402956       806415665         1009779          0       2000          0          0
   0       33     4633    12741       806415673       806428414         1022496          0       2000          0          0
   0       33     4627    12691       806428435       806441126         1035258          0       2000          0          0
   0       33     4623    12730       806441130       806453860         1047953          0       2000          0          0
   0       33     4627    12732       806453881       806466612         1060704          0       2000          0          0
   0       33     4634    12768       806466631       806479399         1073454          0       2000          0          0
   0       33     4606    12701       806479403       806492104         1086226          0       2000          0          0
   0       33     4606    12708       806492108       806504816         1098931          0       2000          0          0
   0       33     4640    12712       806504834       806517545         1111657          0       2000          0          0
   0       33     4017    12159       806517550       806529709         1124373          0       2000          0          0
   0       33     4765    12876       806529719       806542595         1136542          0       2000          0          0
   0       33     4606    12727       806542634       806555361         1149457          0       2000          0          0
   0       33     4606    12711       806555365       806568076         1162188          0       2000          0          0
   0       33     4641    12755       806568099       806580854         1174922          0       2000          0          0
   0       33     4608    12711       806580889       806593601         1187713          0       2000          0          0
   0       33     4630    12734       806593618       806606353         1200442          0       2000          0          0
   0       33     4606    12719       806606378       806619096         1213201          0       2000          0          0
   0       33     4606    12683       806619100       806631783         1225923          0       2000          0          0
   0       33     4622    12693       806631791       806644484         1238614          0       2000          0          0
   0       33     4643    12710       806644566       806657276         1251390          0       2000          0          0
   0       33     4606    12711       806657282       806669993         1264105          0       2000          0          0
   0       33     4628    12734       806670011       806682746         1276835          0       2000          0          0
   0       33     4629    12733       806682763       806695496         1289586          0       2000          0          0
   0       33     4639    12704       806695513       806708217         1302336          0       2000          0          0
   0       33     4662    12768       806708221       806720989         1315044          0       2000          0          0
   0       33     4606    12728       806721010       806733739         1327834          0       2000          0          0
   0       33     4629    12699       806733756       806746455         1340579          0       2000          0          0
   0       33     4617    12688       806746461       806759149         1353285          0       2000          0          0
   0       33     4616    12724       806759158       806771881         1365981          0       2000          0          0
   0       33     4606    12711       806771921       806784632         1378744          0       2000          0          0
   0       33     4628    12733       806784650       806797383         1391473          0       2000          0          0
   0       33     4633    12710       806797400       806810110         1404223          0       2000          0          0
   0       33     4606    12671       806810114       806822785         1416937          0       2000          0          0
   0       33     4664    12786       806822790       806835575         1429613          0       2000          0          0
   0       33     4718    12825       806835604       806848429         1442427          0       2000          0          0
   0       33     4633    12699       806848469       806861168         1455292          0       2000          0          0
   0       33     4606    12710       806861173       806873883         1467996          0       2000          0          0
   0       33     4628    12730       806873900       806886630         1480723          0       2000          0          0
   0       33     4642    12747       806886647       806899394         1493471          0       2000          0          0
   0       33     4631    12696       806899412       806912108         1506236          0       2000          0          0
   0       33     4606    12708       806912112       806924820         1518935          0       2000          0          0
   0       33     4631    12734       806924837       806937571         1531660          0       2000          0          0
   0       33     4631    12696       806937588       806950283         1544411          0       2000          0          0
   0       33     4614    12718       806950287       806963005         1557110          0       2000          0          0
   0       33     4639    12708       806963024       806975732         1569848          0       2000          0          0
   0       33     4803    12915       806975739       806988654         1582562          0       2000          0          0
   0       33     4638    12744       806988690       807001434         1595513          0       2000          0          0
   0       33     4626    12690       807001455       807014145         1608278          0       2000          0          0
   0       33     4617    12724       807014149       807026873         1620972          0       2000          0          0
   0       33     4626    12730       807026892       807039622         1633715          0       2000          0          0
   0       33     4630    12734       807039639       807052373         1646463          0       2000          0          0
   0       33     4635    12716       807052390       807065106         1659213          0       2000          0          0
   0       33     4606    12708       807065149       807077857         1671972          0       2000          0          0
   0       33     4688    12807       807077874       807090680         1684697          0       2000          0          0
   0       33     4716    12833       807090719       807103552         1697542          0       2000          0          0
   0       33     4606    12670       807103586       807116256         1710410          0       2000          0          0
   0       33     4623    12727       807116260       807128987         1723084          0       2000          0          0
   0       33     4633    12737       807129005       807141742         1735828          0       2000          0          0
   0       33     4630    12733       807141759       807154492         1748582          0       2000          0          0
   0       33     4631    12694       807154509       807167203         1761332          0       2000          0          0
   0       33     4606    12714       807167207       807179920         1774030          0       2000          0          0
   0       33     4627    12696       807179937       807192634         1786761          0       2000          0          0
   0       33     2319    10474       807192639       807203113         1799462          0       2000          0          0
   0       33     4736    12846       807203123       807215970         1809947          0       2000          0          0
   0       33     4636    12740       807216012       807228753         1822835          0       2000          0          0
   0       33     4630    12735       807228772       807241507         1835595          0       2000          0          0
   0       33     4630    12693       807241525       807254218         1848348          0       2000          0          0
   0       33     4606    12709       807254222       807266931         1861045          0       2000          0          0
   0       33     4684    12746       807266948       807279694         1873771          0       2000          0          0
   0       33     2022    10128       807279699       807289827         1886522          0       2000          0          0
   0       33     4628    12708       807289847       807302555         1896670          0       2000          0          0
   0       33     2323    10432       807302562       807312994         1909385          0       2000          0          0
   0       33     4661    12744       807313035       807325779         1919858          0       2000          0          0
   0       33     4547    12665       807325787       807338452         1932610          0       2000          0          0
   0       33     4606    12677       807338481       807351158         1945304          0       2000          0          0
   0       33     4747    12820       807351167       807363987         1957990          0       2000          0          0
   0       33     4606    12715       807363994       807376709         1970817          0       2000          0          0
   0       33     4675    12784       807376728       807389512         1983552          0       2000          0          0
   0       33     4635    12699       807389548       807402248         1996372          0       2000          0          0
   0       33     4606    12675       807402251       807414927         2009075          0       2000          0          0
   0       33     4617    12734       807414933       807427667         2021756          0       2000          0          0
   0       33     4635    12702       807427699       807440401         2034522          0       2000          0          0
   0       33     4611    12702       807440407       807453108         2047230          0       2000          0          0
   0       33     4606    12711       807453115       807465825         2059938          0       2000          0          0
   0       33     4631    12735       807465843       807478578         2072666          0       2000          0          0
   0       33     4606    12739       807478651       807491390         2085475          0       2000          0          0
   0       33     4606    12681       807491394       807504075         2098217          0       2000          0          0
   0       33     4640    12762       807504083       807516845         2110906          0       2000          0          0
   0       33     4633    12708       807516872       807529580         2123696          0       2000          0          0
   0       33     4651    12717       807529588       807542305         2136411          0       2000          0          0
   0       33     4635    12759       807542311       807555070         2149134          0       2000          0          0
   0       33     4606    12670       807555095       807567765         2161919          0       2000          0          0
   0       33     4606    12715       807567769       807580484         2174592          0       2000          0          0
   0       33     4607    12689       807580501       807593190         2187325          0       2000          0          0
   0       33     4606    12710       807593194       807605904         2200017          0       2000          0          0
   0       33     4631    12733       807605921       807618654         2212744          0       2000          0          0
   0       33     4633    12735       807618671       807631406         2225494          0       2000          0          0
   0       33     4638    12768       807631423       807644191         2238246          0       2000          0          0
   0       33     2095    10213       807644215       807654428         2251038          0       2000          0          0
   0       33     4635    12699       807654457       807667156         2261280          0       2000          0          0
   0       33     4606    12709       807667160       807679869         2273983          0       2000          0          0
   0       33     4630    12735       807679886       807692621         2286709          0       2000          0          0
   0       33     4629    12734       807692638       807705371         2299461          0       2000          0          0
   0       33     4628    12717       807705388       807718105         2312212          0       2000          0          0
   0       33     4606    12708       807718109       807730817         2324932          0       2000          0          0
   0       33     4628    12739       807730834       807743572         2337657          0       2000          0          0
   0       33     4608    12703       807743610       807756313         2350433          0       2000          0          0
   0       33     2074    10187       807756320       807766507         2363143          0       2000          0          0
   0       33     4570    12636       807766541       807779177         2373364          0       2000          0          0
   0       33     4606    12719       807779182       807791901         2386005          0       2000          0          0
   0       33     4606    12710       807791938       807804648         2398761          0       2000          0          0
   0       33     4631    12695       807804667       807817362         2411490          0       2000          0          0
   0       33     4606    12708       807817366       807830074         2424189          0       2000          0          0
   0       33     4606    12711       807830100       807842811         2436923          0       2000          0          0
   0       33     4630    12735       807842827       807855562         2449651          0       2000          0          0
   0       33     4627    12695       807855581       807868276         2462405          0       2000          0          0
   0       33     2074    10179       807868282       807878462         2475105          0       2000          0          0
   0       33     4636    12702       807878500       807891202         2485324          0       2000          0          0
   0       33     4606    12711       807891244       807903954         2498067          0       2000          0          0
   0       33     4630    12732       807903972       807916704         2510795          0       2000          0          0
   0       33     4631    12735       807916722       807929456         2523545          0       2000          0          0
   0       33     4630    12693       807929473       807942166         2536296          0       2000          0          0
   0       33     4606    12669       807942170       807954840         2548993          0       2000          0          0
   0       33     4606    12708       807954843       807967551         2561667          0       2000          0          0
   0       33     4631    12712       807967568       807980280         2574391          0       2000          0          0
   0       33     3305    11421       807980290       807991711         2587113          0       2000          0          0
   0       33     4635    12746       807991746       808004492         2598569          0       2000          0          0
   0       33     4606    12670       808004528       808017198         2611351          0       2000          0          0
   0       33     4606    12708       808017202       808029911         2624026          0       2000          0          0
   0       33     4630    12698       808029928       808042626         2636751          0       2000          0          0
   0       33     3135    11261       808042632       808053893         2649455          0       2000          0          0
   0       33     4607    12712       808053926       808066638         2660750          0       2000          0          0
   0       33     4630    12694       808066657       808079351         2673480          0       2000          0          0
   0       33     4606    12682       808079355       808092037         2686178          0       2000          0          0
   0       33     2608    10755       808092043       808102798         2698866          0       2000          0          0
   0       33     4635    12739       808102808       808115547         2709631          0       2000          0          0
   0       33     4630    12694       808115565       808128259         2722389          0       2000          0          0
   0       33     4606    12711       808128263       808140974         2735086          0       2000          0          0
   0       33     4628    12731       808140990       808153721         2747814          0       2000          0          0
   0       33     4631    12735       808153739       808166474         2760562          0       2000          0          0
   0       33     4644    12709       808166491       808179200         2773314          0       2000          0          0
   0       33     4606    12714       808179205       808191918         2786028          0       2000          0          0
   0       33     4626    12696       808191939       808204635         2798762          0       2000          0          0
   0       33     1623     9749       808204642       808214391         2811465          0       2000          0          0
   0       33     4578    12698       808214401       808227098         2821224          0       2000          0          0
   0       33     4606    12709       808227103       808239812         2833926          0       2000          0          0
   0       33     4632    12736       808239829       808252565         2846652          0       2000          0          0
   0       33     4633    12696       808252582       808265278         2859405          0       2000          0          0
   0       33     4606    12729       808265282       808278010         2872105          0       2000          0          0
   0       33     4563    12683       808278017       808290700         2884840          0       2000          0          0
   0       33     4634    12742       808290728       808303470         2897551          0       2000          0          0
   0       33     4606    12684       808303543       808316228         2910367          0       2000          0          0
   0       33     4546    12667       808316270       808328937         2923093          0       2000          0          0
   0       33     2201    10274       808328963       808339237         2935786          0       2000          0          0
   0       33     4607    12679       808339245       808351924         2946068          0       2000          0          0
   0       33     3521    11675       808351933       808363609         2958757          0       2000          0          0
   0       33     4594    12663       808363617       808376280         2970440          0       2000          0          0
   0       33     4606    12710       808376287       808388998         2983111          0       2000          0          0
   0       33     4630    12734       808389016       808401750         2995839          0       2000          0          0
   0       33     4630    12732       808401767       808414499         3008590          0       2000          0          0
   0       33     4628    12693       808414516       808427209         3021340          0       2000          0          0
   0       33     4608    12686       808427213       808439899         3034037          0       2000          0          0
   0       33     4653    12773       808439909       808452681         3046732          0       2000          0          0
   0       33     4634    12741       808452712       808465453         3059535          0       2000          0          0
   0       33     4627    12692       808465471       808478163         3072294          0       2000          0          0
   0       33     4606    12709       808478167       808490876         3084990          0       2000          0          0
   0       33     4633    12738       808490892       808503630         3097716          0       2000          0          0
   0       33     4630    12734       808503647       808516381         3110470          0       2000          0          0
   0       33     4632    12704       808516398       808529102         3123221          0       2000          0          0
   0       33     3702    11852       808529108       808540960         3135931          0       2000          0          0
   0       33     4607    12724       808540969       808553693         3147792          0       2000          0          0
   0       33     4606    12712       808553728       808566440         3160552          0       2000          0          0
   0       33     4631    12695       808566458       808579153         3173281          0       2000          0          0
   0       33     4606    12715       808579157       808591872         3185980          0       2000          0          0
   0       33     4606    12710       808591909       808604618         3198732          0       2000          0          0
   0       33     4631    12695       808604636       808617330         3211459          0       2000          0          0
   0       33     4606    12753       808617334       808630088         3224157          0       2000          0          0
   0       33     4606    12680       808630092       808642771         3236915          0       2000          0          0
   0       33     3895    12044       808642779       808654823         3249603          0       2000          0          0
   0       33     4607    12712       808654833       808667546         3261657          0       2000          0          0
   0       33     4561    12628       808667564       808680191         3274387          0       2000          0          0
   0       33     4606    12711       808680196       808692908         3287019          0       2000          0          0
   0       33     4631    12737       808692925       808705662         3299748          0       2000          0          0
   0       33     4628    12694       808705679       808718372         3312502          0       2000          0          0
   0       33     4607    12698       808718411       808731110         3325235          0       2000          0          0
   0       33     4606    12710       808731115       808743826         3337939          0       2000          0          0
   0       33     4631    12705       808743843       808756548         3350666          0       2000          0          0
   0       33     3849    11965       808756556       808768521         3363379          0       2000          0          0
   0       33     4607    12673       808768559       808781232         3375382          0       2000          0          0
   0       33     4641    12748       808781237       808793985         3388060          0       2000          0          0
   0       33     4606    12711       808794024       808806734         3400847          0       2000          0          0
   0       33     4651    12757       808806751       808819508         3413575          0       2000          0          0
   0       33     4628    12693       808819525       808832218         3426348          0       2000          0          0
   0       33     4606    12708       808832222       808844930         3439045          0       2000          0          0
   0       33     4633    12739       808844947       808857686         3451770          0       2000          0          0
   0       33     4627    12689       808857705       808870394         3464528          0       2000          0          0
   0       33     1312     9446       808870397       808879843         3477221          0       2000          0          0
   0       33     4648    12762       808879873       808892635         3486697          0       2000          0          0
   0       33     4606    12711       808892672       808905383         3499495          0       2000          0          0
   0       33     4631    12707       808905400       808918107         3512223          0       2000          0          0
   0       33     4606    12713       808918111       808930824         3524934          0       2000          0          0
   0       33     4627    12730       808930841       808943571         3537664          0       2000          0          0
   0       33     4631    12728       808943588       808956316         3550411          0       2000          0          0
   0       33     4606    12715       808956339       808969055         3563163          0       2000          0          0
   0       33     4627    12700       808969071       808981771         3575895          0       2000          0          0
   0       33     3750    11829       808981777       808993606         3588600          0       2000          0          0
   0       33     4606    12717       808993615       809006332         3600439          0       2000          0          0
   0       33     4606    12731       809006337       809019068         3613161          0       2000          0          0
   0       33     4606    12711       809019095       809031805         3625918          0       2000          0          0
   0       33     4629    12744       809031823       809044567         3638646          0       2000          0          0
   0       33     4606    12675       809044601       809057276         3651424          0       2000          0          0
   0       33     4643    12767       809057281       809070048         3664104          0       2000          0          0
   0       33     4606    12714       809070076       809082790         3676899          0       2000          0          0
   0       33     4630    12700       809082809       809095509         3689632          0       2000          0          0
   0       33     3213    11363       809095516       809106879         3702339          0       2000          0          0
   0       33     4607    12724       809106889       809119613         3713712          0       2000          0          0
   0       33     4606    12710       809119646       809132356         3726469          0       2000          0          0
   0       33     4606    12689       809132418       809145107         3739242          0       2000          0          0
   0       33     4606    12711       809145111       809157822         3751934          0       2000          0          0
   0       33     4629    12735       809157839       809170574         3764662          0       2000          0          0
   0       33     4630    12748       809170591       809183339         3777415          0       2000          0          0
   0       33     4606    12725       809183343       809196068         3790167          0       2000          0          0
   0       33     4606    12676       809196098       809208774         3802921          0       2000          0          0
   0       33     1657     9797       809208780       809218577         3815603          0       2000          0          0
   0       33     4606    12671       809218586       809231258         3825410          0       2000          0          0
   0       33     4606    12711       809231262       809243973         3838085          0       2000          0          0
   0       33     4628    12699       809243991       809256690         3850814          0       2000          0          0
   0       33     3690    11817       809256696       809268513         3863520          0       2000          0          0
   0       33     4329    12404       809268545       809280949         3875368          0       2000          0          0
   0       33     4246    12318       809280954       809293272         3887777          0       2000          0          0
   0       33     3862    11933       809293279       809305212         3900103          0       2000          0          0
   0       33     4635    12713       809305221       809317935         3912045          0       2000          0          0
   0       33     3884    11951       809317941       809329892         3924764          0       2000          0          0
   0       33     2206    10283       809329899       809340182         3936722          0       2000          0          0
   0       33     4635    12699       809340190       809352890         3947013          0       2000          0          0
   0       33     1002     9150       809352895       809362046         3959718          0       2000          0          0
   0       33     4607    12721       809362055       809374776         3968879          0       2000          0          0
   0       33     4606    12710       809374812       809387523         3981636          0       2000          0          0
   0       33     4628    12692       809387540       809400233         3994363          0       2000          0          0
   0       33     4606    12711       809400236       809412947         4007060          0       2000          0          0
   0       33     4623    12700       809412964       809425664         4019787          0       2000          0          0
   0       33     4332    12440       809425671       809438110         4032494          0       2000          0          0
   0       33     4606    12712       809438120       809450833         4044944          0       2000          0          0
   0       33     4561    12673       809450851       809463524         4057674          0       2000          0          0
   0       33     4606    12670       809463560       809476231         4070384          0       2000          0          0
   0       33     4606    12712       809476235       809488946         4083058          0       2000          0          0
   0       33     4631    12696       809488963       809501659         4095787          0       2000          0          0
   0       33     4606    12712       809501663       809514375         4108486          0       2000          0          0
   0       33     4606    12699       809514407       809527106         4121230          0       2000          0          0
   0       33     4606    12680       809527109       809539790         4133933          0       2000          0          0
   0       33     3603    11681       809539834       809551515         4146657          0       2000          0          0
   0       33     4607    12671       809551524       809564195         4158347          0       2000          0          0
   0       33     4606    12712       809564199       809576911         4171023          0       2000          0          0
   0       33     4629    12734       809576928       809589663         4183752          0       2000          0          0
   0       33     4625    12729       809589683       809602413         4196507          0       2000          0          0
   0       33     4633    12697       809602430       809615127         4209253          0       2000          0          0
   0       33     4606    12707       809615131       809627837         4221954          0       2000          0          0
   0       33     4637    12741       809627854       809640595         4234678          0       2000          0          0
   0       33     4629    12694       809640612       809653306         4247436          0       2000          0          0
   0       33     1334     9409       809653310       809662719         4260134          0       2000          0          0
   0       33     4607    12721       809662729       809675450         4269552          0       2000          0          0
   0       33     4606    12671       809675485       809688156         4282308          0       2000          0          0
   0       33     4606    12710       809688160       809700870         4294983          0       2000          0          0
   0       33     4631    12736       809700887       809713623         4307710          0       2000          0          0
   0       33     4629    12731       809713640       809726371         4320463          0       2000          0          0
   0       33     4631    12718       809726388       809739106         4333211          0       2000          0          0
   0       33     4606    12710       809739109       809751819         4345933          0       2000          0          0
   0       33     4627    12700       809751836       809764537         4358659          0       2000          0          0
   0       33     2667    10745       809764543       809775288         4371366          0       2000          0          0
   0       33     4607    12726       809775298       809788023         4382121          0       2000          0          0
   0       33     4606    12712       809788057       809800769         4394880          0       2000          0          0
   0       33     4631    12740       809800787       809813526         4407610          0       2000          0          0
   0       33     4627    12691       809813547       809826239         4420371          0       2000          0          0
   0       33     4606    12709       809826242       809838952         4433066          0       2000          0          0
   0       33     4634    12735       809838969       809851704         4445792          0       2000          0          0
   0       33     4634    12705       809851725       809864430         4458548          0       2000          0          0
   0       33     2634    10709       809864436       809875145         4471259          0       2000          0          0
   0       33     4606    12681       809875154       809887835         4481978          0       2000          0          0
   0       33     3820    11972       809887842       809899814         4494665          0       2000          0          0
   0       33     4546    12658       809899824       809912482         4506647          0       2000          0          0
   0       33     4606    12670       809912520       809925190         4519343          0       2000          0          0
   0       33     4606    12710       809925194       809937903         4532017          0       2000          0          0
   0       33     4630    12735       809937920       809950656         4544744          0       2000          0          0
   0       33     4606    12711       809950730       809963440         4557553          0       2000          0          0
   0       33     4629    12694       809963457       809976151         4570281          0       2000          0          0
   0       33     4606    12685       809976155       809988840         4582978          0       2000          0          0
   0       33     3874    11946       809988849       810000795         4595672          0       2000          0          0
   0       33     4552    12664       810000806       810013469         4607629          0       2000          0          0
   0       33     4606    12670       810013507       810026177         4620330          0       2000          0          0
   0       33     4606    12710       810026181       810038891         4633005          0       2000          0          0
   0       33     4631    12739       810038908       810051647         4645731          0       2000          0          0
   0       33     4627    12729       810051663       810064392         4658487          0       2000          0          0
   0       33     4631    12703       810064409       810077112         4671232          0       2000          0          0
   0       33     4606    12718       810077115       810089833         4683939          0       2000          0          0
   0       33     4638    12707       810089851       810102558         4696674          0       2000          0          0
   0       33     2679    10795       810102565       810113360         4709388          0       2000          0          0
   0       33     2029    10143       810113366       810123508         4720189          0       2000          0          0
   0       33     4606    12671       810123541       810136212         4730365          0       2000          0          0
   0       33     4606    12711       810136216       810148927         4743039          0       2000          0          0
   0       33     4629    12731       810148944       810161675         4755767          0       2000          0          0
   0       33     4632    12738       810161692       810174430         4768515          0       2000          0          0
   0       33     4629    12694       810174447       810187140         4781270          0       2000          0          0
   0       33     4606    12711       810187145       810199856         4793968          0       2000          0          0
   0       33     4630    12697       810199873       810212569         4806696          0       2000          0          0
   0       33     4631    12708       810212574       810225281         4819397          0       2000          0          0
   0       33     4606    12674       810225291       810237965         4832114          0       2000          0          0
   0       33     4220    12293       810237971       810250264         4844794          0       2000          0          0
   0       33     4557    12669       810250274       810262943         4857097          0       2000          0          0
   0       33     4606    12677       810262979       810275656         4869802          0       2000          0          0
   0       33     4651    12766       810275662       810288428         4882485          0       2000          0          0
   0       33     4570    12647       810288463       810301110         4895286          0       2000          0          0
   0       33     4606    12706       810301115       810313821         4907938          0       2000          0          0
   0       33     4608    12690       810313825       810326515         4920648          0       2000          0          0
   0       33     4646    12729       810326523       810339251         4933346          0       2000          0          0
   0       33     4608    12674       810339261       810351935         4946084          0       2000          0          0
   0       33     4650    12811       810351941       810364752         4958764          0       2000          0          0
   0       33     4563    12677       810364806       810377483         4971630          0       2000          0          0
   0       33     4606    12671       810377521       810390192         4984345          0       2000          0          0
