cset: --> last message, executed args into cpuset "/user", new pid is: 9641
{
  name          : calibration
  trace_id      : 327bf8735d9460bdb422435d4adc565b
  span_id       : dbfcb4088149506c
  tracestate    : 
  parent_span_id: 7763bc8cfaa2c3de
  start         : 1787914160870457887
  duration      : 30809
  description   : 
  span kind     : Internal
  status        : Unset
  attributes    : 
  events        : 
  links         : 
  resources     : 
	telemetry.sdk.version: 1.28.0
	telemetry.sdk.name: opentelemetry
	telemetry.sdk.language: cpp
	service.name: rt-app_console
  instr-lib     : rt-app-tracer
}
{
  name          : HI_task-0
  trace_id      : 327bf8735d9460bdb422435d4adc565b
  span_id       : d1b3893d50e1a0d8
  tracestate    : 
  parent_span_id: 7763bc8cfaa2c3de
  start         : 1787914160871862635
  duration      : 19999229948
  description   : 
  span kind     : Internal
  status        : Unset
  attributes    : 
	cancellation: force_terminate
	config.sched_data.util_min: -1
	config.index: 0
	config.lock_pages: 1
	config.sched_data.priority: 90
	config.num_instances: 1
	config.loop: 1
	config.delay: 0
	config.forked: 0
	config.duration: 20
	config.sched_data.policy: SCHED_FIFO
	config.nphases: 1
	config.sched_data.util_max: -1
	config.name: HI_task-0
	config.cpuset: [ 2 ]
  events        : 
  links         : 
  resources     : 
	telemetry.sdk.version: 1.28.0
	telemetry.sdk.name: opentelemetry
	telemetry.sdk.language: cpp
	service.name: rt-app_console
  instr-lib     : rt-app-tracer
}
{
  name          : LO_noise-1
  trace_id      : 327bf8735d9460bdb422435d4adc565b
  span_id       : e067f9da0a5f6bb3
  tracestate    : 
  parent_span_id: 7763bc8cfaa2c3de
  start         : 1787914160871723575
  duration      : 19999420388
  description   : 
  span kind     : Internal
  status        : Unset
  attributes    : 
	cancellation: force_terminate
	config.sched_data.util_min: -1
	config.index: 1
	config.lock_pages: 1
	config.sched_data.priority: 0
	config.num_instances: 4
	config.loop: 1
	config.delay: 0
	config.forked: 0
	config.duration: 20
	config.sched_data.policy: SCHED_OTHER
	config.nphases: 1
	config.sched_data.util_max: -1
	config.name: LO_noise-1
	config.cpuset: [ 3 ]
  events        : 
  links         : 
  resources     : 
	telemetry.sdk.version: 1.28.0
	telemetry.sdk.name: opentelemetry
	telemetry.sdk.language: cpp
	service.name: rt-app_console
  instr-lib     : rt-app-tracer
}
{
  name          : LO_noise-2
  trace_id      : 327bf8735d9460bdb422435d4adc565b
  span_id       : ed397b6cb6a03d76
  tracestate    : 
  parent_span_id: 7763bc8cfaa2c3de
  start         : 1787914160871560539
  duration      : 19999613181
  description   : 
  span kind     : Internal
  status        : Unset
  attributes    : 
	cancellation: force_terminate
	config.sched_data.util_min: -1
	config.index: 2
	config.lock_pages: 1
	config.sched_data.priority: 0
	config.num_instances: 4
	config.loop: 1
	config.delay: 0
	config.forked: 0
	config.duration: 20
	config.sched_data.policy: SCHED_OTHER
	config.nphases: 1
	config.sched_data.util_max: -1
	config.name: LO_noise-2
	config.cpuset: [ 3 ]
  events        : 
  links         : 
  resources     : 
	telemetry.sdk.version: 1.28.0
	telemetry.sdk.name: opentelemetry
	telemetry.sdk.language: cpp
	service.name: rt-app_console
  instr-lib     : rt-app-tracer
}
{
  name          : LO_noise-3
  trace_id      : 327bf8735d9460bdb422435d4adc565b
  span_id       : 0b1728f5e43b137f
  tracestate    : 
  parent_span_id: 7763bc8cfaa2c3de
  start         : 1787914160871414521
  duration      : 19999761658
  description   : 
  span kind     : Internal
  status        : Unset
  attributes    : 
	cancellation: force_terminate
	config.sched_data.util_min: -1
	config.index: 3
	config.lock_pages: 1
	config.sched_data.priority: 0
	config.num_instances: 4
	config.loop: 1
	config.delay: 0
	config.forked: 0
	config.duration: 20
	config.sched_data.policy: SCHED_OTHER
	config.nphases: 1
	config.sched_data.util_max: -1
	config.name: LO_noise-3
	config.cpuset: [ 3 ]
  events        : 
  links         : 
  resources     : 
	telemetry.sdk.version: 1.28.0
	telemetry.sdk.name: opentelemetry
	telemetry.sdk.language: cpp
	service.name: rt-app_console
  instr-lib     : rt-app-tracer
}
{
  name          : LO_noise-4
  trace_id      : 327bf8735d9460bdb422435d4adc565b
  span_id       : b0dcd025c6f9fb8b
  tracestate    : 
  parent_span_id: 7763bc8cfaa2c3de
  start         : 1787914160871289066
  duration      : 19999896501
  description   : 
  span kind     : Internal
  status        : Unset
  attributes    : 
	cancellation: force_terminate
	config.sched_data.util_min: -1
	config.index: 4
	config.lock_pages: 1
	config.sched_data.priority: 0
	config.num_instances: 4
	config.loop: 1
	config.delay: 0
	config.forked: 0
	config.duration: 20
	config.sched_data.policy: SCHED_OTHER
	config.nphases: 1
	config.sched_data.util_max: -1
	config.name: LO_noise-4
	config.cpuset: [ 3 ]
  events        : 
  links         : 
  resources     : 
	telemetry.sdk.version: 1.28.0
	telemetry.sdk.name: opentelemetry
	telemetry.sdk.language: cpp
	service.name: rt-app_console
  instr-lib     : rt-app-tracer
}
{
  name          : phase[0]
  trace_id      : 327bf8735d9460bdb422435d4adc565b
  span_id       : 36ca90ddc934cb05
  tracestate    : 
  parent_span_id: e53c9c828e1bca16
  start         : 1787914160901937029
  duration      : 19969280145
  description   : 
  span kind     : Internal
  status        : Unset
  attributes    : 
  events        : 
  links         : 
  resources     : 
	telemetry.sdk.version: 1.28.0
	telemetry.sdk.name: opentelemetry
	telemetry.sdk.language: cpp
	service.name: rt-app_console
  instr-lib     : rt-app-tracer
}
{
  name          : thread_loop[0]
  trace_id      : 327bf8735d9460bdb422435d4adc565b
  span_id       : e53c9c828e1bca16
  tracestate    : 
  parent_span_id: d1b3893d50e1a0d8
  start         : 1787914160901933755
  duration      : 19969285341
  description   : 
  span kind     : Internal
  status        : Unset
  attributes    : 
  events        : 
  links         : 
  resources     : 
	telemetry.sdk.version: 1.28.0
	telemetry.sdk.name: opentelemetry
	telemetry.sdk.language: cpp
	service.name: rt-app_console
  instr-lib     : rt-app-tracer
}
{
  name          : phase[0]
  trace_id      : 327bf8735d9460bdb422435d4adc565b
  span_id       : 25683c85c56b1f66
  tracestate    : 
  parent_span_id: 2feed81ee4b9a687
  start         : 1787914160871601022
  duration      : 19999831350
  description   : 
  span kind     : Internal
  status        : Unset
  attributes    : 
  events        : 
  links         : 
  resources     : 
	telemetry.sdk.version: 1.28.0
	telemetry.sdk.name: opentelemetry
	telemetry.sdk.language: cpp
	service.name: rt-app_console
  instr-lib     : rt-app-tracer
}
{
  name          : thread_loop[0]
  trace_id      : 327bf8735d9460bdb422435d4adc565b
  span_id       : 2feed81ee4b9a687
  tracestate    : 
  parent_span_id: ed397b6cb6a03d76
  start         : 1787914160871598487
  duration      : 19999836852
  description   : 
  span kind     : Internal
  status        : Unset
  attributes    : 
  events        : 
  links         : 
  resources     : 
	telemetry.sdk.version: 1.28.0
	telemetry.sdk.name: opentelemetry
	telemetry.sdk.language: cpp
	service.name: rt-app_console
  instr-lib     : rt-app-tracer
}
{
  name          : phase[0]
  trace_id      : 327bf8735d9460bdb422435d4adc565b
  span_id       : a04e35b1eeb082be
  tracestate    : 
  parent_span_id: 67ad27a63ea01b30
  start         : 1787914160871454951
  duration      : 20000069715
  description   : 
  span kind     : Internal
  status        : Unset
  attributes    : 
  events        : 
  links         : 
  resources     : 
	telemetry.sdk.version: 1.28.0
	telemetry.sdk.name: opentelemetry
	telemetry.sdk.language: cpp
	service.name: rt-app_console
  instr-lib     : rt-app-tracer
}
{
  name          : thread_loop[0]
  trace_id      : 327bf8735d9460bdb422435d4adc565b
  span_id       : 67ad27a63ea01b30
  tracestate    : 
  parent_span_id: 0b1728f5e43b137f
  start         : 1787914160871451999
  duration      : 20000074093
  description   : 
  span kind     : Internal
  status        : Unset
  attributes    : 
  events        : 
  links         : 
  resources     : 
	telemetry.sdk.version: 1.28.0
	telemetry.sdk.name: opentelemetry
	telemetry.sdk.language: cpp
	service.name: rt-app_console
  instr-lib     : rt-app-tracer
}
{
  name          : phase[0]
  trace_id      : 327bf8735d9460bdb422435d4adc565b
  span_id       : d06a32d177d69646
  tracestate    : 
  parent_span_id: 2cc4eee5ea909e79
  start         : 1787914160871640877
  duration      : 19999930386
  description   : 
  span kind     : Internal
  status        : Unset
  attributes    : 
  events        : 
  links         : 
  resources     : 
	telemetry.sdk.version: 1.28.0
	telemetry.sdk.name: opentelemetry
	telemetry.sdk.language: cpp
	service.name: rt-app_console
  instr-lib     : rt-app-tracer
}
{
  name          : thread_loop[0]
  trace_id      : 327bf8735d9460bdb422435d4adc565b
  span_id       : 2cc4eee5ea909e79
  tracestate    : 
  parent_span_id: b0dcd025c6f9fb8b
  start         : 1787914160871638470
  duration      : 19999933921
  description   : 
  span kind     : Internal
  status        : Unset
  attributes    : 
  events        : 
  links         : 
  resources     : 
	telemetry.sdk.version: 1.28.0
	telemetry.sdk.name: opentelemetry
	telemetry.sdk.language: cpp
	service.name: rt-app_console
  instr-lib     : rt-app-tracer
}
{
  name          : phase[0]
  trace_id      : 327bf8735d9460bdb422435d4adc565b
  span_id       : 62d2c092c9539ff4
  tracestate    : 
  parent_span_id: 4471637e90c59824
  start         : 1787914160871760514
  duration      : 19999857037
  description   : 
  span kind     : Internal
  status        : Unset
  attributes    : 
  events        : 
  links         : 
  resources     : 
	telemetry.sdk.version: 1.28.0
	telemetry.sdk.name: opentelemetry
	telemetry.sdk.language: cpp
	service.name: rt-app_console
  instr-lib     : rt-app-tracer
}
{
  name          : thread_loop[0]
  trace_id      : 327bf8735d9460bdb422435d4adc565b
  span_id       : 4471637e90c59824
  tracestate    : 
  parent_span_id: e067f9da0a5f6bb3
  start         : 1787914160871758012
  duration      : 19999860675
  description   : 
  span kind     : Internal
  status        : Unset
  attributes    : 
  events        : 
  links         : 
  resources     : 
	telemetry.sdk.version: 1.28.0
	telemetry.sdk.name: opentelemetry
	telemetry.sdk.language: cpp
	service.name: rt-app_console
  instr-lib     : rt-app-tracer
}
{
  name          : main
  trace_id      : 327bf8735d9460bdb422435d4adc565b
  span_id       : 7763bc8cfaa2c3de
  tracestate    : 
  parent_span_id: 0000000000000000
  start         : 1787914160870417267
  duration      : 20003034983
  description   : 
  span kind     : Internal
  status        : Unset
  attributes    : 
	shutdown: graceful
	config.io_device: /dev/null
	config.mem_buffer_size: 4194304
	config.lock_pages: 1
	config.calib_cpu: 0
	config.policy: 0
	config.logdir: /home/fabio/Scrivania/OTel-capabilities-for-mixed-criticality-workloads/2-DoE/block2/t2_p0_s1_r0.5_n4/run_06
	config.duration: 20
	config.num_tasks: 2
	config.calib_ns_per_loop: 139
	config.logbasename: rtapp
	config.logsize: -2
	config.gnuplot: 0
	config.pi_enabled: 0
	config.cumulative_slack: 0
	config.nthreads: 5
	config.die_on_dmiss: 0
  events        : 
	{
	  name          : graceful-shutdown
	  timestamp     : 1787914180873450410
	  attributes    : 
	}
  links         : 
  resources     : 
	telemetry.sdk.version: 1.28.0
	telemetry.sdk.name: opentelemetry
	telemetry.sdk.language: cpp
	service.name: rt-app_console
  instr-lib     : rt-app-tracer
}
