cset: --> last message, executed args into cpuset "/user", new pid is: 8103
{
  name          : calibration
  trace_id      : 1983ee819e3b1a99cf9672ec6df94295
  span_id       : a5afb4c37ddb69cf
  tracestate    : 
  parent_span_id: 6d2ccb2bb24a055d
  start         : 1787912899533486136
  duration      : 31635
  description   : 
  span kind     : Internal
  status        : Unset
  attributes    : 
  events        : 
  links         : 
  resources     : 
	telemetry.sdk.version: 1.28.0
	telemetry.sdk.name: opentelemetry
	telemetry.sdk.language: cpp
	service.name: rt-app_console
  instr-lib     : rt-app-tracer
}
{
  name          : HI_task-0
  trace_id      : 1983ee819e3b1a99cf9672ec6df94295
  span_id       : 3826febe0a4d3b4f
  tracestate    : 
  parent_span_id: 6d2ccb2bb24a055d
  start         : 1787912899534776872
  duration      : 19999338879
  description   : 
  span kind     : Internal
  status        : Unset
  attributes    : 
	cancellation: force_terminate
	config.sched_data.util_min: -1
	config.index: 0
	config.lock_pages: 1
	config.sched_data.priority: 90
	config.num_instances: 1
	config.loop: 1
	config.delay: 0
	config.forked: 0
	config.duration: 20
	config.sched_data.policy: SCHED_FIFO
	config.nphases: 1
	config.sched_data.util_max: -1
	config.name: HI_task-0
	config.cpuset: [ 2 ]
  events        : 
  links         : 
  resources     : 
	telemetry.sdk.version: 1.28.0
	telemetry.sdk.name: opentelemetry
	telemetry.sdk.language: cpp
	service.name: rt-app_console
  instr-lib     : rt-app-tracer
}
{
  name          : LO_noise-1
  trace_id      : 1983ee819e3b1a99cf9672ec6df94295
  span_id       : 592ff57fe43f09b7
  tracestate    : 
  parent_span_id: 6d2ccb2bb24a055d
  start         : 1787912899534657164
  duration      : 19999508465
  description   : 
  span kind     : Internal
  status        : Unset
  attributes    : 
	cancellation: force_terminate
	config.sched_data.util_min: -1
	config.index: 1
	config.lock_pages: 1
	config.sched_data.priority: 0
	config.num_instances: 4
	config.loop: 1
	config.delay: 0
	config.forked: 0
	config.duration: 20
	config.sched_data.policy: SCHED_OTHER
	config.nphases: 1
	config.sched_data.util_max: -1
	config.name: LO_noise-1
	config.cpuset: [ 3 ]
  events        : 
  links         : 
  resources     : 
	telemetry.sdk.version: 1.28.0
	telemetry.sdk.name: opentelemetry
	telemetry.sdk.language: cpp
	service.name: rt-app_console
  instr-lib     : rt-app-tracer
}
{
  name          : LO_noise-2
  trace_id      : 1983ee819e3b1a99cf9672ec6df94295
  span_id       : 36a5b5c56bca64c2
  tracestate    : 
  parent_span_id: 6d2ccb2bb24a055d
  start         : 1787912899534525646
  duration      : 19999668544
  description   : 
  span kind     : Internal
  status        : Unset
  attributes    : 
	cancellation: force_terminate
	config.sched_data.util_min: -1
	config.index: 2
	config.lock_pages: 1
	config.sched_data.priority: 0
	config.num_instances: 4
	config.loop: 1
	config.delay: 0
	config.forked: 0
	config.duration: 20
	config.sched_data.policy: SCHED_OTHER
	config.nphases: 1
	config.sched_data.util_max: -1
	config.name: LO_noise-2
	config.cpuset: [ 3 ]
  events        : 
  links         : 
  resources     : 
	telemetry.sdk.version: 1.28.0
	telemetry.sdk.name: opentelemetry
	telemetry.sdk.language: cpp
	service.name: rt-app_console
  instr-lib     : rt-app-tracer
}
{
  name          : LO_noise-3
  trace_id      : 1983ee819e3b1a99cf9672ec6df94295
  span_id       : 5f76cef9bbd4b00a
  tracestate    : 
  parent_span_id: 6d2ccb2bb24a055d
  start         : 1787912899534230950
  duration      : 19999973415
  description   : 
  span kind     : Internal
  status        : Unset
  attributes    : 
	cancellation: force_terminate
	config.sched_data.util_min: -1
	config.index: 3
	config.lock_pages: 1
	config.sched_data.priority: 0
	config.num_instances: 4
	config.loop: 1
	config.delay: 0
	config.forked: 0
	config.duration: 20
	config.sched_data.policy: SCHED_OTHER
	config.nphases: 1
	config.sched_data.util_max: -1
	config.name: LO_noise-3
	config.cpuset: [ 3 ]
  events        : 
  links         : 
  resources     : 
	telemetry.sdk.version: 1.28.0
	telemetry.sdk.name: opentelemetry
	telemetry.sdk.language: cpp
	service.name: rt-app_console
  instr-lib     : rt-app-tracer
}
{
  name          : phase[0]
  trace_id      : 1983ee819e3b1a99cf9672ec6df94295
  span_id       : a3e73b9cf1da5f76
  tracestate    : 
  parent_span_id: 486ff55a2af3ffc3
  start         : 1787912899534434642
  duration      : 19999771952
  description   : 
  span kind     : Internal
  status        : Unset
  attributes    : 
  events        : 
  links         : 
  resources     : 
	telemetry.sdk.version: 1.28.0
	telemetry.sdk.name: opentelemetry
	telemetry.sdk.language: cpp
	service.name: rt-app_console
  instr-lib     : rt-app-tracer
}
{
  name          : thread_loop[0]
  trace_id      : 1983ee819e3b1a99cf9672ec6df94295
  span_id       : 486ff55a2af3ffc3
  tracestate    : 
  parent_span_id: e1b2ab420517ffd2
  start         : 1787912899534432053
  duration      : 19999777646
  description   : 
  span kind     : Internal
  status        : Unset
  attributes    : 
  events        : 
  links         : 
  resources     : 
	telemetry.sdk.version: 1.28.0
	telemetry.sdk.name: opentelemetry
	telemetry.sdk.language: cpp
	service.name: rt-app_console
  instr-lib     : rt-app-tracer
}
{
  name          : LO_noise-4
  trace_id      : 1983ee819e3b1a99cf9672ec6df94295
  span_id       : e1b2ab420517ffd2
  tracestate    : 
  parent_span_id: 6d2ccb2bb24a055d
  start         : 1787912899534389836
  duration      : 19999824247
  description   : 
  span kind     : Internal
  status        : Unset
  attributes    : 
	cancellation: force_terminate
	config.sched_data.util_min: -1
	config.index: 4
	config.lock_pages: 1
	config.sched_data.priority: 0
	config.num_instances: 4
	config.loop: 1
	config.delay: 0
	config.forked: 0
	config.duration: 20
	config.sched_data.policy: SCHED_OTHER
	config.nphases: 1
	config.sched_data.util_max: -1
	config.name: LO_noise-4
	config.cpuset: [ 3 ]
  events        : 
  links         : 
  resources     : 
	telemetry.sdk.version: 1.28.0
	telemetry.sdk.name: opentelemetry
	telemetry.sdk.language: cpp
	service.name: rt-app_console
  instr-lib     : rt-app-tracer
}
{
  name          : phase[0]
  trace_id      : 1983ee819e3b1a99cf9672ec6df94295
  span_id       : d6fd5294635d92ab
  tracestate    : 
  parent_span_id: 3f9775369a352e80
  start         : 1787912899564813348
  duration      : 19969423316
  description   : 
  span kind     : Internal
  status        : Unset
  attributes    : 
  events        : 
  links         : 
  resources     : 
	telemetry.sdk.version: 1.28.0
	telemetry.sdk.name: opentelemetry
	telemetry.sdk.language: cpp
	service.name: rt-app_console
  instr-lib     : rt-app-tracer
}
{
  name          : thread_loop[0]
  trace_id      : 1983ee819e3b1a99cf9672ec6df94295
  span_id       : 3f9775369a352e80
  tracestate    : 
  parent_span_id: 3826febe0a4d3b4f
  start         : 1787912899564809869
  duration      : 19969428637
  description   : 
  span kind     : Internal
  status        : Unset
  attributes    : 
  events        : 
  links         : 
  resources     : 
	telemetry.sdk.version: 1.28.0
	telemetry.sdk.name: opentelemetry
	telemetry.sdk.language: cpp
	service.name: rt-app_console
  instr-lib     : rt-app-tracer
}
{
  name          : phase[0]
  trace_id      : 1983ee819e3b1a99cf9672ec6df94295
  span_id       : 58b5c6239458aba6
  tracestate    : 
  parent_span_id: fa2d3c9b73aef4af
  start         : 1787912899534693945
  duration      : 19999598593
  description   : 
  span kind     : Internal
  status        : Unset
  attributes    : 
  events        : 
  links         : 
  resources     : 
	telemetry.sdk.version: 1.28.0
	telemetry.sdk.name: opentelemetry
	telemetry.sdk.language: cpp
	service.name: rt-app_console
  instr-lib     : rt-app-tracer
}
{
  name          : thread_loop[0]
  trace_id      : 1983ee819e3b1a99cf9672ec6df94295
  span_id       : fa2d3c9b73aef4af
  tracestate    : 
  parent_span_id: 592ff57fe43f09b7
  start         : 1787912899534691561
  duration      : 19999602337
  description   : 
  span kind     : Internal
  status        : Unset
  attributes    : 
  events        : 
  links         : 
  resources     : 
	telemetry.sdk.version: 1.28.0
	telemetry.sdk.name: opentelemetry
	telemetry.sdk.language: cpp
	service.name: rt-app_console
  instr-lib     : rt-app-tracer
}
{
  name          : phase[0]
  trace_id      : 1983ee819e3b1a99cf9672ec6df94295
  span_id       : 407c138df04e7614
  tracestate    : 
  parent_span_id: e53e3a41a2ace280
  start         : 1787912899534275641
  duration      : 20000101075
  description   : 
  span kind     : Internal
  status        : Unset
  attributes    : 
  events        : 
  links         : 
  resources     : 
	telemetry.sdk.version: 1.28.0
	telemetry.sdk.name: opentelemetry
	telemetry.sdk.language: cpp
	service.name: rt-app_console
  instr-lib     : rt-app-tracer
}
{
  name          : thread_loop[0]
  trace_id      : 1983ee819e3b1a99cf9672ec6df94295
  span_id       : e53e3a41a2ace280
  tracestate    : 
  parent_span_id: 5f76cef9bbd4b00a
  start         : 1787912899534272822
  duration      : 20000105205
  description   : 
  span kind     : Internal
  status        : Unset
  attributes    : 
  events        : 
  links         : 
  resources     : 
	telemetry.sdk.version: 1.28.0
	telemetry.sdk.name: opentelemetry
	telemetry.sdk.language: cpp
	service.name: rt-app_console
  instr-lib     : rt-app-tracer
}
{
  name          : phase[0]
  trace_id      : 1983ee819e3b1a99cf9672ec6df94295
  span_id       : 95050b63b3f6bbe1
  tracestate    : 
  parent_span_id: f877b321123afd9d
  start         : 1787912899534562527
  duration      : 19999862027
  description   : 
  span kind     : Internal
  status        : Unset
  attributes    : 
  events        : 
  links         : 
  resources     : 
	telemetry.sdk.version: 1.28.0
	telemetry.sdk.name: opentelemetry
	telemetry.sdk.language: cpp
	service.name: rt-app_console
  instr-lib     : rt-app-tracer
}
{
  name          : thread_loop[0]
  trace_id      : 1983ee819e3b1a99cf9672ec6df94295
  span_id       : f877b321123afd9d
  tracestate    : 
  parent_span_id: 36a5b5c56bca64c2
  start         : 1787912899534560198
  duration      : 19999865448
  description   : 
  span kind     : Internal
  status        : Unset
  attributes    : 
  events        : 
  links         : 
  resources     : 
	telemetry.sdk.version: 1.28.0
	telemetry.sdk.name: opentelemetry
	telemetry.sdk.language: cpp
	service.name: rt-app_console
  instr-lib     : rt-app-tracer
}
{
  name          : main
  trace_id      : 1983ee819e3b1a99cf9672ec6df94295
  span_id       : 6d2ccb2bb24a055d
  tracestate    : 
  parent_span_id: 0000000000000000
  start         : 1787912899533400507
  duration      : 20002779697
  description   : 
  span kind     : Internal
  status        : Unset
  attributes    : 
	shutdown: graceful
	config.io_device: /dev/null
	config.mem_buffer_size: 4194304
	config.lock_pages: 1
	config.calib_cpu: 0
	config.policy: 0
	config.logdir: /home/fabio/Scrivania/OTel-capabilities-for-mixed-criticality-workloads/2-DoE/block2/t2_p0_s0_r0.0_n4/run_25
	config.duration: 20
	config.num_tasks: 2
	config.calib_ns_per_loop: 139
	config.logbasename: rtapp
	config.logsize: -2
	config.gnuplot: 0
	config.pi_enabled: 0
	config.cumulative_slack: 0
	config.nthreads: 5
	config.die_on_dmiss: 0
  events        : 
	{
	  name          : graceful-shutdown
	  timestamp     : 1787912919536177971
	  attributes    : 
	}
  links         : 
  resources     : 
	telemetry.sdk.version: 1.28.0
	telemetry.sdk.name: opentelemetry
	telemetry.sdk.language: cpp
	service.name: rt-app_console
  instr-lib     : rt-app-tracer
}
