#idx     perf      run   period           start             end          rel_st      slack c_duration   c_period     wu_lat
   0       68     3717    11817      5117285143      5117296961             403          0       2000          0          0
   0       68     2839    10917      5117296972      5117307889           12232          0       2000          0          0
   0       68     2037    10138      5117307899      5117318037           23159          0       2000          0          0
   0       68     2250    10325      5117318049      5117328374           33309          0       2000          0          0
   0       68     2022    10091      5117328404      5117338496           43664          0       2000          0          0
   0       68     2026    10098      5117338500      5117348598           53760          0       2000          0          0
   0       68     2067    10143      5117348608      5117358751           63868          0       2000          0          0
   0       68     2028    10097      5117358760      5117368857           74020          0       2000          0          0
   0       68     2003    10076      5117368862      5117378938           84122          0       2000          0          0
   0       68     2016    10101      5117378948      5117389049           94208          0       2000          0          0
   0       68     2132    10214      5117389058      5117399272          104318          0       2000          0          0
   0       68     2104    10180      5117399288      5117409467          114548          0       2000          0          0
   0       68     2302    10385      5117409477      5117419862          124737          0       2000          0          0
   0       68     2250    10323      5117419874      5117430196          135134          0       2000          0          0
   0       68     2081    10152      5117430205      5117440357          145465          0       2000          0          0
   0       68     2045    10123      5117440368      5117450491          155628          0       2000          0          0
   0       68     2878    10955      5117450504      5117461459          165764          0       2000          0          0
   0       68     2024    10101      5117461467      5117471569          176727          0       2000          0          0
   0       68     2108    10197      5117471578      5117481774          186838          0       2000          0          0
   0       68     2920    10993      5117481786      5117492778          197046          0       2000          0          0
   0       68     2006    10074      5117492787      5117502861          208047          0       2000          0          0
   0       68     2000    10090      5117502865      5117512955          218125          0       2000          0          0
   0       68     2519    10603      5117512968      5117523571          228228          0       2000          0          0
   0       68     2109    10184      5117523582      5117533765          238842          0       2000          0          0
   0       68     2271    10346      5117533774      5117544120          249034          0       2000          0          0
   0       68     2804    10895      5117544130      5117555026          259390          0       2000          0          0
   0       68     2082    10167      5117555035      5117565202          270295          0       2000          0          0
   0       68     2012    10088      5117565211      5117575299          280471          0       2000          0          0
   0       68     2206    10289      5117575308      5117585597          290568          0       2000          0          0
   0       68     2090    10161      5117585606      5117595767          300866          0       2000          0          0
   0       68     2063    10136      5117595772      5117605908          311032          0       2000          0          0
   0       68     2023    10110      5117605917      5117616027          321177          0       2000          0          0
   0       68     2757    10836      5117616039      5117626874          331299          0       2000          0          0
   0       68     2034    10113      5117626976      5117637089          342236          0       2000          0          0
   0       68     2073    10154      5117637099      5117647252          352359          0       2000          0          0
   0       68     2900    10979      5117647265      5117658244          362525          0       2000          0          0
   0       68     2013    10087      5117658253      5117668341          373513          0       2000          0          0
   0       68     2000    10072      5117668349      5117678421          383609          0       2000          0          0
   0       68     2649    10725      5117678430      5117689155          393690          0       2000          0          0
   0       68     2015    10082      5117689163      5117699246          404423          0       2000          0          0
   0       68     2014    10073      5117699249      5117709322          414509          0       2000          0          0
   0       68     2048    10129      5117709331      5117719460          424591          0       2000          0          0
   0       68     2213    10282      5117719471      5117729753          434731          0       2000          0          0
   0       68     2019    10110      5117729759      5117739869          445019          0       2000          0          0
   0       68     2136    10218      5117739882      5117750100          455142          0       2000          0          0
   0       68     2556    10635      5117750118      5117760753          465378          0       2000          0          0
   0       68     2085    10163      5117760762      5117770924          476022          0       2000          0          0
   0       68     2008    10099      5117770934      5117781033          486194          0       2000          0          0
   0       68     2789    10865      5117781044      5117791910          496304          0       2000          0          0
   0       68     2010    10127      5117791919      5117802046          507179          0       2000          0          0
   0       68     2018    10097      5117802061      5117812158          517321          0       2000          0          0
   0       68     2574    10658      5117812168      5117822826          527428          0       2000          0          0
   0       68     2026    10094      5117822834      5117832928          538094          0       2000          0          0
   0       68     2121    10199      5117832933      5117843131          548193          0       2000          0          0
   0       68     2000    10097      5117843141      5117853238          558401          0       2000          0          0
   0       68     2233    10307      5117853254      5117863561          568514          0       2000          0          0
   0       68     2127    10205      5117863567      5117873772          578827          0       2000          0          0
   0       68     2103    10194      5117873782      5117883976          589042          0       2000          0          0
   0       68     3125    11197      5117883988      5117895185          599248          0       2000          0          0
   0       68     2060    10133      5117895194      5117905327          610454          0       2000          0          0
   0       68     2097    10181      5117905335      5117915516          620595          0       2000          0          0
   0       68     2915    10991      5117915526      5117926517          630786          0       2000          0          0
   0       68     2057    10134      5117926526      5117936660          641786          0       2000          0          0
   0       68     2080    10166      5117936668      5117946833          651928          0       2000          0          0
   0       68     3010    11099      5117946844      5117957943          662104          0       2000          0          0
   0       68     2021    10098      5117957959      5117968057          673219          0       2000          0          0
   0       68     2009    10083      5117968129      5117978211          683389          0       2000          0          0
   0       68     2471    10550      5117978221      5117988771          693481          0       2000          0          0
   0       68     2027    10097      5117988780      5117998877          704040          0       2000          0          0
   0       68     2211    10284      5117998881      5118009166          714141          0       2000          0          0
   0       68     2027    10105      5118009175      5118019280          724435          0       2000          0          0
   0       68     2043    10124      5118019289      5118029413          734549          0       2000          0          0
   0       68     2078    10146      5118029420      5118039565          744680          0       2000          0          0
   0       68     2051    10143      5118039570      5118049713          754830          0       2000          0          0
   0       68     2153    10232      5118049726      5118059958          764986          0       2000          0          0
   0       68     2056    10134      5118059970      5118070105          775230          0       2000          0          0
   0       68     2081    10157      5118070118      5118080275          785378          0       2000          0          0
   0       68     2934    11008      5118080285      5118091294          795545          0       2000          0          0
   0       68     2041    10119      5118091301      5118101420          806561          0       2000          0          0
   0       68     2011    10086      5118101424      5118111509          816684          0       2000          0          0
   0       68     2450    10531      5118111519      5118122049          826779          0       2000          0          0
   0       68     2022    10094      5118122060      5118132153          837320          0       2000          0          0
   0       68     2020    10094      5118132158      5118142252          847418          0       2000          0          0
   0       68     2011    10084      5118142262      5118152347          857522          0       2000          0          0
   0       68     2051    10121      5118152356      5118162477          867616          0       2000          0          0
   0       68     2013    10098      5118162484      5118172581          877744          0       2000          0          0
   0       68     2882    10973      5118172598      5118183571          887858          0       2000          0          0
   0       68     2693    10773      5118183584      5118194357          898844          0       2000          0          0
   0       68     2057    10130      5118194366      5118204497          909626          0       2000          0          0
   0       68     2049    10139      5118204505      5118214644          919765          0       2000          0          0
   0       68     3019    11096      5118214655      5118225751          929915          0       2000          0          0
   0       68     2033    10116      5118225760      5118235876          941020          0       2000          0          0
   0       68     2061    12307      5118235880      5118248187          951140          0       2000          0          0
   0       68     2007    10085      5118248197      5118258281          963457          0       2000          0          0
   0       68     2214    10292      5118258291      5118268583          973551          0       2000          0          0
   0       68     2026    10105      5118268592      5118278697          983852          0       2000          0          0
   0       68     2833    10915      5118278708      5118289623          993968          0       2000          0          0
   0       68     2737    10814      5118289633      5118300447         1004893          0       2000          0          0
   0       68     2097    10176      5118300455      5118310632         1015715          0       2000          0          0
   0       68     2074    10153      5118310693      5118320845         1025953          0       2000          0          0
   0       68     2134    10204      5118320854      5118331058         1036114          0       2000          0          0
   0       68     2010    10084      5118331063      5118341146         1046322          0       2000          0          0
   0       68     2061    10143      5118341156      5118351299         1056416          0       2000          0          0
   0       68     2012    10081      5118351311      5118361392         1066571          0       2000          0          0
   0       68     2009    10085      5118361397      5118371482         1076657          0       2000          0          0
   0       68     2003    10089      5118371491      5118381579         1086751          0       2000          0          0
   0       68     2852    10931      5118381590      5118392522         1096850          0       2000          0          0
   0       68     2042    10157      5118392531      5118402688         1107791          0       2000          0          0
   0       68     2060    10149      5118402698      5118412847         1117958          0       2000          0          0
   0       68     2749    10825      5118412860      5118423685         1128120          0       2000          0          0
   0       68     2079    10160      5118423695      5118433855         1138955          0       2000          0          0
   0       68     2065    10156      5118433864      5118444020         1149124          0       2000          0          0
   0       68     2088    10166      5118444029      5118454195         1159289          0       2000          0          0
   0       68     2035    10115      5118454205      5118464320         1169465          0       2000          0          0
   0       68     1996    10069      5118464324      5118474393         1179584          0       2000          0          0
   0       68     3087    11165      5118474404      5118485569         1189664          0       2000          0          0
   0       68     2467    10549      5118485578      5118496127         1200838          0       2000          0          0
   0       68     2768    10850      5118496138      5118506989         1211398          0       2000          0          0
   0       68     2819    10947      5118506999      5118517947         1222259          0       2000          0          0
   0       68     3211    11294      5118517962      5118529256         1233222          0       2000          0          0
   0       68     2077    10147      5118529266      5118539412         1244525          0       2000          0          0
   0       68     2040    10120      5118539418      5118549538         1254678          0       2000          0          0
   0       68     2673    10751      5118549552      5118560302         1264812          0       2000          0          0
   0       68     2809    10879      5118560313      5118571192         1275573          0       2000          0          0
   0       68     2205    10296      5118571201      5118581496         1286461          0       2000          0          0
   0       68     2210    10287      5118581510      5118591797         1296770          0       2000          0          0
   0       68     2021    10089      5118591807      5118601896         1307067          0       2000          0          0
   0       68     2016    10094      5118601901      5118611995         1317161          0       2000          0          0
   0       68     3015    11093      5118612033      5118623126         1327293          0       2000          0          0
   0       68     2171    10249      5118623135      5118633384         1338395          0       2000          0          0
   0       68     2102    10185      5118633394      5118643579         1348653          0       2000          0          0
   0       68     2266    10351      5118643590      5118653941         1358850          0       2000          0          0
   0       68     2026    10096      5118654023      5118664119         1369283          0       2000          0          0
   0       68     2065    10141      5118664124      5118674266         1379384          0       2000          0          0
   0       68     2060    10135      5118674276      5118684412         1389536          0       2000          0          0
   0       68     2901    10983      5118684422      5118695405         1399682          0       2000          0          0
   0       68     2022    10102      5118695413      5118705516         1410673          0       2000          0          0
   0       68     2109    10194      5118705520      5118715714         1420780          0       2000          0          0
   0       68     3050    11128      5118715725      5118726853         1430985          0       2000          0          0
   0       68     2091    10186      5118726862      5118737048         1442122          0       2000          0          0
   0       68     2758    10839      5118737064      5118747903         1452324          0       2000          0          0
   0       68     3152    11237      5118747912      5118759149         1463172          0       2000          0          0
   0       68     2023    10093      5118759158      5118769251         1474418          0       2000          0          0
   0       68     2059    10139      5118769256      5118779394         1484516          0       2000          0          0
   0       68     2897    10976      5118779404      5118790380         1494664          0       2000          0          0
   0       68     2078    10153      5118790389      5118800543         1505649          0       2000          0          0
   0       68     2005    10082      5118800551      5118810634         1515811          0       2000          0          0
   0       68     2905    10988      5118810644      5118821631         1525904          0       2000          0          0
   0       68     2347    10429      5118821640      5118832069         1536900          0       2000          0          0
   0       68     2009    10084      5118832074      5118842158         1547334          0       2000          0          0
   0       68     2019    10104      5118842167      5118852271         1557427          0       2000          0          0
   0       68     3338    11414      5118852285      5118863699         1567545          0       2000          0          0
   0       68     2494    10572      5118863709      5118874280         1578969          0       2000          0          0
   0       68     2060    10140      5118874290      5118884431         1589550          0       2000          0          0
   0       68     2019    10103      5118884441      5118894545         1599701          0       2000          0          0
   0       68     2032    10118      5118894552      5118904669         1609812          0       2000          0          0
   0       68     2029    10114      5118904679      5118914793         1619939          0       2000          0          0
   0       68     2227    10309      5118914805      5118925115         1630065          0       2000          0          0
   0       68     2059    10139      5118925124      5118935263         1640384          0       2000          0          0
   0       68     2075    10153      5118935267      5118945420         1650527          0       2000          0          0
   0       68     2801    10880      5118945430      5118956310         1660690          0       2000          0          0
   0       68     2124    10197      5118956320      5118966517         1671580          0       2000          0          0
   0       68     2124    10208      5118966526      5118976734         1681786          0       2000          0          0
   0       68     2032    10109      5118976747      5118986856         1692007          0       2000          0          0
   0       68     2016    10087      5118986866      5118996953         1702126          0       2000          0          0
   0       68     2027    10108      5118997031      5119007139         1712291          0       2000          0          0
   0       68     2596    10706      5119007150      5119017856         1722410          0       2000          0          0
   0       68     2942    11028      5119017870      5119028898         1733130          0       2000          0          0
   0       68     2033    10107      5119028908      5119039015         1744168          0       2000          0          0
   0       68     2027    10106      5119039023      5119049129         1754283          0       2000          0          0
   0       68     2575    10656      5119049139      5119059795         1764399          0       2000          0          0
   0       68     2025    10095      5119059803      5119069898         1775063          0       2000          0          0
   0       68     2004    10082      5119069902      5119079985         1785162          0       2000          0          0
   0       68     2827    10912      5119079995      5119090907         1795255          0       2000          0          0
   0       68     2112    10188      5119090919      5119101107         1806178          0       2000          0          0
   0       68     2040    10115      5119101116      5119111231         1816376          0       2000          0          0
   0       68     2566    10648      5119111240      5119121888         1826500          0       2000          0          0
   0       68     2025    10094      5119121897      5119131991         1837157          0       2000          0          0
   0       68     2062    10135      5119131995      5119142130         1847255          0       2000          0          0
   0       68     2052    10131      5119142139      5119152270         1857399          0       2000          0          0
   0       68     2209    10285      5119152281      5119162566         1867541          0       2000          0          0
   0       68     2020    10090      5119162575      5119172665         1877835          0       2000          0          0
   0       68     2014    10091      5119172670      5119182760         1887930          0       2000          0          0
   0       68     2868    10963      5119182778      5119193742         1898038          0       2000          0          0
   0       68     2474    10557      5119193757      5119204314         1909017          0       2000          0          0
   0       68     2099    10181      5119204324      5119214505         1919584          0       2000          0          0
   0       68     2313    10391      5119214515      5119224906         1929775          0       2000          0          0
   0       68     2013    10083      5119224916      5119234998         1940176          0       2000          0          0
   0       68     1998    10070      5119235010      5119245081         1950270          0       2000          0          0
   0       68     2669    10748      5119245089      5119255837         1960349          0       2000          0          0
   0       68     2113    10659      5119255847      5119266506         1971107          0       2000          0          0
   0       68     2032    10119      5119266515      5119276634         1981775          0       2000          0          0
   0       68     2917    11000      5119276644      5119287644         1991904          0       2000          0          0
   0       68     2061    10136      5119287654      5119297790         2002914          0       2000          0          0
   0       68     2216    10307      5119297799      5119308106         2013059          0       2000          0          0
   0       68     3020    11102      5119308116      5119319219         2023376          0       2000          0          0
   0       68     2387    10471      5119319229      5119329701         2034489          0       2000          0          0
   0       68     2159    10239      5119329712      5119339951         2044972          0       2000          0          0
   0       68     2854    10945      5119340027      5119350973         2055287          0       2000          0          0
   0       68     2911    10986      5119350983      5119361969         2066243          0       2000          0          0
   0       68     2081    10161      5119361980      5119372141         2077240          0       2000          0          0
   0       68     2266    10353      5119372152      5119382504         2087412          0       2000          0          0
   0       68     2138    10214      5119382516      5119392730         2097776          0       2000          0          0
   0       68     2611    10682      5119392742      5119403424         2108002          0       2000          0          0
   0       68     2112    10210      5119403432      5119413642         2118692          0       2000          0          0
   0       68     2962    11036      5119413659      5119424695         2128919          0       2000          0          0
   0       68     2134    10225      5119424703      5119434928         2139963          0       2000          0          0
   0       68     2094    10170      5119434938      5119445108         2150198          0       2000          0          0
   0       68     3079    11161      5119445118      5119456279         2160378          0       2000          0          0
   0       68     2032    10114      5119456290      5119466404         2171550          0       2000          0          0
   0       68     1999    10074      5119466410      5119476484         2181670          0       2000          0          0
   0       68     2034    10114      5119476494      5119486607         2191753          0       2000          0          0
   0       68     2017    10087      5119486618      5119496705         2201878          0       2000          0          0
   0       68     2006    10079      5119496709      5119506788         2211969          0       2000          0          0
   0       68     2022    10102      5119506797      5119516900         2222057          0       2000          0          0
   0       68     3149    11233      5119516909      5119528142         2232169          0       2000          0          0
   0       68     2035    10110      5119528152      5119538262         2243412          0       2000          0          0
   0       68     2051    10134      5119538270      5119548405         2253530          0       2000          0          0
   0       68     2374    10454      5119548415      5119558869         2263675          0       2000          0          0
   0       68     2025    10109      5119558879      5119568988         2274139          0       2000          0          0
   0       68     2024    10099      5119568992      5119579091         2284252          0       2000          0          0
   0       68     2020    10100      5119579100      5119589200         2294360          0       2000          0          0
   0       68     2016    10086      5119589209      5119599295         2304469          0       2000          0          0
   0       68     2008    10086      5119599299      5119609385         2314559          0       2000          0          0
   0       68     2036    10116      5119609394      5119619510         2324654          0       2000          0          0
   0       68     2040    10127      5119619520      5119629647         2334780          0       2000          0          0
   0       68     2022    10100      5119629668      5119639768         2344928          0       2000          0          0
   0       68     2160    10262      5119639781      5119650043         2355041          0       2000          0          0
   0       68     2505    10581      5119650053      5119660634         2365313          0       2000          0          0
   0       68     2122    10204      5119660643      5119670847         2375903          0       2000          0          0
   0       68     2034    10122      5119670857      5119680979         2386117          0       2000          0          0
   0       68     2388    10465      5119681091      5119691556         2396351          0       2000          0          0
   0       68     2220    10300      5119691565      5119701865         2406825          0       2000          0          0
   0       68     2041    10114      5119701870      5119711984         2417130          0       2000          0          0
   0       68     2803    10881      5119711994      5119722875         2427254          0       2000          0          0
   0       68     2016    10088      5119722885      5119732973         2438145          0       2000          0          0
   0       68     2176    10257      5119732980      5119743237         2448240          0       2000          0          0
   0       68     2062    10147      5119743247      5119753395         2458507          0       2000          0          0
   0       68     2223    10302      5119753409      5119763711         2468669          0       2000          0          0
   0       68     2000    10073      5119763720      5119773793         2478980          0       2000          0          0
   0       68     2098    10192      5119773803      5119783995         2489063          0       2000          0          0
   0       68     2091    10166      5119784015      5119794181         2499275          0       2000          0          0
   0       68     1998    10067      5119794190      5119804257         2509450          0       2000          0          0
   0       68     2062    10136      5119804261      5119814397         2519521          0       2000          0          0
   0       68     2147    10223      5119814408      5119824631         2529668          0       2000          0          0
   0       68     2038    10108      5119824639      5119834747         2539899          0       2000          0          0
   0       68     1996    10068      5119834751      5119844820         2550011          0       2000          0          0
   0       68     2011    10110      5119844829      5119854938         2560089          0       2000          0          0
   0       68     2779    10855      5119854955      5119865810         2570215          0       2000          0          0
   0       68     2061    10137      5119865821      5119875958         2581081          0       2000          0          0
   0       68     2062    10140      5119875966      5119886106         2591226          0       2000          0          0
   0       68     2017    10089      5119886116      5119896205         2601376          0       2000          0          0
   0       68     2021    10101      5119896209      5119906310         2611469          0       2000          0          0
   0       68     2071    10155      5119906320      5119916475         2621579          0       2000          0          0
   0       68     2776    10860      5119916487      5119927346         2631747          0       2000          0          0
   0       68     2001    10072      5119927355      5119937427         2642615          0       2000          0          0
   0       68     2109    10197      5119937431      5119947628         2652691          0       2000          0          0
   0       68     2764    10839      5119947640      5119958479         2662900          0       2000          0          0
   0       68     2055    10143      5119958489      5119968631         2673749          0       2000          0          0
   0       68     2176    10251      5119968640      5119978892         2683900          0       2000          0          0
   0       68     3075    11160      5119978902      5119990062         2694162          0       2000          0          0
   0       68     2665    10743      5119990072      5120000815         2705332          0       2000          0          0
   0       68     2547    10630      5120000824      5120011454         2716084          0       2000          0          0
   0       68     2422    10500      5120011462      5120021961         2726722          0       2000          0          0
   0       68     2091    10171      5120022039      5120032210         2737299          0       2000          0          0
   0       68     2749    10825      5120032220      5120043045         2747480          0       2000          0          0
   0       68     2072    10157      5120043055      5120053212         2758315          0       2000          0          0
   0       68     3083    11155      5120053225      5120064379         2768485          0       2000          0          0
   0       68     2009    10088      5120064386      5120074474         2779646          0       2000          0          0
   0       68     2736    10832      5120074484      5120085317         2789744          0       2000          0          0
   0       68     2138    10227      5120085329      5120095556         2800589          0       2000          0          0
   0       68     2033    10121      5120095569      5120105690         2810829          0       2000          0          0
   0       68     2021    10104      5120105694      5120115798         2820954          0       2000          0          0
   0       68     2754    10829      5120115812      5120126641         2831072          0       2000          0          0
   0       68     2021    10088      5120126650      5120136738         2841910          0       2000          0          0
   0       68     2061    10141      5120136742      5120146883         2852002          0       2000          0          0
   0       68     2573    10652      5120146894      5120157546         2862154          0       2000          0          0
   0       68     2075    10147      5120157556      5120167703         2872816          0       2000          0          0
   0       68     2011    10088      5120167707      5120177795         2882967          0       2000          0          0
   0       68     2999    11078      5120177804      5120188883         2893064          0       2000          0          0
   0       68     2809    10891      5120188897      5120199788         2904157          0       2000          0          0
   0       68     2161    10243      5120199796      5120210039         2915056          0       2000          0          0
   0       68     2021    10104      5120210048      5120220152         2925308          0       2000          0          0
   0       68     2151    10231      5120220169      5120230399         2935428          0       2000          0          0
   0       68     2129    10211      5120230408      5120240619         2945668          0       2000          0          0
   0       68     2814    10898      5120240630      5120251529         2955890          0       2000          0          0
   0       68     2033    10107      5120251538      5120261645         2966798          0       2000          0          0
   0       68     2007    10082      5120261651      5120271734         2976911          0       2000          0          0
   0       68     2032    10122      5120271743      5120281864         2987003          0       2000          0          0
   0       68     2953    11032      5120281875      5120292908         2997135          0       2000          0          0
   0       68     2227    10309      5120292917      5120303226         3008177          0       2000          0          0
   0       68     2018    10118      5120303240      5120313359         3018500          0       2000          0          0
   0       68     2892    10976      5120313374      5120324350         3028634          0       2000          0          0
   0       68     2019    10093      5120324365      5120334458         3039625          0       2000          0          0
   0       68     2034    10109      5120334467      5120344576         3049727          0       2000          0          0
   0       68     2871    10949      5120344585      5120355534         3059845          0       2000          0          0
   0       68     2101    10175      5120355544      5120365718         3070804          0       2000          0          0
   0       68     2016    10093      5120365778      5120375870         3081038          0       2000          0          0
   0       68     2076    10155      5120375881      5120386037         3091141          0       2000          0          0
   0       68     2187    10265      5120386054      5120396318         3101314          0       2000          0          0
   0       68     2038    10110      5120396328      5120406438         3111588          0       2000          0          0
   0       68     2786    12230      5120406446      5120418677         3121706          0       2000          0          0
   0       68     2957    11038      5120418687      5120429725         3133947          0       2000          0          0
   0       68     2039    10115      5120429735      5120439849         3144995          0       2000          0          0
   0       68     2792    10872      5120439858      5120450730         3155118          0       2000          0          0
   0       68     2289    10362      5120450744      5120461106         3166004          0       2000          0          0
   0       68     2048    10117      5120461116      5120471232         3176376          0       2000          0          0
   0       68     2034    10120      5120471237      5120481357         3186497          0       2000          0          0
   0       68     2868    10950      5120481367      5120492317         3196627          0       2000          0          0
   0       68     2075    10163      5120492327      5120502490         3207587          0       2000          0          0
   0       68     2074    10157      5120502500      5120512656         3217760          0       2000          0          0
   0       68     2947    11029      5120512667      5120523696         3227927          0       2000          0          0
   0       68     2075    10151      5120523710      5120533861         3238970          0       2000          0          0
   0       68     2034    10118      5120533868      5120543986         3249128          0       2000          0          0
   0       68     2812    10892      5120543998      5120554890         3259258          0       2000          0          0
   0       68     2552    10630      5120554901      5120565530         3270161          0       2000          0          0
   0       68     2031    10111      5120565540      5120575651         3280800          0       2000          0          0
   0       68     2016    10096      5120575659      5120585755         3290919          0       2000          0          0
   0       68     2029    10109      5120585765      5120595873         3301025          0       2000          0          0
   0       68     2550    10637      5120595882      5120606519         3311142          0       2000          0          0
   0       68     2650    10924      5120606530      5120617455         3321790          0       2000          0          0
   0       68     2719    10861      5120617465      5120628326         3332725          0       2000          0          0
   0       68     3224    11315      5120628336      5120639651         3343596          0       2000          0          0
   0       68     2873    10969      5120639662      5120650631         3354922          0       2000          0          0
   0       68     2137    10222      5120650641      5120660863         3365901          0       2000          0          0
   0       68     2705    10801      5120660872      5120671673         3376132          0       2000          0          0
   0       68     3099    11181      5120671688      5120682869         3386948          0       2000          0          0
   0       68     2639    10724      5120682877      5120693601         3398137          0       2000          0          0
   0       68     2086    10173      5120693614      5120703787         3408874          0       2000          0          0
   0       68     2001    10084      5120703795      5120713879         3419055          0       2000          0          0
   0       68     2782    10861      5120713946      5120724808         3429206          0       2000          0          0
   0       68     2019    10105      5120724817      5120734922         3440077          0       2000          0          0
   0       68     2006    10097      5120734931      5120745028         3450191          0       2000          0          0
   0       68     2870    10956      5120745037      5120755993         3460297          0       2000          0          0
   0       68     2092    10180      5120756034      5120766214         3471294          0       2000          0          0
   0       68     2023    10111      5120766228      5120776339         3481488          0       2000          0          0
   0       68     2496    10579      5120776348      5120786927         3491608          0       2000          0          0
   0       68     2027    10102      5120786936      5120797038         3502196          0       2000          0          0
   0       68     2266    10347      5120797046      5120807393         3512306          0       2000          0          0
   0       68     2044    10132      5120807404      5120817536         3522664          0       2000          0          0
   0       68     2960    11040      5120817547      5120828587         3532807          0       2000          0          0
   0       68     2049    10155      5120828597      5120838751         3543857          0       2000          0          0
   0       68     2137    10320      5120838768      5120849089         3554028          0       2000          0          0
   0       68     3201    11283      5120849107      5120860390         3564367          0       2000          0          0
   0       68     2068    10156      5120860399      5120870555         3575659          0       2000          0          0
   0       68     2812    10906      5120870567      5120881473         3585827          0       2000          0          0
   0       68     3476    11591      5120881486      5120893077         3596746          0       2000          0          0
   0       68     2189    10269      5120893093      5120903362         3608353          0       2000          0          0
   0       68     3556    11647      5120903374      5120915021         3618634          0       2000          0          0
   0       68     2795    10877      5120915032      5120925909         3630292          0       2000          0          0
   0       68     3638    11719      5120925923      5120937642         3641183          0       2000          0          0
   0       68     2026    10111      5120937651      5120947762         3652911          0       2000          0          0
   0       68     4020    12106      5120947774      5120959879         3663034          0       2000          0          0
   0       68     2006    10081      5120959889      5120969970         3675149          0       2000          0          0
   0       68     3412    11516      5120969980      5120981496         3685240          0       2000          0          0
   0       68     2888    10993      5120981506      5120992500         3696766          0       2000          0          0
   0       68     3920    12002      5120992518      5121004520         3707778          0       2000          0          0
   0       68     2075    10168      5121004529      5121014696         3719789          0       2000          0          0
   0       68     3499    11589      5121014709      5121026298         3729969          0       2000          0          0
   0       68     2054    10143      5121026308      5121036451         3741568          0       2000          0          0
   0       68     3218    11317      5121036462      5121047779         3751722          0       2000          0          0
   0       68     2512    10598      5121047791      5121058388         3763051          0       2000          0          0
   0       68     3834    11916      5121058400      5121070316         3773660          0       2000          0          0
   0       68     2000    10079      5121070372      5121080451         3785632          0       2000          0          0
   0       68     3223    11335      5121080460      5121091795         3795720          0       2000          0          0
   0       68     2010    10085      5121091806      5121101891         3807066          0       2000          0          0
   0       68     2513    10595      5121101899      5121112494         3817159          0       2000          0          0
   0       68     2476    10557      5121112503      5121123060         3827763          0       2000          0          0
   0       68     2016    10088      5121123070      5121133158         3838330          0       2000          0          0
   0       68     2110    10211      5121133166      5121143377         3848426          0       2000          0          0
   0       68     2239    10333      5121143390      5121153723         3858650          0       2000          0          0
   0       68     2059    10141      5121153734      5121163874         3868994          0       2000          0          0
   0       68     2397    10483      5121163886      5121174369         3879146          0       2000          0          0
   0       68     3030    11114      5121174379      5121185493         3889639          0       2000          0          0
   0       68     2689    10773      5121185504      5121196277         3900764          0       2000          0          0
   0       68     2106    10188      5121196286      5121206475         3911546          0       2000          0          0
   0       68     2822    10912      5121206485      5121217397         3921745          0       2000          0          0
   0       68     4495    12589      5121217408      5121229998         3932668          0       2000          0          0
   0       68     3016    11101      5121230019      5121241121         3945279          0       2000          0          0
   0       68     2664    10741      5121241130      5121251871         3956390          0       2000          0          0
   0       68     2024    10099      5121251880      5121261979         3967140          0       2000          0          0
   0       68     2041    10118      5121261989      5121272107         3977249          0       2000          0          0
   0       68     2107    10185      5121272116      5121282301         3987376          0       2000          0          0
   0       68     2226    10320      5121282311      5121292631         3997571          0       2000          0          0
   0       68     2285    10384      5121292644      5121303028         4007904          0       2000          0          0
   0       68     2102    10184      5121303036      5121313220         4018296          0       2000          0          0
   0       68     3034    11115      5121313231      5121324346         4028491          0       2000          0          0
   0       68     2047    10126      5121324355      5121334481         4039615          0       2000          0          0
   0       68     2068    10147      5121334494      5121344641         4049754          0       2000          0          0
   0       68     3025    11101      5121344650      5121355751         4059910          0       2000          0          0
   0       68     2092    10162      5121355759      5121365921         4071019          0       2000          0          0
   0       68     2009    10102      5121365926      5121376028         4081186          0       2000          0          0
   0       68     2996    11074      5121376038      5121387112         4091298          0       2000          0          0
   0       68     2013    10095      5121387121      5121397216         4102381          0       2000          0          0
   0       68     2025    10102      5121397225      5121407327         4112485          0       2000          0          0
   0       68     2113    10191      5121407336      5121417528         4122596          0       2000          0          0
   0       68     2912    10998      5121417601      5121428599         4132861          0       2000          0          0
   0       68     2033    10147      5121428610      5121438757         4143870          0       2000          0          0
   0       68     2455    10552      5121438767      5121449319         4154027          0       2000          0          0
   0       68     2818    10898      5121449336      5121460234         4164596          0       2000          0          0
   0       68     2045    10118      5121460244      5121470362         4175504          0       2000          0          0
   0       68     2010    10094      5121470370      5121480465         4185630          0       2000          0          0
   0       68     3074    11155      5121480477      5121491632         4195737          0       2000          0          0
   0       68     2021    10102      5121491643      5121501745         4206903          0       2000          0          0
   0       68     2051    10126      5121501750      5121511876         4217010          0       2000          0          0
   0       68     2951    11029      5121511886      5121522916         4227146          0       2000          0          0
   0       68     2118    10194      5121522926      5121533119         4238186          0       2000          0          0
   0       68     2013    10217      5121533129      5121543346         4248389          0       2000          0          0
   0       68     2327    10415      5121543354      5121553768         4258614          0       2000          0          0
   0       68     2352    10431      5121553781      5121564212         4269041          0       2000          0          0
   0       68     2029    10105      5121564221      5121574326         4279481          0       2000          0          0
   0       68     2714    10800      5121574336      5121585136         4289596          0       2000          0          0
   0       68     3092    11167      5121585147      5121596314         4300407          0       2000          0          0
   0       68     2001    10075      5121596323      5121606399         4311583          0       2000          0          0
   0       68     2051    10142      5121606405      5121616547         4321665          0       2000          0          0
   0       68     3019    11107      5121616558      5121627665         4331818          0       2000          0          0
   0       68     2267    10345      5121627675      5121638020         4342935          0       2000          0          0
   0       68     2249    10336      5121638030      5121648366         4353290          0       2000          0          0
   0       68     2507    10603      5121648376      5121658979         4363636          0       2000          0          0
   0       68     2733    10810      5121658996      5121669806         4374256          0       2000          0          0
   0       68     2036    10114      5121669817      5121679931         4385077          0       2000          0          0
   0       68     2875    10957      5121679942      5121690899         4395202          0       2000          0          0
   0       68     2179    10254      5121690908      5121701162         4406168          0       2000          0          0
   0       68     2001    10079      5121701171      5121711250         4416431          0       2000          0          0
   0       68     2017    10091      5121711259      5121721350         4426519          0       2000          0          0
   0       68     2018    10088      5121721359      5121731448         4436619          0       2000          0          0
   0       68     2008    10089      5121731452      5121741541         4446712          0       2000          0          0
   0       68     2721    10805      5121741551      5121752356         4456811          0       2000          0          0
   0       68     2117    10198      5121752367      5121762564         4467627          0       2000          0          0
   0       68     2021    10101      5121762626      5121772727         4477886          0       2000          0          0
   0       68     2121    10214      5121772736      5121782950         4487996          0       2000          0          0
   0       68     2850    10934      5121782963      5121793897         4498223          0       2000          0          0
   0       68     2061    10142      5121793906      5121804047         4509166          0       2000          0          0
   0       68     2109    10185      5121804057      5121814242         4519317          0       2000          0          0
   0       68     2850    10937      5121814253      5121825190         4529513          0       2000          0          0
   0       68     2048    10119      5121825199      5121835318         4540459          0       2000          0          0
   0       68     2003    10086      5121835322      5121845408         4550582          0       2000          0          0
   0       68     2670    10751      5121845421      5121856172         4560681          0       2000          0          0
   0       68     2011    10082      5121856182      5121866264         4571442          0       2000          0          0
   0       68     2043    10114      5121866268      5121876382         4581528          0       2000          0          0
   0       68     2028    10110      5121876391      5121886501         4591651          0       2000          0          0
   0       68     2742    10872      5121886512      5121897384         4601772          0       2000          0          0
   0       68     2012    10086      5121897392      5121907478         4612652          0       2000          0          0
   0       68     2062    10143      5121907489      5121917632         4622749          0       2000          0          0
   0       68     2267    10338      5121917644      5121927982         4632904          0       2000          0          0
   0       68     2092    10159      5121927992      5121938151         4643252          0       2000          0          0
   0       68     2045    10136      5121938155      5121948291         4653415          0       2000          0          0
   0       68     2996    11073      5121948303      5121959376         4663563          0       2000          0          0
   0       68     2026    10097      5121959385      5121969482         4674645          0       2000          0          0
   0       68     2011    10087      5121969486      5121979574         4684746          0       2000          0          0
   0       68     2910    10987      5121979584      5121990571         4694844          0       2000          0          0
   0       68     2015    10105      5121990581      5122000686         4705841          0       2000          0          0
   0       68     2685    10775      5122000698      5122011472         4715958          0       2000          0          0
   0       68     2832    10911      5122011485      5122022396         4726745          0       2000          0          0
   0       68     2053    10122      5122022406      5122032528         4737666          0       2000          0          0
   0       68     2008    10098      5122032532      5122042630         4747792          0       2000          0          0
   0       68     2768    10854      5122042647      5122053501         4757907          0       2000          0          0
   0       68     2055    10136      5122053512      5122063648         4768772          0       2000          0          0
   0       68     2051    10129      5122063657      5122073786         4778917          0       2000          0          0
   0       68     2034    10112      5122073796      5122083908         4789056          0       2000          0          0
   0       68     2034    10112      5122083917      5122094029         4799177          0       2000          0          0
   0       68     2043    10146      5122094038      5122104184         4809298          0       2000          0          0
   0       68     2108    10190      5122104270      5122114460         4819530          0       2000          0          0
   0       68     2892    10972      5122114470      5122125442         4829730          0       2000          0          0
   0       68     2003    10083      5122125451      5122135533         4840711          0       2000          0          0
   0       68     2009    10102      5122135537      5122145639         4850797          0       2000          0          0
   0       68     2846    10925      5122145651      5122156576         4860911          0       2000          0          0
   0       68     2033    10114      5122156586      5122166700         4871846          0       2000          0          0
   0       68     2054    10127      5122166704      5122176831         4881964          0       2000          0          0
   0       68     2051    10147      5122176840      5122186987         4892100          0       2000          0          0
   0       68     2009    10082      5122187016      5122197098         4902276          0       2000          0          0
   0       68     1999    10081      5122197102      5122207183         4912362          0       2000          0          0
   0       68     2079    10161      5122207194      5122217355         4922454          0       2000          0          0
   0       68     2497    10648      5122217376      5122228025         4932636          0       2000          0          0
   0       68     2166    10233      5122228034      5122238267         4943294          0       2000          0          0
   0       68     2014    10087      5122238271      5122248358         4953531          0       2000          0          0
   0       68     2672    10748      5122248368      5122259116         4963628          0       2000          0          0
   0       68     2043    10120      5122259125      5122269245         4974385          0       2000          0          0
   0       68     2082    10159      5122269251      5122279409         4984511          0       2000          0          0
