#idx     perf      run   period           start             end          rel_st      slack c_duration   c_period     wu_lat
   0       68     2034    10105      5122421241      5122431346             335          0       2000          0          0
   0       68     1999    10075      5122431351      5122441427           10445          0       2000          0          0
   0       68     2023    10098      5122441433      5122451531           20527          0       2000          0          0
   0       68     2042    10110      5122451536      5122461646           30630          0       2000          0          0
   0       68     2000    10067      5122461651      5122471718           40745          0       2000          0          0
   0       68     2000    10066      5122471721      5122481787           50815          0       2000          0          0
   0       68     2004    10069      5122481792      5122491861           60886          0       2000          0          0
   0       68     2005    10080      5122491865      5122501944           70958          0       2000          0          0
   0       68     2018    10085      5122501947      5122512032           81041          0       2000          0          0
   0       68     2012    10078      5122512035      5122522113           91129          0       2000          0          0
   0       68     2017    10083      5122522117      5122532200          101211          0       2000          0          0
   0       68     2007    10084      5122532202      5122542287          111296          0       2000          0          0
   0       68     2017    10100      5122542289      5122552389          121383          0       2000          0          0
   0       68     2015    10083      5122552393      5122562476          131487          0       2000          0          0
   0       68     2041    10111      5122562480      5122572591          141574          0       2000          0          0
   0       68     2022    10090      5122572597      5122582687          151691          0       2000          0          0
   0       68     1997    10063      5122582693      5122592756          161786          0       2000          0          0
   0       68     1998    10064      5122592759      5122602823          171853          0       2000          0          0
   0       68     2005    10070      5122602825      5122612895          181919          0       2000          0          0
   0       68     2012    10088      5122612899      5122622987          191993          0       2000          0          0
   0       68     2033    10110      5122622992      5122633102          202086          0       2000          0          0
   0       68     2001    10065      5122633105      5122643171          212199          0       2000          0          0
   0       68     2008    10083      5122643174      5122653257          222268          0       2000          0          0
   0       68     2017    10097      5122653260      5122663357          232354          0       2000          0          0
   0       68     2002    10073      5122663363      5122673436          242457          0       2000          0          0
   0       68     2011    10079      5122673445      5122683524          252538          0       2000          0          0
   0       68     2016    10083      5122683529      5122693612          262622          0       2000          0          0
   0       68     2000    10066      5122693615      5122703682          272709          0       2000          0          0
   0       68     2004    10069      5122703686      5122713755          282780          0       2000          0          0
   0       68     2001    10065      5122713759      5122723823          292853          0       2000          0          0
   0       68     2009    10075      5122723827      5122733902          302920          0       2000          0          0
   0       68     2017    10091      5122733905      5122743996          312999          0       2000          0          0
   0       68     2014    10082      5122744025      5122754107          323119          0       2000          0          0
   0       68     2020    10088      5122754185      5122764273          333278          0       2000          0          0
   0       68     1998    10064      5122764278      5122774342          343372          0       2000          0          0
   0       68     2013    10080      5122774345      5122784425          353439          0       2000          0          0
   0       68     2017    10084      5122784428      5122794512          363522          0       2000          0          0
   0       68     2008    10082      5122794515      5122804597          373609          0       2000          0          0
   0       68     2000    10066      5122804599      5122814665          383693          0       2000          0          0
   0       68     2005    10070      5122814669      5122824739          393763          0       2000          0          0
   0       68     2009    10085      5122824742      5122834828          403836          0       2000          0          0
   0       68     2020    10094      5122834830      5122844924          413924          0       2000          0          0
   0       68     2006    10073      5122844927      5122855000          424021          0       2000          0          0
   0       68     2018    10084      5122855026      5122865110          434120          0       2000          0          0
   0       68     2018    10094      5122865112      5122875207          444206          0       2000          0          0
   0       68     2020    10084      5122875210      5122885295          454304          0       2000          0          0
   0       68     2004    10068      5122885298      5122895367          464392          0       2000          0          0
   0       68     2009    10081      5122895370      5122905451          474464          0       2000          0          0
   0       68     2021    10088      5122905463      5122915550          484557          0       2000          0          0
   0       68     2018    10084      5122915555      5122925639          494649          0       2000          0          0
   0       68     2027    10094      5122925643      5122935738          504737          0       2000          0          0
   0       68     1995    10059      5122935742      5122945801          514836          0       2000          0          0
   0       68     2010    10074      5122945805      5122955879          524899          0       2000          0          0
   0       68     2007    10085      5122955883      5122965968          534977          0       2000          0          0
   0       68     2009    10084      5122965972      5122976055          545065          0       2000          0          0
   0       68     2007    10072      5122976059      5122986131          555152          0       2000          0          0
   0       68     2018    10094      5122986134      5122996228          565228          0       2000          0          0
   0       68     2005    10072      5122996232      5123006304          575326          0       2000          0          0
   0       68     2023    10098      5123006309      5123016407          585403          0       2000          0          0
   0       68     2016    10085      5123016420      5123026506          595514          0       2000          0          0
   0       68     2001    10076      5123026510      5123036586          605604          0       2000          0          0
   0       68     1995    10060      5123036589      5123046649          615683          0       2000          0          0
   0       68     2010    10075      5123046653      5123056728          625747          0       2000          0          0
   0       68     2008    10074      5123056732      5123066806          635825          0       2000          0          0
   0       68     2004    10069      5123066810      5123076879          645904          0       2000          0          0
   0       68     2015    10080      5123076882      5123086962          655976          0       2000          0          0
   0       68     2013    10089      5123087028      5123097117          666122          0       2000          0          0
   0       68     1995    10070      5123097119      5123107189          676213          0       2000          0          0
   0       68     2018    10084      5123107192      5123117277          686286          0       2000          0          0
   0       68     2014    10082      5123117282      5123127364          696376          0       2000          0          0
   0       68     2019    10087      5123127369      5123137456          706463          0       2000          0          0
   0       68     2017    10082      5123137462      5123147543          716556          0       2000          0          0
   0       68     2059    10129      5123147546      5123157675          726640          0       2000          0          0
   0       68     2010    10076      5123157682      5123167759          736776          0       2000          0          0
   0       68     1997    10062      5123167762      5123177824          746856          0       2000          0          0
   0       68     2010    10078      5123177828      5123187906          756921          0       2000          0          0
   0       68     2005    10071      5123187909      5123197980          767003          0       2000          0          0
   0       68     2011    10088      5123197983      5123208071          777077          0       2000          0          0
   0       68     2017    10094      5123208074      5123218168          787168          0       2000          0          0
   0       68     2014    10080      5123218171      5123228251          797265          0       2000          0          0
   0       68     1998    10070      5123228255      5123238324          807349          0       2000          0          0
   0       68     2015    10084      5123238335      5123248419          817428          0       2000          0          0
   0       68     2009    10075      5123248424      5123258499          827517          0       2000          0          0
   0       68     2007    10082      5123258503      5123268585          837596          0       2000          0          0
   0       68     2008    10073      5123268587      5123278660          847681          0       2000          0          0
   0       68     2020    10087      5123278664      5123288751          857758          0       2000          0          0
   0       68     2023    10091      5123288755      5123298846          867849          0       2000          0          0
   0       68     2018    10092      5123298850      5123308942          877944          0       2000          0          0
   0       68     2015    10084      5123308951      5123319036          888045          0       2000          0          0
   0       68     2014    10081      5123319041      5123329121          898134          0       2000          0          0
   0       68     2010    10080      5123329126      5123339206          908220          0       2000          0          0
   0       68     2025    10093      5123339211      5123349305          918305          0       2000          0          0
   0       68     2013    10079      5123349310      5123359389          928404          0       2000          0          0
   0       68     2020    10096      5123359394      5123369490          938488          0       2000          0          0
   0       68     2008    10072      5123369493      5123379566          948587          0       2000          0          0
   0       68     2008    10073      5123379569      5123389642          958663          0       2000          0          0
   0       68     2009    10074      5123389645      5123399719          968739          0       2000          0          0
   0       68     2016    10080      5123399722      5123409802          978815          0       2000          0          0
   0       68     2011    10087      5123409805      5123419892          988899          0       2000          0          0
   0       68     2018    10097      5123419942      5123430039          999036          0       2000          0          0
   0       68     2014    10095      5123430043      5123440138         1009137          0       2000          0          0
   0       68     2020    10089      5123440143      5123450231         1019237          0       2000          0          0
   0       68     2011    10078      5123450237      5123460316         1029331          0       2000          0          0
   0       68     2021    10088      5123460320      5123470408         1039414          0       2000          0          0
   0       68     2007    10074      5123470412      5123480486         1049506          0       2000          0          0
   0       68     2011    10078      5123480490      5123490568         1059584          0       2000          0          0
   0       68     2022    10097      5123490571      5123500667         1069665          0       2000          0          0
   0       68     2019    10085      5123500670      5123510755         1079764          0       2000          0          0
   0       68     2018    10083      5123510759      5123520842         1089853          0       2000          0          0
   0       68     2018    10094      5123520845      5123530939         1099939          0       2000          0          0
   0       68     2002    10079      5123530943      5123541022         1110037          0       2000          0          0
   0       68     2019    10089      5123541025      5123551114         1120119          0       2000          0          0
   0       68     2020    10095      5123551122      5123561216         1130216          0       2000          0          0
   0       68     2047    10116      5123561220      5123571336         1140314          0       2000          0          0
   0       68     2014    10082      5123571342      5123581424         1150436          0       2000          0          0
   0       68     2009    10076      5123581429      5123591505         1160523          0       2000          0          0
   0       68     2005    10071      5123591509      5123601580         1170602          0       2000          0          0
   0       68     2007    10080      5123601583      5123611663         1180677          0       2000          0          0
   0       68     2016    10082      5123611666      5123621748         1190760          0       2000          0          0
   0       68     2021    10096      5123621752      5123631848         1200846          0       2000          0          0
   0       68     2006    10084      5123631853      5123641937         1210947          0       2000          0          0
   0       68     2014    10088      5123641940      5123652028         1221034          0       2000          0          0
   0       68     2015    10083      5123652032      5123662115         1231126          0       2000          0          0
   0       68     1997    10066      5123662119      5123672185         1241212          0       2000          0          0
   0       68     2018    10088      5123672190      5123682279         1251284          0       2000          0          0
   0       68     2071    10140      5123682289      5123692429         1261383          0       2000          0          0
   0       68     2014    10092      5123692436      5123702528         1271529          0       2000          0          0
   0       68     2020    10091      5123702531      5123712622         1281625          0       2000          0          0
   0       68     2009    10079      5123712630      5123722709         1291724          0       2000          0          0
   0       68     2013    10081      5123722715      5123732796         1301809          0       2000          0          0
   0       68     2010    10084      5123732799      5123742883         1311893          0       2000          0          0
   0       68     2010    10078      5123742886      5123752964         1321980          0       2000          0          0
   0       68     2014    10091      5123753033      5123763125         1332127          0       2000          0          0
   0       68     2012    10088      5123763127      5123773216         1342221          0       2000          0          0
   0       68     2013    10089      5123773219      5123783308         1352313          0       2000          0          0
   0       68     2013    10079      5123783313      5123793391         1362406          0       2000          0          0
   0       68     2027    10094      5123793395      5123803489         1372489          0       2000          0          0
   0       68     2011    10078      5123803495      5123813573         1382588          0       2000          0          0
   0       68     2007    10083      5123813577      5123823661         1392671          0       2000          0          0
   0       68     2014    10079      5123823664      5123833743         1402758          0       2000          0          0
   0       68     2022    10088      5123833747      5123843834         1412841          0       2000          0          0
   0       68     2011    10076      5123843839      5123853915         1422932          0       2000          0          0
   0       68     2014    10081      5123853920      5123864000         1433014          0       2000          0          0
   0       68     2006    10072      5123864004      5123874076         1443098          0       2000          0          0
   0       68     2014    10081      5123874080      5123884161         1453174          0       2000          0          0
   0       68     2015    10080      5123884165      5123894245         1463259          0       2000          0          0
   0       68     2004    10079      5123894248      5123904327         1473342          0       2000          0          0
   0       68     2005    10070      5123904329      5123914399         1483423          0       2000          0          0
   0       68     2002    10067      5123914403      5123924470         1493497          0       2000          0          0
   0       68     2007    10083      5123924474      5123934557         1503568          0       2000          0          0
   0       68     2010    10073      5123934560      5123944633         1513654          0       2000          0          0
   0       68     2015    10080      5123944636      5123954716         1523730          0       2000          0          0
   0       68     2009    10086      5123954720      5123964807         1533814          0       2000          0          0
   0       68     2008    10084      5123964811      5123974894         1543905          0       2000          0          0
   0       68     2015    10087      5123974897      5123984985         1553991          0       2000          0          0
   0       68     2032    10101      5123984993      5123995094         1564087          0       2000          0          0
   0       68     2013    10088      5123995097      5124005185         1574191          0       2000          0          0
   0       68     2006    10072      5124005188      5124015260         1584282          0       2000          0          0
   0       68     2017    10084      5124015264      5124025348         1594358          0       2000          0          0
   0       68     2019    10086      5124025353      5124035439         1604447          0       2000          0          0
   0       68     2017    10081      5124035443      5124045525         1614537          0       2000          0          0
   0       68     2011    10077      5124045529      5124055606         1624623          0       2000          0          0
   0       68     2014    10080      5124055610      5124065690         1634704          0       2000          0          0
   0       68     1996    10070      5124065694      5124075764         1644788          0       2000          0          0
   0       68     2026    10104      5124075766      5124085870         1654860          0       2000          0          0
   0       68     2015    10082      5124085921      5124096003         1665015          0       2000          0          0
   0       68     2014    10093      5124096007      5124106100         1675101          0       2000          0          0
   0       68     2017    10085      5124106104      5124116188         1685198          0       2000          0          0
   0       68     2029    10099      5124116193      5124126292         1695287          0       2000          0          0
   0       68     2015    10084      5124126300      5124136384         1705394          0       2000          0          0
   0       68     2010    10076      5124136388      5124146464         1715481          0       2000          0          0
   0       68     2008    10074      5124146468      5124156542         1725562          0       2000          0          0
   0       68     2013    10087      5124156545      5124166632         1735639          0       2000          0          0
   0       68     2010    10076      5124166635      5124176711         1745729          0       2000          0          0
   0       68     2020    10086      5124176715      5124186800         1755809          0       2000          0          0
   0       68     1996    10073      5124186804      5124196877         1765898          0       2000          0          0
   0       68     2005    10080      5124196880      5124206960         1775973          0       2000          0          0
   0       68     2014    10083      5124206962      5124217046         1786056          0       2000          0          0
   0       68     2013    10080      5124217051      5124227130         1796144          0       2000          0          0
   0       68     2014    10081      5124227135      5124237216         1806229          0       2000          0          0
   0       68     2021    10088      5124237223      5124247311         1816317          0       2000          0          0
   0       68     1999    10065      5124247315      5124257380         1826409          0       2000          0          0
   0       68     2012    10088      5124257385      5124267473         1836478          0       2000          0          0
   0       68     1998    10062      5124267475      5124277538         1846569          0       2000          0          0
   0       68     2011    10077      5124277542      5124287618         1856635          0       2000          0          0
   0       68     2010    10077      5124287622      5124297699         1866716          0       2000          0          0
   0       68     1997    10067      5124297703      5124307770         1876797          0       2000          0          0
   0       68     2020    10090      5124307778      5124317867         1886872          0       2000          0          0
   0       68     1999    10066      5124317872      5124327938         1896966          0       2000          0          0
   0       68     2008    10084      5124327941      5124338025         1907035          0       2000          0          0
   0       68     2014    10081      5124338027      5124348108         1917121          0       2000          0          0
   0       68     2010    10076      5124348113      5124358190         1927207          0       2000          0          0
   0       68     2016    10082      5124358194      5124368277         1937288          0       2000          0          0
   0       68     2006    10072      5124368280      5124378352         1947374          0       2000          0          0
   0       68     2009    10075      5124378356      5124388431         1957450          0       2000          0          0
   0       68     2010    10085      5124388435      5124398520         1967529          0       2000          0          0
   0       68     2008    10084      5124398522      5124408606         1977616          0       2000          0          0
   0       68     2009    10076      5124408609      5124418686         1987703          0       2000          0          0
   0       68     2019    10098      5124418739      5124428837         1997833          0       2000          0          0
   0       68     2008    10085      5124428841      5124438926         2007934          0       2000          0          0
   0       68     2009    10075      5124438928      5124449004         2018022          0       2000          0          0
   0       68     1998    10063      5124449016      5124459079         2028110          0       2000          0          0
   0       68     2074    10141      5124459083      5124469225         2038177          0       2000          0          0
   0       68     2014    10080      5124469232      5124479312         2048326          0       2000          0          0
   0       68     2009    10076      5124479316      5124489392         2058410          0       2000          0          0
   0       68     2011    10079      5124489396      5124499475         2068490          0       2000          0          0
   0       68     2009    10087      5124499478      5124509565         2078572          0       2000          0          0
   0       68     2022    10086      5124509568      5124519654         2088662          0       2000          0          0
   0       68     2006    10073      5124519658      5124529730         2098752          0       2000          0          0
   0       68     2008    10075      5124529733      5124539808         2108827          0       2000          0          0
   0       68     2020    10089      5124539812      5124549901         2118905          0       2000          0          0
   0       68     2010    10076      5124549905      5124559981         2128999          0       2000          0          0
   0       68     2008    10088      5124559985      5124570073         2139078          0       2000          0          0
   0       68     2007    10080      5124570076      5124580156         2149170          0       2000          0          0
   0       68     2016    10085      5124580166      5124590251         2159260          0       2000          0          0
   0       68     2020    10087      5124590255      5124600342         2169349          0       2000          0          0
   0       68     2005    10080      5124600344      5124610424         2179438          0       2000          0          0
   0       68     2020    10086      5124610427      5124620513         2189521          0       2000          0          0
   0       68     2016    10082      5124620517      5124630599         2199611          0       2000          0          0
   0       68     2003    10082      5124630603      5124640685         2209697          0       2000          0          0
   0       68     2014    10088      5124640689      5124650777         2219783          0       2000          0          0
   0       68     2014    10084      5124650781      5124660865         2229875          0       2000          0          0
   0       68     2027    10094      5124660871      5124670965         2239964          0       2000          0          0
   0       68     2021    10088      5124670970      5124681058         2250064          0       2000          0          0
   0       68     2010    10082      5124681062      5124691144         2260156          0       2000          0          0
   0       68     2021    10090      5124691155      5124701244         2270248          0       2000          0          0
   0       68     2017    10082      5124701249      5124711331         2280343          0       2000          0          0
   0       68     2022    10090      5124711335      5124721425         2290429          0       2000          0          0
   0       68     2009    10085      5124721429      5124731514         2300523          0       2000          0          0
   0       68     2010    10088      5124731518      5124741606         2310611          0       2000          0          0
   0       68     2016    10082      5124741609      5124751691         2320703          0       2000          0          0
   0       68     2020    10087      5124751750      5124761837         2330844          0       2000          0          0
   0       68     2014    10091      5124761840      5124771931         2340934          0       2000          0          0
   0       68     2005    10075      5124771934      5124782009         2351027          0       2000          0          0
   0       68     2004    10071      5124782013      5124792084         2361107          0       2000          0          0
   0       68     2012    10084      5124792088      5124802173         2371182          0       2000          0          0
   0       68     2036    10104      5124802182      5124812286         2381276          0       2000          0          0
   0       68     2041    10107      5124812291      5124822398         2391385          0       2000          0          0
   0       68     2011    10076      5124822403      5124832480         2401497          0       2000          0          0
   0       68     2006    10073      5124832483      5124842556         2411577          0       2000          0          0
   0       68     2024    10098      5124842559      5124852657         2421653          0       2000          0          0
   0       68     2013    10080      5124852662      5124862742         2431756          0       2000          0          0
   0       68     2007    10082      5124862745      5124872827         2441839          0       2000          0          0
   0       68     2016    10083      5124872829      5124882912         2451923          0       2000          0          0
   0       68     2010    10074      5124882916      5124892990         2462010          0       2000          0          0
   0       68     2004    10081      5124892993      5124903074         2472087          0       2000          0          0
   0       68     2009    10074      5124903077      5124913151         2482171          0       2000          0          0
   0       68     2007    10075      5124913156      5124923230         2492249          0       2000          0          0
   0       68     2011    10087      5124923234      5124933320         2502328          0       2000          0          0
   0       68     2000    10066      5124933323      5124943388         2512416          0       2000          0          0
   0       68     2016    10083      5124943391      5124953474         2522485          0       2000          0          0
   0       68     2010    10088      5124953478      5124963566         2532572          0       2000          0          0
   0       68     2003    10080      5124963568      5124973649         2542662          0       2000          0          0
   0       68     2009    10076      5124973652      5124983728         2552746          0       2000          0          0
   0       68     2008    10074      5124983732      5124993806         2562826          0       2000          0          0
   0       68     2009    10074      5124993809      5125003883         2572903          0       2000          0          0
   0       68     2006    10078      5125003887      5125013965         2582981          0       2000          0          0
   0       68     2010    10081      5125013970      5125024051         2593064          0       2000          0          0
   0       68     2051    10119      5125024059      5125034177         2603152          0       2000          0          0
   0       68     2019    10086      5125034184      5125044270         2613278          0       2000          0          0
   0       68     2003    10079      5125044274      5125054353         2623368          0       2000          0          0
   0       68     2021    10097      5125054357      5125064454         2633451          0       2000          0          0
   0       68     2009    10088      5125064456      5125074544         2643550          0       2000          0          0
   0       68     2018    10084      5125074547      5125084631         2653641          0       2000          0          0
   0       68     2012    10081      5125084668      5125094749         2663762          0       2000          0          0
   0       68     2004    10071      5125094754      5125104825         2673848          0       2000          0          0
   0       68     2020    10087      5125104830      5125114917         2683923          0       2000          0          0
   0       68     2011    10082      5125114921      5125125003         2694015          0       2000          0          0
   0       68     2008    10085      5125125016      5125135101         2704110          0       2000          0          0
   0       68     2012    10078      5125135106      5125145185         2714200          0       2000          0          0
   0       68     2010    10076      5125145189      5125155265         2724282          0       2000          0          0
   0       68     2009    10075      5125155269      5125165344         2734363          0       2000          0          0
   0       68     2007    10082      5125165346      5125175428         2744440          0       2000          0          0
   0       68     2016    10082      5125175431      5125185513         2754525          0       2000          0          0
   0       68     2009    10085      5125185517      5125195603         2764611          0       2000          0          0
   0       68     2007    10082      5125195605      5125205688         2774699          0       2000          0          0
   0       68     2006    10073      5125205690      5125215763         2784784          0       2000          0          0
   0       68     2006    10073      5125215766      5125225839         2794860          0       2000          0          0
   0       68     2011    10091      5125225842      5125235933         2804936          0       2000          0          0
   0       68     2001    10094      5125235936      5125246030         2815030          0       2000          0          0
   0       68     2016    10083      5125246033      5125256116         2825127          0       2000          0          0
   0       68     2013    10080      5125256120      5125266199         2835213          0       2000          0          0
   0       68     2007    10081      5125266202      5125276283         2845295          0       2000          0          0
   0       68     2022    10098      5125276286      5125286384         2855380          0       2000          0          0
   0       68     2018    10087      5125286389      5125296476         2865482          0       2000          0          0
   0       68     2021    10088      5125296481      5125306569         2875575          0       2000          0          0
   0       68     2021    10086      5125306574      5125316660         2885667          0       2000          0          0
   0       68     2007    10084      5125316665      5125326749         2895758          0       2000          0          0
   0       68     2008    10083      5125326752      5125336835         2905846          0       2000          0          0
   0       68     2006    10072      5125336837      5125346909         2915931          0       2000          0          0
   0       68     1999    10071      5125346914      5125356984         2926007          0       2000          0          0
   0       68     2038    10106      5125356993      5125367098         2936086          0       2000          0          0
   0       68     2000    10076      5125367102      5125377178         2946196          0       2000          0          0
   0       68     2002    10079      5125377182      5125387261         2956276          0       2000          0          0
   0       68     2020    10096      5125387265      5125397361         2966358          0       2000          0          0
   0       68     2007    10082      5125397363      5125407445         2976457          0       2000          0          0
   0       68     2015    10090      5125407449      5125417539         2986543          0       2000          0          0
   0       68     2010    10076      5125417587      5125427663         2996681          0       2000          0          0
   0       68     2016    10093      5125427666      5125437759         3006760          0       2000          0          0
   0       68     2007    10073      5125437762      5125447835         3016856          0       2000          0          0
   0       68     2012    10085      5125447839      5125457924         3026933          0       2000          0          0
   0       68     2008    10094      5125457929      5125468023         3037022          0       2000          0          0
   0       68     2020    10087      5125468031      5125478118         3047125          0       2000          0          0
   0       68     2015    10083      5125478122      5125488205         3057216          0       2000          0          0
   0       68     2027    10095      5125488209      5125498304         3067303          0       2000          0          0
   0       68     2008    10086      5125498308      5125508394         3077401          0       2000          0          0
   0       68     2020    10086      5125508397      5125518483         3087490          0       2000          0          0
   0       68     2016    10081      5125518487      5125528568         3097581          0       2000          0          0
   0       68     2008    10086      5125528571      5125538658         3107665          0       2000          0          0
   0       68     2000    10067      5125538660      5125548727         3117754          0       2000          0          0
   0       68     2012    10076      5125548731      5125558807         3127825          0       2000          0          0
   0       68     2004    10073      5125558811      5125568884         3137905          0       2000          0          0
   0       68     1997    10071      5125568890      5125578961         3147984          0       2000          0          0
   0       68     2020    10086      5125578967      5125589053         3158061          0       2000          0          0
   0       68     2013    10081      5125589059      5125599139         3168152          0       2000          0          0
   0       68     1996    10060      5125599142      5125609202         3178236          0       2000          0          0
   0       68     2011    10077      5125609205      5125619283         3188299          0       2000          0          0
   0       68     2021    10089      5125619287      5125629375         3198380          0       2000          0          0
   0       68     2053    10123      5125629380      5125639503         3208474          0       2000          0          0
   0       68     2020    10093      5125639510      5125649603         3218604          0       2000          0          0
   0       68     2008    10073      5125649612      5125659685         3228706          0       2000          0          0
   0       68     2002    10079      5125659689      5125669768         3238783          0       2000          0          0
   0       68     2007    10072      5125669772      5125679844         3248866          0       2000          0          0
   0       68     2012    10076      5125679849      5125689925         3258942          0       2000          0          0
   0       68     2017    10095      5125689928      5125700024         3269022          0       2000          0          0
   0       68     2018    10083      5125700028      5125710111         3279122          0       2000          0          0
   0       68     2018    10088      5125710115      5125720203         3289209          0       2000          0          0
   0       68     2033    10106      5125720208      5125730314         3299302          0       2000          0          0
   0       68     2025    10094      5125730324      5125740418         3309418          0       2000          0          0
   0       68     2014    10083      5125740423      5125750506         3319517          0       2000          0          0
   0       68     2013    10082      5125750557      5125760639         3329651          0       2000          0          0
   0       68     2007    10072      5125760642      5125770714         3339736          0       2000          0          0
   0       68     2000    10064      5125770716      5125780780         3349810          0       2000          0          0
   0       68     2000    10069      5125780785      5125790854         3359879          0       2000          0          0
   0       68     2014    10082      5125790862      5125800944         3369956          0       2000          0          0
   0       68     2039    10107      5125800951      5125811058         3380045          0       2000          0          0
   0       68     2007    10073      5125811064      5125821137         3390158          0       2000          0          0
   0       68     2011    10078      5125821140      5125831218         3400234          0       2000          0          0
   0       68     2007    10073      5125831221      5125841295         3410315          0       2000          0          0
   0       68     2014    10082      5125841299      5125851382         3420393          0       2000          0          0
   0       68     2020    10086      5125851385      5125861471         3430478          0       2000          0          0
   0       68     2007    10073      5125861473      5125871547         3440567          0       2000          0          0
   0       68     2006    10069      5125871549      5125881619         3450643          0       2000          0          0
   0       68     2006    10073      5125881623      5125891695         3460716          0       2000          0          0
   0       68     2004    10069      5125891698      5125901767         3470792          0       2000          0          0
   0       68     2001    10065      5125901770      5125911835         3480864          0       2000          0          0
   0       68     2013    10088      5125911840      5125921927         3490933          0       2000          0          0
   0       68     2015    10090      5125921938      5125932029         3501032          0       2000          0          0
   0       68     2002    10077      5125932031      5125942108         3511125          0       2000          0          0
   0       68     2024    10100      5125942111      5125952212         3521205          0       2000          0          0
   0       68     2015    10079      5125952216      5125962294         3531309          0       2000          0          0
   0       68     2005    10081      5125962297      5125972378         3541391          0       2000          0          0
   0       68     2016    10083      5125972381      5125982464         3551475          0       2000          0          0
   0       68     2010    10074      5125982468      5125992542         3561562          0       2000          0          0
   0       68     2009    10085      5125992546      5126002630         3571639          0       2000          0          0
   0       68     1997    10062      5126002634      5126012695         3581727          0       2000          0          0
   0       68     2004    10078      5126012699      5126022777         3591793          0       2000          0          0
   0       68     2003    10073      5126022782      5126032855         3601875          0       2000          0          0
   0       68     2017    10085      5126032863      5126042947         3611956          0       2000          0          0
   0       68     2014    10080      5126042951      5126053031         3622045          0       2000          0          0
   0       68     2022    10095      5126053035      5126063130         3632129          0       2000          0          0
   0       68     2013    10090      5126063133      5126073223         3642227          0       2000          0          0
   0       68     2012    10078      5126073226      5126083304         3652320          0       2000          0          0
   0       68     2011    10079      5126083354      5126093433         3662448          0       2000          0          0
   0       68     2007    10084      5126093437      5126103521         3672531          0       2000          0          0
   0       68     2008    10073      5126103523      5126113596         3682617          0       2000          0          0
   0       68     2004    10070      5126113599      5126123669         3692693          0       2000          0          0
   0       68     2017    10085      5126123672      5126133757         3702766          0       2000          0          0
   0       68     2006    10075      5126133761      5126143836         3712855          0       2000          0          0
   0       68     2021    10090      5126143843      5126153933         3722937          0       2000          0          0
   0       68     2016    10093      5126153937      5126164031         3733031          0       2000          0          0
   0       68     2008    10074      5126164034      5126174108         3743127          0       2000          0          0
   0       68     2011    10078      5126174111      5126184188         3753205          0       2000          0          0
   0       68     2003    10081      5126184193      5126194274         3763287          0       2000          0          0
   0       68     2007    10082      5126194277      5126204359         3773371          0       2000          0          0
   0       68     2007    10072      5126204362      5126214434         3783456          0       2000          0          0
   0       68     1998    10065      5126214438      5126224503         3793531          0       2000          0          0
   0       68     2014    10088      5126224506      5126234595         3803600          0       2000          0          0
   0       68     2007    10074      5126234597      5126244671         3813691          0       2000          0          0
   0       68     2016    10085      5126244677      5126254763         3823771          0       2000          0          0
   0       68     2018    10086      5126254769      5126264855         3833863          0       2000          0          0
   0       68     2007    10082      5126264859      5126274941         3843952          0       2000          0          0
   0       68     2014    10088      5126274946      5126285034         3854040          0       2000          0          0
   0       68     2016    10084      5126285038      5126295122         3864132          0       2000          0          0
   0       68     1999    10072      5126295127      5126305198         3874220          0       2000          0          0
   0       68     2030    10098      5126305209      5126315308         3884303          0       2000          0          0
   0       68     2017    10085      5126315312      5126325397         3894406          0       2000          0          0
   0       68     2017    10089      5126325402      5126335491         3904496          0       2000          0          0
   0       68     2016    10086      5126335502      5126345588         3914596          0       2000          0          0
   0       68     2016    10082      5126345591      5126355674         3924685          0       2000          0          0
   0       68     2018    10086      5126355680      5126365766         3934774          0       2000          0          0
   0       68     2029    10095      5126365770      5126375865         3944864          0       2000          0          0
   0       68     2007    10073      5126375870      5126385943         3954963          0       2000          0          0
   0       68     2011    10081      5126385947      5126396028         3965041          0       2000          0          0
   0       68     2012    10087      5126396031      5126406118         3975125          0       2000          0          0
   0       68     2015    10092      5126406121      5126416212         3985214          0       2000          0          0
   0       68     2004    10073      5126416279      5126426352         3995373          0       2000          0          0
   0       68     2000    10076      5126426356      5126436432         4005449          0       2000          0          0
   0       68     2009    10074      5126436434      5126446508         4015528          0       2000          0          0
   0       68     2009    10074      5126446511      5126456585         4025605          0       2000          0          0
   0       68     2012    10086      5126456589      5126466675         4035682          0       2000          0          0
   0       68     1998    10063      5126466678      5126476741         4045772          0       2000          0          0
   0       68     2017    10082      5126476744      5126486826         4055838          0       2000          0          0
   0       68     2011    10079      5126486830      5126496909         4065924          0       2000          0          0
   0       68     1999    10075      5126496913      5126506988         4076007          0       2000          0          0
   0       68     2005    10071      5126506991      5126517062         4086085          0       2000          0          0
   0       68     2004    10070      5126517066      5126527136         4096160          0       2000          0          0
   0       68     1999    10075      5126527138      5126537213         4106232          0       2000          0          0
   0       68     2009    10074      5126537215      5126547289         4116309          0       2000          0          0
   0       68     2001    10066      5126547293      5126557359         4126387          0       2000          0          0
   0       68     2000    10077      5126557362      5126567439         4136456          0       2000          0          0
   0       68     2009    10073      5126567442      5126577515         4146536          0       2000          0          0
   0       68     2017    10098      5126577518      5126587616         4156612          0       2000          0          0
   0       68     2023    10092      5126587635      5126597727         4166729          0       2000          0          0
   0       68     2008    10085      5126597730      5126607815         4176824          0       2000          0          0
   0       68     2014    10088      5126607818      5126617906         4186912          0       2000          0          0
   0       68     2020    10099      5126617917      5126628016         4197011          0       2000          0          0
   0       68     2015    10091      5126628021      5126638112         4207115          0       2000          0          0
   0       68     2007    10073      5126638115      5126648188         4217209          0       2000          0          0
   0       68     2010    10078      5126648193      5126658271         4227287          0       2000          0          0
   0       68     2012    10078      5126658275      5126668353         4237369          0       2000          0          0
   0       68     2013    10079      5126668355      5126678434         4247449          0       2000          0          0
   0       68     2001    10068      5126678438      5126688507         4257532          0       2000          0          0
   0       68     2019    10086      5126688513      5126698600         4267607          0       2000          0          0
   0       68     2026    10092      5126698605      5126708697         4277699          0       2000          0          0
   0       68     2016    10082      5126708702      5126718785         4287796          0       2000          0          0
   0       68     2018    10084      5126718789      5126728873         4297882          0       2000          0          0
   0       68     2001    10068      5126728875      5126738944         4307969          0       2000          0          0
   0       68     2008    10086      5126738948      5126749034         4318042          0       2000          0          0
   0       68     2019    10087      5126749092      5126759179         4328186          0       2000          0          0
   0       68     2004    10069      5126759183      5126769253         4338277          0       2000          0          0
   0       68     2008    10073      5126769255      5126779328         4348349          0       2000          0          0
   0       68     1999    10065      5126779332      5126789397         4358426          0       2000          0          0
   0       68     2010    10087      5126789401      5126799488         4368495          0       2000          0          0
   0       68     2000    10068      5126799493      5126809561         4378587          0       2000          0          0
   0       68     2028    10095      5126809567      5126819662         4388661          0       2000          0          0
   0       68     2014    10080      5126819667      5126829747         4398760          0       2000          0          0
   0       68     2013    10080      5126829750      5126839830         4408844          0       2000          0          0
   0       68     2017    10084      5126839834      5126849917         4418928          0       2000          0          0
   0       68     2005    10083      5126849921      5126860004         4429015          0       2000          0          0
   0       68     2029    10122      5126860009      5126870131         4439102          0       2000          0          0
   0       68     2007    10073      5126870134      5126880207         4449227          0       2000          0          0
   0       68     1997    10063      5126880210      5126890273         4459304          0       2000          0          0
   0       68     2005    10080      5126890276      5126900356         4469370          0       2000          0          0
   0       68     2007    10073      5126900358      5126910431         4479452          0       2000          0          0
   0       68     2039    10116      5126910434      5126920551         4489528          0       2000          0          0
   0       68     2024    10092      5126920554      5126930646         4499648          0       2000          0          0
   0       68     2015    10083      5126930652      5126940735         4509746          0       2000          0          0
   0       68     2024    10090      5126940739      5126950829         4519833          0       2000          0          0
   0       68     2007    10072      5126950835      5126960906         4529929          0       2000          0          0
   0       68     2009    10074      5126960910      5126970985         4540004          0       2000          0          0
   0       68     2024    10090      5126970988      5126981077         4550082          0       2000          0          0
   0       68     1997    10063      5126981082      5126991145         4560176          0       2000          0          0
   0       68     1997    10072      5126991148      5127001221         4570242          0       2000          0          0
   0       68     2017    10082      5127001223      5127011305         4580317          0       2000          0          0
   0       68     2016    10091      5127011309      5127021400         4590403          0       2000          0          0
   0       68     2018    10084      5127021404      5127031488         4600497          0       2000          0          0
   0       68     2009    10076      5127031491      5127041566         4610584          0       2000          0          0
   0       68     2018    10086      5127041572      5127051658         4620666          0       2000          0          0
   0       68     1998    10064      5127051663      5127061727         4630756          0       2000          0          0
   0       68     2008    10084      5127061730      5127071814         4640824          0       2000          0          0
   0       68     2006    10073      5127071817      5127081890         4650911          0       2000          0          0
   0       68     2008    10085      5127081942      5127092028         4661036          0       2000          0          0
   0       68     2000    10068      5127092031      5127102099         4671125          0       2000          0          0
   0       68     2005    10070      5127102102      5127112172         4681196          0       2000          0          0
   0       68     1998    10063      5127112177      5127122240         4691270          0       2000          0          0
   0       68     2017    10093      5127122243      5127132335         4701336          0       2000          0          0
   0       68     2010    10083      5127132338      5127142421         4711432          0       2000          0          0
   0       68     2011    10079      5127142424      5127152503         4721518          0       2000          0          0
   0       68     2019    10086      5127152509      5127162595         4731603          0       2000          0          0
   0       68     2009    10083      5127162599      5127172682         4741692          0       2000          0          0
   0       68     2010    10076      5127172684      5127182760         4751778          0       2000          0          0
   0       68     1997    10064      5127182764      5127192828         4761858          0       2000          0          0
   0       68     1999    10074      5127192832      5127202906         4771926          0       2000          0          0
   0       68     1995    10061      5127202908      5127212969         4782002          0       2000          0          0
   0       68     2011    10077      5127212972      5127223049         4792066          0       2000          0          0
   0       68     2010    10086      5127223054      5127233139         4802147          0       2000          0          0
   0       68     2008    10074      5127233142      5127243215         4812236          0       2000          0          0
   0       68     2018    10087      5127243219      5127253305         4822312          0       2000          0          0
   0       68     2172    10248      5127253313      5127263561         4832407          0       2000          0          0
   0       68     2016    10085      5127263572      5127273657         4842665          0       2000          0          0
   0       68     2012    10080      5127273662      5127283742         4852756          0       2000          0          0
   0       68     2015    10083      5127283747      5127293829         4862841          0       2000          0          0
   0       68     2009    10084      5127293834      5127303918         4872928          0       2000          0          0
   0       68     2020    10099      5127303928      5127314026         4883022          0       2000          0          0
   0       68     2007    10083      5127314030      5127324113         4893124          0       2000          0          0
   0       68     2009    10085      5127324117      5127334201         4903211          0       2000          0          0
   0       68     2007    10072      5127334204      5127344276         4913298          0       2000          0          0
   0       68     2007    10072      5127344279      5127354352         4923373          0       2000          0          0
   0       68     2016    10082      5127354355      5127364437         4933449          0       2000          0          0
   0       68     2023    10090      5127364442      5127374532         4943536          0       2000          0          0
   0       68     2014    10081      5127374538      5127384619         4953631          0       2000          0          0
   0       68     2004    10070      5127384623      5127394693         4963717          0       2000          0          0
   0       68     2010    10075      5127394696      5127404771         4973789          0       2000          0          0
   0       68     2007    10074      5127404773      5127414847         4983867          0       2000          0          0
