#idx     perf      run   period           start             end          rel_st      slack c_duration   c_period     wu_lat
   0       68     9692    18900      5164377010      5164395909             389          0       2000          0          0
   0       68     2666    13092      5164395920      5164409012           19299          0       2000          0          0
   0       68     2659    15004      5164409018      5164424022           32397          0       2000          0          0
   0       68     2662    17983      5164424033      5164442016           47412          0       2000          0          0
   0       68     2657    15987      5164442026      5164458013           65405          0       2000          0          0
   0       68     2660    12726      5164458023      5164470749           81402          0       2000          0          0
   0       68     4948    15265      5164470757      5164486022           94136          0       2000          0          0
   0       68     5720    17984      5164486030      5164504014          109409          0       2000          0          0
   0       68     2731    14993      5164504022      5164519015          127401          0       2000          0          0
   0       68     2667    16991      5164519024      5164536014          142402          0       2000          0          0
   0       68     2677    10995      5164536024      5164547019          159403          0       2000          0          0
   0       68     2288    13989      5164547033      5164561022          170412          0       2000          0          0
   0       68     2650    11201      5164561031      5164572232          184410          0       2000          0          0
   0       68     8450    20656      5164572246      5164592902          195625          0       2000          0          0
   0       68     2606    11103      5164592912      5164604015          216291          0       2000          0          0
   0       68     9217    23664      5164604023      5164627687          227402          0       2000          0          0
   0       68     3991    12319      5164627696      5164640015          251075          0       2000          0          0
   0       68     5403    16429      5164640025      5164656454          263404          0       2000          0          0
   0       68     2749    16550      5164656465      5164673015          279844          0       2000          0          0
   0       68     2657    15991      5164673025      5164689016          296403          0       2000          0          0
   0       68     2659    15974      5164689026      5164705000          312405          0       2000          0          0
   0       68     2651    16994      5164705020      5164722014          328399          0       2000          0          0
   0       68     2654    10734      5164722024      5164732758          345403          0       2000          0          0
   0       68     6756    15250      5164732771      5164748021          356150          0       2000          0          0
   0       68     2662    14980      5164748033      5164763013          371412          0       2000          0          0
   0       68     2674    14992      5164763022      5164778014          386401          0       2000          0          0
   0       68     2647    15001      5164778027      5164793028          401406          0       2000          0          0
   0       68     2639    11979      5164793042      5164805021          416421          0       2000          0          0
   0       68     5556    18983      5164805031      5164824014          428410          0       2000          0          0
   0       68     2656    15992      5164824023      5164840015          447402          0       2000          0          0
   0       68     2656    15991      5164840023      5164856014          463402          0       2000          0          0
   0       68     2656    11997      5164856024      5164868021          479403          0       2000          0          0
   0       68     2659    11985      5164868030      5164880015          491409          0       2000          0          0
   0       68     2657    10939      5164880092      5164891031          503471          0       2000          0          0
   0       68     2656    12971      5164891043      5164904014          514422          0       2000          0          0
   0       68     2658    11014      5164904023      5164915036          527401          0       2000          0          0
   0       68     4693    12965      5164915048      5164928012          538427          0       2000          0          0
   0       68     2652    11991      5164928021      5164940012          551400          0       2000          0          0
   0       68     2679    11994      5164940020      5164952013          563398          0       2000          0          0
   0       68     5660    13736      5164952022      5164965758          575401          0       2000          0          0
   0       68     2659    13244      5164965767      5164979010          589145          0       2000          0          0
   0       68     2655    12009      5164979017      5164991026          602396          0       2000          0          0
   0       68     8044    18987      5164991036      5165010023          614415          0       2000          0          0
   0       68     2589    15478      5165010037      5165025515          633416          0       2000          0          0
   0       68     2725    12502      5165025524      5165038026          648902          0       2000          0          0
   0       68    10042    18126      5165038036      5165056162          661415          0       2000          0          0
   0       68     2675    12863      5165056171      5165069035          679550          0       2000          0          0
   0       68     2651    13970      5165069043      5165083013          692422          0       2000          0          0
   0       68     2652    10730      5165083023      5165093753          706402          0       2000          0          0
   0       68     2663    13251      5165093762      5165107013          717141          0       2000          0          0
   0       68     2653    11994      5165107020      5165119013          730399          0       2000          0          0
   0       68     5698    13776      5165119022      5165132798          742401          0       2000          0          0
   0       68     2665    11210      5165132806      5165144017          756185          0       2000          0          0
   0       68     6681    15987      5165144029      5165160016          767408          0       2000          0          0
   0       68     2656    13001      5165160026      5165173027          783405          0       2000          0          0
   0       68     2669    16980      5165173035      5165190015          796414          0       2000          0          0
   0       68     2652    10730      5165190022      5165200753          813401          0       2000          0          0
   0       68     2658    12257      5165200762      5165213018          824141          0       2000          0          0
   0       68     7657    16986      5165213028      5165230014          836407          0       2000          0          0
   0       68     2660    12994      5165230029      5165243023          853408          0       2000          0          0
   0       68     4687    14988      5165243032      5165258020          866411          0       2000          0          0
   0       68     5669    18985      5165258028      5165277013          881407          0       2000          0          0
   0       68     2656    15008      5165277021      5165292029          900400          0       2000          0          0
   0       68     2671    15977      5165292038      5165308015          915417          0       2000          0          0
   0       68     2659    15989      5165308025      5165324014          931404          0       2000          0          0
   0       68     2660    14991      5165324022      5165339013          947401          0       2000          0          0
   0       68     2687    14927      5165339087      5165354014          962466          0       2000          0          0
   0       68     2662    12008      5165354023      5165366031          977401          0       2000          0          0
   0       68     6688    17979      5165366042      5165384022          989421          0       2000          0          0
   0       68     5661    13739      5165384031      5165397770         1007410          0       2000          0          0
   0       68     2650    14249      5165397779      5165412028         1021158          0       2000          0          0
   0       68     2664    14975      5165412039      5165427014         1035418          0       2000          0          0
   0       68     2656    15992      5165427024      5165443016         1050403          0       2000          0          0
   0       68     2908    13319      5165443029      5165456348         1066408          0       2000          0          0
   0       68     4679    13658      5165456357      5165470016         1079736          0       2000          0          0
   0       68     7080    15155      5165470024      5165485179         1093403          0       2000          0          0
   0       68     2654    13823      5165485189      5165499012         1108568          0       2000          0          0
   0       68     2653    13012      5165499019      5165512030         1122398          0       2000          0          0
   0       68     2662    11972      5165512039      5165524011         1135418          0       2000          0          0
   0       68     2650    15995      5165524019      5165540014         1147398          0       2000          0          0
   0       68     2655    14993      5165540023      5165555016         1163402          0       2000          0          0
   0       68     2664    15988      5165555027      5165571015         1178406          0       2000          0          0
   0       68     2826    14649      5165571025      5165585674         1194404          0       2000          0          0
   0       68     6802    14884      5165585684      5165600567         1209063          0       2000          0          0
   0       68     5685    13761      5165600579      5165614340         1223957          0       2000          0          0
   0       68     2717    13665      5165614348      5165628013         1237727          0       2000          0          0
   0       68     2643    10717      5165628021      5165638737         1251400          0       2000          0          0
   0       68     2664    13269      5165638744      5165652013         1262123          0       2000          0          0
   0       68     2651    14008      5165652021      5165666029         1275400          0       2000          0          0
   0       68     2657    16976      5165666040      5165683016         1289419          0       2000          0          0
   0       68     2663    10742      5165683026      5165693768         1306405          0       2000          0          0
   0       68     6715    16233      5165693781      5165710013         1317160          0       2000          0          0
   0       68     2656    11989      5165710022      5165722012         1333401          0       2000          0          0
   0       68     2659    11993      5165722019      5165734012         1345398          0       2000          0          0
   0       68     2655    11992      5165734019      5165746011         1357398          0       2000          0          0
   0       68     2656    12004      5165746016      5165758019         1369395          0       2000          0          0
   0       68     2663    11986      5165758028      5165770014         1381407          0       2000          0          0
   0       68     2657    11991      5165770022      5165782014         1393401          0       2000          0          0
   0       68     2658    11988      5165782024      5165794013         1405403          0       2000          0          0
   0       68     2657    11939      5165794077      5165806016         1417456          0       2000          0          0
   0       68     3840    12010      5165806025      5165818035         1429404          0       2000          0          0
   0       68     4689    15001      5165818046      5165833046         1441425          0       2000          0          0
   0       68     2641    15959      5165833057      5165849016         1456436          0       2000          0          0
   0       68     2676    12999      5165849027      5165862026         1472406          0       2000          0          0
   0       68     4683    13973      5165862039      5165876013         1485418          0       2000          0          0
   0       68     2708    13989      5165876021      5165890010         1499400          0       2000          0          0
   0       68     2678    11546      5165890016      5165901562         1513395          0       2000          0          0
   0       68     2666    12441      5165901571      5165914012         1524950          0       2000          0          0
   0       68     2654    11994      5165914019      5165926013         1537398          0       2000          0          0
   0       68     2685    12990      5165926021      5165939012         1549400          0       2000          0          0
   0       68     4665    15004      5165939018      5165954022         1562397          0       2000          0          0
   0       68     6191    15990      5165954030      5165970020         1577409          0       2000          0          0
   0       68     5653    17984      5165970030      5165988013         1593408          0       2000          0          0
   0       68     2668    15015      5165988023      5166003037         1611402          0       2000          0          0
   0       68     3245    13969      5166003053      5166017023         1626432          0       2000          0          0
   0       68     2683    12990      5166017033      5166030023         1640412          0       2000          0          0
   0       68     4684    13983      5166030033      5166044015         1653412          0       2000          0          0
   0       68     2656    15989      5166044025      5166060014         1667404          0       2000          0          0
   0       68     2653    14991      5166060023      5166075014         1683402          0       2000          0          0
   0       68     2649    15990      5166075022      5166091012         1698401          0       2000          0          0
   0       68     2656    15004      5166091021      5166106025         1714400          0       2000          0          0
   0       68     2654    15981      5166106032      5166122013         1729411          0       2000          0          0
   0       68     2653    14989      5166122023      5166137013         1745402          0       2000          0          0
   0       68     2660    15014      5166137021      5166152035         1760400          0       2000          0          0
   0       68     3699    15973      5166152047      5166168020         1775426          0       2000          0          0
   0       68     2665    16984      5166168029      5166185013         1791408          0       2000          0          0
   0       68     2659    10735      5166185022      5166195757         1808401          0       2000          0          0
   0       68     2662    15251      5166195765      5166211015         1819144          0       2000          0          0
   0       68     2651    14996      5166211024      5166226021         1834403          0       2000          0          0
   0       68     2664    15008      5166226035      5166241042         1849414          0       2000          0          0
   0       68     2790    12964      5166241056      5166254020         1864435          0       2000          0          0
   0       68     4662    12992      5166254031      5166267023         1877410          0       2000          0          0
   0       68     6629    19921      5166267094      5166287015         1890473          0       2000          0          0
   0       68     2654    15992      5166287024      5166303016         1910403          0       2000          0          0
   0       68     2675    15990      5166303025      5166319015         1926403          0       2000          0          0
   0       68     2650    15988      5166319024      5166335012         1942403          0       2000          0          0
   0       68     2651    15992      5166335022      5166351014         1958401          0       2000          0          0
   0       68     2651    10997      5166351024      5166362021         1974403          0       2000          0          0
   0       68     2635    13995      5166362031      5166376027         1985410          0       2000          0          0
   0       68     2746    14979      5166376035      5166391014         1999414          0       2000          0          0
   0       68     2658    15991      5166391024      5166407015         2014403          0       2000          0          0
   0       68     2652    15993      5166407023      5166423016         2030402          0       2000          0          0
   0       68     2653    15996      5166423026      5166439022         2046405          0       2000          0          0
   0       68     2662    14990      5166439035      5166454025         2062414          0       2000          0          0
   0       68     4436    15982      5166454038      5166470020         2077416          0       2000          0          0
   0       68     3676    15030      5166470033      5166485062         2093411          0       2000          0          0
   0       68     3686    12958      5166485079      5166498037         2108458          0       2000          0          0
   0       68     5651    18965      5166498049      5166517014         2121427          0       2000          0          0
   0       68     2639    15992      5166517024      5166533016         2140403          0       2000          0          0
   0       68     2660    15989      5166533024      5166549013         2156403          0       2000          0          0
   0       68     2650    10750      5166549022      5166559771         2172400          0       2000          0          0
   0       68     5762    14208      5166559779      5166573986         2183158          0       2000          0          0
   0       68     5112    14054      5166573996      5166588051         2197375          0       2000          0          0
   0       68     6190    14269      5166588066      5166602335         2211445          0       2000          0          0
   0       68     4602    12678      5166602345      5166615024         2225724          0       2000          0          0
   0       68     9339    20002      5166615032      5166635034         2238411          0       2000          0          0
   0       68     2661    11970      5166635043      5166647013         2258422          0       2000          0          0
   0       68     5661    18992      5166647021      5166666013         2270400          0       2000          0          0
   0       68     2652    15996      5166666021      5166682017         2289400          0       2000          0          0
   0       68     2648    15991      5166682031      5166698022         2305410          0       2000          0          0
   0       68     3001    12988      5166698038      5166711026         2321417          0       2000          0          0
   0       68     2657    10978      5166711036      5166722014         2334415          0       2000          0          0
   0       68     2656    14990      5166722024      5166737014         2345403          0       2000          0          0
   0       68     2661    14993      5166737022      5166752015         2360401          0       2000          0          0
   0       68     2666    14987      5166752023      5166767011         2375402          0       2000          0          0
   0       68     2656    14951      5166767063      5166782015         2390442          0       2000          0          0
   0       68     2652    13005      5166782024      5166795029         2405403          0       2000          0          0
   0       68     4632    16981      5166795044      5166812025         2418423          0       2000          0          0
   0       68     3676    13986      5166812036      5166826022         2435415          0       2000          0          0
   0       68     6821    14901      5166826034      5166840935         2449413          0       2000          0          0
   0       68     2663    13070      5166840945      5166854014         2464324          0       2000          0          0
   0       68     2650    15991      5166854024      5166870014         2477403          0       2000          0          0
   0       68     2669    15992      5166870024      5166886016         2493403          0       2000          0          0
   0       68     2653    15990      5166886026      5166902016         2509405          0       2000          0          0
   0       68     2657    14002      5166902026      5166916028         2525405          0       2000          0          0
   0       68     6681    19976      5166916038      5166936014         2539417          0       2000          0          0
   0       68     2657    15989      5166936024      5166952013         2559403          0       2000          0          0
   0       68     2658    11003      5166952021      5166963025         2575400          0       2000          0          0
   0       68     2655    12981      5166963031      5166976013         2586410          0       2000          0          0
   0       68     2660    12001      5166976020      5166988021         2599399          0       2000          0          0
   0       68     5697    17015      5166988028      5167005044         2611407          0       2000          0          0
   0       68     2670    13858      5167005053      5167018911         2628432          0       2000          0          0
   0       68     4675    16121      5167018920      5167035041         2642299          0       2000          0          0
   0       68     3119    12972      5167035054      5167048025         2658432          0       2000          0          0
   0       68     6904    17415      5167048035      5167065451         2671414          0       2000          0          0
   0       68     2717    11573      5167065460      5167077033         2688839          0       2000          0          0
   0       68     2657    14975      5167077042      5167092017         2700421          0       2000          0          0
   0       68     2730    13996      5167092027      5167106023         2715406          0       2000          0          0
   0       68     3662    16983      5167106033      5167123015         2729412          0       2000          0          0
   0       68     2666    13319      5167123026      5167136345         2746405          0       2000          0          0
   0       68     8802    19668      5167136353      5167156021         2759732          0       2000          0          0
   0       68     2652    12994      5167156030      5167169024         2779409          0       2000          0          0
   0       68     3676    13994      5167169032      5167183025         2792411          0       2000          0          0
   0       68     2657    15991      5167183036      5167199027         2806415          0       2000          0          0
   0       68     2669    11978      5167199039      5167211017         2822418          0       2000          0          0
   0       68     7669    15749      5167211028      5167226777         2834407          0       2000          0          0
   0       68     2660    15229      5167226786      5167242015         2850165          0       2000          0          0
   0       68     2656    14990      5167242025      5167257015         2865404          0       2000          0          0
   0       68     3470    11939      5167257082      5167269021         2880461          0       2000          0          0
   0       68     2694    11987      5167269033      5167281020         2892412          0       2000          0          0
   0       68     2635    16985      5167281030      5167298015         2904409          0       2000          0          0
   0       68     2645    10727      5167298025      5167308752         2921404          0       2000          0          0
   0       68     2663    15253      5167308762      5167324014         2932141          0       2000          0          0
   0       68     2641    15011      5167324025      5167339036         2947404          0       2000          0          0
   0       68     2639    14967      5167339047      5167354014         2962426          0       2000          0          0
   0       68     2660    14990      5167354024      5167369014         2977403          0       2000          0          0
   0       68     2667    13990      5167369026      5167383016         2992405          0       2000          0          0
   0       68     2649    16989      5167383025      5167400014         3006404          0       2000          0          0
   0       68     2669    10755      5167400024      5167410779         3023403          0       2000          0          0
   0       68     7673    21225      5167410792      5167432018         3034171          0       2000          0          0
   0       68     2813    10911      5167432027      5167442937         3055406          0       2000          0          0
   0       68     7152    16075      5167442953      5167459028         3066332          0       2000          0          0
   0       68     4705    14234      5167459038      5167473273         3082417          0       2000          0          0
   0       68     7672    19741      5167473281      5167493022         3096660          0       2000          0          0
   0       68     2709    14990      5167493031      5167508021         3116410          0       2000          0          0
   0       68     5760    16547      5167508031      5167524578         3131410          0       2000          0          0
   0       68     5577    15432      5167524588      5167540021         3147967          0       2000          0          0
   0       68     4866    15995      5167540031      5167556026         3163410          0       2000          0          0
   0       68     6687    17021      5167556036      5167573057         3179415          0       2000          0          0
   0       68     6319    14395      5167573073      5167587468         3196452          0       2000          0          0
   0       68     2664    13033      5167587478      5167600510         3210857          0       2000          0          0
   0       68     7947    19042      5167600521      5167619563         3223900          0       2000          0          0
   0       68     6901    17548      5167619573      5167637121         3242952          0       2000          0          0
   0       68     2710    11175      5167637130      5167648305         3260509          0       2000          0          0
   0       68     3830    13452      5167648315      5167661767         3271694          0       2000          0          0
   0       68     2832    11238      5167661777      5167673015         3285156          0       2000          0          0
   0       68     2751    16041      5167673024      5167689065         3296403          0       2000          0          0
   0       68     2782    10949      5167689074      5167700022         3312453          0       2000          0          0
   0       68    10037    19983      5167700032      5167720015         3323410          0       2000          0          0
   0       68     2663    13041      5167720025      5167733066         3343404          0       2000          0          0
   0       68     6257    15934      5167733080      5167749014         3356459          0       2000          0          0
   0       68     4566    14961      5167749071      5167764032         3372450          0       2000          0          0
   0       68     2564    12990      5167764040      5167777030         3387419          0       2000          0          0
   0       68    10076    18151      5167777041      5167795192         3400420          0       2000          0          0
   0       68     4597    13838      5167795203      5167809040         3418582          0       2000          0          0
   0       68     9514    19975      5167809049      5167829024         3432428          0       2000          0          0
   0       68     2667    15987      5167829032      5167845020         3452411          0       2000          0          0
   0       68     4684    20986      5167845029      5167866016         3468408          0       2000          0          0
   0       68     2656    12000      5167866024      5167878024         3489403          0       2000          0          0
   0       68     8458    23977      5167878040      5167902017         3501419          0       2000          0          0
   0       68     2697    14987      5167902027      5167917014         3525406          0       2000          0          0
   0       68     2532    13012      5167917025      5167930036         3540403          0       2000          0          0
   0       68    13347    21424      5167930053      5167951477         3553431          0       2000          0          0
   0       68     2665    14232      5167951486      5167965718         3574865          0       2000          0          0
   0       68     4639    14286      5167965728      5167980014         3589107          0       2000          0          0
   0       68     5976    18992      5167980023      5167999015         3603401          0       2000          0          0
   0       68     2633    12577      5167999025      5168011602         3622403          0       2000          0          0
   0       68     5948    18086      5168011609      5168029696         3634988          0       2000          0          0
   0       68     4557    13315      5168029704      5168043019         3653083          0       2000          0          0
   0       68     4672    12784      5168043029      5168055813         3666408          0       2000          0          0
   0       68    11030    19104      5168055824      5168074928         3679203          0       2000          0          0
   0       68     2590    13075      5168074938      5168088012         3698317          0       2000          0          0
   0       68     3360    15990      5168088020      5168104010         3711399          0       2000          0          0
   0       68     2613    12429      5168104015      5168116444         3727394          0       2000          0          0
   0       68     5693    14575      5168116448      5168131024         3739827          0       2000          0          0
   0       68     2661    14003      5168131044      5168145047         3754423          0       2000          0          0
   0       68     3684    12310      5168145057      5168157367         3768436          0       2000          0          0
   0       68     7372    16637      5168157380      5168174017         3780759          0       2000          0          0
   0       68     5532    18986      5168174028      5168193014         3797407          0       2000          0          0
   0       68     2664    14000      5168193023      5168207023         3816402          0       2000          0          0
   0       68     5808    20982      5168207033      5168228015         3830412          0       2000          0          0
   0       68     2657    11996      5168228025      5168240021         3851404          0       2000          0          0
   0       68     2662    15981      5168240031      5168256012         3863410          0       2000          0          0
   0       68     2675    17027      5168256021      5168273049         3879400          0       2000          0          0
   0       68     2715    14913      5168273139      5168288053         3896518          0       2000          0          0
   0       68     5677    14948      5168288067      5168303015         3911446          0       2000          0          0
   0       68     5671    13994      5168303025      5168317020         3926404          0       2000          0          0
   0       68     7706    20985      5168317030      5168338015         3940409          0       2000          0          0
   0       68     2659    14993      5168338024      5168353016         3961403          0       2000          0          0
   0       68     2698    11718      5168353024      5168364742         3976403          0       2000          0          0
   0       68     8719    16797      5168364752      5168381550         3988131          0       2000          0          0
   0       68     2596    14494      5168381559      5168396053         4004937          0       2000          0          0
   0       68     7109    17866      5168396064      5168413930         4019443          0       2000          0          0
   0       68     2724    13080      5168413940      5168427020         4037319          0       2000          0          0
   0       68     8088    21985      5168427031      5168449017         4050410          0       2000          0          0
   0       68     2655    11997      5168449026      5168461023         4072405          0       2000          0          0
   0       68     2744    14988      5168461030      5168476018         4084409          0       2000          0          0
   0       68     2691    11180      5168476030      5168487211         4099409          0       2000          0          0
   0       68     4749    14819      5168487220      5168502039         4110599          0       2000          0          0
   0       68     7751    16987      5168502050      5168519037         4125429          0       2000          0          0
   0       68     2661    14568      5168519047      5168533615         4142426          0       2000          0          0
   0       68     7703    18893      5168533624      5168552517         4157003          0       2000          0          0
   0       68     3705    12067      5168552526      5168564593         4175905          0       2000          0          0
   0       68     6678    14760      5168564602      5168579362         4187981          0       2000          0          0
   0       68     2680    11235      5168579372      5168590607         4202751          0       2000          0          0
   0       68     2670    11252      5168590762      5168602014         4214141          0       2000          0          0
   0       68     2656    11990      5168602024      5168614014         4225403          0       2000          0          0
   0       68     2649    12002      5168614023      5168626026         4237402          0       2000          0          0
   0       68     4769    15316      5168626036      5168641352         4249415          0       2000          0          0
   0       68     2621    12684      5168641362      5168654045         4264741          0       2000          0          0
   0       68     2644    10973      5168654053      5168665026         4277432          0       2000          0          0
   0       68     2655    11978      5168665036      5168677015         4288415          0       2000          0          0
   0       68     6584    14659      5168677024      5168691683         4300403          0       2000          0          0
   0       68     3264    12320      5168691694      5168704014         4315073          0       2000          0          0
   0       68     2650    10997      5168704023      5168715021         4327402          0       2000          0          0
   0       68     5858    13987      5168715032      5168729019         4338411          0       2000          0          0
   0       68     5573    13652      5168729029      5168742681         4352408          0       2000          0          0
   0       68     4357    13673      5168742740      5168756413         4366119          0       2000          0          0
   0       68     2658    13595      5168756418      5168770013         4379797          0       2000          0          0
   0       68     2696    10773      5168770022      5168780796         4393401          0       2000          0          0
   0       68     5428    13506      5168780806      5168794312         4404185          0       2000          0          0
   0       68     2655    11696      5168794320      5168806017         4417699          0       2000          0          0
   0       68     4678    13022      5168806026      5168819047         4429405          0       2000          0          0
   0       68     4847    13958      5168819059      5168833017         4442438          0       2000          0          0
   0       68     3810    12685      5168833042      5168845727         4456421          0       2000          0          0
   0       68     5005    14277      5168845737      5168860014         4469116          0       2000          0          0
   0       68     4133    12450      5168860023      5168872473         4483402          0       2000          0          0
   0       68     2656    11944      5168872482      5168884426         4495861          0       2000          0          0
   0       68     3681    13582      5168884436      5168898018         4507815          0       2000          0          0
   0       68     3802    11882      5168898032      5168909914         4521411          0       2000          0          0
   0       68     3664    11800      5168909924      5168921724         4533303          0       2000          0          0
   0       68     2659    11311      5168921733      5168933044         4545112          0       2000          0          0
   0       68     4354    13969      5168933054      5168947023         4556433          0       2000          0          0
   0       68     4351    12431      5168947034      5168959465         4570413          0       2000          0          0
   0       68     2664    11540      5168959474      5168971014         4582853          0       2000          0          0
   0       68     6091    14167      5168971024      5168985191         4594403          0       2000          0          0
   0       68     2655    12824      5168985201      5168998025         4608580          0       2000          0          0
   0       68     6216    14381      5168998037      5169012418         4621416          0       2000          0          0
   0       68     6746    14840      5169012428      5169027269         4635807          0       2000          0          0
   0       68     5594    13673      5169027278      5169040952         4650657          0       2000          0          0
   0       68     5733    13809      5169040963      5169054772         4664342          0       2000          0          0
   0       68     7639    15713      5169054782      5169070495         4678161          0       2000          0          0
   0       68     3705    11944      5169070503      5169082447         4693882          0       2000          0          0
   0       68     2671    13556      5169082458      5169096014         4705837          0       2000          0          0
   0       68     2858    11039      5169096023      5169107062         4719402          0       2000          0          0
   0       68     2718    11939      5169107072      5169119011         4730451          0       2000          0          0
   0       68     2836    12998      5169119017      5169132015         4742396          0       2000          0          0
   0       68     3159    12326      5169132025      5169144351         4755404          0       2000          0          0
   0       68     2794    10908      5169144361      5169155269         4767740          0       2000          0          0
   0       68     4056    12747      5169155279      5169168026         4778658          0       2000          0          0
   0       68     2653    13616      5169168093      5169181709         4791472          0       2000          0          0
   0       68     2773    15916      5169181769      5169197685         4805148          0       2000          0          0
   0       68     2664    12318      5169197694      5169210012         4821073          0       2000          0          0
   0       68     2660    15018      5169210019      5169225037         4833398          0       2000          0          0
   0       68     2436    11969      5169225045      5169237014         4848423          0       2000          0          0
   0       68     2606    11666      5169237024      5169248689         4860402          0       2000          0          0
   0       68     5615    14085      5169248699      5169262784         4872078          0       2000          0          0
   0       68     4810    14892      5169262791      5169277683         4886170          0       2000          0          0
   0       68     3679    11759      5169277693      5169289452         4901072          0       2000          0          0
   0       68     2609    13563      5169289460      5169303023         4912839          0       2000          0          0
   0       68     2651    11981      5169303033      5169315014         4926412          0       2000          0          0
   0       68     4529    14020      5169315024      5169329044         4938403          0       2000          0          0
   0       68     6689    14776      5169329052      5169343828         4952431          0       2000          0          0
   0       68     2697    12178      5169343837      5169356015         4967216          0       2000          0          0
   0       68     5891    13985      5169356025      5169370010         4979404          0       2000          0          0
