#idx     perf      run   period           start             end          rel_st      slack c_duration   c_period     wu_lat
   0       68     2036    10106      5169669478      5169679584             257          0       2000          0          0
   0       68     2011    10080      5169679591      5169689670           10369          0       2000          0          0
   0       68     1997    10074      5169689675      5169699749           20454          0       2000          0          0
   0       68     1999    10066      5169699753      5169709819           30532          0       2000          0          0
   0       68     1996    10064      5169709822      5169719886           40601          0       2000          0          0
   0       68     2013    10080      5169719891      5169729971           50670          0       2000          0          0
   0       68     2012    10079      5169729976      5169740056           60755          0       2000          0          0
   0       68     2000    10067      5169740060      5169750127           70839          0       2000          0          0
   0       68     2006    10071      5169750129      5169760200           80908          0       2000          0          0
   0       68     2000    10064      5169760204      5169770268           90982          0       2000          0          0
   0       68     1998    10073      5169770270      5169780343          101049          0       2000          0          0
   0       68     2012    10079      5169780346      5169790425          111125          0       2000          0          0
   0       68     2055    10125      5169790429      5169800554          121208          0       2000          0          0
   0       68     2015    10084      5169800561      5169810645          131340          0       2000          0          0
   0       68     2018    10084      5169810651      5169820736          141430          0       2000          0          0
   0       68     2008    10072      5169820740      5169830812          151518          0       2000          0          0
   0       68     1999    10065      5169830815      5169840880          161594          0       2000          0          0
   0       68     2015    10083      5169840885      5169850968          171664          0       2000          0          0
   0       68     2005    10081      5169850973      5169861054          181752          0       2000          0          0
   0       68     1997    10063      5169861057      5169871121          191836          0       2000          0          0
   0       68     2012    10078      5169871124      5169881202          201903          0       2000          0          0
   0       68     2010    10076      5169881206      5169891282          211985          0       2000          0          0
   0       68     1998    10074      5169891285      5169901359          222064          0       2000          0          0
   0       68     2008    10074      5169901361      5169911436          232140          0       2000          0          0
   0       68     1994    10059      5169911439      5169921498          242218          0       2000          0          0
   0       68     2005    10071      5169921501      5169931572          252280          0       2000          0          0
   0       68     2005    10070      5169931575      5169941645          262354          0       2000          0          0
   0       68     2002    10071      5169941648      5169951719          272427          0       2000          0          0
   0       68     2020    10098      5169951725      5169961824          282504          0       2000          0          0
   0       68     2012    10077      5169961828      5169971904          292606          0       2000          0          0
   0       68     2017    10082      5169971908      5169981990          302687          0       2000          0          0
   0       68     1998    10065      5169981993      5169992058          312772          0       2000          0          0
   0       68     2007    10083      5169992061      5170002143          322840          0       2000          0          0
   0       68     2011    10080      5170002200      5170012280          332978          0       2000          0          0
   0       68     1994    10060      5170012283      5170022343          343062          0       2000          0          0
   0       68     2008    10073      5170022346      5170032419          353125          0       2000          0          0
   0       68     2015    10079      5170032422      5170042501          363201          0       2000          0          0
   0       68     2014    10082      5170042505      5170052587          373284          0       2000          0          0
   0       68     2018    10084      5170052591      5170062675          383370          0       2000          0          0
   0       68     2011    10080      5170062679      5170072759          393458          0       2000          0          0
   0       68     2020    10089      5170072764      5170082854          403543          0       2000          0          0
   0       68     2019    10087      5170082859      5170092946          413638          0       2000          0          0
   0       68     1997    10074      5170092950      5170103024          423729          0       2000          0          0
   0       68     2008    10076      5170103027      5170113103          433806          0       2000          0          0
   0       68     2029    10096      5170113108      5170123204          443887          0       2000          0          0
   0       68     2012    10079      5170123210      5170133289          453989          0       2000          0          0
   0       68     2007    10082      5170133292      5170143374          464071          0       2000          0          0
   0       68     2009    10075      5170143378      5170153453          474157          0       2000          0          0
   0       68     1997    10061      5170153458      5170163518          484236          0       2000          0          0
   0       68     1994    10063      5170163522      5170173585          494301          0       2000          0          0
   0       68     2017    10084      5170173591      5170183675          504370          0       2000          0          0
   0       68     2011    10078      5170183679      5170193757          514458          0       2000          0          0
   0       68     1994    10059      5170193761      5170203820          524539          0       2000          0          0
   0       68     2003    10069      5170203822      5170213891          534601          0       2000          0          0
   0       68     1999    10075      5170213895      5170223969          544673          0       2000          0          0
   0       68     2007    10072      5170223972      5170234044          554750          0       2000          0          0
   0       68     2008    10072      5170234046      5170244118          564825          0       2000          0          0
   0       68     2006    10072      5170244121      5170254193          574900          0       2000          0          0
   0       68     2011    10093      5170254196      5170264288          584975          0       2000          0          0
   0       68     2009    10074      5170264292      5170274366          595071          0       2000          0          0
   0       68     2011    10078      5170274370      5170284447          605148          0       2000          0          0
   0       68     1998    10069      5170284450      5170294520          615229          0       2000          0          0
   0       68     2015    10083      5170294529      5170304612          625308          0       2000          0          0
   0       68     2017    10094      5170304618      5170314711          635396          0       2000          0          0
   0       68     2009    10075      5170314715      5170324790          645494          0       2000          0          0
   0       68     1994    10059      5170324793      5170334852          655572          0       2000          0          0
   0       68     1999    10066      5170334898      5170344964          665677          0       2000          0          0
   0       68     2006    10081      5170344968      5170355049          675747          0       2000          0          0
   0       68     1996    10061      5170355052      5170365113          685830          0       2000          0          0
   0       68     1998    10073      5170365116      5170375189          695895          0       2000          0          0
   0       68     2009    10073      5170375192      5170385266          705971          0       2000          0          0
   0       68     2028    10097      5170385269      5170395366          716048          0       2000          0          0
   0       68     2018    10084      5170395374      5170405458          726153          0       2000          0          0
   0       68     2015    10080      5170405463      5170415542          736241          0       2000          0          0
   0       68     1996    10065      5170415546      5170425611          746325          0       2000          0          0
   0       68     2009    10076      5170425617      5170435693          756396          0       2000          0          0
   0       68     2014    10079      5170435698      5170445777          766477          0       2000          0          0
   0       68     1998    10072      5170445780      5170455853          776559          0       2000          0          0
   0       68     1994    10059      5170455855      5170465914          786634          0       2000          0          0
   0       68     1998    10074      5170465916      5170475990          796695          0       2000          0          0
   0       68     2018    10086      5170475993      5170486079          806772          0       2000          0          0
   0       68     1998    10073      5170486086      5170496159          816864          0       2000          0          0
   0       68     2007    10073      5170496162      5170506235          826940          0       2000          0          0
   0       68     1997    10064      5170506238      5170516301          837017          0       2000          0          0
   0       68     2055    10123      5170516306      5170526429          847085          0       2000          0          0
   0       68     2015    10083      5170526435      5170536518          857214          0       2000          0          0
   0       68     2009    10075      5170536524      5170546599          867303          0       2000          0          0
   0       68     1994    10069      5170546603      5170556672          877381          0       2000          0          0
   0       68     1994    10058      5170556675      5170566733          887454          0       2000          0          0
   0       68     1994    10058      5170566735      5170576794          897514          0       2000          0          0
   0       68     2004    10070      5170576796      5170586866          907575          0       2000          0          0
   0       68     2005    10073      5170586868      5170596942          917647          0       2000          0          0
   0       68     2010    10076      5170596947      5170607023          927725          0       2000          0          0
   0       68     2006    10072      5170607027      5170617099          937805          0       2000          0          0
   0       68     2049    10118      5170617102      5170627220          947880          0       2000          0          0
   0       68     2014    10082      5170627228      5170637310          958007          0       2000          0          0
   0       68     1999    10065      5170637315      5170647380          968094          0       2000          0          0
   0       68     2010    10075      5170647383      5170657458          978162          0       2000          0          0
   0       68     2007    10073      5170657461      5170667534          988240          0       2000          0          0
   0       68     2010    10076      5170667585      5170677661          998363          0       2000          0          0
   0       68     2008    10074      5170677664      5170687738         1008443          0       2000          0          0
   0       68     2003    10080      5170687741      5170697821         1018520          0       2000          0          0
   0       68     2008    10072      5170697825      5170707897         1028603          0       2000          0          0
   0       68     1996    10068      5170707900      5170717968         1038679          0       2000          0          0
   0       68     2021    10089      5170717977      5170728065         1048756          0       2000          0          0
   0       68     2010    10076      5170728071      5170738147         1058850          0       2000          0          0
   0       68     2010    10082      5170738150      5170748232         1068929          0       2000          0          0
   0       68     2016    10083      5170748241      5170758324         1079020          0       2000          0          0
   0       68     2013    10080      5170758328      5170768408         1089107          0       2000          0          0
   0       68     1994    10062      5170768411      5170778472         1099190          0       2000          0          0
   0       68     2020    10088      5170778478      5170788567         1109257          0       2000          0          0
   0       68     2013    10078      5170788571      5170798650         1119350          0       2000          0          0
   0       68     2007    10074      5170798653      5170808727         1129432          0       2000          0          0
   0       68     1997    10061      5170808730      5170818792         1139509          0       2000          0          0
   0       68     2006    10074      5170818794      5170828868         1149573          0       2000          0          0
   0       68     2012    10088      5170828874      5170838962         1159653          0       2000          0          0
   0       68     2006    10071      5170838965      5170849036         1169744          0       2000          0          0
   0       68     2009    10080      5170849039      5170859119         1179818          0       2000          0          0
   0       68     2016    10085      5170859128      5170869212         1189907          0       2000          0          0
   0       68     2009    10076      5170869217      5170879293         1199995          0       2000          0          0
   0       68     2009    10075      5170879297      5170889371         1210076          0       2000          0          0
   0       68     1994    10068      5170889374      5170899442         1220153          0       2000          0          0
   0       68     2006    10070      5170899445      5170909515         1230223          0       2000          0          0
   0       68     1996    10061      5170909518      5170919579         1240296          0       2000          0          0
   0       68     2003    10068      5170919582      5170929650         1250360          0       2000          0          0
   0       68     1994    10060      5170929653      5170939713         1260431          0       2000          0          0
   0       68     1999    10064      5170939718      5170949782         1270497          0       2000          0          0
   0       68     1997    10072      5170949785      5170959857         1280564          0       2000          0          0
   0       68     1997    10072      5170959860      5170969932         1290639          0       2000          0          0
   0       68     2019    10086      5170969942      5170980028         1300721          0       2000          0          0
   0       68     2015    10082      5170980032      5170990113         1310811          0       2000          0          0
   0       68     2008    10082      5170990117      5171000199         1320896          0       2000          0          0
   0       68     2003    10069      5171000244      5171010312         1331022          0       2000          0          0
   0       68     2011    10077      5171010316      5171020393         1341094          0       2000          0          0
   0       68     2007    10073      5171020396      5171030469         1351175          0       2000          0          0
   0       68     2004    10068      5171030471      5171040540         1361250          0       2000          0          0
   0       68     2007    10072      5171040542      5171050614         1371321          0       2000          0          0
   0       68     2000    10076      5171050617      5171060693         1381396          0       2000          0          0
   0       68     2008    10074      5171060697      5171070771         1391476          0       2000          0          0
   0       68     1997    10068      5171070774      5171080842         1401553          0       2000          0          0
   0       68     2022    10093      5171080852      5171090945         1411631          0       2000          0          0
   0       68     2020    10089      5171090951      5171101040         1421730          0       2000          0          0
   0       68     2009    10085      5171101043      5171111129         1431822          0       2000          0          0
   0       68     2007    10073      5171111132      5171121204         1441910          0       2000          0          0
   0       68     1994    10058      5171121207      5171131265         1451986          0       2000          0          0
   0       68     2013    10077      5171131269      5171141346         1462048          0       2000          0          0
   0       68     2009    10078      5171141349      5171151427         1472127          0       2000          0          0
   0       68     2009    10077      5171151432      5171161509         1482211          0       2000          0          0
   0       68     2006    10081      5171161513      5171171595         1492292          0       2000          0          0
   0       68     2008    10080      5171171597      5171181677         1502376          0       2000          0          0
   0       68     2022    10091      5171181684      5171191775         1512463          0       2000          0          0
   0       68     2016    10083      5171191779      5171201862         1522558          0       2000          0          0
   0       68     1999    10064      5171201865      5171211930         1532644          0       2000          0          0
   0       68     2008    10076      5171211932      5171222008         1542711          0       2000          0          0
   0       68     2008    10084      5171222012      5171232096         1552791          0       2000          0          0
   0       68     2008    10075      5171232099      5171242174         1562878          0       2000          0          0
   0       68     2008    10083      5171242177      5171252260         1572956          0       2000          0          0
   0       68     2007    10073      5171252263      5171262336         1583042          0       2000          0          0
   0       68     1993    10060      5171262338      5171272398         1593117          0       2000          0          0
   0       68     2001    10067      5171272404      5171282471         1603183          0       2000          0          0
   0       68     2009    10079      5171282474      5171292554         1613253          0       2000          0          0
   0       68     2015    10083      5171292561      5171302645         1623340          0       2000          0          0
   0       68     2005    10080      5171302649      5171312729         1633428          0       2000          0          0
   0       68     2000    10067      5171312733      5171322799         1643511          0       2000          0          0
   0       68     2006    10073      5171322803      5171332876         1653581          0       2000          0          0
   0       68     2017    10094      5171332924      5171343019         1663703          0       2000          0          0
   0       68     2007    10073      5171343023      5171353096         1673802          0       2000          0          0
   0       68     2008    10074      5171353099      5171363174         1683878          0       2000          0          0
   0       68     1997    10073      5171363177      5171373250         1693956          0       2000          0          0
   0       68     2008    10072      5171373253      5171383326         1704032          0       2000          0          0
   0       68     1996    10074      5171383328      5171393402         1714107          0       2000          0          0
   0       68     2003    10070      5171393407      5171403477         1724186          0       2000          0          0
   0       68     2006    10076      5171403480      5171413556         1734259          0       2000          0          0
   0       68     2018    10087      5171413565      5171423652         1744343          0       2000          0          0
   0       68     2016    10081      5171423656      5171433737         1754435          0       2000          0          0
   0       68     2016    10085      5171433741      5171443826         1764520          0       2000          0          0
   0       68     2011    10079      5171443833      5171453912         1774612          0       2000          0          0
   0       68     2015    10081      5171453917      5171463997         1784696          0       2000          0          0
   0       68     1999    10066      5171464007      5171474073         1794786          0       2000          0          0
   0       68     2007    10072      5171474076      5171484148         1804855          0       2000          0          0
   0       68     2006    10082      5171484152      5171494234         1814931          0       2000          0          0
   0       68     1998    10066      5171494237      5171504303         1825016          0       2000          0          0
   0       68     2010    10078      5171504308      5171514386         1835087          0       2000          0          0
   0       68     2013    10081      5171514389      5171524471         1845168          0       2000          0          0
   0       68     1996    10060      5171524475      5171534535         1855254          0       2000          0          0
   0       68     2008    10072      5171534539      5171544611         1865318          0       2000          0          0
   0       68     1996    10071      5171544614      5171554685         1875393          0       2000          0          0
   0       68     1997    10063      5171554688      5171564751         1885467          0       2000          0          0
   0       68     1996    10071      5171564753      5171574823         1895532          0       2000          0          0
   0       68     2007    10072      5171574826      5171584898         1905605          0       2000          0          0
   0       68     2009    10084      5171584902      5171594986         1915680          0       2000          0          0
   0       68     2006    10071      5171594989      5171605059         1925767          0       2000          0          0
   0       68     1996    10071      5171605063      5171615134         1935842          0       2000          0          0
   0       68     2008    10074      5171615137      5171625210         1945915          0       2000          0          0
   0       68     2008    10073      5171625214      5171635286         1955992          0       2000          0          0
   0       68     2009    10074      5171635290      5171645364         1966069          0       2000          0          0
   0       68     1996    10070      5171645367      5171655438         1976146          0       2000          0          0
   0       68     1996    10062      5171655440      5171665503         1986219          0       2000          0          0
   0       68     2001    10067      5171665554      5171675621         1996333          0       2000          0          0
   0       68     2007    10074      5171675624      5171685698         2006403          0       2000          0          0
   0       68     2010    10086      5171685701      5171695787         2016480          0       2000          0          0
   0       68     2006    10072      5171695790      5171705863         2026569          0       2000          0          0
   0       68     1997    10072      5171705866      5171715938         2036645          0       2000          0          0
   0       68     2007    10088      5171715942      5171726030         2046721          0       2000          0          0
   0       68     2011    10078      5171726036      5171736114         2056815          0       2000          0          0
   0       68     2000    10076      5171736119      5171746194         2066898          0       2000          0          0
   0       68     2016    10083      5171746198      5171756281         2076977          0       2000          0          0
   0       68     2020    10091      5171756284      5171766375         2087063          0       2000          0          0
   0       68     2019    10087      5171766384      5171776471         2097163          0       2000          0          0
   0       68     2006    10071      5171776475      5171786546         2107254          0       2000          0          0
   0       68     2006    10071      5171786549      5171796620         2117328          0       2000          0          0
   0       68     1996    10062      5171796624      5171806685         2127403          0       2000          0          0
   0       68     2007    10071      5171806689      5171816760         2137467          0       2000          0          0
   0       68     1996    10072      5171816763      5171826835         2147542          0       2000          0          0
   0       68     1997    10063      5171826838      5171836901         2157617          0       2000          0          0
   0       68     1994    10061      5171836904      5171846965         2167683          0       2000          0          0
   0       68     2025    10096      5171846970      5171857066         2177749          0       2000          0          0
   0       68     2016    10083      5171857075      5171867158         2187854          0       2000          0          0
   0       68     2000    10065      5171867162      5171877227         2197941          0       2000          0          0
   0       68     2014    10079      5171877231      5171887310         2208010          0       2000          0          0
   0       68     2010    10086      5171887314      5171897400         2218093          0       2000          0          0
   0       68     2008    10074      5171897403      5171907477         2228182          0       2000          0          0
   0       68     2006    10072      5171907480      5171917552         2238259          0       2000          0          0
   0       68     2001    10067      5171917557      5171927624         2248336          0       2000          0          0
   0       68     2007    10073      5171927627      5171937700         2258406          0       2000          0          0
   0       68     2006    10085      5171937703      5171947788         2268482          0       2000          0          0
   0       68     2021    10102      5171947802      5171957903         2278581          0       2000          0          0
   0       68     2015    10081      5171957908      5171967989         2288686          0       2000          0          0
   0       68     2013    10081      5171967993      5171978074         2298772          0       2000          0          0
   0       68     2104    10173      5171978079      5171988253         2308858          0       2000          0          0
   0       68     2022    10089      5171988258      5171998347         2319037          0       2000          0          0
   0       68     2007    10073      5171998392      5172008465         2329171          0       2000          0          0
   0       68     2018    10082      5172008468      5172018551         2339247          0       2000          0          0
   0       68     2005    10071      5172018554      5172028625         2349333          0       2000          0          0
   0       68     1997    10070      5172028628      5172038698         2359407          0       2000          0          0
   0       68     2008    10075      5172038702      5172048776         2369480          0       2000          0          0
   0       68     1994    10068      5172048780      5172058848         2379559          0       2000          0          0
   0       68     2007    10072      5172058851      5172068923         2389630          0       2000          0          0
   0       68     1996    10071      5172068926      5172078997         2399705          0       2000          0          0
   0       68     2014    10078      5172079000      5172089078         2409779          0       2000          0          0
   0       68     1997    10071      5172089081      5172099152         2419860          0       2000          0          0
   0       68     2006    10073      5172099155      5172109227         2429934          0       2000          0          0
   0       68     2001    10077      5172109231      5172119307         2440009          0       2000          0          0
   0       68     2006    10070      5172119310      5172129379         2450088          0       2000          0          0
   0       68     2015    10080      5172129382      5172139462         2460161          0       2000          0          0
   0       68     1994    10060      5172139465      5172149525         2470244          0       2000          0          0
   0       68     1994    10059      5172149528      5172159587         2480306          0       2000          0          0
   0       68     1995    10061      5172159593      5172169654         2490372          0       2000          0          0
   0       68     2006    10071      5172169657      5172179728         2500436          0       2000          0          0
   0       68     2065    10137      5172179732      5172189868         2510511          0       2000          0          0
   0       68     2014    10082      5172189878      5172199960         2520657          0       2000          0          0
   0       68     2003    10072      5172199964      5172210036         2530743          0       2000          0          0
   0       68     2011    10076      5172210040      5172220116         2540819          0       2000          0          0
   0       68     2008    10075      5172220120      5172230195         2550899          0       2000          0          0
   0       68     1997    10061      5172230198      5172240259         2560976          0       2000          0          0
   0       68     2008    10073      5172240262      5172250336         2571041          0       2000          0          0
   0       68     1997    10072      5172250338      5172260410         2581117          0       2000          0          0
   0       68     2006    10070      5172260413      5172270483         2591192          0       2000          0          0
   0       68     2008    10075      5172270486      5172280560         2601264          0       2000          0          0
   0       68     2008    10074      5172280565      5172290639         2611344          0       2000          0          0
   0       68     2026    10099      5172290643      5172300741         2621421          0       2000          0          0
   0       68     2030    10096      5172300752      5172310848         2631531          0       2000          0          0
   0       68     2008    10083      5172310853      5172320936         2641631          0       2000          0          0
   0       68     2006    10072      5172320939      5172331010         2651717          0       2000          0          0
   0       68     1998    10064      5172331055      5172341120         2661834          0       2000          0          0
   0       68     2007    10074      5172341123      5172351197         2671902          0       2000          0          0
   0       68     1997    10072      5172351200      5172361272         2681979          0       2000          0          0
   0       68     2007    10074      5172361275      5172371348         2692054          0       2000          0          0
   0       68     2007    10082      5172371352      5172381434         2702131          0       2000          0          0
   0       68     2007    10079      5172381437      5172391516         2712216          0       2000          0          0
   0       68     2022    10090      5172391524      5172401614         2722303          0       2000          0          0
   0       68     2016    10085      5172401618      5172411703         2732397          0       2000          0          0
   0       68     2015    10080      5172411707      5172421787         2742485          0       2000          0          0
   0       68     2010    10080      5172421790      5172431870         2752569          0       2000          0          0
   0       68     2013    10081      5172431876      5172441957         2762655          0       2000          0          0
   0       68     2005    10070      5172441962      5172452032         2772740          0       2000          0          0
   0       68     1993    10058      5172452035      5172462093         2782814          0       2000          0          0
   0       68     2007    10074      5172462096      5172472169         2792874          0       2000          0          0
   0       68     2008    10073      5172472172      5172482245         2802951          0       2000          0          0
   0       68     1999    10064      5172482248      5172492312         2813027          0       2000          0          0
   0       68     1999    10079      5172492315      5172502393         2823094          0       2000          0          0
   0       68     1997    10063      5172502398      5172512460         2833176          0       2000          0          0
   0       68     2008    10083      5172512463      5172522546         2843242          0       2000          0          0
   0       68     2011    10088      5172522549      5172532637         2853328          0       2000          0          0
   0       68     2019    10088      5172532651      5172542738         2863429          0       2000          0          0
   0       68     2015    10082      5172542742      5172552824         2873521          0       2000          0          0
   0       68     2007    10074      5172552827      5172562901         2883606          0       2000          0          0
   0       68     2120    10188      5172562907      5172573095         2893685          0       2000          0          0
   0       68     2017    10084      5172573102      5172583185         2903881          0       2000          0          0
   0       68     1994    10060      5172583189      5172593250         2913968          0       2000          0          0
   0       68     1996    10071      5172593252      5172603323         2924031          0       2000          0          0
   0       68     1999    10063      5172603325      5172613388         2934104          0       2000          0          0
   0       68     1997    10070      5172613391      5172623461         2944170          0       2000          0          0
   0       68     1996    10062      5172623464      5172633526         2954243          0       2000          0          0
   0       68     1998    10072      5172633529      5172643601         2964308          0       2000          0          0
   0       68     2007    10073      5172643603      5172653676         2974382          0       2000          0          0
   0       68     1997    10061      5172653679      5172663741         2984458          0       2000          0          0
   0       68     2008    10075      5172663785      5172673861         2994564          0       2000          0          0
   0       68     2007    10074      5172673864      5172683938         3004643          0       2000          0          0
   0       68     2018    10091      5172683943      5172694033         3014722          0       2000          0          0
   0       68     2021    10090      5172694040      5172704130         3024819          0       2000          0          0
   0       68     2005    10071      5172704135      5172714207         3034914          0       2000          0          0
   0       68     2011    10076      5172714210      5172724286         3044989          0       2000          0          0
   0       68     2018    10084      5172724291      5172734375         3055069          0       2000          0          0
   0       68     2014    10084      5172734379      5172744462         3065157          0       2000          0          0
   0       68     2017    10085      5172744470      5172754555         3075248          0       2000          0          0
   0       68     2010    10075      5172754561      5172764635         3085339          0       2000          0          0
   0       68     2016    10080      5172764639      5172774719         3095418          0       2000          0          0
   0       68     2017    10081      5172774723      5172784804         3105502          0       2000          0          0
   0       68     2017    10083      5172784807      5172794890         3115586          0       2000          0          0
   0       68     2017    10083      5172794894      5172804977         3125673          0       2000          0          0
   0       68     2014    10080      5172804981      5172815061         3135760          0       2000          0          0
   0       68     1998    10065      5172815065      5172825129         3145844          0       2000          0          0
   0       68     2000    10066      5172825133      5172835199         3155912          0       2000          0          0
   0       68     1996    10063      5172835203      5172845265         3165981          0       2000          0          0
   0       68     1998    10064      5172845269      5172855333         3176047          0       2000          0          0
   0       68     1996    10061      5172855336      5172865397         3186115          0       2000          0          0
   0       68     2067    10135      5172865400      5172875535         3196179          0       2000          0          0
   0       68     2022    10088      5172875543      5172885631         3206322          0       2000          0          0
   0       68     2012    10078      5172885635      5172895713         3216414          0       2000          0          0
   0       68     2010    10086      5172895716      5172905802         3226495          0       2000          0          0
   0       68     2007    10072      5172905806      5172915878         3236585          0       2000          0          0
   0       68     2008    10073      5172915880      5172925953         3246659          0       2000          0          0
   0       68     2006    10072      5172925957      5172936029         3256736          0       2000          0          0
   0       68     2008    10074      5172936031      5172946105         3266810          0       2000          0          0
   0       68     2009    10073      5172946109      5172956182         3276887          0       2000          0          0
   0       68     2021    10087      5172956185      5172966272         3286964          0       2000          0          0
   0       68     2054    10125      5172966277      5172976401         3297055          0       2000          0          0
   0       68     2013    10079      5172976410      5172986489         3307189          0       2000          0          0
   0       68     1999    10066      5172986492      5172996559         3317271          0       2000          0          0
   0       68     1998    10065      5172996604      5173006669         3327382          0       2000          0          0
   0       68     1999    10065      5173006673      5173016738         3337452          0       2000          0          0
   0       68     2019    10082      5173016742      5173026824         3347521          0       2000          0          0
   0       68     2001    10067      5173026828      5173036895         3357607          0       2000          0          0
   0       68     2015    10090      5173036899      5173046989         3367678          0       2000          0          0
   0       68     1997    10061      5173046992      5173057053         3377771          0       2000          0          0
   0       68     2010    10085      5173057056      5173067141         3387835          0       2000          0          0
   0       68     2008    10074      5173067145      5173077219         3397924          0       2000          0          0
   0       68     2008    10083      5173077222      5173087305         3408000          0       2000          0          0
   0       68     2007    10071      5173087308      5173097379         3418087          0       2000          0          0
   0       68     1997    10073      5173097382      5173107455         3428161          0       2000          0          0
   0       68     1997    10061      5173107458      5173117518         3438237          0       2000          0          0
   0       68     1996    10063      5173117521      5173127584         3448300          0       2000          0          0
   0       68     2007    10077      5173127587      5173137665         3458366          0       2000          0          0
   0       68     2012    10080      5173137671      5173147750         3468450          0       2000          0          0
   0       68     2016    10087      5173147754      5173157841         3478533          0       2000          0          0
   0       68     2011    10078      5173157850      5173167928         3488628          0       2000          0          0
   0       68     2000    10069      5173167931      5173178000         3498710          0       2000          0          0
   0       68     2006    10082      5173178013      5173188095         3508791          0       2000          0          0
   0       68     2008    10076      5173188097      5173198173         3518876          0       2000          0          0
   0       68     2052    10121      5173198177      5173208297         3528955          0       2000          0          0
   0       68     2000    10067      5173208303      5173218370         3539082          0       2000          0          0
   0       68     2022    10098      5173218374      5173228472         3549153          0       2000          0          0
   0       68     2006    10073      5173228475      5173238548         3559254          0       2000          0          0
   0       68     1997    10072      5173238552      5173248624         3569331          0       2000          0          0
   0       68     2006    10072      5173248627      5173258699         3579406          0       2000          0          0
   0       68     2008    10084      5173258702      5173268786         3589481          0       2000          0          0
   0       68     2017    10083      5173268789      5173278873         3599568          0       2000          0          0
   0       68     2011    10088      5173278876      5173288964         3609655          0       2000          0          0
   0       68     2006    10072      5173288968      5173299040         3619746          0       2000          0          0
   0       68     2020    10085      5173299043      5173309127         3629821          0       2000          0          0
   0       68     2006    10074      5173309131      5173319205         3639910          0       2000          0          0
   0       68     2015    10089      5173319212      5173329300         3649991          0       2000          0          0
   0       68     2014    10083      5173329350      5173339432         3660128          0       2000          0          0
   0       68     2010    10077      5173339437      5173349514         3670216          0       2000          0          0
   0       68     2006    10073      5173349518      5173359591         3680297          0       2000          0          0
   0       68     1997    10062      5173359595      5173369657         3690374          0       2000          0          0
   0       68     2007    10073      5173369660      5173379733         3700439          0       2000          0          0
   0       68     1997    10065      5173379736      5173389801         3710515          0       2000          0          0
   0       68     2001    10067      5173389805      5173399873         3720584          0       2000          0          0
   0       68     2003    10068      5173399876      5173409944         3730655          0       2000          0          0
   0       68     2004    10070      5173409947      5173420017         3740725          0       2000          0          0
   0       68     2034    10106      5173420020      5173430126         3750799          0       2000          0          0
   0       68     2014    10082      5173430136      5173440218         3760915          0       2000          0          0
   0       68     2010    10086      5173440222      5173450309         3771001          0       2000          0          0
   0       68     2008    10076      5173450312      5173460387         3781090          0       2000          0          0
   0       68     2011    10078      5173460392      5173470471         3791171          0       2000          0          0
   0       68     2011    10076      5173470476      5173480552         3801255          0       2000          0          0
   0       68     2012    10087      5173480556      5173490643         3811335          0       2000          0          0
   0       68     2005    10071      5173490646      5173500717         3821425          0       2000          0          0
   0       68     2014    10089      5173500720      5173510809         3831499          0       2000          0          0
   0       68     2009    10074      5173510813      5173520887         3841592          0       2000          0          0
   0       68     2016    10086      5173520890      5173530976         3851669          0       2000          0          0
   0       68     2010    10078      5173530983      5173541061         3861762          0       2000          0          0
   0       68     2011    10087      5173541066      5173551154         3871845          0       2000          0          0
   0       68     2007    10073      5173551157      5173561229         3881935          0       2000          0          0
   0       68     2007    10073      5173561233      5173571306         3892012          0       2000          0          0
   0       68     2007    10072      5173571309      5173581381         3902088          0       2000          0          0
   0       68     2001    10076      5173581384      5173591460         3912163          0       2000          0          0
   0       68     2006    10072      5173591464      5173601536         3922243          0       2000          0          0
   0       68     2009    10084      5173601539      5173611624         3932318          0       2000          0          0
   0       68     2008    10076      5173611627      5173621703         3942405          0       2000          0          0
   0       68     2005    10082      5173621708      5173631791         3952487          0       2000          0          0
   0       68     2007    10071      5173631794      5173641865         3962573          0       2000          0          0
   0       68     2004    10076      5173641869      5173651945         3972648          0       2000          0          0
   0       68     2008    10077      5173651954      5173662031         3982733          0       2000          0          0
   0       68     1999    10068      5173662079      5173672146         3992857          0       2000          0          0
   0       68     2007    10077      5173672150      5173682226         4002929          0       2000          0          0
   0       68     2007    10075      5173682233      5173692308         4013012          0       2000          0          0
   0       68     2015    10082      5173692312      5173702394         4023091          0       2000          0          0
   0       68     2018    10083      5173702397      5173712480         4033176          0       2000          0          0
   0       68     2000    10066      5173712482      5173722548         4043261          0       2000          0          0
   0       68     1994    10058      5173722551      5173732609         4053329          0       2000          0          0
   0       68     2013    10078      5173732612      5173742690         4063391          0       2000          0          0
   0       68     1993    10058      5173742693      5173752751         4073472          0       2000          0          0
   0       68     2003    10072      5173752754      5173762826         4083533          0       2000          0          0
   0       68     2011    10078      5173762832      5173772910         4093611          0       2000          0          0
   0       68     2009    10075      5173772914      5173782989         4103693          0       2000          0          0
   0       68     1994    10058      5173782992      5173793050         4113771          0       2000          0          0
   0       68     2003    10068      5173793052      5173803120         4123831          0       2000          0          0
   0       68     2026    10102      5173803123      5173813225         4133902          0       2000          0          0
   0       68     2007    10072      5173813230      5173823302         4144008          0       2000          0          0
   0       68     1997    10071      5173823305      5173833375         4154083          0       2000          0          0
   0       68     1997    10065      5173833378      5173843442         4164156          0       2000          0          0
   0       68     2009    10086      5173843446      5173853532         4174225          0       2000          0          0
   0       68     2010    10076      5173853537      5173863613         4184316          0       2000          0          0
   0       68     1994    10065      5173863616      5173873681         4194395          0       2000          0          0
   0       68     2018    10086      5173873691      5173883776         4204469          0       2000          0          0
   0       68     2010    10084      5173883780      5173893864         4214559          0       2000          0          0
   0       68     1998    10064      5173893868      5173903932         4224647          0       2000          0          0
   0       68     1996    10060      5173903934      5173913995         4234713          0       2000          0          0
   0       68     2015    10083      5173913998      5173924081         4244777          0       2000          0          0
   0       68     1997    10072      5173924083      5173934155         4254862          0       2000          0          0
   0       68     2006    10072      5173934158      5173944230         4264937          0       2000          0          0
   0       68     1997    10074      5173944232      5173954306         4275011          0       2000          0          0
   0       68     2006    10075      5173954308      5173964383         4285087          0       2000          0          0
   0       68     2008    10083      5173964387      5173974470         4295166          0       2000          0          0
   0       68     2009    10078      5173974473      5173984551         4305252          0       2000          0          0
   0       68     2021    10093      5173984557      5173994649         4315335          0       2000          0          0
   0       68     2011    10078      5173994711      5174004789         4325490          0       2000          0          0
   0       68     2015    10081      5174004793      5174014874         4335572          0       2000          0          0
   0       68     2010    10076      5174014878      5174024954         4345657          0       2000          0          0
   0       68     1997    10072      5174024958      5174035030         4355736          0       2000          0          0
   0       68     1995    10061      5174035033      5174045094         4365811          0       2000          0          0
   0       68     1994    10069      5174045097      5174055166         4375876          0       2000          0          0
   0       68     2007    10072      5174055169      5174065241         4385948          0       2000          0          0
   0       68     2020    10087      5174065244      5174075331         4396023          0       2000          0          0
   0       68     2008    10074      5174075335      5174085409         4406114          0       2000          0          0
   0       68     2021    10089      5174085413      5174095501         4416191          0       2000          0          0
   0       68     2013    10081      5174095508      5174105589         4426287          0       2000          0          0
   0       68     2002    10067      5174105594      5174115661         4436373          0       2000          0          0
   0       68     2008    10073      5174115665      5174125738         4446444          0       2000          0          0
   0       68     2007    10073      5174125741      5174135814         4456520          0       2000          0          0
   0       68     2009    10074      5174135817      5174145891         4466596          0       2000          0          0
   0       68     1999    10074      5174145894      5174155968         4476673          0       2000          0          0
   0       68     2003    10068      5174155970      5174166038         4486749          0       2000          0          0
   0       68     2012    10076      5174166042      5174176118         4496821          0       2000          0          0
   0       68     2015    10081      5174176122      5174186203         4506900          0       2000          0          0
   0       68     2007    10082      5174186206      5174196289         4516985          0       2000          0          0
   0       68     2007    10072      5174196292      5174206364         4527071          0       2000          0          0
   0       68     1999    10071      5174206367      5174216438         4537146          0       2000          0          0
   0       68     2011    10079      5174216445      5174226524         4547224          0       2000          0          0
   0       68     2011    10077      5174226530      5174236607         4557308          0       2000          0          0
   0       68     1997    10063      5174236610      5174246673         4567389          0       2000          0          0
   0       68     1996    10061      5174246676      5174256737         4577455          0       2000          0          0
   0       68     2006    10071      5174256739      5174266810         4587518          0       2000          0          0
   0       68     1996    10070      5174266814      5174276884         4597593          0       2000          0          0
   0       68     1997    10062      5174276886      5174286948         4607665          0       2000          0          0
   0       68     2008    10083      5174286952      5174297034         4617730          0       2000          0          0
   0       68     1995    10060      5174297037      5174307097         4627816          0       2000          0          0
   0       68     1997    10065      5174307100      5174317165         4637879          0       2000          0          0
   0       68     2019    10087      5174317170      5174327257         4647949          0       2000          0          0
   0       68     2020    10089      5174327302      5174337391         4658081          0       2000          0          0
   0       68     2010    10076      5174337395      5174347471         4668173          0       2000          0          0
   0       68     2022    10099      5174347474      5174357573         4678253          0       2000          0          0
   0       68     1998    10063      5174357578      5174367641         4688357          0       2000          0          0
   0       68     2008    10086      5174367644      5174377730         4698423          0       2000          0          0
   0       68     2007    10072      5174377734      5174387805         4708512          0       2000          0          0
   0       68     2021    10093      5174387809      5174397902         4718588          0       2000          0          0
   0       68     2008    10076      5174397911      5174407987         4728690          0       2000          0          0
   0       68     2028    10103      5174407991      5174418095         4738770          0       2000          0          0
   0       68     2025    10099      5174418108      5174428206         4748886          0       2000          0          0
   0       68     2004    10069      5174428214      5174438283         4758993          0       2000          0          0
   0       68     2008    10080      5174438286      5174448367         4769065          0       2000          0          0
   0       68     2017    10087      5174448375      5174458462         4779154          0       2000          0          0
   0       68     2005    10073      5174458466      5174468538         4789244          0       2000          0          0
   0       68     1996    10062      5174468541      5174478603         4799320          0       2000          0          0
   0       68     2007    10072      5174478607      5174488679         4809385          0       2000          0          0
   0       68     1997    10070      5174488682      5174498752         4819461          0       2000          0          0
   0       68     1999    10064      5174498755      5174508819         4829533          0       2000          0          0
   0       68     2017    10092      5174508823      5174518915         4839602          0       2000          0          0
   0       68     2012    10077      5174518919      5174528996         4849698          0       2000          0          0
   0       68     2013    10080      5174528998      5174539078         4859777          0       2000          0          0
   0       68     2136    10204      5174539081      5174549286         4869860          0       2000          0          0
   0       68     2015    10081      5174549292      5174559373         4880071          0       2000          0          0
   0       68     2004    10071      5174559376      5174569448         4890155          0       2000          0          0
   0       68     2006    10080      5174569451      5174579531         4900229          0       2000          0          0
   0       68     2006    10071      5174579533      5174589604         4910312          0       2000          0          0
   0       68     1997    10072      5174589607      5174599679         4920386          0       2000          0          0
   0       68     2008    10073      5174599681      5174609754         4930460          0       2000          0          0
   0       68     2012    10087      5174609757      5174619844         4940536          0       2000          0          0
   0       68     2013    10079      5174619847      5174629926         4950626          0       2000          0          0
   0       68     1997    10088      5174629929      5174640017         4960708          0       2000          0          0
   0       68     2002    10067      5174640020      5174650087         4970799          0       2000          0          0
   0       68     1998    10063      5174650090      5174660153         4980869          0       2000          0          0
