cset: --> last message, executed args into cpuset "/user", new pid is: 10341
{
  name          : calibration
  trace_id      : 4c0ecf80a831ef2bdc83cf8ecae33eda
  span_id       : 5c19c8e5cf549162
  tracestate    : 
  parent_span_id: fa698cf4a6bc2ba5
  start         : 1787914958052408241
  duration      : 37348
  description   : 
  span kind     : Internal
  status        : Unset
  attributes    : 
  events        : 
  links         : 
  resources     : 
	telemetry.sdk.version: 1.28.0
	telemetry.sdk.name: opentelemetry
	telemetry.sdk.language: cpp
	service.name: rt-app_console
  instr-lib     : rt-app-tracer
}
{
  name          : HI_task-0
  trace_id      : 4c0ecf80a831ef2bdc83cf8ecae33eda
  span_id       : 3945f0924ed8cb90
  tracestate    : 
  parent_span_id: fa698cf4a6bc2ba5
  start         : 1787914958053707273
  duration      : 19999329771
  description   : 
  span kind     : Internal
  status        : Unset
  attributes    : 
	cancellation: force_terminate
	config.sched_data.util_min: -1
	config.index: 0
	config.lock_pages: 1
	config.sched_data.priority: 90
	config.num_instances: 1
	config.loop: 1
	config.delay: 0
	config.forked: 0
	config.duration: 20
	config.sched_data.policy: SCHED_FIFO
	config.nphases: 1
	config.sched_data.util_max: -1
	config.name: HI_task-0
	config.cpuset: [ 2 ]
  events        : 
  links         : 
  resources     : 
	telemetry.sdk.version: 1.28.0
	telemetry.sdk.name: opentelemetry
	telemetry.sdk.language: cpp
	service.name: rt-app_console
  instr-lib     : rt-app-tracer
}
{
  name          : phase[0]
  trace_id      : 4c0ecf80a831ef2bdc83cf8ecae33eda
  span_id       : 520f9adb0c572358
  tracestate    : 
  parent_span_id: ad070eff6582790e
  start         : 1787914958053360717
  duration      : 19999750943
  description   : 
  span kind     : Internal
  status        : Unset
  attributes    : 
  events        : 
  links         : 
  resources     : 
	telemetry.sdk.version: 1.28.0
	telemetry.sdk.name: opentelemetry
	telemetry.sdk.language: cpp
	service.name: rt-app_console
  instr-lib     : rt-app-tracer
}
{
  name          : thread_loop[0]
  trace_id      : 4c0ecf80a831ef2bdc83cf8ecae33eda
  span_id       : ad070eff6582790e
  tracestate    : 
  parent_span_id: 4fb5b0305d96ce69
  start         : 1787914958053358051
  duration      : 19999756461
  description   : 
  span kind     : Internal
  status        : Unset
  attributes    : 
  events        : 
  links         : 
  resources     : 
	telemetry.sdk.version: 1.28.0
	telemetry.sdk.name: opentelemetry
	telemetry.sdk.language: cpp
	service.name: rt-app_console
  instr-lib     : rt-app-tracer
}
{
  name          : phase[0]
  trace_id      : 4c0ecf80a831ef2bdc83cf8ecae33eda
  span_id       : 812f89ca3d6d6aea
  tracestate    : 
  parent_span_id: 3d0a128265018f26
  start         : 1787914958053198470
  duration      : 19999929947
  description   : 
  span kind     : Internal
  status        : Unset
  attributes    : 
  events        : 
  links         : 
  resources     : 
	telemetry.sdk.version: 1.28.0
	telemetry.sdk.name: opentelemetry
	telemetry.sdk.language: cpp
	service.name: rt-app_console
  instr-lib     : rt-app-tracer
}
{
  name          : thread_loop[0]
  trace_id      : 4c0ecf80a831ef2bdc83cf8ecae33eda
  span_id       : 3d0a128265018f26
  tracestate    : 
  parent_span_id: fd97c951cdc67d22
  start         : 1787914958053195649
  duration      : 19999933540
  description   : 
  span kind     : Internal
  status        : Unset
  attributes    : 
  events        : 
  links         : 
  resources     : 
	telemetry.sdk.version: 1.28.0
	telemetry.sdk.name: opentelemetry
	telemetry.sdk.language: cpp
	service.name: rt-app_console
  instr-lib     : rt-app-tracer
}
{
  name          : phase[0]
  trace_id      : 4c0ecf80a831ef2bdc83cf8ecae33eda
  span_id       : 5aadbce6df87fba1
  tracestate    : 
  parent_span_id: 802ca96c0eacb759
  start         : 1787914958053490923
  duration      : 19999651051
  description   : 
  span kind     : Internal
  status        : Unset
  attributes    : 
  events        : 
  links         : 
  resources     : 
	telemetry.sdk.version: 1.28.0
	telemetry.sdk.name: opentelemetry
	telemetry.sdk.language: cpp
	service.name: rt-app_console
  instr-lib     : rt-app-tracer
}
{
  name          : thread_loop[0]
  trace_id      : 4c0ecf80a831ef2bdc83cf8ecae33eda
  span_id       : 802ca96c0eacb759
  tracestate    : 
  parent_span_id: 0f7f997c70bd7c50
  start         : 1787914958053488399
  duration      : 19999654347
  description   : 
  span kind     : Internal
  status        : Unset
  attributes    : 
  events        : 
  links         : 
  resources     : 
	telemetry.sdk.version: 1.28.0
	telemetry.sdk.name: opentelemetry
	telemetry.sdk.language: cpp
	service.name: rt-app_console
  instr-lib     : rt-app-tracer
}
{
  name          : phase[0]
  trace_id      : 4c0ecf80a831ef2bdc83cf8ecae33eda
  span_id       : 0009524dda716d7f
  tracestate    : 
  parent_span_id: de53f75b8aae7ec8
  start         : 1787914958083664751
  duration      : 19969486850
  description   : 
  span kind     : Internal
  status        : Unset
  attributes    : 
  events        : 
  links         : 
  resources     : 
	telemetry.sdk.version: 1.28.0
	telemetry.sdk.name: opentelemetry
	telemetry.sdk.language: cpp
	service.name: rt-app_console
  instr-lib     : rt-app-tracer
}
{
  name          : thread_loop[0]
  trace_id      : 4c0ecf80a831ef2bdc83cf8ecae33eda
  span_id       : de53f75b8aae7ec8
  tracestate    : 
  parent_span_id: 3945f0924ed8cb90
  start         : 1787914958083660488
  duration      : 19969492209
  description   : 
  span kind     : Internal
  status        : Unset
  attributes    : 
  events        : 
  links         : 
  resources     : 
	telemetry.sdk.version: 1.28.0
	telemetry.sdk.name: opentelemetry
	telemetry.sdk.language: cpp
	service.name: rt-app_console
  instr-lib     : rt-app-tracer
}
{
  name          : phase[0]
  trace_id      : 4c0ecf80a831ef2bdc83cf8ecae33eda
  span_id       : 599f230374bdef77
  tracestate    : 
  parent_span_id: 2a7c8d3054dcdcfe
  start         : 1787914958053623930
  duration      : 19999529066
  description   : 
  span kind     : Internal
  status        : Unset
  attributes    : 
  events        : 
  links         : 
  resources     : 
	telemetry.sdk.version: 1.28.0
	telemetry.sdk.name: opentelemetry
	telemetry.sdk.language: cpp
	service.name: rt-app_console
  instr-lib     : rt-app-tracer
}
{
  name          : thread_loop[0]
  trace_id      : 4c0ecf80a831ef2bdc83cf8ecae33eda
  span_id       : 2a7c8d3054dcdcfe
  tracestate    : 
  parent_span_id: 61ce7025df996095
  start         : 1787914958053621396
  duration      : 19999532384
  description   : 
  span kind     : Internal
  status        : Unset
  attributes    : 
  events        : 
  links         : 
  resources     : 
	telemetry.sdk.version: 1.28.0
	telemetry.sdk.name: opentelemetry
	telemetry.sdk.language: cpp
	service.name: rt-app_console
  instr-lib     : rt-app-tracer
}
{
  name          : LO_noise-1
  trace_id      : 4c0ecf80a831ef2bdc83cf8ecae33eda
  span_id       : 61ce7025df996095
  tracestate    : 
  parent_span_id: fa698cf4a6bc2ba5
  start         : 1787914958053585744
  duration      : 19999628642
  description   : 
  span kind     : Internal
  status        : Unset
  attributes    : 
	cancellation: force_terminate
	config.sched_data.util_min: -1
	config.index: 1
	config.lock_pages: 1
	config.sched_data.priority: 0
	config.num_instances: 4
	config.loop: 1
	config.delay: 0
	config.forked: 0
	config.duration: 20
	config.sched_data.policy: SCHED_OTHER
	config.nphases: 1
	config.sched_data.util_max: -1
	config.name: LO_noise-1
	config.cpuset: [ 3 ]
  events        : 
  links         : 
  resources     : 
	telemetry.sdk.version: 1.28.0
	telemetry.sdk.name: opentelemetry
	telemetry.sdk.language: cpp
	service.name: rt-app_console
  instr-lib     : rt-app-tracer
}
{
  name          : LO_noise-2
  trace_id      : 4c0ecf80a831ef2bdc83cf8ecae33eda
  span_id       : 0f7f997c70bd7c50
  tracestate    : 
  parent_span_id: fa698cf4a6bc2ba5
  start         : 1787914958053452594
  duration      : 19999763848
  description   : 
  span kind     : Internal
  status        : Unset
  attributes    : 
	cancellation: force_terminate
	config.sched_data.util_min: -1
	config.index: 2
	config.lock_pages: 1
	config.sched_data.priority: 0
	config.num_instances: 4
	config.loop: 1
	config.delay: 0
	config.forked: 0
	config.duration: 20
	config.sched_data.policy: SCHED_OTHER
	config.nphases: 1
	config.sched_data.util_max: -1
	config.name: LO_noise-2
	config.cpuset: [ 3 ]
  events        : 
  links         : 
  resources     : 
	telemetry.sdk.version: 1.28.0
	telemetry.sdk.name: opentelemetry
	telemetry.sdk.language: cpp
	service.name: rt-app_console
  instr-lib     : rt-app-tracer
}
{
  name          : LO_noise-3
  trace_id      : 4c0ecf80a831ef2bdc83cf8ecae33eda
  span_id       : 4fb5b0305d96ce69
  tracestate    : 
  parent_span_id: fa698cf4a6bc2ba5
  start         : 1787914958053306970
  duration      : 19999911220
  description   : 
  span kind     : Internal
  status        : Unset
  attributes    : 
	cancellation: force_terminate
	config.sched_data.util_min: -1
	config.index: 3
	config.lock_pages: 1
	config.sched_data.priority: 0
	config.num_instances: 4
	config.loop: 1
	config.delay: 0
	config.forked: 0
	config.duration: 20
	config.sched_data.policy: SCHED_OTHER
	config.nphases: 1
	config.sched_data.util_max: -1
	config.name: LO_noise-3
	config.cpuset: [ 3 ]
  events        : 
  links         : 
  resources     : 
	telemetry.sdk.version: 1.28.0
	telemetry.sdk.name: opentelemetry
	telemetry.sdk.language: cpp
	service.name: rt-app_console
  instr-lib     : rt-app-tracer
}
{
  name          : LO_noise-4
  trace_id      : 4c0ecf80a831ef2bdc83cf8ecae33eda
  span_id       : fd97c951cdc67d22
  tracestate    : 
  parent_span_id: fa698cf4a6bc2ba5
  start         : 1787914958053151973
  duration      : 20000067626
  description   : 
  span kind     : Internal
  status        : Unset
  attributes    : 
	cancellation: force_terminate
	config.sched_data.util_min: -1
	config.index: 4
	config.lock_pages: 1
	config.sched_data.priority: 0
	config.num_instances: 4
	config.loop: 1
	config.delay: 0
	config.forked: 0
	config.duration: 20
	config.sched_data.policy: SCHED_OTHER
	config.nphases: 1
	config.sched_data.util_max: -1
	config.name: LO_noise-4
	config.cpuset: [ 3 ]
  events        : 
  links         : 
  resources     : 
	telemetry.sdk.version: 1.28.0
	telemetry.sdk.name: opentelemetry
	telemetry.sdk.language: cpp
	service.name: rt-app_console
  instr-lib     : rt-app-tracer
}
{
  name          : main
  trace_id      : 4c0ecf80a831ef2bdc83cf8ecae33eda
  span_id       : fa698cf4a6bc2ba5
  tracestate    : 
  parent_span_id: 0000000000000000
  start         : 1787914958052369068
  duration      : 20002797869
  description   : 
  span kind     : Internal
  status        : Unset
  attributes    : 
	shutdown: graceful
	config.io_device: /dev/null
	config.mem_buffer_size: 4194304
	config.lock_pages: 1
	config.calib_cpu: 0
	config.policy: 0
	config.logdir: /home/fabio/Scrivania/OTel-capabilities-for-mixed-criticality-workloads/2-DoE/block2/t2_p0_s1_r0.7_n4/run_18
	config.duration: 20
	config.num_tasks: 2
	config.calib_ns_per_loop: 139
	config.logbasename: rtapp
	config.logsize: -2
	config.gnuplot: 0
	config.pi_enabled: 0
	config.cumulative_slack: 0
	config.nthreads: 5
	config.die_on_dmiss: 0
  events        : 
	{
	  name          : graceful-shutdown
	  timestamp     : 1787914978055164640
	  attributes    : 
	}
  links         : 
  resources     : 
	telemetry.sdk.version: 1.28.0
	telemetry.sdk.name: opentelemetry
	telemetry.sdk.language: cpp
	service.name: rt-app_console
  instr-lib     : rt-app-tracer
}
