#idx     perf      run   period           start             end          rel_st      slack c_duration   c_period     wu_lat
   0       33     2110    10178       733861846       733872024             231          0       2000          0          0
   0       33     2070    10190       733872030       733882220           10414          0       2000          0          0
   0       33     2104    10223       733882248       733892472           20633          0       2000          0          0
   0       33     4721    12830       733892503       733905333           30887          0       2000          0          0
   0       33     4698    12771       733905338       733918109           43722          0       2000          0          0
   0       33     4684    12792       733918114       733930906           56498          0       2000          0          0
   0       33     4695    12762       733930944       733943706           69328          0       2000          0          0
   0       33     4735    12878       733943710       733956588           82095          0       2000          0          0
   0       33     4745    12866       733956597       733969463           94981          0       2000          0          0
   0       33     4698    12765       733969497       733982263          107882          0       2000          0          0
   0       33     4693    12838       733982268       733995106          120652          0       2000          0          0
   0       33     4673    12788       733995113       734007901          133497          0       2000          0          0
   0       33     4676    12783       734007932       734020716          146317          0       2000          0          0
   0       33     4675    12789       734020754       734033543          159138          0       2000          0          0
   0       33     4672    12779       734033576       734046355          171960          0       2000          0          0
   0       33     4673    12747       734046360       734059107          184744          0       2000          0          0
   0       33     4709    12854       734059115       734071969          197499          0       2000          0          0
   0       33     4676    12790       734071978       734084768          210363          0       2000          0          0
   0       33     4672    12780       734084802       734097582          223187          0       2000          0          0
   0       33     4671    12778       734097621       734110399          236006          0       2000          0          0
   0       33     4673    12739       734110437       734123175          248821          0       2000          0          0
   0       33     4674    12780       734123180       734135960          261565          0       2000          0          0
   0       33     4672    12795       734135979       734148774          274364          0       2000          0          0
   0       33     4693    12800       734148793       734161593          287177          0       2000          0          0
   0       33     4692    12761       734161612       734174374          299997          0       2000          0          0
   0       33     4847    12922       734174380       734187302          312765          0       2000          0          0
   0       33     4628    12721       734187310       734200031          325694          0       2000          0          0
   0       33     4670    12778       734200036       734212814          338421          0       2000          0          0
   0       33     4674    12778       734212850       734225628          351234          0       2000          0          0
   0       33     4691    12797       734225647       734238444          364031          0       2000          0          0
   0       33     4694    12759       734238462       734251221          376847          0       2000          0          0
   0       33     4678    12798       734251226       734264024          389610          0       2000          0          0
   0       33     4683    12797       734264059       734276856          402444          0       2000          0          0
   0       33     4703    12778       734276935       734289713          415320          0       2000          0          0
   0       33     4728    12807       734289720       734302527          428105          0       2000          0          0
   0       33     4681    12748       734302536       734315284          440921          0       2000          0          0
   0       33     4672    12782       734315290       734328071          453674          0       2000          0          0
   0       33     4679    12789       734328097       734340887          466482          0       2000          0          0
   0       33     4675    12782       734340923       734353705          479308          0       2000          0          0
   0       33     4692    12800       734353726       734366526          492110          0       2000          0          0
   0       33     4671    12745       734366564       734379309          504949          0       2000          0          0
   0       33     4722    12794       734379317       734392111          517702          0       2000          0          0
   0       33     4771    12884       734392120       734405004          530504          0       2000          0          0
   0       33     4859    12975       734405038       734418013          543422          0       2000          0          0
   0       33     4699    12809       734418047       734430856          556432          0       2000          0          0
   0       33     4675    12782       734430892       734443674          569276          0       2000          0          0
   0       33     4673    12778       734443711       734456490          582096          0       2000          0          0
   0       33     4696    12774       734456509       734469282          594893          0       2000          0          0
   0       33     4708    12785       734469291       734482076          607675          0       2000          0          0
   0       33     4707    12827       734482085       734494912          620470          0       2000          0          0
   0       33     4771    12888       734494945       734507833          633330          0       2000          0          0
   0       33     4677    12785       734507862       734520647          646247          0       2000          0          0
   0       33     4927    13046       734520685       734533731          659069          0       2000          0          0
   0       33     4702    12813       734533765       734546579          672150          0       2000          0          0
   0       33     4673    12778       734546612       734559391          684997          0       2000          0          0
   0       33     4671    12736       734559429       734572165          697813          0       2000          0          0
   0       33     4672    12777       734572169       734584947          710554          0       2000          0          0
   0       33     4695    12809       734584967       734597776          723351          0       2000          0          0
   0       33     4671    12736       734597811       734610548          736196          0       2000          0          0
   0       33     4714    12839       734610552       734623391          748937          0       2000          0          0
   0       33     4788    12857       734623420       734636277          761805          0       2000          0          0
   0       33     4672    12808       734636282       734649091          774667          0       2000          0          0
   0       33     4670    12779       734649096       734661875          787481          0       2000          0          0
   0       33     4671    12779       734661911       734674689          800295          0       2000          0          0
   0       33     4672    12778       734674724       734687502          813109          0       2000          0          0
   0       33     4676    12802       734687523       734700325          825908          0       2000          0          0
   0       33     4675    12742       734700373       734713114          838757          0       2000          0          0
   0       33     4670    12736       734713119       734725855          851504          0       2000          0          0
   0       33     4730    12850       734725861       734738711          864245          0       2000          0          0
   0       33     4687    12802       734738742       734751544          877127          0       2000          0          0
   0       33     4675    12782       734751577       734764359          889961          0       2000          0          0
   0       33     4682    12747       734764385       734777132          902770          0       2000          0          0
   0       33     2170    10290       734777136       734787426          915521          0       2000          0          0
   0       33     4680    12747       734787456       734800203          925841          0       2000          0          0
   0       33     4670    12779       734800208       734812987          938593          0       2000          0          0
   0       33     4676    12787       734813023       734825809          951407          0       2000          0          0
   0       33     4674    12738       734825843       734838582          964228          0       2000          0          0
   0       33     4725    12875       734838586       734851461          976971          0       2000          0          0
   0       33     4688    12756       734851471       734864226          989855          0       2000          0          0
   0       33     4664    12776       734864231       734877008         1002616          0       2000          0          0
   0       33     4674    12738       734877042       734889780         1015426          0       2000          0          0
   0       33     4673    12737       734889785       734902522         1028169          0       2000          0          0
   0       33     4671    12735       734902526       734915261         1040911          0       2000          0          0
   0       33     4676    12797       734915265       734928062         1053649          0       2000          0          0
   0       33     4670    12774       734928087       734940861         1066472          0       2000          0          0
   0       33     4686    12753       734940880       734953634         1079265          0       2000          0          0
   0       33     4727    12801       734953640       734966441         1092024          0       2000          0          0
   0       33     4679    12747       734966450       734979197         1104834          0       2000          0          0
   0       33     4674    12782       734979203       734991985         1117587          0       2000          0          0
   0       33     4672    12778       734992022       735004799         1130406          0       2000          0          0
   0       33     4674    12784       735004837       735017621         1143222          0       2000          0          0
   0       33     4692    12797       735017640       735030437         1156025          0       2000          0          0
   0       33     4695    12759       735030456       735043215         1168840          0       2000          0          0
   0       33     4673    12777       735043219       735055995         1181603          0       2000          0          0
   0       33     4670    12745       735056036       735068780         1194420          0       2000          0          0
   0       33     4681    12752       735068787       735081539         1207172          0       2000          0          0
   0       33     4683    12758       735081547       735094306         1219932          0       2000          0          0
   0       33     4678    12796       735094313       735107109         1232697          0       2000          0          0
   0       33     4674    12741       735107117       735119858         1245502          0       2000          0          0
   0       33     4673    12781       735119900       735132681         1258284          0       2000          0          0
   0       33     4674    12739       735132716       735145455         1271100          0       2000          0          0
   0       33     4671    12736       735145459       735158195         1283844          0       2000          0          0
   0       33     4677    12783       735158199       735170982         1296583          0       2000          0          0
   0       33     4680    12752       735171020       735183771         1309404          0       2000          0          0
   0       33     4861    12984       735183779       735196763         1322164          0       2000          0          0
   0       33     4706    12811       735196791       735209602         1335176          0       2000          0          0
   0       33     4671    12775       735209641       735222417         1348026          0       2000          0          0
   0       33     4696    12761       735222436       735235196         1360820          0       2000          0          0
   0       33     4670    12773       735235201       735247973         1373585          0       2000          0          0
   0       33     4694    12815       735247992       735260808         1386377          0       2000          0          0
   0       33     4676    12788       735260837       735273624         1399221          0       2000          0          0
   0       33     4647    12789       735273665       735286453         1412049          0       2000          0          0
   0       33     4704    12774       735286459       735299233         1424844          0       2000          0          0
   0       33     4722    12795       735299239       735312034         1437623          0       2000          0          0
   0       33     4689    12796       735312043       735324839         1450427          0       2000          0          0
   0       33     4683    12749       735324878       735337626         1463262          0       2000          0          0
   0       33     4825    12942       735337632       735350574         1476016          0       2000          0          0
   0       33     4702    12813       735350603       735363416         1488988          0       2000          0          0
   0       33     4671    12735       735363453       735376188         1501838          0       2000          0          0
   0       33     4678    12790       735376193       735388983         1514578          0       2000          0          0
   0       33     4684    12791       735389018       735401809         1527402          0       2000          0          0
   0       33     4672    12780       735401848       735414627         1540232          0       2000          0          0
   0       33     4673    12789       735414664       735427452         1553048          0       2000          0          0
   0       33     4671    12735       735427487       735440222         1565871          0       2000          0          0
   0       33     4675    12780       735440227       735453008         1578612          0       2000          0          0
   0       33     4676    12785       735453048       735465833         1591432          0       2000          0          0
   0       33     4671    12776       735465871       735478647         1604256          0       2000          0          0
   0       33     4673    12782       735478686       735491468         1617071          0       2000          0          0
   0       33     4672    12736       735491503       735504239         1629888          0       2000          0          0
   0       33     4683    12777       735504243       735517020         1642628          0       2000          0          0
   0       33     2054    10121       735517026       735527147         1655411          0       2000          0          0
   0       33     4849    12949       735527154       735540102         1665538          0       2000          0          0
   0       33     4671    12780       735540148       735552929         1678533          0       2000          0          0
   0       33     4676    12783       735552967       735565750         1691351          0       2000          0          0
   0       33     4676    12786       735565788       735578574         1704172          0       2000          0          0
   0       33     4673    12780       735578610       735591390         1716995          0       2000          0          0
   0       33     4675    12740       735591420       735604160         1729804          0       2000          0          0
   0       33     4670    12774       735604164       735616938         1742549          0       2000          0          0
   0       33     4681    12832       735616978       735629809         1755362          0       2000          0          0
   0       33     4723    12807       735629818       735642626         1768203          0       2000          0          0
   0       33     1174     9296       735642634       735651930         1781018          0       2000          0          0
   0       33     2018    10089       735651936       735662026         1790321          0       2000          0          0
   0       33     2067    10137       735662032       735672169         1800416          0       2000          0          0
   0       33     4723    12789       735672176       735684965         1810560          0       2000          0          0
   0       33     4751    12907       735684970       735697877         1823355          0       2000          0          0
   0       33     4783    12912       735697887       735710798         1836271          0       2000          0          0
   0       33     3891    12020       735710823       735722843         1849208          0       2000          0          0
   0       33     3880    11964       735722869       735734832         1861253          0       2000          0          0
   0       33     3881    12037       735734837       735746875         1873222          0       2000          0          0
   0       33     3877    12005       735746906       735758911         1885291          0       2000          0          0
   0       33     3896    11963       735758935       735770898         1897320          0       2000          0          0
   0       33     3849    11930       735770904       735782834         1909289          0       2000          0          0
   0       33     3918    12065       735782842       735794907         1921227          0       2000          0          0
   0       33     3849    11994       735794947       735806942         1933332          0       2000          0          0
   0       33     4711    12836       735806948       735819784         1945332          0       2000          0          0
   0       33     4698    12765       735819814       735832579         1958199          0       2000          0          0
   0       33     4710    12829       735832584       735845413         1970969          0       2000          0          0
   0       33     4697    12764       735845443       735858207         1983828          0       2000          0          0
   0       33     4700    12821       735858212       735871034         1996597          0       2000          0          0
   0       33     4692    12814       735871061       735883875         2009446          0       2000          0          0
   0       33     4715    12837       735883902       735896739         2022286          0       2000          0          0
   0       33     4707    12827       735896765       735909592         2035150          0       2000          0          0
   0       33     4709    12824       735909621       735922445         2048005          0       2000          0          0
   0       33     4695    12762       735922476       735935239         2060861          0       2000          0          0
   0       33     4705    12849       735935244       735948093         2073628          0       2000          0          0
   0       33     4701    12812       735948137       735960949         2086521          0       2000          0          0
   0       33     4724    12881       735960986       735973866         2099370          0       2000          0          0
   0       33     4863    12972       735973874       735986847         2112259          0       2000          0          0
   0       33     4663    12769       735986885       735999654         2125269          0       2000          0          0
   0       33     4685    12790       735999672       736012462         2138056          0       2000          0          0
   0       33     4684    12748       736012479       736025227         2150864          0       2000          0          0
   0       33     4663    12768       736025231       736037999         2163615          0       2000          0          0
   0       33     4675    12781       736038033       736050815         2176418          0       2000          0          0
   0       33     4663    12790       736050834       736063624         2189218          0       2000          0          0
   0       33     4663    12730       736063660       736076390         2202045          0       2000          0          0
   0       33     4723    12797       736076395       736089191         2214779          0       2000          0          0
   0       33     4778    12900       736089201       736102101         2227585          0       2000          0          0
   0       33     4663    12770       736102107       736114876         2240491          0       2000          0          0
   0       33     4663    12766       736114914       736127681         2253299          0       2000          0          0
   0       33     4683    12792       736127698       736140490         2266083          0       2000          0          0
   0       33     4683    12748       736140507       736153255         2278892          0       2000          0          0
   0       33     4663    12806       736153258       736166064         2291643          0       2000          0          0
   0       33     4673    12779       736166070       736178849         2304455          0       2000          0          0
   0       33     4684    12755       736178868       736191623         2317253          0       2000          0          0
   0       33     4077    12233       736191630       736203863         2330015          0       2000          0          0
   0       33     4665    12780       736203873       736216653         2342257          0       2000          0          0
   0       33     4663    12769       736216686       736229456         2355071          0       2000          0          0
   0       33     4683    12747       736229474       736242222         2367859          0       2000          0          0
   0       33     4663    12768       736242225       736254993         2380610          0       2000          0          0
   0       33     4368    12513       736255010       736267523         2393395          0       2000          0          0
   0       33     4707    12774       736267529       736280304         2405914          0       2000          0          0
   0       33     4691    12756       736280310       736293065         2418694          0       2000          0          0
   0       33     4723    12801       736293070       736305872         2431455          0       2000          0          0
   0       33     4538    12651       736305881       736318532         2444265          0       2000          0          0
   0       33     3852    11964       736318562       736330526         2456946          0       2000          0          0
   0       33     4663    12778       736330562       736343340         2468946          0       2000          0          0
   0       33     4683    12764       736343344       736356108         2481729          0       2000          0          0
   0       33     4663    12767       736356112       736368879         2494497          0       2000          0          0
   0       33     4663    12766       736368957       736381723         2507341          0       2000          0          0
   0       33     4685    12792       736381740       736394532         2520125          0       2000          0          0
   0       33     4663    12792       736394571       736407363         2532955          0       2000          0          0
   0       33     4663    12728       736407367       736420094         2545751          0       2000          0          0
   0       33     4663    12768       736420099       736432867         2558483          0       2000          0          0
   0       33     4722    12830       736432884       736445714         2571269          0       2000          0          0
   0       33     4663    12770       736445751       736458521         2584135          0       2000          0          0
   0       33     4663    12778       736458558       736471336         2596943          0       2000          0          0
   0       33     4663    12727       736471340       736484067         2609725          0       2000          0          0
   0       33     4663    12769       736484071       736496841         2622456          0       2000          0          0
   0       33     4663    12768       736496879       736509646         2635263          0       2000          0          0
   0       33     4685    12755       736509664       736522418         2648048          0       2000          0          0
   0       33     2048    10114       736522425       736532539         2660809          0       2000          0          0
   0       33     2048    10160       736532544       736542704         2670929          0       2000          0          0
   0       33     4623    12733       736542741       736555474         2681126          0       2000          0          0
   0       33     4663    12727       736555508       736568235         2693893          0       2000          0          0
   0       33     4663    12771       736568239       736581011         2706624          0       2000          0          0
   0       33     4685    12793       736581028       736593821         2719412          0       2000          0          0
   0       33     4663    12768       736593858       736606626         2732242          0       2000          0          0
   0       33     4683    12747       736606644       736619391         2745028          0       2000          0          0
   0       33     4663    12732       736619395       736632126         2757779          0       2000          0          0
   0       33     4714    12790       736632132       736644922         2770516          0       2000          0          0
   0       33     4761    12870       736644931       736657801         2783316          0       2000          0          0
   0       33     4663    12772       736657844       736670615         2796228          0       2000          0          0
   0       33     4663    12773       736670653       736683425         2809037          0       2000          0          0
   0       33     4663    12728       736683461       736696189         2821846          0       2000          0          0
   0       33     4663    12765       736696192       736708957         2834577          0       2000          0          0
   0       33     4686    12791       736708974       736721765         2847359          0       2000          0          0
   0       33     4684    12791       736721782       736734573         2860167          0       2000          0          0
   0       33     4663    12746       736734611       736747357         2872996          0       2000          0          0
   0       33     4719    12857       736747367       736760224         2885752          0       2000          0          0
   0       33     2124    10216       736760257       736770473         2898641          0       2000          0          0
   0       33     3725    11832       736770479       736782310         2908863          0       2000          0          0
   0       33     2053    10120       736782348       736792468         2920733          0       2000          0          0
   0       33     4692    12757       736792474       736805231         2930859          0       2000          0          0
   0       33     4677    12783       736805235       736818019         2943620          0       2000          0          0
   0       33     4663    12768       736818057       736830826         2956442          0       2000          0          0
   0       33     4683    12787       736830843       736843630         2969227          0       2000          0          0
   0       33     4685    12787       736843647       736856434         2982031          0       2000          0          0
   0       33     4687    12753       736856451       736869203         2994835          0       2000          0          0
   0       33     4663    12765       736869209       736881973         3007593          0       2000          0          0
   0       33     4688    12789       736881991       736894781         3020376          0       2000          0          0
   0       33     4688    12763       736894798       736907561         3033183          0       2000          0          0
   0       33     4759    12912       736907568       736920480         3045953          0       2000          0          0
   0       33     4663    12729       736920490       736933219         3058875          0       2000          0          0
   0       33     4663    12767       736933223       736945990         3071608          0       2000          0          0
   0       33     4686    12789       736946008       736958797         3084392          0       2000          0          0
   0       33     4687    12761       736958814       736971574         3097198          0       2000          0          0
   0       33     4754    12906       736971580       736984486         3109965          0       2000          0          0
   0       33     4663    12729       736984496       736997225         3122880          0       2000          0          0
   0       33     4663    12768       736997229       737009997         3135613          0       2000          0          0
   0       33     4682    12788       737010015       737022803         3148399          0       2000          0          0
   0       33     4683    12792       737022820       737035612         3161204          0       2000          0          0
   0       33     4683    12785       737035629       737048413         3174013          0       2000          0          0
   0       33     4687    12752       737048430       737061182         3186815          0       2000          0          0
   0       33     4663    12766       737061186       737073952         3199570          0       2000          0          0
   0       33     4685    12767       737073969       737086735         3212353          0       2000          0          0
   0       33     4725    12800       737086745       737099544         3225129          0       2000          0          0
   0       33     4663    12730       737099554       737112285         3237939          0       2000          0          0
   0       33     4663    12781       737112289       737125069         3250673          0       2000          0          0
   0       33     4663    12767       737125096       737137863         3263480          0       2000          0          0
   0       33     4686    12791       737137880       737150670         3276264          0       2000          0          0
   0       33     4684    12793       737150687       737163480         3289072          0       2000          0          0
   0       33     4663    12730       737163517       737176247         3301902          0       2000          0          0
   0       33     4663    12767       737176252       737189019         3314637          0       2000          0          0
   0       33     4690    12766       737189037       737201803         3327421          0       2000          0          0
   0       33     4134    12285       737201850       737214135         3340235          0       2000          0          0
   0       33     3816    11950       737214143       737226094         3352528          0       2000          0          0
   0       33     4663    12771       737226098       737238869         3364482          0       2000          0          0
   0       33     4663    12767       737238905       737251672         3377290          0       2000          0          0
   0       33     4663    12748       737251690       737264438         3390075          0       2000          0          0
   0       33     1816     9938       737264444       737274382         3402829          0       2000          0          0
   0       33     4691    12757       737274388       737287145         3412772          0       2000          0          0
   0       33     4412    12480       737287150       737299631         3425535          0       2000          0          0
   0       33     4531    12600       737299637       737312237         3438022          0       2000          0          0
   0       33     3817    11882       737312244       737324125         3450628          0       2000          0          0
   0       33     4417    12523       737324130       737336652         3462514          0       2000          0          0
   0       33     4682    12787       737336671       737349457         3475055          0       2000          0          0
   0       33     4684    12749       737349475       737362224         3487860          0       2000          0          0
   0       33     4665    12772       737362228       737375000         3500613          0       2000          0          0
   0       33     4685    12790       737375018       737387808         3513403          0       2000          0          0
   0       33     4333    12398       737387826       737400225         3526211          0       2000          0          0
   0       33     4663    12734       737400229       737412963         3538614          0       2000          0          0
   0       33     4715    12830       737412968       737425797         3551352          0       2000          0          0
   0       33     4666    12771       737425833       737438604         3564217          0       2000          0          0
   0       33     4685    12790       737438622       737451412         3577007          0       2000          0          0
   0       33     4683    12748       737451430       737464178         3589814          0       2000          0          0
   0       33     4663    12729       737464182       737476911         3602567          0       2000          0          0
   0       33     4675    12740       737476916       737489656         3615300          0       2000          0          0
   0       33     4685    12794       737489660       737502454         3628045          0       2000          0          0
   0       33     4663    12723       737502491       737515214         3640875          0       2000          0          0
   0       33     2152    10270       737515218       737525488         3653603          0       2000          0          0
   0       33     4691    12762       737525518       737538280         3663903          0       2000          0          0
   0       33     4667    12775       737538285       737551060         3676670          0       2000          0          0
   0       33     4693    12816       737551091       737563907         3689475          0       2000          0          0
   0       33     4663    12771       737563942       737576712         3702326          0       2000          0          0
   0       33     4663    12789       737576733       737589522         3715118          0       2000          0          0
   0       33     4395    12543       737589540       737602083         3727925          0       2000          0          0
   0       33     4665    12770       737602088       737614857         3740472          0       2000          0          0
   0       33     4665    12771       737614935       737627706         3753319          0       2000          0          0
   0       33     4684    12759       737627724       737640483         3766108          0       2000          0          0
   0       33     4665    12733       737640490       737653223         3778875          0       2000          0          0
   0       33     4663    12772       737653230       737666002         3791614          0       2000          0          0
   0       33     4712    12778       737666019       737678797         3804404          0       2000          0          0
   0       33     4680    12788       737678802       737691589         3817186          0       2000          0          0
   0       33     4663    12769       737691628       737704397         3830012          0       2000          0          0
   0       33     4685    12750       737704416       737717166         3842800          0       2000          0          0
   0       33     4665    12775       737717170       737729945         3855555          0       2000          0          0
   0       33     4665    12773       737729983       737742756         3868367          0       2000          0          0
   0       33     4672    12743       737742792       737755536         3881177          0       2000          0          0
   0       33     4690    12768       737755543       737768311         3893927          0       2000          0          0
   0       33     4729    12852       737768320       737781173         3906705          0       2000          0          0
   0       33     2073    10149       737781201       737791350         3919585          0       2000          0          0
   0       33     4667    12749       737791360       737804109         3929744          0       2000          0          0
   0       33     4663    12771       737804117       737816888         3942501          0       2000          0          0
   0       33     4663    12773       737816924       737829696         3955308          0       2000          0          0
   0       33     4685    12791       737829714       737842505         3968098          0       2000          0          0
   0       33     4685    12750       737842522       737855273         3980907          0       2000          0          0
   0       33     4663    12727       737855276       737868003         3993661          0       2000          0          0
   0       33     1077     9141       737868007       737877148         4006391          0       2000          0          0
   0       33     2017    10081       737877153       737887234         4015538          0       2000          0          0
   0       33     4663    12769       737887240       737900009         4025624          0       2000          0          0
   0       33     4686    12792       737900030       737912822         4038414          0       2000          0          0
   0       33     4684    12790       737912840       737925630         4051224          0       2000          0          0
   0       33     4683    12787       737925646       737938433         4064031          0       2000          0          0
   0       33     4662    12728       737938450       737951178         4076835          0       2000          0          0
   0       33     4663    12768       737951183       737963951         4089567          0       2000          0          0
   0       33     4684    12750       737963968       737976718         4102353          0       2000          0          0
   0       33     4708    12783       737976722       737989505         4115107          0       2000          0          0
   0       33     4663    12732       737989514       738002246         4127899          0       2000          0          0
   0       33     4649    12760       738002252       738015012         4140637          0       2000          0          0
   0       33     4663    12768       738015048       738027817         4153433          0       2000          0          0
   0       33     4663    12772       738027895       738040668         4166280          0       2000          0          0
   0       33     4663    12766       738040703       738053469         4179088          0       2000          0          0
   0       33     4684    12749       738053486       738066236         4191871          0       2000          0          0
   0       33     4663    12767       738066240       738079006         4204624          0       2000          0          0
   0       33     4687    12755       738079023       738091779         4217408          0       2000          0          0
   0       33     3712    11857       738091785       738103642         4230169          0       2000          0          0
   0       33     4663    12775       738103651       738116426         4242036          0       2000          0          0
   0       33     4663    12736       738116462       738129198         4254846          0       2000          0          0
   0       33     4663    12832       738129207       738142039         4267591          0       2000          0          0
   0       33     4634    12748       738142052       738154800         4280437          0       2000          0          0
   0       33     4663    12776       738154835       738167610         4293219          0       2000          0          0
   0       33     4663    12769       738167643       738180411         4306027          0       2000          0          0
   0       33     4685    12750       738180428       738193178         4318813          0       2000          0          0
   0       33     4663    12726       738193182       738205908         4331566          0       2000          0          0
   0       33     1138     9212       738205911       738215124         4344296          0       2000          0          0
   0       33     4664    12809       738215133       738227942         4353518          0       2000          0          0
   0       33     4663    12735       738227949       738240683         4366333          0       2000          0          0
   0       33     4629    12744       738240689       738253433         4379074          0       2000          0          0
   0       33     4663    12735       738253473       738266208         4391857          0       2000          0          0
   0       33     4451    12561       738266215       738278776         4404599          0       2000          0          0
   0       33     4691    12800       738278806       738291606         4417190          0       2000          0          0
   0       33     4663    12737       738291642       738304379         4430027          0       2000          0          0
   0       33     4716    12798       738304383       738317181         4442768          0       2000          0          0
   0       33     4667    12785       738317190       738329976         4455575          0       2000          0          0
   0       33     4663    12770       738330007       738342777         4468391          0       2000          0          0
   0       33     4745    12854       738342795       738355649         4481180          0       2000          0          0
   0       33     4704    12814       738355687       738368501         4494072          0       2000          0          0
   0       33     4663    12728       738368535       738381263         4506920          0       2000          0          0
   0       33     4663    12783       738381267       738394049         4519651          0       2000          0          0
   0       33     4663    12767       738394078       738406845         4532462          0       2000          0          0
   0       33     4686    12756       738406862       738419618         4545247          0       2000          0          0
   0       33     4711    12859       738419624       738432483         4558009          0       2000          0          0
   0       33     4663    12729       738432492       738445222         4570877          0       2000          0          0
   0       33     4595    12704       738445266       738457970         4583650          0       2000          0          0
   0       33     4663    12769       738458006       738470775         4596391          0       2000          0          0
   0       33     4686    12792       738470793       738483585         4609177          0       2000          0          0
   0       33     4687    12775       738483602       738496377         4621987          0       2000          0          0
   0       33     4663    12731       738496381       738509112         4634766          0       2000          0          0
   0       33     4663    12729       738509116       738521845         4647501          0       2000          0          0
   0       33     4663    12736       738521849       738534585         4660234          0       2000          0          0
   0       33     2124    10201       738534591       738544792         4672976          0       2000          0          0
   0       33     4597    12709       738544802       738557510         4683186          0       2000          0          0
   0       33     4663    12727       738557546       738570273         4695931          0       2000          0          0
   0       33     4663    12782       738570277       738583060         4708662          0       2000          0          0
   0       33     4663    12772       738583094       738595866         4721479          0       2000          0          0
   0       33     4682    12785       738595883       738608668         4734267          0       2000          0          0
   0       33     4689    12795       738608685       738621480         4747069          0       2000          0          0
   0       33     4685    12750       738621497       738634247         4759882          0       2000          0          0
   0       33     4663    12736       738634250       738646987         4772635          0       2000          0          0
   0       33     3819    11896       738646993       738658890         4785378          0       2000          0          0
   0       33     4596    12706       738658899       738671604         4797283          0       2000          0          0
   0       33     4684    12791       738671626       738684417         4810011          0       2000          0          0
   0       33     4685    12750       738684435       738697185         4822819          0       2000          0          0
   0       33     4663    12769       738697188       738709957         4835573          0       2000          0          0
   0       33     4684    12759       738709974       738722733         4848359          0       2000          0          0
   0       33     4713    12796       738722737       738735533         4861121          0       2000          0          0
   0       33     4666    12735       738735543       738748279         4873928          0       2000          0          0
   0       33     4663    12745       738748285       738761030         4886669          0       2000          0          0
   0       33     3488    11572       738761038       738772610         4899422          0       2000          0          0
   0       33     2558    10626       738772620       738783245         4911004          0       2000          0          0
   0       33     2098    10165       738783252       738793417         4921636          0       2000          0          0
   0       33     2048    10112       738793422       738803534         4931807          0       2000          0          0
   0       33     2047    10163       738803538       738813701         4941923          0       2000          0          0
   0       33     4663    12771       738813734       738826505         4952119          0       2000          0          0
   0       33     4685    12750       738826523       738839273         4964907          0       2000          0          0
   0       33     4665    12786       738839276       738852063         4977661          0       2000          0          0
