cset: --> last message, executed args into cpuset "/user", new pid is: 8955
{
  name          : calibration
  trace_id      : 165e850547dd895fe6fd3ed109ab7a9d
  span_id       : cfe60f90092b70dd
  tracestate    : 
  parent_span_id: a2b6258a16f6d1bc
  start         : 1787913528140663230
  duration      : 37727
  description   : 
  span kind     : Internal
  status        : Unset
  attributes    : 
  events        : 
  links         : 
  resources     : 
	telemetry.sdk.version: 1.28.0
	telemetry.sdk.name: opentelemetry
	telemetry.sdk.language: cpp
	service.name: rt-app_console
  instr-lib     : rt-app-tracer
}
{
  name          : HI_task-0
  trace_id      : 165e850547dd895fe6fd3ed109ab7a9d
  span_id       : a080dd4f96d1b6e8
  tracestate    : 
  parent_span_id: a2b6258a16f6d1bc
  start         : 1787913528141969605
  duration      : 19999316845
  description   : 
  span kind     : Internal
  status        : Unset
  attributes    : 
	cancellation: force_terminate
	config.sched_data.util_min: -1
	config.index: 0
	config.lock_pages: 1
	config.sched_data.priority: 90
	config.num_instances: 1
	config.loop: 1
	config.delay: 0
	config.forked: 0
	config.duration: 20
	config.sched_data.policy: SCHED_FIFO
	config.nphases: 1
	config.sched_data.util_max: -1
	config.name: HI_task-0
	config.cpuset: [ 2 ]
  events        : 
  links         : 
  resources     : 
	telemetry.sdk.version: 1.28.0
	telemetry.sdk.name: opentelemetry
	telemetry.sdk.language: cpp
	service.name: rt-app_console
  instr-lib     : rt-app-tracer
}
{
  name          : LO_noise-1
  trace_id      : 165e850547dd895fe6fd3ed109ab7a9d
  span_id       : 25eeebe9a49f3c93
  tracestate    : 
  parent_span_id: a2b6258a16f6d1bc
  start         : 1787913528141847048
  duration      : 19999488893
  description   : 
  span kind     : Internal
  status        : Unset
  attributes    : 
	cancellation: force_terminate
	config.sched_data.util_min: -1
	config.index: 1
	config.lock_pages: 1
	config.sched_data.priority: 0
	config.num_instances: 4
	config.loop: 1
	config.delay: 0
	config.forked: 0
	config.duration: 20
	config.sched_data.policy: SCHED_OTHER
	config.nphases: 1
	config.sched_data.util_max: -1
	config.name: LO_noise-1
	config.cpuset: [ 3 ]
  events        : 
  links         : 
  resources     : 
	telemetry.sdk.version: 1.28.0
	telemetry.sdk.name: opentelemetry
	telemetry.sdk.language: cpp
	service.name: rt-app_console
  instr-lib     : rt-app-tracer
}
{
  name          : LO_noise-2
  trace_id      : 165e850547dd895fe6fd3ed109ab7a9d
  span_id       : 82762f3beccd68e7
  tracestate    : 
  parent_span_id: a2b6258a16f6d1bc
  start         : 1787913528141714661
  duration      : 19999649996
  description   : 
  span kind     : Internal
  status        : Unset
  attributes    : 
	cancellation: force_terminate
	config.sched_data.util_min: -1
	config.index: 2
	config.lock_pages: 1
	config.sched_data.priority: 0
	config.num_instances: 4
	config.loop: 1
	config.delay: 0
	config.forked: 0
	config.duration: 20
	config.sched_data.policy: SCHED_OTHER
	config.nphases: 1
	config.sched_data.util_max: -1
	config.name: LO_noise-2
	config.cpuset: [ 3 ]
  events        : 
  links         : 
  resources     : 
	telemetry.sdk.version: 1.28.0
	telemetry.sdk.name: opentelemetry
	telemetry.sdk.language: cpp
	service.name: rt-app_console
  instr-lib     : rt-app-tracer
}
{
  name          : LO_noise-3
  trace_id      : 165e850547dd895fe6fd3ed109ab7a9d
  span_id       : 1d6b8bc795822194
  tracestate    : 
  parent_span_id: a2b6258a16f6d1bc
  start         : 1787913528141584135
  duration      : 19999791481
  description   : 
  span kind     : Internal
  status        : Unset
  attributes    : 
	cancellation: force_terminate
	config.sched_data.util_min: -1
	config.index: 3
	config.lock_pages: 1
	config.sched_data.priority: 0
	config.num_instances: 4
	config.loop: 1
	config.delay: 0
	config.forked: 0
	config.duration: 20
	config.sched_data.policy: SCHED_OTHER
	config.nphases: 1
	config.sched_data.util_max: -1
	config.name: LO_noise-3
	config.cpuset: [ 3 ]
  events        : 
  links         : 
  resources     : 
	telemetry.sdk.version: 1.28.0
	telemetry.sdk.name: opentelemetry
	telemetry.sdk.language: cpp
	service.name: rt-app_console
  instr-lib     : rt-app-tracer
}
{
  name          : LO_noise-4
  trace_id      : 165e850547dd895fe6fd3ed109ab7a9d
  span_id       : 35754ce98dbfc7dc
  tracestate    : 
  parent_span_id: a2b6258a16f6d1bc
  start         : 1787913528141423309
  duration      : 19999953837
  description   : 
  span kind     : Internal
  status        : Unset
  attributes    : 
	cancellation: force_terminate
	config.sched_data.util_min: -1
	config.index: 4
	config.lock_pages: 1
	config.sched_data.priority: 0
	config.num_instances: 4
	config.loop: 1
	config.delay: 0
	config.forked: 0
	config.duration: 20
	config.sched_data.policy: SCHED_OTHER
	config.nphases: 1
	config.sched_data.util_max: -1
	config.name: LO_noise-4
	config.cpuset: [ 3 ]
  events        : 
  links         : 
  resources     : 
	telemetry.sdk.version: 1.28.0
	telemetry.sdk.name: opentelemetry
	telemetry.sdk.language: cpp
	service.name: rt-app_console
  instr-lib     : rt-app-tracer
}
{
  name          : phase[0]
  trace_id      : 165e850547dd895fe6fd3ed109ab7a9d
  span_id       : 6c7015026f89b4a7
  tracestate    : 
  parent_span_id: e1f9dba7d93833c5
  start         : 1787913528172098404
  duration      : 19969310344
  description   : 
  span kind     : Internal
  status        : Unset
  attributes    : 
  events        : 
  links         : 
  resources     : 
	telemetry.sdk.version: 1.28.0
	telemetry.sdk.name: opentelemetry
	telemetry.sdk.language: cpp
	service.name: rt-app_console
  instr-lib     : rt-app-tracer
}
{
  name          : thread_loop[0]
  trace_id      : 165e850547dd895fe6fd3ed109ab7a9d
  span_id       : e1f9dba7d93833c5
  tracestate    : 
  parent_span_id: a080dd4f96d1b6e8
  start         : 1787913528172094795
  duration      : 19969315846
  description   : 
  span kind     : Internal
  status        : Unset
  attributes    : 
  events        : 
  links         : 
  resources     : 
	telemetry.sdk.version: 1.28.0
	telemetry.sdk.name: opentelemetry
	telemetry.sdk.language: cpp
	service.name: rt-app_console
  instr-lib     : rt-app-tracer
}
{
  name          : phase[0]
  trace_id      : 165e850547dd895fe6fd3ed109ab7a9d
  span_id       : d8a790dd6ec73217
  tracestate    : 
  parent_span_id: e203c87728ae3858
  start         : 1787913528141624747
  duration      : 20000073902
  description   : 
  span kind     : Internal
  status        : Unset
  attributes    : 
  events        : 
  links         : 
  resources     : 
	telemetry.sdk.version: 1.28.0
	telemetry.sdk.name: opentelemetry
	telemetry.sdk.language: cpp
	service.name: rt-app_console
  instr-lib     : rt-app-tracer
}
{
  name          : thread_loop[0]
  trace_id      : 165e850547dd895fe6fd3ed109ab7a9d
  span_id       : e203c87728ae3858
  tracestate    : 
  parent_span_id: 1d6b8bc795822194
  start         : 1787913528141622227
  duration      : 20000079101
  description   : 
  span kind     : Internal
  status        : Unset
  attributes    : 
  events        : 
  links         : 
  resources     : 
	telemetry.sdk.version: 1.28.0
	telemetry.sdk.name: opentelemetry
	telemetry.sdk.language: cpp
	service.name: rt-app_console
  instr-lib     : rt-app-tracer
}
{
  name          : phase[0]
  trace_id      : 165e850547dd895fe6fd3ed109ab7a9d
  span_id       : 6821d8ba453dc0a4
  tracestate    : 
  parent_span_id: b5eb10f9bdce89ad
  start         : 1787913528141885408
  duration      : 19999893509
  description   : 
  span kind     : Internal
  status        : Unset
  attributes    : 
  events        : 
  links         : 
  resources     : 
	telemetry.sdk.version: 1.28.0
	telemetry.sdk.name: opentelemetry
	telemetry.sdk.language: cpp
	service.name: rt-app_console
  instr-lib     : rt-app-tracer
}
{
  name          : thread_loop[0]
  trace_id      : 165e850547dd895fe6fd3ed109ab7a9d
  span_id       : b5eb10f9bdce89ad
  tracestate    : 
  parent_span_id: 25eeebe9a49f3c93
  start         : 1787913528141882925
  duration      : 19999897175
  description   : 
  span kind     : Internal
  status        : Unset
  attributes    : 
  events        : 
  links         : 
  resources     : 
	telemetry.sdk.version: 1.28.0
	telemetry.sdk.name: opentelemetry
	telemetry.sdk.language: cpp
	service.name: rt-app_console
  instr-lib     : rt-app-tracer
}
{
  name          : phase[0]
  trace_id      : 165e850547dd895fe6fd3ed109ab7a9d
  span_id       : 785de213824d11a5
  tracestate    : 
  parent_span_id: c4954a65fd095896
  start         : 1787913528141752818
  duration      : 20000089869
  description   : 
  span kind     : Internal
  status        : Unset
  attributes    : 
  events        : 
  links         : 
  resources     : 
	telemetry.sdk.version: 1.28.0
	telemetry.sdk.name: opentelemetry
	telemetry.sdk.language: cpp
	service.name: rt-app_console
  instr-lib     : rt-app-tracer
}
{
  name          : thread_loop[0]
  trace_id      : 165e850547dd895fe6fd3ed109ab7a9d
  span_id       : c4954a65fd095896
  tracestate    : 
  parent_span_id: 82762f3beccd68e7
  start         : 1787913528141750263
  duration      : 20000093666
  description   : 
  span kind     : Internal
  status        : Unset
  attributes    : 
  events        : 
  links         : 
  resources     : 
	telemetry.sdk.version: 1.28.0
	telemetry.sdk.name: opentelemetry
	telemetry.sdk.language: cpp
	service.name: rt-app_console
  instr-lib     : rt-app-tracer
}
{
  name          : phase[0]
  trace_id      : 165e850547dd895fe6fd3ed109ab7a9d
  span_id       : 68f42e046275bf4a
  tracestate    : 
  parent_span_id: 1916959fc59f7364
  start         : 1787913528141477506
  duration      : 20000409655
  description   : 
  span kind     : Internal
  status        : Unset
  attributes    : 
  events        : 
  links         : 
  resources     : 
	telemetry.sdk.version: 1.28.0
	telemetry.sdk.name: opentelemetry
	telemetry.sdk.language: cpp
	service.name: rt-app_console
  instr-lib     : rt-app-tracer
}
{
  name          : thread_loop[0]
  trace_id      : 165e850547dd895fe6fd3ed109ab7a9d
  span_id       : 1916959fc59f7364
  tracestate    : 
  parent_span_id: 35754ce98dbfc7dc
  start         : 1787913528141474321
  duration      : 20000413937
  description   : 
  span kind     : Internal
  status        : Unset
  attributes    : 
  events        : 
  links         : 
  resources     : 
	telemetry.sdk.version: 1.28.0
	telemetry.sdk.name: opentelemetry
	telemetry.sdk.language: cpp
	service.name: rt-app_console
  instr-lib     : rt-app-tracer
}
{
  name          : main
  trace_id      : 165e850547dd895fe6fd3ed109ab7a9d
  span_id       : a2b6258a16f6d1bc
  tracestate    : 
  parent_span_id: 0000000000000000
  start         : 1787913528140622911
  duration      : 20002986624
  description   : 
  span kind     : Internal
  status        : Unset
  attributes    : 
	shutdown: graceful
	config.io_device: /dev/null
	config.mem_buffer_size: 4194304
	config.lock_pages: 1
	config.calib_cpu: 0
	config.policy: 0
	config.logdir: /home/fabio/Scrivania/OTel-capabilities-for-mixed-criticality-workloads/2-DoE/block2/t2_p0_s1_r0.3_n4/run_02
	config.duration: 20
	config.num_tasks: 2
	config.calib_ns_per_loop: 139
	config.logbasename: rtapp
	config.logsize: -2
	config.gnuplot: 0
	config.pi_enabled: 0
	config.cumulative_slack: 0
	config.nthreads: 5
	config.die_on_dmiss: 0
  events        : 
	{
	  name          : graceful-shutdown
	  timestamp     : 1787913548143607138
	  attributes    : 
	}
  links         : 
  resources     : 
	telemetry.sdk.version: 1.28.0
	telemetry.sdk.name: opentelemetry
	telemetry.sdk.language: cpp
	service.name: rt-app_console
  instr-lib     : rt-app-tracer
}
