#idx     perf      run   period           start             end          rel_st      slack c_duration   c_period     wu_lat
   0      111     3729    11801      4100466053      4100477853             553          0       2000          0          0
   0      111     2482    10549      4100477864      4100488413           12364          0       2000          0          0
   0      111     2495    10573      4100488419      4100498992           22919          0       2000          0          0
   0      111     2489    10552      4100498995      4100509547           33495          0       2000          0          0
   0      111     2469    10532      4100509549      4100520081           44049          0       2000          0          0
   0      111     2469    10542      4100520084      4100530626           54584          0       2000          0          0
   0      111     2477    10550      4100530628      4100541178           65128          0       2000          0          0
   0      111     2504    10578      4100541180      4100551758           75680          0       2000          0          0
   0      111     2483    10557      4100551760      4100562316           86260          0       2000          0          0
   0      111     2481    10554      4100562319      4100572873           96819          0       2000          0          0
   0      111     2483    10564      4100572875      4100583439          107375          0       2000          0          0
   0      111     3060    11146      4100583446      4100594592          117945          0       2000          0          0
   0      111     3041    11119      4100594600      4100605719          129100          0       2000          0          0
   0      111     2498    10573      4100605724      4100616297          140224          0       2000          0          0
   0      111     2489    10562      4100616301      4100626862          150801          0       2000          0          0
   0      111     2501    10574      4100626865      4100637438          161365          0       2000          0          0
   0      111     2471    10544      4100637440      4100647984          171940          0       2000          0          0
   0      111     2490    10563      4100647987      4100658550          182486          0       2000          0          0
   0      111     2476    10549      4100658552      4100669101          193052          0       2000          0          0
   0      111     2474    10538      4100669103      4100679641          203603          0       2000          0          0
   0      111     2496    10560      4100679643      4100690203          214143          0       2000          0          0
   0      111     2505    10567      4100690205      4100700772          224705          0       2000          0          0
   0      111     2474    10554      4100700774      4100711328          235274          0       2000          0          0
   0      111     2473    10537      4100711333      4100721870          245833          0       2000          0          0
   0      111     2514    10588      4100721875      4100732463          256375          0       2000          0          0
   0      111     2474    10537      4100732465      4100743002          266965          0       2000          0          0
   0      111     2497    10568      4100743005      4100753573          277505          0       2000          0          0
   0      111     2507    10585      4100753580      4100764165          288080          0       2000          0          0
   0      111     2492    10566      4100764168      4100774734          298668          0       2000          0          0
   0      111     2498    10563      4100774738      4100785300          309238          0       2000          0          0
   0      111     3134    11203      4100785303      4100796506          319803          0       2000          0          0
   0      111     2478    10555      4100796512      4100807067          331012          0       2000          0          0
   0      111     2494    10574      4100807071      4100817645          341570          0       2000          0          0
   0      111     2481    10548      4100817729      4100828277          352229          0       2000          0          0
   0      111     2476    10554      4100828281      4100838835          362781          0       2000          0          0
   0      111     2489    10563      4100838839      4100849403          373339          0       2000          0          0
   0      111     2473    10546      4100849405      4100859951          383905          0       2000          0          0
   0      111     2471    10544      4100859953      4100870497          394453          0       2000          0          0
   0      111     2471    10533      4100870499      4100881033          404999          0       2000          0          0
   0      111     2515    10578      4100881035      4100891613          415535          0       2000          0          0
   0      111     2478    10551      4100891615      4100902166          426115          0       2000          0          0
   0      111     2504    10566      4100902169      4100912735          436669          0       2000          0          0
   0      111     2493    10571      4100912737      4100923308          447237          0       2000          0          0
   0      111     2941    11013      4100923316      4100934329          457816          0       2000          0          0
   0      111     2511    10581      4100934336      4100944917          468836          0       2000          0          0
   0      111     2501    10575      4100944926      4100955500          479425          0       2000          0          0
   0      111     3812    11876      4100955507      4100967383          490007          0       2000          0          0
   0      111     2483    10545      4100967386      4100977932          501886          0       2000          0          0
   0      111     2477    10547      4100977934      4100988481          512434          0       2000          0          0
   0      111     2604    10678      4100988487      4100999165          522987          0       2000          0          0
   0      111     2481    10544      4100999167      4101009710          533667          0       2000          0          0
   0      111     2479    10542      4101009713      4101020254          544213          0       2000          0          0
   0      111     2479    10558      4101020257      4101030815          554757          0       2000          0          0
   0      111     3355    11431      4101030820      4101042251          565320          0       2000          0          0
   0      111     2473    10536      4101042254      4101052790          576754          0       2000          0          0
   0      111     2488    10562      4101052792      4101063354          587292          0       2000          0          0
   0      111     2488    10560      4101063356      4101073917          597856          0       2000          0          0
   0      111     2487    10559      4101073919      4101084478          608419          0       2000          0          0
   0      111     2496    10569      4101084480      4101095049          618980          0       2000          0          0
   0      111     3445    11518      4101095051      4101106569          629551          0       2000          0          0
   0      111     2511    10574      4101106570      4101117144          641070          0       2000          0          0
   0      111     2489    10562      4101117146      4101127708          651646          0       2000          0          0
   0      111     2494    10562      4101127710      4101138273          662210          0       2000          0          0
   0      111     2901    10984      4101138277      4101149261          672777          0       2000          0          0
   0      111     2485    10561      4101149263      4101159825          683763          0       2000          0          0
   0      111     2552    10619      4101159829      4101170448          694329          0       2000          0          0
   0      111     2464    10528      4101170513      4101181041          705013          0       2000          0          0
   0      111     2497    10581      4101181045      4101191626          715545          0       2000          0          0
   0      111     2493    10566      4101191628      4101202194          726128          0       2000          0          0
   0      111     2467    10529      4101202197      4101212726          736697          0       2000          0          0
   0      111     2471    10545      4101212728      4101223273          747228          0       2000          0          0
   0      111     2476    10539      4101223276      4101233815          757776          0       2000          0          0
   0      111     2494    10574      4101233816      4101244390          768316          0       2000          0          0
   0      111     3254    11328      4101244396      4101255723          778896          0       2000          0          0
   0      111     2492    10558      4101255726      4101266284          790225          0       2000          0          0
   0      111     2495    10568      4101266290      4101276858          800790          0       2000          0          0
   0      111     2641    10721      4101276866      4101287587          811366          0       2000          0          0
   0      111     2485    10565      4101287595      4101298161          822095          0       2000          0          0
   0      111     2492    10564      4101298164      4101308728          832664          0       2000          0          0
   0      111     2494    10566      4101308730      4101319296          843230          0       2000          0          0
   0      111     2473    10540      4101319298      4101329837          853798          0       2000          0          0
   0      111     2497    10570      4101329840      4101340410          864340          0       2000          0          0
   0      111     2490    10561      4101340412      4101350973          874912          0       2000          0          0
   0      111     2478    10551      4101350975      4101361526          885475          0       2000          0          0
   0      111     2477    10544      4101361527      4101372071          896027          0       2000          0          0
   0      111     3147    11219      4101372073      4101383293          906573          0       2000          0          0
   0      111     2484    10559      4101383302      4101393861          917802          0       2000          0          0
   0      111     3276    11356      4101393868      4101405224          928368          0       2000          0          0
   0      111     3028    11103      4101405233      4101416336          939733          0       2000          0          0
   0      111     2504    10578      4101416340      4101426918          950840          0       2000          0          0
   0      111     2495    10569      4101426920      4101437489          961420          0       2000          0          0
   0      111     2490    10552      4101437491      4101448042          971991          0       2000          0          0
   0      111     2467    10540      4101448045      4101458585          982545          0       2000          0          0
   0      111     2471    10535      4101458587      4101469123          993087          0       2000          0          0
   0      111     2495    10568      4101469125      4101479693         1003625          0       2000          0          0
   0      111     2516    10589      4101479696      4101490286         1014196          0       2000          0          0
   0      111     2487    10551      4101490293      4101500844         1024793          0       2000          0          0
   0      111     2512    10588      4101500847      4101511435         1035347          0       2000          0          0
   0      111     2471    10544      4101511438      4101521982         1045938          0       2000          0          0
   0      111     2465    10529      4101522068      4101532598         1056568          0       2000          0          0
   0      111     2479    10552      4101532601      4101543152         1067101          0       2000          0          0
   0      111     2472    10545      4101543154      4101553699         1077654          0       2000          0          0
   0      111     2489    10555      4101553701      4101564256         1088201          0       2000          0          0
   0      111     2475    10549      4101564257      4101574806         1098757          0       2000          0          0
   0      111     2493    10566      4101574808      4101585374         1109308          0       2000          0          0
   0      111     2470    10533      4101585376      4101595908         1119875          0       2000          0          0
   0      111     2496    10566      4101595910      4101606476         1130410          0       2000          0          0
   0      111     2542    10609      4101606480      4101617089         1140980          0       2000          0          0
   0      111     2480    10553      4101617092      4101627644         1151592          0       2000          0          0
   0      111     2479    10553      4101627647      4101638200         1162147          0       2000          0          0
   0      111     2472    10545      4101638202      4101648747         1172701          0       2000          0          0
   0      111     2478    10541      4101648749      4101659290         1183249          0       2000          0          0
   0      111     2481    10553      4101659292      4101669845         1193792          0       2000          0          0
   0      111     2492    10555      4101669847      4101680402         1204347          0       2000          0          0
   0      111     2465    10537      4101680403      4101690941         1214903          0       2000          0          0
   0      111     2489    10563      4101690943      4101701505         1225443          0       2000          0          0
   0      111     2472    10541      4101701507      4101712048         1236007          0       2000          0          0
   0      111     2498    10576      4101712056      4101722632         1246556          0       2000          0          0
   0      111     2496    10580      4101722636      4101733215         1257135          0       2000          0          0
   0      111     2479    10545      4101733223      4101743768         1267723          0       2000          0          0
   0      111     2484    10561      4101743773      4101754334         1278273          0       2000          0          0
   0      111     2490    10563      4101754337      4101764900         1288837          0       2000          0          0
   0      111     2496    10559      4101764902      4101775460         1299401          0       2000          0          0
   0      111     2496    10568      4101775463      4101786031         1309963          0       2000          0          0
   0      111     2472    10545      4101786033      4101796577         1320533          0       2000          0          0
   0      111     2511    10588      4101796579      4101807167         1331079          0       2000          0          0
   0      111     2472    10535      4101807170      4101817705         1341670          0       2000          0          0
   0      111     2511    10584      4101817707      4101828292         1352207          0       2000          0          0
   0      111     2605    10670      4101828295      4101838965         1362795          0       2000          0          0
   0      111     2582    10656      4101838967      4101849624         1373467          0       2000          0          0
   0      111     2480    10553      4101849627      4101860180         1384127          0       2000          0          0
   0      111     2487    10550      4101860182      4101870732         1394682          0       2000          0          0
   0      111     2478    10542      4101870793      4101881335         1405293          0       2000          0          0
   0      111     2465    10538      4101881337      4101891875         1415837          0       2000          0          0
   0      111     2494    10557      4101891877      4101902433         1426377          0       2000          0          0
   0      111     2464    10538      4101902436      4101912974         1436936          0       2000          0          0
   0      111     2491    10554      4101912976      4101923530         1447476          0       2000          0          0
   0      111     2478    10541      4101923532      4101934073         1458032          0       2000          0          0
   0      111     2466    10549      4101934075      4101944623         1468575          0       2000          0          0
   0      111     3854    11932      4101944627      4101956559         1479127          0       2000          0          0
   0      111     2496    10558      4101956562      4101967120         1491062          0       2000          0          0
   0      111     2462    10525      4101967123      4101977648         1501623          0       2000          0          0
   0      111     2477    10550      4101977651      4101988201         1512151          0       2000          0          0
   0      111     2472    10534      4101988203      4101998737         1522703          0       2000          0          0
   0      111     2470    10537      4101998739      4102009276         1533239          0       2000          0          0
   0      111     2728    10793      4102009279      4102020072         1543779          0       2000          0          0
   0      111     2487    10560      4102020075      4102030635         1554575          0       2000          0          0
   0      111     2471    10544      4102030637      4102041181         1565137          0       2000          0          0
   0      111     2473    10546      4102041183      4102051729         1575683          0       2000          0          0
   0      111     2486    10549      4102051732      4102062280         1586232          0       2000          0          0
   0      111     2464    10538      4102062282      4102072820         1596782          0       2000          0          0
   0      111     2492    10565      4102072822      4102083387         1607322          0       2000          0          0
   0      111     2491    10553      4102083390      4102093943         1617890          0       2000          0          0
   0      111     2492    10566      4102093945      4102104510         1628445          0       2000          0          0
   0      111     2492    10565      4102104512      4102115077         1639012          0       2000          0          0
   0      111     2502    10574      4102115079      4102125652         1649578          0       2000          0          0
   0      111     2493    10566      4102125654      4102136220         1660154          0       2000          0          0
   0      111     2473    10542      4102136222      4102146763         1670722          0       2000          0          0
   0      111     2468    10533      4102146769      4102157302         1681269          0       2000          0          0
   0      111     2482    10547      4102157306      4102167852         1691806          0       2000          0          0
   0      111     2496    10569      4102167856      4102178425         1702356          0       2000          0          0
   0      111     2503    10576      4102178428      4102189004         1712928          0       2000          0          0
   0      111     2493    10566      4102189006      4102199572         1723506          0       2000          0          0
   0      111     2493    10556      4102199574      4102210130         1734074          0       2000          0          0
   0      111     2489    10562      4102210132      4102220693         1744631          0       2000          0          0
   0      111     2499    10562      4102220790      4102231352         1755290          0       2000          0          0
   0      111     2470    10533      4102231355      4102241888         1765855          0       2000          0          0
   0      111     2510    10583      4102241890      4102252473         1776390          0       2000          0          0
   0      111     2488    10573      4102252476      4102263049         1786975          0       2000          0          0
   0      111     3011    11089      4102263053      4102274142         1797553          0       2000          0          0
   0      111     2145    10232      4102274151      4102284383         1808651          0       2000          0          0
   0      111     2481    10557      4102284388      4102294944         1818887          0       2000          0          0
   0      111     2490    10564      4102294947      4102305510         1829447          0       2000          0          0
   0      111     2471    10544      4102305512      4102316056         1840012          0       2000          0          0
   0      111     2486    10560      4102316058      4102326618         1850558          0       2000          0          0
   0      111     2476    10549      4102326620      4102337168         1861120          0       2000          0          0
   0      111     2488    10550      4102337170      4102347721         1871670          0       2000          0          0
   0      111     2495    10568      4102347722      4102358291         1882222          0       2000          0          0
   0      111     2475    10538      4102358293      4102368831         1892793          0       2000          0          0
   0      111     2479    10556      4102368833      4102379389         1903332          0       2000          0          0
   0      111     3449    11525      4102379396      4102390921         1913896          0       2000          0          0
   0      111     3054    11139      4102390930      4102402069         1925430          0       2000          0          0
   0      111     2482    10561      4102402079      4102412640         1936579          0       2000          0          0
   0      111     2756    10835      4102412648      4102423483         1947148          0       2000          0          0
   0      111     2477    10552      4102423488      4102434041         1957988          0       2000          0          0
   0      111     2487    10561      4102434044      4102444605         1968544          0       2000          0          0
   0      111     2479    10552      4102444607      4102455160         1979107          0       2000          0          0
   0      111     2485    10547      4102455162      4102465709         1989662          0       2000          0          0
   0      111     2509    10582      4102465711      4102476293         2000211          0       2000          0          0
   0      111     2474    10547      4102476295      4102486842         2010795          0       2000          0          0
   0      111     2494    10566      4102486844      4102497410         2021344          0       2000          0          0
   0      111     2729    10807      4102497414      4102508221         2031914          0       2000          0          0
   0      111     2475    10552      4102508226      4102518778         2042726          0       2000          0          0
   0      111     2476    10549      4102518781      4102529330         2053281          0       2000          0          0
   0      111     2481    10552      4102529332      4102539884         2063832          0       2000          0          0
   0      111     2493    10556      4102539886      4102550442         2074386          0       2000          0          0
   0      111     2472    10545      4102550443      4102560988         2084943          0       2000          0          0
   0      111     2479    10551      4102560990      4102571540         2095490          0       2000          0          0
   0      111     2478    10552      4102571600      4102582151         2106100          0       2000          0          0
   0      111     2473    10545      4102582153      4102592698         2116653          0       2000          0          0
   0      111     2477    10550      4102592700      4102603250         2127200          0       2000          0          0
   0      111     2486    10570      4102603252      4102613822         2137752          0       2000          0          0
   0      111     2512    10580      4102613829      4102624409         2148329          0       2000          0          0
   0      111     2475    10538      4102624412      4102634950         2158912          0       2000          0          0
   0      111     2492    10565      4102634953      4102645517         2169452          0       2000          0          0
   0      111     2507    10580      4102645519      4102656099         2180019          0       2000          0          0
   0      111     2488    10560      4102656101      4102666661         2190601          0       2000          0          0
   0      111     2523    10587      4102666664      4102677251         2201164          0       2000          0          0
   0      111     2463    10531      4102677254      4102687786         2211754          0       2000          0          0
   0      111     2495    10557      4102687788      4102698346         2222288          0       2000          0          0
   0      111     2481    10554      4102698348      4102708902         2232848          0       2000          0          0
   0      111     2493    10577      4102708904      4102719481         2243404          0       2000          0          0
   0      111     2469    10541      4102719498      4102730039         2253998          0       2000          0          0
   0      111     2491    10555      4102730047      4102740602         2264546          0       2000          0          0
   0      111     2486    10561      4102740605      4102751166         2275105          0       2000          0          0
   0      111     2481    10554      4102751169      4102761723         2285669          0       2000          0          0
   0      111     2492    10555      4102761726      4102772281         2296226          0       2000          0          0
   0      111     2506    10569      4102772282      4102782852         2306782          0       2000          0          0
   0      111     3430    11503      4102782854      4102794357         2317354          0       2000          0          0
   0      111     2490    10570      4102794359      4102804929         2328859          0       2000          0          0
   0      111     2865    10929      4102804935      4102815864         2339435          0       2000          0          0
   0      111     2490    10564      4102815867      4102826431         2350366          0       2000          0          0
   0      111     2498    10569      4102826433      4102837002         2360933          0       2000          0          0
   0      111     2499    10566      4102837005      4102847571         2371505          0       2000          0          0
   0      111     2485    10558      4102847575      4102858134         2382075          0       2000          0          0
   0      111     2489    10566      4102858136      4102868702         2392636          0       2000          0          0
   0      111     2510    10573      4102868705      4102879279         2403205          0       2000          0          0
   0      111     2474    10553      4102879280      4102889833         2413780          0       2000          0          0
   0      111     3353    11426      4102889838      4102901265         2424338          0       2000          0          0
   0      111     2465    10538      4102901266      4102911804         2435766          0       2000          0          0
   0      111     3413    11485      4102911806      4102923291         2446306          0       2000          0          0
   0      111     2471    10552      4102923385      4102933937         2457885          0       2000          0          0
   0      111     3066    11131      4102933943      4102945074         2468443          0       2000          0          0
   0      111     2463    10528      4102945077      4102955606         2479577          0       2000          0          0
   0      111     2507    10572      4102955610      4102966182         2490110          0       2000          0          0
   0      111     2474    10548      4102966185      4102976733         2500685          0       2000          0          0
   0      111     2529    10592      4102976736      4102987328         2511236          0       2000          0          0
   0      111     2488    10551      4102987330      4102997881         2521830          0       2000          0          0
   0      111     2482    10555      4102997883      4103008438         2532383          0       2000          0          0
   0      111     2487    10560      4103008440      4103019000         2542940          0       2000          0          0
   0      111     2577    10639      4103019001      4103029641         2553501          0       2000          0          0
   0      111     2483    10563      4103029642      4103040206         2564142          0       2000          0          0
   0      111     3304    11367      4103040212      4103051579         2574712          0       2000          0          0
   0      111     2508    10587      4103051581      4103062167         2586081          0       2000          0          0
   0      111     2468    10533      4103062173      4103072706         2596673          0       2000          0          0
   0      111     2480    10553      4103072709      4103083262         2607209          0       2000          0          0
   0      111     2513    10586      4103083264      4103093850         2617764          0       2000          0          0
   0      111     2494    10566      4103093852      4103104418         2628352          0       2000          0          0
   0      111     2504    10566      4103104420      4103114986         2638920          0       2000          0          0
   0      111     2508    10581      4103114988      4103125570         2649488          0       2000          0          0
   0      111     2507    10570      4103125572      4103136142         2660072          0       2000          0          0
   0      111     2486    10558      4103136144      4103146702         2670644          0       2000          0          0
   0      111     2486    10549      4103146704      4103157252         2681204          0       2000          0          0
   0      111     2499    10569      4103157254      4103167824         2691754          0       2000          0          0
   0      111     2481    10552      4103167830      4103178382         2702330          0       2000          0          0
   0      111     2776    10852      4103178388      4103189240         2712888          0       2000          0          0
   0      111     2470    10534      4103189244      4103199777         2723744          0       2000          0          0
   0      111     2493    10565      4103199779      4103210344         2734279          0       2000          0          0
   0      111     2498    10570      4103210347      4103220916         2744847          0       2000          0          0
   0      111     2502    10571      4103220924      4103231495         2755424          0       2000          0          0
   0      111     2476    10551      4103231499      4103242050         2765999          0       2000          0          0
   0      111     2491    10561      4103242054      4103252615         2776554          0       2000          0          0
   0      111     3010    11073      4103252620      4103263693         2787120          0       2000          0          0
   0      111     2475    10549      4103263695      4103274244         2798195          0       2000          0          0
   0      111     3436    11512      4103274315      4103285827         2808815          0       2000          0          0
   0      111     2582    10661      4103285835      4103296496         2820335          0       2000          0          0
   0      111     2316    10379      4103296501      4103306879         2831001          0       2000          0          0
   0      111     2629    10694      4103306883      4103317577         2841383          0       2000          0          0
   0      111     2484    10547      4103317580      4103328127         2852080          0       2000          0          0
   0      111     2481    10554      4103328130      4103338684         2862629          0       2000          0          0
   0      111     3421    11496      4103338687      4103350183         2873187          0       2000          0          0
   0      111     2475    10538      4103350186      4103360724         2884686          0       2000          0          0
   0      111     2484    10558      4103360726      4103371284         2895226          0       2000          0          0
   0      111     2505    10575      4103371286      4103381861         2905786          0       2000          0          0
   0      111     2486    10559      4103381869      4103392428         2916369          0       2000          0          0
   0      111     3446    11524      4103392436      4103403960         2926936          0       2000          0          0
   0      111     2473    10540      4103403966      4103414506         2938466          0       2000          0          0
   0      111     2673    10737      4103414510      4103425247         2949010          0       2000          0          0
   0      111     2466    10540      4103425249      4103435790         2959749          0       2000          0          0
   0      111     2480    10542      4103435792      4103446334         2970292          0       2000          0          0
   0      111     2487    10561      4103446336      4103456897         2980836          0       2000          0          0
   0      111     2486    10559      4103456899      4103467458         2991399          0       2000          0          0
   0      111     2479    10552      4103467459      4103478011         3001959          0       2000          0          0
   0      111     2488    10551      4103478013      4103488564         3012513          0       2000          0          0
   0      111     2492    10570      4103488566      4103499136         3023066          0       2000          0          0
   0      111     2503    10567      4103499140      4103509707         3033640          0       2000          0          0
   0      111     2475    10552      4103509710      4103520261         3044210          0       2000          0          0
   0      111     2493    10564      4103520265      4103530829         3054765          0       2000          0          0
   0      111     2475    10548      4103530831      4103541379         3065331          0       2000          0          0
   0      111     2507    10580      4103541381      4103551962         3075881          0       2000          0          0
   0      111     2494    10567      4103551963      4103562530         3086463          0       2000          0          0
   0      111     2493    10556      4103562532      4103573088         3097032          0       2000          0          0
   0      111     2502    10576      4103573090      4103583666         3107589          0       2000          0          0
   0      111     2495    10568      4103583668      4103594237         3118168          0       2000          0          0
   0      111     2481    10553      4103594239      4103604792         3128739          0       2000          0          0
   0      111     2478    10545      4103604793      4103615338         3139293          0       2000          0          0
   0      111     2452    10527      4103615342      4103625869         3149842          0       2000          0          0
   0      111     2526    10606      4103625929      4103636536         3160429          0       2000          0          0
   0      111     2466    10543      4103636541      4103647084         3171040          0       2000          0          0
   0      111     2468    10533      4103647087      4103657620         3181587          0       2000          0          0
   0      111     2495    10568      4103657623      4103668191         3192123          0       2000          0          0
   0      111     2484    10547      4103668194      4103678741         3202694          0       2000          0          0
   0      111     2491    10566      4103678744      4103689309         3213243          0       2000          0          0
   0      111     2485    10547      4103689313      4103699860         3223812          0       2000          0          0
   0      111     2491    10564      4103699862      4103710426         3234362          0       2000          0          0
   0      111     2475    10550      4103710428      4103720978         3244928          0       2000          0          0
   0      111     2480    10548      4103720987      4103731535         3255487          0       2000          0          0
   0      111     2495    10560      4103731540      4103742099         3266040          0       2000          0          0
   0      111     2481    10545      4103742103      4103752647         3276602          0       2000          0          0
   0      111     2502    10565      4103752651      4103763216         3287151          0       2000          0          0
   0      111     2464    10544      4103763219      4103773763         3297719          0       2000          0          0
   0      111     3197    11271      4103773768      4103785039         3308268          0       2000          0          0
   0      111     2488    10551      4103785042      4103795593         3319542          0       2000          0          0
   0      111     2501    10574      4103795595      4103806169         3330095          0       2000          0          0
   0      111     2472    10540      4103806171      4103816711         3340671          0       2000          0          0
   0      111     2482    10551      4103816716      4103827267         3351216          0       2000          0          0
   0      111     2494    10578      4103827274      4103837852         3361774          0       2000          0          0
   0      111     2669    10744      4103837860      4103848604         3372360          0       2000          0          0
   0      111     2495    10561      4103848614      4103859175         3383113          0       2000          0          0
   0      111     2564    10637      4103859179      4103869816         3393679          0       2000          0          0
   0      111     2469    10532      4103869819      4103880351         3404319          0       2000          0          0
   0      111     2484    10547      4103880353      4103890900         3414853          0       2000          0          0
   0      111     2493    10566      4103890902      4103901469         3425402          0       2000          0          0
   0      111     2467    10550      4103901471      4103912021         3435971          0       2000          0          0
   0      111     2486    10559      4103912023      4103922582         3446523          0       2000          0          0
   0      111     2485    10558      4103922584      4103933142         3457084          0       2000          0          0
   0      111     2465    10542      4103933145      4103943687         3467645          0       2000          0          0
   0      111     2481    10551      4103943691      4103954242         3478191          0       2000          0          0
   0      111     2487    10556      4103954249      4103964805         3488749          0       2000          0          0
   0      111     2488    10565      4103964808      4103975373         3499308          0       2000          0          0
   0      111     2516    10590      4103975437      4103986028         3509937          0       2000          0          0
   0      111     2486    10549      4103986030      4103996579         3520530          0       2000          0          0
   0      111     2486    10560      4103996581      4104007141         3531081          0       2000          0          0
   0      111     2507    10580      4104007143      4104017723         3541643          0       2000          0          0
   0      111     2494    10568      4104017725      4104028293         3552225          0       2000          0          0
   0      111     3411    11484      4104028294      4104039778         3562794          0       2000          0          0
   0      111     2491    10570      4104039780      4104050351         3574280          0       2000          0          0
   0      111     3176    11263      4104050355      4104061618         3584855          0       2000          0          0
   0      111     2663    10731      4104061631      4104072362         3596131          0       2000          0          0
   0      111     2472    10538      4104072368      4104082905         3606868          0       2000          0          0
   0      111     2482    10556      4104082909      4104093465         3617409          0       2000          0          0
   0      111     2531    10609      4104093468      4104104077         3627968          0       2000          0          0
   0      111     2473    10536      4104104079      4104114616         3638579          0       2000          0          0
   0      111     2483    10547      4104114618      4104125165         3649118          0       2000          0          0
   0      111     2470    10544      4104125167      4104135711         3659667          0       2000          0          0
   0      111     2497    10569      4104135713      4104146282         3670213          0       2000          0          0
   0      111     2483    10555      4104146284      4104156839         3680784          0       2000          0          0
   0      111     2498    10561      4104156841      4104167402         3691341          0       2000          0          0
   0      111     2468    10540      4104167404      4104177945         3701904          0       2000          0          0
   0      111     2738    10815      4104177950      4104188765         3712450          0       2000          0          0
   0      111     2496    10571      4104188768      4104199339         3723268          0       2000          0          0
   0      111     2507    10580      4104199342      4104209922         3733842          0       2000          0          0
   0      111     2494    10567      4104209924      4104220491         3744424          0       2000          0          0
   0      111     2490    10553      4104220494      4104231047         3754994          0       2000          0          0
   0      111     2473    10537      4104231049      4104241585         3765549          0       2000          0          0
   0      111     2485    10559      4104241587      4104252146         3776087          0       2000          0          0
   0      111     2487    10560      4104252149      4104262708         3786649          0       2000          0          0
   0      111     2511    10584      4104262710      4104273295         3797210          0       2000          0          0
   0      111     2465    10550      4104273303      4104283853         3807803          0       2000          0          0
   0      111     2485    10559      4104283862      4104294421         3818362          0       2000          0          0
   0      111     2480    10548      4104294427      4104304976         3828927          0       2000          0          0
   0      111     2481    10546      4104304980      4104315526         3839480          0       2000          0          0
   0      111     2512    10586      4104315529      4104326115         3850029          0       2000          0          0
   0      111     3459    11522      4104326216      4104337738         3860716          0       2000          0          0
   0      111     2477    10549      4104337741      4104348290         3872241          0       2000          0          0
   0      111     2468    10540      4104348292      4104358832         3882792          0       2000          0          0
   0      111     2498    10570      4104358835      4104369406         3893335          0       2000          0          0
   0      111     2507    10581      4104369407      4104379988         3903907          0       2000          0          0
   0      111     2518    10602      4104379991      4104390593         3914491          0       2000          0          0
   0      111     3491    11572      4104390600      4104402172         3925100          0       2000          0          0
   0      111     2760    10875      4104402184      4104413060         3936684          0       2000          0          0
   0      111     3669    11754      4104413070      4104424824         3947570          0       2000          0          0
   0      111     2488    10571      4104424830      4104435400         3959330          0       2000          0          0
   0      111     2477    10556      4104435410      4104445967         3969910          0       2000          0          0
   0      111     2482    10561      4104445971      4104456532         3980471          0       2000          0          0
   0      111     2521    10596      4104456534      4104467131         3991034          0       2000          0          0
   0      111     2479    10552      4104467133      4104477685         4001633          0       2000          0          0
   0      111     2508    10581      4104477688      4104488269         4012188          0       2000          0          0
   0      111     2496    10560      4104488271      4104498832         4022771          0       2000          0          0
   0      111     2508    10591      4104498834      4104509425         4033334          0       2000          0          0
   0      111     3471    11543      4104509431      4104520974         4043931          0       2000          0          0
   0      111     2494    10561      4104520977      4104531538         4055477          0       2000          0          0
   0      111     2477    10551      4104531542      4104542093         4066042          0       2000          0          0
   0      111     2503    10576      4104542095      4104552671         4076595          0       2000          0          0
   0      111     2500    10562      4104552673      4104563235         4087173          0       2000          0          0
   0      111     2479    10551      4104563237      4104573787         4097737          0       2000          0          0
   0      111     2475    10547      4104573789      4104584336         4108289          0       2000          0          0
   0      111     2500    10566      4104584338      4104594904         4118838          0       2000          0          0
   0      111     2471    10547      4104594910      4104605456         4129410          0       2000          0          0
   0      111     2465    10538      4104605459      4104615996         4139959          0       2000          0          0
   0      111     2582    10651      4104615999      4104626650         4150499          0       2000          0          0
   0      111     2483    10550      4104626654      4104637203         4161154          0       2000          0          0
   0      111     2463    10537      4104637208      4104647745         4171708          0       2000          0          0
   0      111     2468    10542      4104647748      4104658290         4182248          0       2000          0          0
   0      111     2499    10572      4104658292      4104668864         4192792          0       2000          0          0
   0      111     2493    10566      4104668867      4104679433         4203367          0       2000          0          0
   0      111     2494    10568      4104679531      4104690099         4214031          0       2000          0          0
   0      111     2486    10559      4104690101      4104700660         4224600          0       2000          0          0
   0      111     2493    10566      4104700662      4104711228         4235162          0       2000          0          0
   0      111     2487    10561      4104711230      4104721791         4245730          0       2000          0          0
   0      111     2493    10566      4104721793      4104732358         4256293          0       2000          0          0
   0      111     2491    10567      4104732360      4104742927         4266860          0       2000          0          0
   0      111     2490    10569      4104742931      4104753501         4277431          0       2000          0          0
   0      111     2472    10537      4104753503      4104764041         4288003          0       2000          0          0
   0      111     2465    10538      4104764044      4104774581         4298544          0       2000          0          0
   0      111     2469    10543      4104774583      4104785126         4309083          0       2000          0          0
   0      111     2472    10544      4104785129      4104795673         4319629          0       2000          0          0
   0      111     2499    10572      4104795675      4104806247         4330175          0       2000          0          0
   0      111     2472    10545      4104806248      4104816793         4340748          0       2000          0          0
   0      111     2476    10548      4104816795      4104827343         4351295          0       2000          0          0
   0      111     2475    10548      4104827345      4104837893         4361845          0       2000          0          0
   0      111     2475    10548      4104837895      4104848443         4372395          0       2000          0          0
   0      111     2593    10662      4104848453      4104859115         4382953          0       2000          0          0
   0      111     2471    10546      4104859119      4104869665         4393619          0       2000          0          0
   0      111     2482    10546      4104869670      4104880216         4404170          0       2000          0          0
   0      111     2471    10544      4104880218      4104890763         4414718          0       2000          0          0
   0      111     2500    10563      4104890765      4104901328         4425265          0       2000          0          0
   0      111     2504    10577      4104901330      4104911907         4435830          0       2000          0          0
   0      111     2497    10570      4104911909      4104922479         4446409          0       2000          0          0
   0      111     2491    10570      4104922481      4104933051         4456981          0       2000          0          0
   0      111     2846    10919      4104933055      4104943974         4467555          0       2000          0          0
   0      111     2537    10611      4104943976      4104954586         4478476          0       2000          0          0
   0      111     2482    10560      4104954588      4104965148         4489088          0       2000          0          0
   0      111     2485    10562      4104965156      4104975718         4499656          0       2000          0          0
   0      111     2558    10624      4104975722      4104986347         4510222          0       2000          0          0
   0      111     2481    10554      4104986349      4104996903         4520849          0       2000          0          0
   0      111     2493    10566      4104996906      4105007473         4531406          0       2000          0          0
   0      111     2480    10550      4105007478      4105018029         4541978          0       2000          0          0
   0      111     2467    10541      4105018033      4105028574         4552533          0       2000          0          0
   0      111     2476    10541      4105028673      4105039214         4563173          0       2000          0          0
   0      111     2487    10553      4105039216      4105049770         4573716          0       2000          0          0
   0      111     2492    10568      4105049774      4105060342         4584274          0       2000          0          0
   0      111     2544    10608      4105060347      4105070955         4594847          0       2000          0          0
   0      111     2471    10552      4105070959      4105081510         4605458          0       2000          0          0
   0      111     2645    10710      4105081515      4105092225         4616015          0       2000          0          0
   0      111     2495    10568      4105092229      4105102797         4626729          0       2000          0          0
   0      111     2473    10535      4105102799      4105113334         4637299          0       2000          0          0
   0      111     2490    10564      4105113336      4105123900         4647836          0       2000          0          0
   0      111     3416    11478      4105123902      4105135380         4658402          0       2000          0          0
   0      111     2486    10560      4105135382      4105145942         4669882          0       2000          0          0
   0      111     2487    10560      4105145945      4105156506         4680445          0       2000          0          0
   0      111     2471    10542      4105156507      4105167049         4691007          0       2000          0          0
   0      111     2476    10544      4105167051      4105177595         4701551          0       2000          0          0
   0      111     2504    10578      4105177601      4105188180         4712101          0       2000          0          0
   0      111     3075    11149      4105188186      4105199334         4722686          0       2000          0          0
   0      111     2471    10544      4105199337      4105209881         4733837          0       2000          0          0
   0      111     3453    11526      4105209883      4105221410         4744383          0       2000          0          0
   0      111     2484    10545      4105221411      4105231957         4755911          0       2000          0          0
   0      111     2477    10550      4105231959      4105242509         4766459          0       2000          0          0
   0      111     2488    10561      4105242511      4105253071         4777011          0       2000          0          0
   0      111     2469    10541      4105253073      4105263614         4787573          0       2000          0          0
   0      111     2492    10565      4105263615      4105274180         4798115          0       2000          0          0
   0      111     3409    11485      4105274188      4105285673         4808688          0       2000          0          0
   0      111     2858    10933      4105285681      4105296615         4820181          0       2000          0          0
   0      111     2922    10988      4105296623      4105307610         4831123          0       2000          0          0
   0      111     2481    10557      4105307614      4105318171         4842114          0       2000          0          0
   0      111     2468    10531      4105318173      4105328704         4852673          0       2000          0          0
   0      111     2478    10551      4105328707      4105339258         4863207          0       2000          0          0
   0      111     3425    11488      4105339260      4105350748         4873760          0       2000          0          0
   0      111     2506    10579      4105350749      4105361328         4885249          0       2000          0          0
   0      111     3419    11493      4105361330      4105372823         4895830          0       2000          0          0
   0      111     2492    10565      4105372825      4105383390         4907325          0       2000          0          0
   0      111     2483    10572      4105383451      4105394023         4917951          0       2000          0          0
   0      111     4929    13014      4105394034      4105407048         4928534          0       2000          0          0
   0      111     2773    10853      4105407053      4105417906         4941553          0       2000          0          0
   0      111     2493    10569      4105417910      4105428479         4952410          0       2000          0          0
   0      111     2884    10953      4105428488      4105439441         4962988          0       2000          0          0
   0      111     2667    10737      4105439448      4105450185         4973948          0       2000          0          0
   0      111     2467    10529      4105450191      4105460721         4984691          0       2000          0          0
