#idx     perf      run   period           start             end          rel_st      slack c_duration   c_period     wu_lat
   0       68     2049    10130      3822399424      3822409553            7957          0       2000          0          0
   0       68     1993    10073      3822409562      3822419636           18096          0       2000          0          0
   0       68     2004    10075      3822419649      3822429724           28182          0       2000          0          0
   0       68     1975    10043      3822429730      3822439773           38263          0       2000          0          0
   0       68     1980    10052      3822439779      3822449831           48312          0       2000          0          0
   0       68     2039    10142      3822449837      3822459980           58370          0       2000          0          0
   0       68     2026    10102      3822459991      3822470093           68524          0       2000          0          0
   0       68     2048    10125      3822470101      3822480226           78635          0       2000          0          0
   0       68     2028    10103      3822480236      3822490339           88769          0       2000          0          0
   0       68     1983    10054      3822490348      3822500402           98881          0       2000          0          0
   0       68     1977    10050      3822500406      3822510456          108939          0       2000          0          0
   0       68     2059    10135      3822510466      3822520601          118999          0       2000          0          0
   0       68     1988    10069      3822520611      3822530680          129144          0       2000          0          0
   0       68     1987    10057      3822530684      3822540741          139217          0       2000          0          0
   0       68     2014    10104      3822540749      3822550853          149282          0       2000          0          0
   0       68     2086    10165      3822550867      3822561033          159400          0       2000          0          0
   0       68     1977    10056      3822561042      3822571098          169575          0       2000          0          0
   0       68     2030    10105      3822571108      3822581214          179641          0       2000          0          0
   0       68     2424    10503      3822581225      3822591728          189758          0       2000          0          0
   0       68     2024    10092      3822591737      3822601828          200270          0       2000          0          0
   0       68     1983    10068      3822601833      3822611901          210366          0       2000          0          0
   0       68     2606    10683      3822611912      3822622595          220445          0       2000          0          0
   0       68     1989    10064      3822622605      3822632669          231138          0       2000          0          0
   0       68     1972    10046      3822632674      3822642720          241207          0       2000          0          0
   0       68     2008    10086      3822642729      3822652815          251262          0       2000          0          0
   0       68     2059    10130      3822652824      3822662954          261357          0       2000          0          0
   0       68     1971    10048      3822662961      3822673009          271494          0       2000          0          0
   0       68     2054    10152      3822673015      3822683166          281548          0       2000          0          0
   0       68     3037    11142      3822683185      3822694327          291718          0       2000          0          0
   0       68     2110    10185      3822694337      3822704522          302870          0       2000          0          0
   0       68     2190    10272      3822704531      3822714803          313064          0       2000          0          0
   0       68     2883    10965      3822714814      3822725779          323347          0       2000          0          0
   0       68     1993    10062      3822725789      3822735851          334322          0       2000          0          0
   0       68     2074    10153      3822735936      3822746089          344469          0       2000          0          0
   0       68     2928    11008      3822746100      3822757108          354633          0       2000          0          0
   0       68     2010    10088      3822757117      3822767205          365650          0       2000          0          0
   0       68     2001    10081      3822767215      3822777296          375748          0       2000          0          0
   0       68     2045    10125      3822777307      3822787431          385840          0       2000          0          0
   0       68     1991    10066      3822787441      3822797507          395975          0       2000          0          0
   0       68     2637    10717      3822797515      3822808232          406048          0       2000          0          0
   0       68     2729    10813      3822808248      3822819060          416781          0       2000          0          0
   0       68     1998    10068      3822819070      3822829137          427603          0       2000          0          0
   0       68     1968    10037      3822829143      3822839180          437676          0       2000          0          0
   0       68     2708    10793      3822839183      3822849976          447716          0       2000          0          0
   0       68     1990    10074      3822849984      3822860057          458517          0       2000          0          0
   0       68     2049    10126      3822860063      3822870189          468596          0       2000          0          0
   0       68     2007    10084      3822870199      3822880283          478732          0       2000          0          0
   0       68     2024    10100      3822880293      3822890393          488827          0       2000          0          0
   0       68     2046    10118      3822890403      3822900520          498936          0       2000          0          0
   0       68     1988    10068      3822900524      3822910592          509057          0       2000          0          0
   0       68     1991    10078      3822910602      3822920680          519135          0       2000          0          0
   0       68     1985    10054      3822920690      3822930744          529223          0       2000          0          0
   0       68     1976    10059      3822930748      3822940807          539281          0       2000          0          0
   0       68     2011    10090      3822940816      3822950906          549349          0       2000          0          0
   0       68     2007    10105      3822950916      3822961021          559449          0       2000          0          0
   0       68     2000    10070      3822961030      3822971099          569563          0       2000          0          0
   0       68     1992    10068      3822971103      3822981170          579636          0       2000          0          0
   0       68     2262    10337      3822981180      3822991517          589713          0       2000          0          0
   0       68     1994    10076      3822991527      3823001603          600060          0       2000          0          0
   0       68     2689    10776      3823001612      3823012388          610145          0       2000          0          0
   0       68     2966    11050      3823012397      3823023447          620931          0       2000          0          0
   0       68     2084    10155      3823023459      3823033614          631992          0       2000          0          0
   0       68     1981    10052      3823033621      3823043674          642154          0       2000          0          0
   0       68     1997    10073      3823043683      3823053756          652216          0       2000          0          0
   0       68     1997    10073      3823053766      3823063838          662299          0       2000          0          0
   0       68     2010    10084      3823063848      3823073932          672381          0       2000          0          0
   0       68     1981    10066      3823074060      3823084126          682593          0       2000          0          0
   0       68     2015    10087      3823084138      3823094225          692671          0       2000          0          0
   0       68     2008    10092      3823094234      3823104326          702767          0       2000          0          0
   0       68     2147    10225      3823104336      3823114561          712869          0       2000          0          0
   0       68     2544    10641      3823114572      3823125213          723105          0       2000          0          0
   0       68     2038    10116      3823125226      3823135343          733759          0       2000          0          0
   0       68     1993    10075      3823135357      3823145433          743891          0       2000          0          0
   0       68     3140    11216      3823145444      3823156660          753977          0       2000          0          0
   0       68     1978    10061      3823156669      3823166730          765202          0       2000          0          0
   0       68     3631    11707      3823166748      3823178455          775281          0       2000          0          0
   0       68     2242    10324      3823178465      3823188789          786998          0       2000          0          0
   0       68     1986    10056      3823188799      3823198854          797332          0       2000          0          0
   0       68     1968    10043      3823198858      3823208901          807391          0       2000          0          0
   0       68     3143    11229      3823208910      3823220139          817443          0       2000          0          0
   0       68     1987    10071      3823220149      3823230220          828682          0       2000          0          0
   0       68     3154    11234      3823230231      3823241464          838764          0       2000          0          0
   0       68     1991    10085      3823241479      3823251564          850012          0       2000          0          0
   0       68     3529    11606      3823251580      3823263186          860113          0       2000          0          0
   0       68     1993    10066      3823263196      3823273262          871729          0       2000          0          0
   0       68     1994    10080      3823273270      3823283351          881804          0       2000          0          0
   0       68     1986    10056      3823283362      3823293418          891895          0       2000          0          0
   0       68     3120    11199      3823293424      3823304623          901957          0       2000          0          0
   0       68     1981    10060      3823304632      3823314692          913165          0       2000          0          0
   0       68     3045    11131      3823314702      3823325833          923235          0       2000          0          0
   0       68     2000    10068      3823325844      3823335913          934377          0       2000          0          0
   0       68     1985    10072      3823335916      3823345988          944450          0       2000          0          0
   0       68     2646    10730      3823346018      3823356748          954551          0       2000          0          0
   0       68     2758    10838      3823356756      3823367595          965289          0       2000          0          0
   0       68     1992    10072      3823367605      3823377677          976138          0       2000          0          0
   0       68     2278    10496      3823377692      3823388188          986226          0       2000          0          0
   0       68     2384    10470      3823388206      3823398676          996739          0       2000          0          0
   0       68     2007    10083      3823398684      3823408767         1007218          0       2000          0          0
   0       68     1977    10053      3823408776      3823418829         1017309          0       2000          0          0
   0       68     1996    10070      3823418887      3823428957         1027420          0       2000          0          0
   0       68     2045    10113      3823428967      3823439080         1037500          0       2000          0          0
   0       68     2004    10082      3823439084      3823449166         1047617          0       2000          0          0
   0       68     1993    10077      3823449176      3823459253         1057709          0       2000          0          0
   0       68     1985    10068      3823459268      3823469335         1067801          0       2000          0          0
   0       68     2065    10139      3823469345      3823479484         1077878          0       2000          0          0
   0       68     2189    10265      3823479493      3823489759         1088026          0       2000          0          0
   0       68     1989    10069      3823489768      3823499837         1098301          0       2000          0          0
   0       68     1985    10071      3823499841      3823509913         1108374          0       2000          0          0
   0       68     2254    10327      3823509924      3823520252         1118457          0       2000          0          0
   0       68     1997    10079      3823520261      3823530340         1128794          0       2000          0          0
   0       68     2442    10526      3823530350      3823540876         1138883          0       2000          0          0
   0       68     1982    10056      3823540886      3823550943         1149420          0       2000          0          0
   0       68     1997    10070      3823550953      3823561022         1159486          0       2000          0          0
   0       68     1982    10063      3823561029      3823571092         1169562          0       2000          0          0
   0       68     3421    11508      3823571104      3823582612         1179638          0       2000          0          0
   0       68     2979    11063      3823582627      3823593690         1191160          0       2000          0          0
   0       68     2822    10894      3823593702      3823604596         1202235          0       2000          0          0
   0       68     1989    10075      3823604605      3823614680         1213138          0       2000          0          0
   0       68     2289    10370      3823614693      3823625063         1223226          0       2000          0          0
   0       68     1994    10076      3823625073      3823635148         1233606          0       2000          0          0
   0       68     1980    10052      3823635153      3823645206         1243686          0       2000          0          0
   0       68     2656    10735      3823645214      3823655949         1253747          0       2000          0          0
   0       68     2001    10079      3823655958      3823666038         1264491          0       2000          0          0
   0       68     1983    10068      3823666047      3823676115         1274580          0       2000          0          0
   0       68     1997    10087      3823676125      3823686212         1284658          0       2000          0          0
   0       68     3185    11270      3823686227      3823697497         1294760          0       2000          0          0
   0       68     2193    10269      3823697509      3823707778         1306042          0       2000          0          0
   0       68     1988    10071      3823707787      3823717858         1316320          0       2000          0          0
   0       68     1996    10066      3823717868      3823727935         1326401          0       2000          0          0
   0       68     1993    10098      3823727941      3823738039         1336474          0       2000          0          0
   0       68     2003    10079      3823738042      3823748122         1346575          0       2000          0          0
   0       68     2913    10995      3823748132      3823759127         1356665          0       2000          0          0
   0       68     2006    10092      3823759186      3823769279         1367719          0       2000          0          0
   0       68     1983    10062      3823769287      3823779349         1377820          0       2000          0          0
   0       68     2959    11036      3823779358      3823790394         1387892          0       2000          0          0
   0       68     1986    10060      3823790402      3823800463         1398936          0       2000          0          0
   0       68     1970    10046      3823800469      3823810515         1409002          0       2000          0          0
   0       68     2095    10171      3823810526      3823820697         1419059          0       2000          0          0
   0       68     2035    10111      3823820707      3823830817         1429240          0       2000          0          0
   0       68     2001    10076      3823830827      3823840903         1439360          0       2000          0          0
   0       68     2024    10108      3823840911      3823851020         1449444          0       2000          0          0
   0       68     2025    10095      3823851031      3823861126         1459564          0       2000          0          0
   0       68     2003    10095      3823861132      3823871226         1469665          0       2000          0          0
   0       68     2172    10258      3823871236      3823881494         1479769          0       2000          0          0
   0       68     2231    10311      3823881505      3823891816         1490038          0       2000          0          0
   0       68     2148    10231      3823891827      3823902058         1500360          0       2000          0          0
   0       68     1967    10045      3823902065      3823912110         1510598          0       2000          0          0
   0       68     2495    10582      3823912120      3823922702         1520653          0       2000          0          0
   0       68     2009    10083      3823922715      3823932798         1531248          0       2000          0          0
   0       68     2009    10084      3823932807      3823942892         1541340          0       2000          0          0
   0       68     2015    10097      3823942902      3823952998         1551435          0       2000          0          0
   0       68     2209    10286      3823953029      3823963315         1561562          0       2000          0          0
   0       68     1972    10060      3823963324      3823973384         1571857          0       2000          0          0
   0       68     2061    10154      3823973401      3823983555         1581934          0       2000          0          0
   0       68     2635    10716      3823983564      3823994280         1592097          0       2000          0          0
   0       68     2042    10119      3823994290      3824004409         1602823          0       2000          0          0
   0       68     1978    10054      3824004419      3824014473         1612952          0       2000          0          0
   0       68     1969    10056      3824014483      3824024538         1623016          0       2000          0          0
   0       68     2001    10072      3824024555      3824034627         1633088          0       2000          0          0
   0       68     1998    10075      3824034636      3824044711         1643170          0       2000          0          0
   0       68     1998    10087      3824044721      3824054808         1653254          0       2000          0          0
   0       68     2026    10107      3824054820      3824064926         1663353          0       2000          0          0
   0       68     2008    10110      3824064936      3824075046         1673469          0       2000          0          0
   0       68     2059    10137      3824075055      3824085193         1683588          0       2000          0          0
   0       68     2005    10076      3824085203      3824095279         1693736          0       2000          0          0
   0       68     1979    10055      3824095333      3824105389         1703867          0       2000          0          0
   0       68     2640    10717      3824105398      3824116115         1713931          0       2000          0          0
   0       68     1974    10050      3824116126      3824126175         1724659          0       2000          0          0
   0       68     1980    10059      3824126228      3824136286         1734761          0       2000          0          0
   0       68     1967    10058      3824136299      3824146357         1744832          0       2000          0          0
   0       68     2956    11037      3824146372      3824157410         1754905          0       2000          0          0
   0       68     2009    10100      3824157419      3824167520         1765952          0       2000          0          0
   0       68     2615    10694      3824167532      3824178226         1776065          0       2000          0          0
   0       68     2205    10284      3824178234      3824188519         1786767          0       2000          0          0
   0       68     1992    10076      3824188528      3824198604         1797061          0       2000          0          0
   0       68     1992    10067      3824198619      3824208686         1807152          0       2000          0          0
   0       68     1996    10073      3824208695      3824218767         1817228          0       2000          0          0
   0       68     1993    10072      3824218777      3824228849         1827310          0       2000          0          0
   0       68     2039    10117      3824228858      3824238975         1837391          0       2000          0          0
   0       68     2003    10076      3824238983      3824249059         1847516          0       2000          0          0
   0       68     2470    10558      3824249069      3824259627         1857602          0       2000          0          0
   0       68     2541    10614      3824259640      3824270254         1868173          0       2000          0          0
   0       68     1980    10060      3824270263      3824280323         1878796          0       2000          0          0
   0       68     2493    10572      3824280337      3824290909         1888870          0       2000          0          0
   0       68     1993    10063      3824290919      3824300982         1899452          0       2000          0          0
   0       68     1970    10055      3824300986      3824311041         1909519          0       2000          0          0
   0       68     2333    10411      3824311049      3824321460         1919582          0       2000          0          0
   0       68     2017    10099      3824321470      3824331568         1930003          0       2000          0          0
   0       68     2025    10100      3824331573      3824341673         1940106          0       2000          0          0
   0       68     2028    10105      3824341683      3824351788         1950216          0       2000          0          0
   0       68     2109    10185      3824351799      3824361983         1960332          0       2000          0          0
   0       68     1990    10063      3824361993      3824372056         1970527          0       2000          0          0
   0       68     2017    10097      3824372066      3824382163         1980599          0       2000          0          0
   0       68     2132    10208      3824382175      3824392383         1990708          0       2000          0          0
   0       68     1972    10046      3824392393      3824402439         2000926          0       2000          0          0
   0       68     2462    10539      3824402447      3824412985         2010980          0       2000          0          0
   0       68     2063    10140      3824412993      3824423133         2021526          0       2000          0          0
   0       68     2029    10111      3824423144      3824433254         2031677          0       2000          0          0
   0       68     2005    10080      3824433310      3824443390         2041843          0       2000          0          0
   0       68     2007    10087      3824443400      3824453487         2051933          0       2000          0          0
   0       68     2090    10168      3824453498      3824463666         2062031          0       2000          0          0
   0       68     1981    10058      3824463675      3824473733         2072208          0       2000          0          0
   0       68     2654    10735      3824473746      3824484481         2082279          0       2000          0          0
   0       68     1998    10071      3824484494      3824494565         2093027          0       2000          0          0
   0       68     1979    10047      3824494574      3824504621         2103107          0       2000          0          0
   0       68     1998    10076      3824504625      3824514702         2113158          0       2000          0          0
   0       68     2005    10081      3824514712      3824524793         2123245          0       2000          0          0
   0       68     1996    10073      3824524803      3824534877         2133336          0       2000          0          0
   0       68     2002    10076      3824534885      3824544961         2143418          0       2000          0          0
   0       68     2053    10131      3824544971      3824555102         2153504          0       2000          0          0
   0       68     1994    10066      3824555111      3824565178         2163645          0       2000          0          0
   0       68     2025    10118      3824565182      3824575300         2173715          0       2000          0          0
   0       68     2001    10080      3824575321      3824585401         2183854          0       2000          0          0
   0       68     2052    10130      3824585410      3824595540         2193943          0       2000          0          0
   0       68     2018    10087      3824595550      3824605638         2204083          0       2000          0          0
   0       68     1986    10063      3824605642      3824615705         2214175          0       2000          0          0
   0       68     2036    10111      3824615714      3824625826         2224248          0       2000          0          0
   0       68     1994    10064      3824625835      3824635899         2234369          0       2000          0          0
   0       68     2068    10148      3824635903      3824646051         2244436          0       2000          0          0
   0       68     1994    10072      3824646062      3824656134         2254595          0       2000          0          0
   0       68     1991    10061      3824656142      3824666203         2264675          0       2000          0          0
   0       68     1992    10066      3824666207      3824676273         2274740          0       2000          0          0
   0       68     2046    10139      3824676283      3824686422         2284816          0       2000          0          0
   0       68     1999    10077      3824686439      3824696516         2294972          0       2000          0          0
   0       68     2111    10188      3824696528      3824706716         2305061          0       2000          0          0
   0       68     1988    10075      3824706726      3824716801         2315259          0       2000          0          0
   0       68     2074    10156      3824716813      3824726969         2325346          0       2000          0          0
   0       68     1991    10073      3824726979      3824737052         2335512          0       2000          0          0
   0       68     2055    10135      3824737056      3824747192         2345589          0       2000          0          0
   0       68     2008    10085      3824747202      3824757287         2355735          0       2000          0          0
   0       68     2093    10172      3824757298      3824767469         2365831          0       2000          0          0
   0       68     1977    10048      3824767531      3824777578         2376064          0       2000          0          0
   0       68     2056    10136      3824777585      3824787721         2386118          0       2000          0          0
   0       68     1986    10069      3824787731      3824797800         2396264          0       2000          0          0
   0       68     1970    10066      3824797814      3824807880         2406347          0       2000          0          0
   0       68     2060    10166      3824807893      3824818060         2416427          0       2000          0          0
   0       68     1999    10072      3824818071      3824828143         2426604          0       2000          0          0
   0       68     2007    10091      3824828149      3824838240         2436683          0       2000          0          0
   0       68     2002    10079      3824838248      3824848327         2446781          0       2000          0          0
   0       68     2157    10234      3824848337      3824858571         2456870          0       2000          0          0
   0       68     2000    10072      3824858581      3824868653         2467114          0       2000          0          0
   0       68     1990    10060      3824868657      3824878718         2477190          0       2000          0          0
   0       68     1975    10051      3824878726      3824888777         2487259          0       2000          0          0
   0       68     1998    10068      3824888787      3824898854         2497320          0       2000          0          0
   0       68     1975    10050      3824898859      3824908909         2507392          0       2000          0          0
   0       68     2053    10141      3824908917      3824919058         2517450          0       2000          0          0
   0       68     2531    10614      3824919077      3824929691         2527610          0       2000          0          0
   0       68     2015    10094      3824929704      3824939799         2538237          0       2000          0          0
   0       68     2102    10189      3824939809      3824949998         2548342          0       2000          0          0
   0       68     2011    10084      3824950032      3824960117         2558566          0       2000          0          0
   0       68     2063    10131      3824960125      3824970256         2568658          0       2000          0          0
   0       68     1976    10059      3824970260      3824980319         2578793          0       2000          0          0
   0       68     3055    11135      3824980332      3824991467         2588865          0       2000          0          0
   0       68     1981    10078      3824991477      3825001554         2600010          0       2000          0          0
   0       68     2860    10943      3825001564      3825012506         2610097          0       2000          0          0
   0       68     2003    10092      3825012517      3825022608         2621050          0       2000          0          0
   0       68     2003    10082      3825022628      3825032710         2631161          0       2000          0          0
   0       68     2250    10325      3825032719      3825043044         2641252          0       2000          0          0
   0       68     1978    10053      3825043054      3825053107         2651587          0       2000          0          0
   0       68     1988    10057      3825053116      3825063174         2661649          0       2000          0          0
   0       68     2028    10100      3825063178      3825073279         2671711          0       2000          0          0
   0       68     1989    10077      3825073288      3825083364         2681821          0       2000          0          0
   0       68     2928    11006      3825083379      3825094385         2691912          0       2000          0          0
   0       68     1992    10064      3825094395      3825104459         2702928          0       2000          0          0
   0       68     2030    10113      3825104511      3825114624         2713044          0       2000          0          0
   0       68     1978    10051      3825114636      3825124686         2723169          0       2000          0          0
   0       68     1971    10044      3825124692      3825134736         2733225          0       2000          0          0
   0       68     1976    10041      3825134745      3825144786         2743278          0       2000          0          0
   0       68     2007    10101      3825144797      3825154898         2753330          0       2000          0          0
   0       68     2021    10131      3825154909      3825165039         2763442          0       2000          0          0
   0       68     1998    10087      3825165049      3825175136         2773582          0       2000          0          0
   0       68     2119    10202      3825175152      3825185354         2783685          0       2000          0          0
   0       68     2061    10153      3825185365      3825195519         2793898          0       2000          0          0
   0       68     2006    10082      3825195537      3825205619         2804070          0       2000          0          0
   0       68     2274    10409      3825205627      3825216036         2814160          0       2000          0          0
   0       68     3780    11861      3825216050      3825227910         2824583          0       2000          0          0
   0       68     2140    10224      3825227918      3825238142         2836451          0       2000          0          0
   0       68     2103    10194      3825238152      3825248346         2846685          0       2000          0          0
   0       68     2927    11006      3825248362      3825259368         2856895          0       2000          0          0
   0       68     2101    10183      3825259377      3825269560         2867910          0       2000          0          0
   0       68     1990    10081      3825269569      3825279650         2878102          0       2000          0          0
   0       68     2538    10617      3825279660      3825290277         2888193          0       2000          0          0
   0       68     1986    10076      3825290287      3825300362         2898820          0       2000          0          0
   0       68     1991    10068      3825300372      3825310440         2908905          0       2000          0          0
   0       68     2774    10853      3825310450      3825321302         2918983          0       2000          0          0
   0       68     1997    10067      3825321312      3825331379         2929845          0       2000          0          0
   0       68     1979    10055      3825331383      3825341438         2939916          0       2000          0          0
   0       68     2022    10107      3825341448      3825351555         2949981          0       2000          0          0
   0       68     1998    10080      3825351565      3825361645         2960098          0       2000          0          0
   0       68     2012    10092      3825361657      3825371749         2970190          0       2000          0          0
   0       68     2281    10367      3825371763      3825382129         2980296          0       2000          0          0
   0       68     1983    10061      3825382140      3825392201         2990673          0       2000          0          0
   0       68     1986    10056      3825392210      3825402266         3000743          0       2000          0          0
   0       68     1983    10059      3825402270      3825412330         3010804          0       2000          0          0
   0       68     2908    10987      3825412339      3825423326         3020872          0       2000          0          0
   0       68     2012    10087      3825423336      3825433423         3031869          0       2000          0          0
   0       68     1992    10068      3825433432      3825443500         3041965          0       2000          0          0
   0       68     1983    10060      3825443557      3825453617         3052090          0       2000          0          0
   0       68     1992    10073      3825453626      3825463700         3062160          0       2000          0          0
   0       68     1984    10079      3825463704      3825473783         3072237          0       2000          0          0
   0       68     2020    10093      3825473796      3825483889         3082329          0       2000          0          0
   0       68     2050    10143      3825483901      3825494043         3092434          0       2000          0          0
   0       68     2001    10077      3825494053      3825504130         3102586          0       2000          0          0
   0       68     2045    10135      3825504137      3825514272         3112670          0       2000          0          0
   0       68     2709    10792      3825514285      3825525077         3122818          0       2000          0          0
   0       68     1998    10084      3825525086      3825535170         3133619          0       2000          0          0
   0       68     2627    10700      3825535180      3825545880         3143713          0       2000          0          0
   0       68     1973    10049      3825545889      3825555937         3154422          0       2000          0          0
   0       68     1985    10065      3825555946      3825566012         3164479          0       2000          0          0
   0       68     1974    10047      3825566016      3825576063         3174549          0       2000          0          0
   0       68     3113    11201      3825576072      3825587274         3184605          0       2000          0          0
   0       68     2438    10524      3825587283      3825597807         3195816          0       2000          0          0
   0       68     2057    10141      3825597820      3825607961         3206353          0       2000          0          0
   0       68     2076    10155      3825607971      3825618126         3216504          0       2000          0          0
   0       68     2060    10129      3825618136      3825628265         3226669          0       2000          0          0
   0       68     1975    10045      3825628273      3825638318         3236806          0       2000          0          0
   0       68     2350    10438      3825638322      3825648761         3246855          0       2000          0          0
   0       68     1967    10044      3825648772      3825658816         3257305          0       2000          0          0
   0       68     1981    10070      3825658825      3825668896         3267358          0       2000          0          0
   0       68     1980    10054      3825668905      3825678959         3277438          0       2000          0          0
   0       68     2989    11089      3825678968      3825690057         3287501          0       2000          0          0
   0       68     1998    10082      3825690067      3825700149         3298600          0       2000          0          0
   0       68     1971    10054      3825700163      3825710216         3308696          0       2000          0          0
   0       68     1984    10059      3825710228      3825720286         3318761          0       2000          0          0
   0       68     2012    10090      3825720296      3825730386         3328829          0       2000          0          0
   0       68     1970    10056      3825730395      3825740451         3338928          0       2000          0          0
   0       68     2733    10818      3825740459      3825751277         3348992          0       2000          0          0
   0       68     1988    10059      3825751286      3825761346         3359819          0       2000          0          0
   0       68     2005    10085      3825761352      3825771437         3369885          0       2000          0          0
   0       68     2029    10102      3825771441      3825781544         3379974          0       2000          0          0
   0       68     2010    10121      3825781606      3825791727         3390139          0       2000          0          0
   0       68     2029    10105      3825791745      3825801850         3400278          0       2000          0          0
   0       68     2007    10104      3825801858      3825811962         3410391          0       2000          0          0
   0       68     2017    10096      3825811972      3825822068         3420505          0       2000          0          0
   0       68     1986    10063      3825822078      3825832141         3430611          0       2000          0          0
   0       68     2015    10092      3825832148      3825842241         3440681          0       2000          0          0
   0       68     2015    10096      3825842249      3825852345         3450782          0       2000          0          0
   0       68     2006    10078      3825852355      3825862434         3460889          0       2000          0          0
   0       68     1986    10068      3825862440      3825872508         3470973          0       2000          0          0
   0       68     2083    10161      3825872512      3825882673         3481045          0       2000          0          0
   0       68     1987    10061      3825882683      3825892744         3491216          0       2000          0          0
   0       68     1968    10041      3825892751      3825902793         3501284          0       2000          0          0
   0       68     1977    10055      3825902800      3825912855         3511333          0       2000          0          0
   0       68     1982    10061      3825912864      3825922925         3521397          0       2000          0          0
   0       68     2025    10108      3825922932      3825933041         3531465          0       2000          0          0
   0       68     1997    10073      3825933052      3825943125         3541585          0       2000          0          0
   0       68     1997    10070      3825943134      3825953204         3551667          0       2000          0          0
   0       68     1993    10069      3825953214      3825963283         3561747          0       2000          0          0
   0       68     2013    10086      3825963293      3825973379         3571826          0       2000          0          0
   0       68     1990    10069      3825973388      3825983457         3581921          0       2000          0          0
   0       68     1992    10064      3825983467      3825993531         3592000          0       2000          0          0
   0       68     1997    10076      3825993537      3826003613         3602071          0       2000          0          0
   0       68     2001    10074      3826003622      3826013695         3612155          0       2000          0          0
   0       68     1971    10041      3826013704      3826023745         3622237          0       2000          0          0
   0       68     2045    10128      3826023750      3826033878         3632283          0       2000          0          0
   0       68     1987    10056      3826033887      3826043943         3642420          0       2000          0          0
   0       68     2015    10092      3826043952      3826054044         3652485          0       2000          0          0
   0       68     2029    10097      3826054054      3826064151         3662587          0       2000          0          0
   0       68     1967    10037      3826064155      3826074192         3672688          0       2000          0          0
   0       68     1993    10073      3826074200      3826084273         3682733          0       2000          0          0
   0       68     1997    10073      3826084283      3826094356         3692816          0       2000          0          0
   0       68     1970    10050      3826094363      3826104414         3702896          0       2000          0          0
   0       68     2017    10094      3826104419      3826114513         3712952          0       2000          0          0
   0       68     3047    11125      3826114583      3826125708         3723116          0       2000          0          0
   0       68     1989    10065      3826125718      3826135782         3734251          0       2000          0          0
   0       68     1966    10069      3826135791      3826145860         3744324          0       2000          0          0
   0       68     2049    10179      3826145879      3826156058         3754412          0       2000          0          0
   0       68     2219    10298      3826156076      3826166375         3764610          0       2000          0          0
   0       68     2025    10123      3826166384      3826176507         3774917          0       2000          0          0
   0       68     2208    10329      3826176521      3826186850         3785054          0       2000          0          0
   0       68     2391    10474      3826186866      3826197340         3795399          0       2000          0          0
   0       68     2138    10218      3826197349      3826207567         3805882          0       2000          0          0
   0       68     1989    10090      3826207578      3826217668         3816111          0       2000          0          0
   0       68     2005    10082      3826217687      3826227769         3826220          0       2000          0          0
   0       68     1992    10067      3826227779      3826237846         3836312          0       2000          0          0
   0       68     2116    10201      3826237856      3826248057         3846389          0       2000          0          0
   0       68     2744    10821      3826248066      3826258887         3856599          0       2000          0          0
   0       68     2215    10297      3826258899      3826269196         3867432          0       2000          0          0
   0       68     2453    10535      3826269208      3826279743         3877741          0       2000          0          0
   0       68     2045    10122      3826279754      3826289876         3888287          0       2000          0          0
   0       68     2015    10095      3826289886      3826299981         3898419          0       2000          0          0
   0       68     2078    10153      3826299986      3826310139         3908519          0       2000          0          0
   0       68     1993    10070      3826310148      3826320218         3918681          0       2000          0          0
   0       68     2024    10102      3826320228      3826330330         3928761          0       2000          0          0
   0       68     1982    10055      3826330339      3826340393         3938872          0       2000          0          0
   0       68     2105    10186      3826340404      3826350590         3948937          0       2000          0          0
   0       68     2039    10115      3826350599      3826360715         3959133          0       2000          0          0
   0       68     1978    10048      3826360724      3826370773         3969257          0       2000          0          0
   0       68     2010    10092      3826370779      3826380872         3979312          0       2000          0          0
   0       68     2024    10113      3826380883      3826390996         3989416          0       2000          0          0
   0       68     2051    10126      3826391018      3826401144         3999551          0       2000          0          0
   0       68     2018    10096      3826401151      3826411248         4009684          0       2000          0          0
   0       68     2083    10163      3826411259      3826421422         4019792          0       2000          0          0
   0       68     2033    10108      3826421431      3826431540         4029965          0       2000          0          0
   0       68     2003    10077      3826431550      3826441627         4040083          0       2000          0          0
   0       68     1978    10058      3826441637      3826451694         4050170          0       2000          0          0
   0       68     1997    10071      3826451756      3826461827         4060290          0       2000          0          0
   0       68     1969    10036      3826461833      3826471870         4070366          0       2000          0          0
   0       68     2037    10119      3826471874      3826481992         4080407          0       2000          0          0
   0       68     2480    10561      3826482011      3826492571         4090544          0       2000          0          0
   0       68     1975    10052      3826492581      3826502633         4101114          0       2000          0          0
   0       68     2002    10087      3826502644      3826512730         4111177          0       2000          0          0
   0       68     2944    11020      3826512741      3826523761         4121274          0       2000          0          0
   0       68     1995    10062      3826523771      3826533833         4132304          0       2000          0          0
   0       68     1967    10043      3826533837      3826543881         4142370          0       2000          0          0
   0       68     2001    10081      3826543890      3826553970         4152423          0       2000          0          0
   0       68     1991    10068      3826553980      3826564048         4162513          0       2000          0          0
   0       68     1982    10058      3826564057      3826574115         4172590          0       2000          0          0
   0       68     1985    10062      3826574126      3826584188         4182659          0       2000          0          0
   0       68     2005    10076      3826584199      3826594275         4192732          0       2000          0          0
   0       68     1972    10050      3826594280      3826604331         4202813          0       2000          0          0
   0       68     1980    10073      3826604339      3826614412         4212872          0       2000          0          0
   0       68     2949    11032      3826614428      3826625460         4222961          0       2000          0          0
   0       68     1991    10062      3826625470      3826635532         4234003          0       2000          0          0
   0       68     2074    10167      3826635536      3826645703         4244069          0       2000          0          0
   0       68     2954    11032      3826645713      3826656746         4254246          0       2000          0          0
   0       68     2033    10103      3826656755      3826666858         4265289          0       2000          0          0
   0       68     1996    10068      3826666862      3826676930         4275395          0       2000          0          0
   0       68     2012    10101      3826676938      3826687039         4285471          0       2000          0          0
   0       68     1978    10048      3826687050      3826697098         4295583          0       2000          0          0
   0       68     2044    10118      3826697103      3826707221         4305636          0       2000          0          0
   0       68     1997    10077      3826707232      3826717309         4315765          0       2000          0          0
   0       68     2226    10311      3826717320      3826727631         4325853          0       2000          0          0
   0       68     2037    10108      3826727644      3826737752         4336177          0       2000          0          0
   0       68     1988    10063      3826737758      3826747821         4346291          0       2000          0          0
   0       68     2100    10194      3826747830      3826758024         4356363          0       2000          0          0
   0       68     2058    10126      3826758033      3826768160         4366566          0       2000          0          0
   0       68     2001    10074      3826768163      3826778237         4376696          0       2000          0          0
   0       68     2016    10092      3826778245      3826788337         4386778          0       2000          0          0
   0       68     1987    10064      3826788398      3826798462         4396931          0       2000          0          0
   0       68     1967    10042      3826798472      3826808514         4407005          0       2000          0          0
   0       68     2003    10074      3826808524      3826818598         4417057          0       2000          0          0
   0       68     1996    10073      3826818604      3826828678         4427137          0       2000          0          0
   0       68     2046    10148      3826828687      3826838835         4437220          0       2000          0          0
   0       68     2027    10105      3826838849      3826848955         4447382          0       2000          0          0
   0       68     2019    10098      3826848967      3826859065         4457500          0       2000          0          0
   0       68     2116    10187      3826859075      3826869262         4467608          0       2000          0          0
   0       68     2009    10080      3826869266      3826879345         4477799          0       2000          0          0
   0       68     1986    10062      3826879355      3826889417         4487888          0       2000          0          0
   0       68     1974    10047      3826889427      3826899474         4497960          0       2000          0          0
   0       68     2017    10091      3826899479      3826909570         4508012          0       2000          0          0
   0       68     1995    10073      3826909579      3826919652         4518112          0       2000          0          0
   0       68     2083    10154      3826919661      3826929815         4528194          0       2000          0          0
   0       68     1998    10081      3826929822      3826939903         4538355          0       2000          0          0
   0       68     2918    11001      3826939916      3826950917         4548449          0       2000          0          0
   0       68     2242    10322      3826950931      3826961253         4559464          0       2000          0          0
   0       68     2079    10148      3826961262      3826971410         4569795          0       2000          0          0
   0       68     1979    10061      3826971414      3826981475         4579947          0       2000          0          0
   0       68     2936    11014      3826981487      3826992502         4590020          0       2000          0          0
   0       68     1993    10075      3826992511      3827002586         4601044          0       2000          0          0
   0       68     2306    10391      3827002593      3827012985         4611127          0       2000          0          0
   0       68     2786    10864      3827012994      3827023858         4621527          0       2000          0          0
   0       68     1987    10068      3827023868      3827033936         4632401          0       2000          0          0
   0       68     1995    10072      3827033947      3827044019         4642480          0       2000          0          0
   0       68     2829    10915      3827044028      3827054943         4652562          0       2000          0          0
   0       68     2728    10813      3827054954      3827065767         4663487          0       2000          0          0
   0       68     2426    10507      3827065780      3827076286         4674313          0       2000          0          0
   0       68     2001    10077      3827076296      3827086373         4684829          0       2000          0          0
   0       68     1991    10069      3827086383      3827096452         4694916          0       2000          0          0
   0       68     1969    10043      3827096462      3827106505         4704995          0       2000          0          0
   0       68     1994    10073      3827106513      3827116586         4715047          0       2000          0          0
   0       68     2029    10099      3827116596      3827126695         4725130          0       2000          0          0
   0       68     1996    10073      3827126755      3827136828         4735288          0       2000          0          0
   0       68     1987    10077      3827136837      3827146914         4745370          0       2000          0          0
   0       68     2041    10129      3827146932      3827157061         4755465          0       2000          0          0
   0       68     1979    10058      3827157070      3827167128         4765603          0       2000          0          0
   0       68     2821    10917      3827167138      3827178055         4775671          0       2000          0          0
   0       68     2720    10853      3827178070      3827188923         4786603          0       2000          0          0
   0       68     2014    10096      3827188933      3827199029         4797466          0       2000          0          0
   0       68     2000    10077      3827199039      3827209116         4807572          0       2000          0          0
   0       68     1993    10070      3827209125      3827219195         4817658          0       2000          0          0
   0       68     2214    10292      3827219210      3827229503         4827743          0       2000          0          0
   0       68     2058    10136      3827229513      3827239649         4838046          0       2000          0          0
   0       68     2067    10146      3827239659      3827249805         4848193          0       2000          0          0
   0       68     2417    10501      3827249817      3827260318         4858350          0       2000          0          0
   0       68     1970    10052      3827260334      3827270386         4868867          0       2000          0          0
   0       68     2003    10085      3827270394      3827280479         4878928          0       2000          0          0
   0       68     1995    10067      3827280488      3827290555         4889022          0       2000          0          0
   0       68     1990    10061      3827290566      3827300627         4899099          0       2000          0          0
   0       68     1980    10058      3827300631      3827310689         4909164          0       2000          0          0
   0       68     2238    10337      3827310699      3827321036         4919232          0       2000          0          0
   0       68     1981    10061      3827321046      3827331108         4929579          0       2000          0          0
   0       68     1997    10068      3827331112      3827341181         4939646          0       2000          0          0
   0       68     1990    10071      3827341190      3827351261         4949724          0       2000          0          0
   0       68     2101    10177      3827351273      3827361450         4959806          0       2000          0          0
   0       68     2017    10114      3827361459      3827371573         4969992          0       2000          0          0
   0       68     2448    10544      3827371590      3827382134         4980123          0       2000          0          0
   0       68     2935    11013      3827382145      3827393158         4990678          0       2000          0          0
