#idx     perf      run   period           start             end          rel_st      slack c_duration   c_period     wu_lat
   0       14     1980     9991       938955203       938965194           28937          0       2000          0          0
   0       14     1979     9987       938965201       938975188           38936          0       2000          0          0
   0       14     1979     9994       938975193       938985187           48927          0       2000          0          0
   0       14     2024    10039       938985193       938995233           58928          0       2000          0          0
   0       14     1984     9995       938995239       939005234           68973          0       2000          0          0
   0       14     2008    10017       939005239       939015256           78973          0       2000          0          0
   0       14     1979     9987       939015260       939025247           88994          0       2000          0          0
   0       14     1979     9987       939025251       939035238           98985          0       2000          0          0
   0       14     1979     9988       939035242       939045230          108976          0       2000          0          0
   0       14     1980     9988       939045233       939055221          118968          0       2000          0          0
   0       14     1979     9987       939055225       939065212          128960          0       2000          0          0
   0       14     1979     9987       939065216       939075203          138950          0       2000          0          0
   0       14     1979     9995       939075207       939085202          148941          0       2000          0          0
   0       14     1980     9992       939085208       939095200          158942          0       2000          0          0
   0       14     1979     9988       939095206       939105195          168940          0       2000          0          0
   0       14     1979     9987       939105198       939115186          178933          0       2000          0          0
   0       14     1979     9992       939115190       939125182          188924          0       2000          0          0
   0       14     1980     9989       939125188       939135177          198923          0       2000          0          0
   0       14     1979     9988       939135181       939145168          208915          0       2000          0          0
   0       14     1979     9988       939145173       939155160          218907          0       2000          0          0
   0       14     1979     9987       939155164       939165151          228898          0       2000          0          0
   0       14     1979     9987       939165155       939175142          238889          0       2000          0          0
   0       14     1979     9987       939175146       939185133          248880          0       2000          0          0
   0       14     1979     9995       939185137       939195131          258871          0       2000          0          0
   0       14     2018    10032       939195139       939205171          268873          0       2000          0          0
   0       14     1981     9991       939205177       939215168          278911          0       2000          0          0
   0       14     2007    10016       939215171       939225187          288906          0       2000          0          0
   0       14     1979     9987       939225191       939235178          298925          0       2000          0          0
   0       14     1979     9987       939235181       939245169          308916          0       2000          0          0
   0       14     1979     9987       939245173       939255160          318907          0       2000          0          0
   0       14     1979     9988       939255163       939265151          328898          0       2000          0          0
   0       14     1979     9987       939265155       939275142          338889          0       2000          0          0
   0       14     1979     9987       939275146       939285133          348880          0       2000          0          0
   0       14     1979     9988       939285189       939295176          358923          0       2000          0          0
   0       14     1979     9989       939295180       939305170          368915          0       2000          0          0
   0       14     1982     9996       939305175       939315171          378909          0       2000          0          0
   0       14     2018    10030       939315177       939325207          388911          0       2000          0          0
   0       14     1979     9988       939325213       939335201          398947          0       2000          0          0
   0       14     1979     9988       939335205       939345193          408939          0       2000          0          0
   0       14     1979     9987       939345197       939355184          418931          0       2000          0          0
   0       14     1979     9987       939355188       939365175          428922          0       2000          0          0
   0       14     1979     9987       939365178       939375165          438913          0       2000          0          0
   0       14     1979     9987       939375169       939385157          448903          0       2000          0          0
   0       14     1979     9988       939385160       939395148          458894          0       2000          0          0
   0       14     1979     9987       939395152       939405139          468886          0       2000          0          0
   0       14     1979     9987       939405143       939415130          478877          0       2000          0          0
   0       14     1981     9997       939415133       939425130          488868          0       2000          0          0
   0       14     1981     9993       939425137       939435130          498871          0       2000          0          0
   0       14     1979     9989       939435136       939445125          508870          0       2000          0          0
   0       14     1979     9991       939445129       939455119          518863          0       2000          0          0
   0       14     1979     9988       939455125       939465113          528859          0       2000          0          0
   0       14     1979     9992       939465116       939475108          538851          0       2000          0          0
   0       14     1979     9989       939475115       939485104          548849          0       2000          0          0
   0       14     1979     9987       939485107       939495095          558842          0       2000          0          0
   0       14     1979    10001       939495098       939505099          568832          0       2000          0          0
   0       14     1979     9998       939505102       939515100          578837          0       2000          0          0
   0       14     1979     9995       939515104       939525099          588838          0       2000          0          0
   0       14     1979     9991       939525102       939535094          598837          0       2000          0          0
   0       14     1980     9993       939535100       939545093          608834          0       2000          0          0
   0       14     1979    10000       939545099       939555099          618833          0       2000          0          0
   0       14     1979     9997       939555103       939565100          628837          0       2000          0          0
   0       14     1979     9997       939565103       939575100          638837          0       2000          0          0
   0       14     1979     9991       939575104       939585095          648838          0       2000          0          0
   0       14     1982     9998       939585102       939595100          658836          0       2000          0          0
   0       14     1979     9992       939595106       939605098          668840          0       2000          0          0
   0       14     1979     9995       939605104       939615099          678838          0       2000          0          0
   0       14     1979     9988       939615131       939625118          688865          0       2000          0          0
   0       14     1979     9988       939625122       939635110          698856          0       2000          0          0
   0       14     1979     9994       939635114       939645108          708848          0       2000          0          0
   0       14     1979     9992       939645114       939655106          718848          0       2000          0          0
   0       14     1979     9989       939655112       939665101          728846          0       2000          0          0
   0       14     1979     9990       939665105       939675094          738839          0       2000          0          0
   0       14     1986     9996       939675100       939685095          748834          0       2000          0          0
   0       14     2007    10015       939685100       939695115          758834          0       2000          0          0
   0       14     1979     9988       939695119       939705107          768853          0       2000          0          0
   0       14     1980     9997       939705111       939715107          778845          0       2000          0          0
   0       14     1979     9988       939715113       939725101          788847          0       2000          0          0
   0       14     1979     9995       939725105       939735100          798839          0       2000          0          0
   0       14     1979     9996       939735103       939745099          808838          0       2000          0          0
   0       14     1979     9994       939745104       939755098          818838          0       2000          0          0
   0       14     1979     9991       939755102       939765093          828836          0       2000          0          0
   0       14     1979    10000       939765099       939775099          838833          0       2000          0          0
   0       14     1979     9994       939775105       939785099          848839          0       2000          0          0
   0       14     1979     9987       939785103       939795091          858838          0       2000          0          0
   0       14     1979    10002       939795095       939805097          868829          0       2000          0          0
   0       14     1979    10001       939805100       939815101          878835          0       2000          0          0
   0       14     1979     9994       939815105       939825099          888839          0       2000          0          0
   0       14     1979    10002       939825103       939835105          898837          0       2000          0          0
   0       14     1979     9991       939835109       939845099          908843          0       2000          0          0
   0       14     1980     9991       939845103       939855094          918837          0       2000          0          0
   0       14     1979    10001       939855100       939865101          928835          0       2000          0          0
   0       14     1979     9991       939865105       939875096          938839          0       2000          0          0
   0       14     2025    10042       939875103       939885145          948837          0       2000          0          0
   0       14     1985     9997       939885151       939895148          958886          0       2000          0          0
   0       14     2007    10016       939895154       939905170          968888          0       2000          0          0
   0       14     1979     9987       939905174       939915161          978908          0       2000          0          0
   0       14     1979     9987       939915164       939925152          988899          0       2000          0          0
   0       14     1979     9988       939925156       939935144          998890          0       2000          0          0
   0       14     1979     9988       939935148       939945136         1008882          0       2000          0          0
   0       14     1979     9987       939945162       939955150         1018896          0       2000          0          0
   0       14     1979     9988       939955153       939965141         1028888          0       2000          0          0
   0       14     1979     9987       939965145       939975132         1038879          0       2000          0          0
   0       14     1979     9988       939975136       939985124         1048870          0       2000          0          0
   0       14     1985     9999       939985129       939995128         1058863          0       2000          0          0
   0       14     2020    10033       939995134       940005167         1068868          0       2000          0          0
   0       14     1980     9989       940005173       940015161         1078907          0       2000          0          0
   0       14     1979     9988       940015165       940025153         1088900          0       2000          0          0
   0       14     1979     9987       940025157       940035144         1098891          0       2000          0          0
   0       14     1979     9988       940035148       940045135         1108882          0       2000          0          0
   0       14     1979     9995       940045139       940055134         1118874          0       2000          0          0
   0       14     1979     9992       940055140       940065132         1128874          0       2000          0          0
   0       14     1979     9988       940065138       940075127         1138872          0       2000          0          0
   0       14     1979     9988       940075131       940085119         1148865          0       2000          0          0
   0       14     1979     9987       940085123       940095110         1158857          0       2000          0          0
   0       14     1979     9995       940095114       940105108         1168848          0       2000          0          0
   0       14     1980     9993       940105115       940115108         1178849          0       2000          0          0
   0       14     1979     9988       940115114       940125102         1188848          0       2000          0          0
   0       14     1979     9996       940125106       940135101         1198840          0       2000          0          0
   0       14     1979     9987       940135105       940145092         1208839          0       2000          0          0
   0       14     1979    10002       940145096       940155099         1218831          0       2000          0          0
   0       14     1979     9996       940155102       940165099         1228837          0       2000          0          0
   0       14     1979     9996       940165102       940175099         1238837          0       2000          0          0
   0       14     1979     9994       940175102       940185096         1248837          0       2000          0          0
   0       14     1979     9999       940185100       940195099         1258834          0       2000          0          0
   0       14     1979     9996       940195103       940205099         1268837          0       2000          0          0
   0       14     1979     9994       940205102       940215097         1278837          0       2000          0          0
   0       14     1980     9998       940215103       940225101         1288837          0       2000          0          0
   0       14     1979     9993       940225107       940235100         1298841          0       2000          0          0
   0       14     1979     9988       940235104       940245092         1308839          0       2000          0          0
   0       14     1979    10003       940245096       940255099         1318830          0       2000          0          0
   0       14     1979     9996       940255103       940265098         1328837          0       2000          0          0
   0       14     1979     9999       940265102       940275101         1338836          0       2000          0          0
   0       14     1979     9987       940275127       940285114         1348861          0       2000          0          0
   0       14     1979     9987       940285118       940295105         1358852          0       2000          0          0
   0       14     1979     9989       940295109       940305098         1368843          0       2000          0          0
   0       14     1979    10005       940305102       940315107         1378836          0       2000          0          0
   0       14     1980     9992       940315113       940325106         1388847          0       2000          0          0
   0       14     1995    10012       940325112       940335124         1398847          0       2000          0          0
   0       14     1992    10003       940335130       940345133         1408865          0       2000          0          0
   0       14     2008    10016       940345138       940355154         1418873          0       2000          0          0
   0       14     1979     9987       940355158       940365145         1428892          0       2000          0          0
   0       14     1979     9987       940365149       940375136         1438883          0       2000          0          0
   0       14     1979     9987       940375140       940385127         1448874          0       2000          0          0
   0       14     1979     9987       940385131       940395118         1458865          0       2000          0          0
   0       14     1979     9988       940395123       940405110         1468857          0       2000          0          0
   0       14     1979     9991       940405114       940415105         1478848          0       2000          0          0
   0       14     1979     9990       940415109       940425099         1488843          0       2000          0          0
   0       14     1979     9988       940425102       940435090         1498837          0       2000          0          0
   0       14     1982     9995       940435095       940445090         1508829          0       2000          0          0
   0       14     1981    10002       940445096       940455098         1518830          0       2000          0          0
   0       14     1979     9996       940455105       940465101         1528839          0       2000          0          0
   0       14     1979     9994       940465105       940475099         1538839          0       2000          0          0
   0       14     1979     9997       940475102       940485099         1548837          0       2000          0          0
   0       14     1979     9996       940485103       940495099         1558837          0       2000          0          0
   0       14     1979     9998       940495103       940505101         1568837          0       2000          0          0
   0       14     1979     9994       940505105       940515099         1578839          0       2000          0          0
   0       14     1979     9996       940515103       940525099         1588837          0       2000          0          0
   0       14     1979     9997       940525103       940535099         1598837          0       2000          0          0
   0       14     1979    10000       940535103       940545102         1608837          0       2000          0          0
   0       14     1979     9994       940545106       940555100         1618840          0       2000          0          0
   0       14     1980     9991       940555106       940565097         1628840          0       2000          0          0
   0       14     1979     9995       940565103       940575099         1638838          0       2000          0          0
   0       14     1980     9994       940575103       940585096         1648837          0       2000          0          0
   0       14     1981     9996       940585103       940595099         1658837          0       2000          0          0
   0       14     1980     9995       940595105       940605100         1668839          0       2000          0          0
   0       14     1979     9989       940605129       940615118         1678863          0       2000          0          0
   0       14     1979     9987       940615121       940625109         1688856          0       2000          0          0
   0       14     1979     9987       940625113       940635100         1698847          0       2000          0          0
   0       14     1979     9993       940635103       940645096         1708838          0       2000          0          0
   0       14     1979     9989       940645100       940655089         1718834          0       2000          0          0
   0       14     1982     9995       940655093       940665088         1728828          0       2000          0          0
   0       14     1980     9994       940665095       940675088         1738829          0       2000          0          0
   0       14     1980    10000       940675095       940685095         1748829          0       2000          0          0
   0       14     1979     9988       940685099       940695087         1758834          0       2000          0          0
   0       14     1979    10008       940695091       940705099         1768825          0       2000          0          0
   0       14     1979     9997       940705103       940715099         1778837          0       2000          0          0
   0       14     1979     9995       940715103       940725098         1788837          0       2000          0          0
   0       14     1979    10001       940725102       940735103         1798836          0       2000          0          0
   0       14     1979     9994       940735107       940745100         1808841          0       2000          0          0
   0       14     1979     9996       940745104       940755100         1818838          0       2000          0          0
   0       14     1979     9995       940755103       940765099         1828838          0       2000          0          0
   0       14     1979     9995       940765102       940775097         1838837          0       2000          0          0
   0       14     1979     9998       940775103       940785101         1848837          0       2000          0          0
   0       14     1979     9989       940785107       940795096         1858841          0       2000          0          0
   0       14     1979     9999       940795100       940805098         1868834          0       2000          0          0
   0       14     1979    10005       940805102       940815107         1878837          0       2000          0          0
   0       14     1979     9992       940815112       940825104         1888846          0       2000          0          0
   0       14     1979     9992       940825110       940835102         1898844          0       2000          0          0
   0       14     1979     9988       940835106       940845094         1908841          0       2000          0          0
   0       14     1979    10001       940845098       940855099         1918832          0       2000          0          0
   0       14     1979     9987       940855102       940865089         1928837          0       2000          0          0
   0       14     1979    10006       940865093       940875099         1938827          0       2000          0          0
   0       14     1979     9992       940875102       940885094         1948837          0       2000          0          0
   0       14     2029    10045       940885100       940895145         1958834          0       2000          0          0
   0       14     1986     9996       940895151       940905147         1968885          0       2000          0          0
   0       14     2008    10019       940905152       940915171         1978886          0       2000          0          0
   0       14     1979     9992       940915176       940925169         1988911          0       2000          0          0
   0       14     1980     9989       940925175       940935164         1998909          0       2000          0          0
   0       14     1979     9987       940935191       940945179         2008925          0       2000          0          0
   0       14     1980     9988       940945183       940955170         2018917          0       2000          0          0
   0       14     1979     9987       940955174       940965161         2028908          0       2000          0          0
   0       14     1979     9987       940965165       940975152         2038899          0       2000          0          0
   0       14     1979     9987       940975156       940985143         2048890          0       2000          0          0
   0       14     1979     9988       940985146       940995134         2058881          0       2000          0          0
   0       14     1983     9997       940995138       941005136         2068873          0       2000          0          0
   0       14     1995    10009       941005142       941015151         2078877          0       2000          0          0
   0       14     1979     9988       941015157       941025145         2088892          0       2000          0          0
   0       14     1979     9987       941025149       941035136         2098883          0       2000          0          0
   0       14     1979     9987       941035140       941045127         2108874          0       2000          0          0
   0       14     1979     9987       941045131       941055118         2118865          0       2000          0          0
   0       14     1979     9987       941055122       941065109         2128856          0       2000          0          0
   0       14     1979     9987       941065113       941075100         2138847          0       2000          0          0
   0       14     1979     9995       941075104       941085099         2148838          0       2000          0          0
   0       14     1979     9997       941085102       941095099         2158837          0       2000          0          0
   0       14     1979     9993       941095103       941105096         2168837          0       2000          0          0
   0       14     1979     9995       941105100       941115094         2178834          0       2000          0          0
   0       14     1979     9997       941115100       941125098         2188835          0       2000          0          0
   0       14     1979     9999       941125104       941135103         2198838          0       2000          0          0
   0       14     1979     9988       941135107       941145095         2208841          0       2000          0          0
   0       14     1979     9988       941145098       941155086         2218833          0       2000          0          0
   0       14     1979    10008       941155090       941165098         2228824          0       2000          0          0
   0       14     1979     9998       941165101       941175099         2238836          0       2000          0          0
   0       14     1979     9996       941175103       941185099         2248837          0       2000          0          0
   0       14     1979     9999       941185102       941195101         2258836          0       2000          0          0
   0       14     1979    10000       941195105       941205105         2268839          0       2000          0          0
   0       14     1979     9991       941205109       941215099         2278843          0       2000          0          0
   0       14     1979     9992       941215103       941225095         2288837          0       2000          0          0
   0       14     1980    10003       941225101       941235104         2298835          0       2000          0          0
   0       14     1980     9989       941235110       941245099         2308844          0       2000          0          0
   0       14     1979     9996       941245103       941255099         2318838          0       2000          0          0
   0       14     1979     9997       941255103       941265100         2328837          0       2000          0          0
   0       14     1979     9992       941265126       941275118         2338860          0       2000          0          0
   0       14     1979     9993       941275124       941285117         2348858          0       2000          0          0
   0       14     1979     9990       941285123       941295113         2358857          0       2000          0          0
   0       14     1979     9987       941295116       941305104         2368851          0       2000          0          0
   0       14     1979     9991       941305107       941315099         2378842          0       2000          0          0
   0       14     1979     9999       941315102       941325102         2388837          0       2000          0          0
   0       14     1979     9988       941325105       941335094         2398840          0       2000          0          0
   0       14     1996    10012       941335099       941345111         2408833          0       2000          0          0
   0       14     1992    10003       941345117       941355120         2418851          0       2000          0          0
   0       14     2008    10017       941355125       941365141         2428859          0       2000          0          0
   0       14     1979     9987       941365146       941375133         2438880          0       2000          0          0
   0       14     1979     9987       941375137       941385124         2448871          0       2000          0          0
   0       14     1979     9987       941385128       941395115         2458862          0       2000          0          0
   0       14     1979     9987       941395118       941405106         2468853          0       2000          0          0
   0       14     1979     9991       941405109       941415100         2478844          0       2000          0          0
   0       14     1979     9994       941415104       941425098         2488838          0       2000          0          0
   0       14     1979     9997       941425102       941435099         2498836          0       2000          0          0
   0       14     1979     9997       941435103       941445100         2508837          0       2000          0          0
   0       14     1986    10000       941445105       941455105         2518839          0       2000          0          0
   0       14     1980     9993       941455111       941465105         2528846          0       2000          0          0
   0       14     1979     9992       941465111       941475103         2538845          0       2000          0          0
   0       14     1979     9994       941475107       941485100         2548841          0       2000          0          0
   0       14     1979    10002       941485104       941495106         2558838          0       2000          0          0
   0       14     1979     9988       941495110       941505098         2568844          0       2000          0          0
   0       14     1979    10006       941505102       941515108         2578836          0       2000          0          0
   0       14     1979     9988       941515114       941525102         2588849          0       2000          0          0
   0       14     1980     9993       941525106       941535099         2598840          0       2000          0          0
   0       14     1979     9991       941535103       941545094         2608837          0       2000          0          0
   0       14     2025    10042       941545101       941555143         2618836          0       2000          0          0
   0       14     1982     9992       941555150       941565142         2628884          0       2000          0          0
   0       14     2007    10016       941565146       941575162         2638880          0       2000          0          0
   0       14     1987    10001       941575166       941585166         2648900          0       2000          0          0
   0       14     1981     9995       941585173       941595168         2658907          0       2000          0          0
   0       14     1979     9992       941595198       941605190         2668932          0       2000          0          0
   0       14     1980     9989       941605196       941615185         2678931          0       2000          0          0
   0       14     1979     9987       941615189       941625176         2688923          0       2000          0          0
   0       14     1979     9987       941625180       941635167         2698914          0       2000          0          0
   0       14     1979     9987       941635170       941645158         2708905          0       2000          0          0
   0       14     1979     9990       941645162       941655152         2718896          0       2000          0          0
   0       14     1982     9996       941655156       941665152         2728890          0       2000          0          0
   0       14     1983     9998       941665158       941675157         2738893          0       2000          0          0
   0       14     1979     9990       941675163       941685153         2748897          0       2000          0          0
   0       14     1979     9987       941685157       941695145         2758892          0       2000          0          0
   0       14     1979     9987       941695148       941705135         2768883          0       2000          0          0
   0       14     1979     9987       941705139       941715126         2778873          0       2000          0          0
   0       14     1979     9987       941715130       941725117         2788864          0       2000          0          0
   0       14     1979     9987       941725121       941735108         2798855          0       2000          0          0
   0       14     1979     9989       941735112       941745101         2808846          0       2000          0          0
   0       14     1979     9997       941745105       941755102         2818839          0       2000          0          0
   0       14     1979     9994       941755105       941765099         2828840          0       2000          0          0
   0       14     1981    10007       941765103       941775110         2838837          0       2000          0          0
   0       14     1985     9997       941775116       941785112         2848850          0       2000          0          0
   0       14     1979     9992       941785117       941795110         2858852          0       2000          0          0
   0       14     1980     9995       941795116       941805110         2868850          0       2000          0          0
   0       14     1979     9989       941805116       941815105         2878851          0       2000          0          0
   0       14     1979     9990       941815109       941825099         2888844          0       2000          0          0
   0       14     1979     9994       941825103       941835096         2898837          0       2000          0          0
   0       14     1979     9987       941835100       941845087         2908834          0       2000          0          0
   0       14     1979    10008       941845091       941855099         2918825          0       2000          0          0
   0       14     1979     9995       941855103       941865098         2928838          0       2000          0          0
   0       14     1979     9990       941865102       941875092         2938836          0       2000          0          0
   0       14     1993    10008       941875097       941885105         2948831          0       2000          0          0
   0       14     2020    10034       941885111       941895145         2958845          0       2000          0          0
   0       14     1979     9993       941895151       941905144         2968885          0       2000          0          0
   0       14     1980     9989       941905149       941915139         2978884          0       2000          0          0
   0       14     1979     9995       941915143       941925138         2988877          0       2000          0          0
   0       14     2013    10024       941925169       941935194         2998903          0       2000          0          0
   0       14     2008    10019       941935199       941945218         3008933          0       2000          0          0
   0       14     1980     9990       941945223       941955214         3018958          0       2000          0          0
   0       14     1981     9992       941955218       941965210         3028953          0       2000          0          0
   0       14     1981     9990       941965216       941975205         3038950          0       2000          0          0
   0       14     1979     9987       941975209       941985197         3048944          0       2000          0          0
   0       14     1979     9987       941985200       941995187         3058935          0       2000          0          0
   0       14     1979     9992       941995191       942005183         3068925          0       2000          0          0
   0       14     2022    10039       942005189       942015228         3078923          0       2000          0          0
   0       14     1981     9992       942015235       942025227         3088969          0       2000          0          0
   0       14     2007    10016       942025230       942035247         3098965          0       2000          0          0
   0       14     1979     9989       942035251       942045240         3108985          0       2000          0          0
   0       14     1981     9991       942045244       942055235         3118979          0       2000          0          0
   0       14     1979     9987       942055240       942065227         3128974          0       2000          0          0
   0       14     1979     9987       942065231       942075218         3138965          0       2000          0          0
   0       14     1979     9987       942075222       942085209         3148956          0       2000          0          0
   0       14     1979     9987       942085213       942095200         3158947          0       2000          0          0
   0       14     1979     9987       942095203       942105190         3168938          0       2000          0          0
   0       14     1979     9991       942105194       942115185         3178928          0       2000          0          0
   0       14     1981     9995       942115191       942125186         3188926          0       2000          0          0
   0       14     1995    10009       942125193       942135202         3198927          0       2000          0          0
   0       14     1980     9989       942135207       942145197         3208942          0       2000          0          0
   0       14     1979     9987       942145200       942155188         3218935          0       2000          0          0
   0       14     1979     9987       942155191       942165179         3228926          0       2000          0          0
   0       14     1979     9987       942165182       942175169         3238917          0       2000          0          0
   0       14     1979     9987       942175173       942185160         3248907          0       2000          0          0
   0       14     1979     9987       942185164       942195152         3258898          0       2000          0          0
   0       14     1979     9987       942195155       942205142         3268889          0       2000          0          0
   0       14     1979     9987       942205146       942215133         3278880          0       2000          0          0
   0       14     1979     9987       942215137       942225124         3288871          0       2000          0          0
   0       14     1979     9992       942225128       942235120         3298862          0       2000          0          0
   0       14     1980     9993       942235126       942245119         3308861          0       2000          0          0
   0       14     1979     9988       942245125       942255113         3318860          0       2000          0          0
   0       14     1979     9988       942255140       942265127         3328874          0       2000          0          0
   0       14     1979     9991       942265131       942275122         3338865          0       2000          0          0
   0       14     1979     9987       942275126       942285113         3348860          0       2000          0          0
   0       14     1979     9987       942285117       942295104         3358851          0       2000          0          0
   0       14     1979     9992       942295107       942305099         3368842          0       2000          0          0
   0       14     1979     9997       942305103       942315100         3378837          0       2000          0          0
   0       14     1979    10000       942315104       942325104         3388838          0       2000          0          0
   0       14     1979     9991       942325108       942335099         3398842          0       2000          0          0
   0       14     1979     9990       942335102       942345092         3408837          0       2000          0          0
   0       14     1979    10009       942345099       942355107         3418833          0       2000          0          0
   0       14     1980     9989       942355113       942365102         3428847          0       2000          0          0
   0       14     1979     9992       942365106       942375098         3438840          0       2000          0          0
   0       14     1979    10000       942375101       942385101         3448836          0       2000          0          0
   0       14     1979     9994       942385105       942395099         3458839          0       2000          0          0
   0       14     1979     9997       942395103       942405100         3468837          0       2000          0          0
   0       14     1979     9995       942405104       942415099         3478838          0       2000          0          0
   0       14     1979     9996       942415103       942425099         3488837          0       2000          0          0
   0       14     1979     9997       942425103       942435100         3498837          0       2000          0          0
   0       14     1979     9987       942435104       942445091         3508838          0       2000          0          0
   0       14     1980     9990       942445094       942455084         3518829          0       2000          0          0
   0       14     1991    10025       942455090       942465115         3528824          0       2000          0          0
   0       14     2006    10017       942465121       942475139         3538856          0       2000          0          0
   0       14     2007    10016       942475144       942485160         3548878          0       2000          0          0
   0       14     1981     9995       942485165       942495160         3558899          0       2000          0          0
   0       14     1980     9994       942495166       942505160         3568901          0       2000          0          0
   0       14     1979     9988       942505166       942515155         3578901          0       2000          0          0
   0       14     1979     9987       942515158       942525145         3588893          0       2000          0          0
   0       14     1979     9987       942525149       942535136         3598883          0       2000          0          0
   0       14     1979     9987       942535140       942545127         3608874          0       2000          0          0
   0       14     1979     9987       942545131       942555118         3618865          0       2000          0          0
   0       14     1979     9987       942555122       942565109         3628856          0       2000          0          0
   0       14     1979     9988       942565112       942575101         3638847          0       2000          0          0
   0       14     1982     9995       942575105       942585099         3648839          0       2000          0          0
   0       14     1981     9995       942585129       942595124         3658863          0       2000          0          0
   0       14     1979     9992       942595130       942605123         3668865          0       2000          0          0
   0       14     1979     9989       942605129       942615117         3678863          0       2000          0          0
   0       14     1979     9987       942615121       942625109         3688856          0       2000          0          0
   0       14     1979     9988       942625112       942635100         3698847          0       2000          0          0
   0       14     1979    10000       942635104       942645104         3708838          0       2000          0          0
   0       14     1979     9995       942645108       942655103         3718842          0       2000          0          0
   0       14     1979     9992       942655106       942665099         3728841          0       2000          0          0
   0       14     1979     9990       942665102       942675092         3738837          0       2000          0          0
   0       14     1985     9998       942675098       942685096         3748832          0       2000          0          0
   0       14     1979    10011       942685102       942695113         3758836          0       2000          0          0
   0       14     1980     9989       942695119       942705108         3768854          0       2000          0          0
   0       14     1979     9988       942705112       942715100         3778846          0       2000          0          0
   0       14     1979     9991       942715104       942725095         3788838          0       2000          0          0
   0       14     1984    10000       942725100       942735101         3798835          0       2000          0          0
   0       14     1979    10027       942735106       942745132         3808840          0       2000          0          0
   0       14     2012    10022       942745139       942755161         3818873          0       2000          0          0
   0       14     1979     9987       942755165       942765152         3828899          0       2000          0          0
   0       14     1979     9987       942765156       942775143         3838890          0       2000          0          0
   0       14     1979     9989       942775147       942785135         3848881          0       2000          0          0
   0       14     1984     9999       942785140       942795139         3858874          0       2000          0          0
   0       14     2013    10027       942795144       942805172         3868879          0       2000          0          0
   0       14     1979     9989       942805178       942815167         3878912          0       2000          0          0
   0       14     1979     9987       942815171       942825158         3888905          0       2000          0          0
   0       14     1979     9987       942825162       942835149         3898896          0       2000          0          0
   0       14     1979     9988       942835153       942845140         3908887          0       2000          0          0
   0       14     1980     9988       942845144       942855132         3918878          0       2000          0          0
   0       14     1979     9987       942855136       942865123         3928870          0       2000          0          0
   0       14     1979     9987       942865127       942875114         3938861          0       2000          0          0
   0       14     1979     9987       942875118       942885105         3948852          0       2000          0          0
   0       14     1979     9992       942885108       942895101         3958843          0       2000          0          0
   0       14     1980     9993       942895105       942905098         3968839          0       2000          0          0
   0       14     1981     9995       942905104       942915099         3978838          0       2000          0          0
   0       14     1979     9988       942915136       942925124         3988870          0       2000          0          0
   0       14     1979     9988       942925128       942935116         3998862          0       2000          0          0
   0       14     1979     9987       942935120       942945107         4008854          0       2000          0          0
   0       14     1979     9988       942945111       942955098         4018845          0       2000          0          0
   0       14     1979     9998       942955102       942965100         4028836          0       2000          0          0
   0       14     1979     9999       942965104       942975102         4038838          0       2000          0          0
   0       14     1979     9995       942975106       942985101         4048840          0       2000          0          0
   0       14     1979     9995       942985105       942995100         4058839          0       2000          0          0
   0       14     1979     9987       942995103       943005090         4068837          0       2000          0          0
   0       14     1979     9994       943005094       943015088         4078828          0       2000          0          0
   0       14     2009    10024       943015095       943025119         4088829          0       2000          0          0
   0       14     1982     9993       943025126       943035119         4098860          0       2000          0          0
   0       14     2008    10016       943035124       943045140         4108858          0       2000          0          0
   0       14     1981     9989       943045144       943055133         4118878          0       2000          0          0
   0       14     1979     9987       943055138       943065125         4128872          0       2000          0          0
   0       14     1979     9988       943065129       943075116         4138863          0       2000          0          0
   0       14     1979     9987       943075120       943085108         4148855          0       2000          0          0
   0       14     1979     9994       943085111       943095106         4158846          0       2000          0          0
   0       14     2021    10037       943095113       943105150         4168847          0       2000          0          0
   0       14     1980     9990       943105157       943115146         4178891          0       2000          0          0
   0       14     1979     9990       943115150       943125140         4188884          0       2000          0          0
   0       14     1991    10006       943125145       943135151         4198879          0       2000          0          0
   0       14     2012    10024       943135157       943145182         4208891          0       2000          0          0
   0       14     2010    10019       943145187       943155206         4218922          0       2000          0          0
   0       14     1980     9988       943155210       943165198         4228945          0       2000          0          0
   0       14     1979     9988       943165203       943175190         4238937          0       2000          0          0
   0       14     1979     9987       943175194       943185181         4248928          0       2000          0          0
   0       14     1979     9987       943185185       943195172         4258919          0       2000          0          0
   0       14     1979     9987       943195176       943205163         4268910          0       2000          0          0
   0       14     1979     9987       943205167       943215154         4278901          0       2000          0          0
   0       14     1979     9987       943215157       943225144         4288892          0       2000          0          0
   0       14     1979     9989       943225148       943235138         4298882          0       2000          0          0
   0       14     1983    10015       943235142       943245156         4308876          0       2000          0          0
   0       14     1980     9993       943245191       943255184         4318925          0       2000          0          0
   0       14     1979     9988       943255190       943265178         4328924          0       2000          0          0
   0       14     1979     9987       943265182       943275169         4338916          0       2000          0          0
   0       14     1979     9988       943275173       943285160         4348907          0       2000          0          0
   0       14     1979     9987       943285164       943295151         4358898          0       2000          0          0
   0       14     1979     9987       943295155       943305142         4368889          0       2000          0          0
   0       14     1979     9991       943305146       943315136         4378880          0       2000          0          0
   0       14     1980     9989       943315142       943325130         4388876          0       2000          0          0
   0       14     1979     9988       943325134       943335122         4398869          0       2000          0          0
   0       14     1979     9987       943335126       943345113         4408860          0       2000          0          0
   0       14     1980     9993       943345116       943355109         4418851          0       2000          0          0
   0       14     1979     9994       943355115       943365109         4428850          0       2000          0          0
   0       14     1979     9988       943365116       943375104         4438850          0       2000          0          0
   0       14     1979     9996       943375107       943385103         4448842          0       2000          0          0
   0       14     1979     9993       943385107       943395100         4458841          0       2000          0          0
   0       14     1979     9998       943395104       943405102         4468838          0       2000          0          0
   0       14     1979     9994       943405106       943415099         4478840          0       2000          0          0
   0       14     1979     9996       943415103       943425098         4488837          0       2000          0          0
   0       14     1979    10000       943425102       943435102         4498836          0       2000          0          0
   0       14     1979     9993       943435106       943445099         4508840          0       2000          0          0
   0       14     1979     9996       943445103       943455098         4518837          0       2000          0          0
   0       14     1979     9994       943455102       943465096         4528836          0       2000          0          0
   0       14     2018    10033       943465104       943475138         4538839          0       2000          0          0
   0       14     1980     9990       943475144       943485133         4548878          0       2000          0          0
   0       14     1979     9987       943485137       943495125         4558872          0       2000          0          0
   0       14     1979     9987       943495128       943505116         4568863          0       2000          0          0
   0       14     1979     9987       943505119       943515106         4578854          0       2000          0          0
   0       14     1979     9987       943515110       943525097         4588845          0       2000          0          0
   0       14     1979     9998       943525101       943535099         4598835          0       2000          0          0
   0       14     1979     9997       943535102       943545099         4608837          0       2000          0          0
   0       14     1979     9996       943545103       943555099         4618837          0       2000          0          0
   0       14     1979     9996       943555103       943565099         4628837          0       2000          0          0
   0       14     1979    10004       943565103       943575106         4638837          0       2000          0          0
   0       14     1982     9995       943575133       943585128         4648867          0       2000          0          0
   0       14     1981     9995       943585134       943595129         4658868          0       2000          0          0
   0       14     1979     9993       943595135       943605128         4668869          0       2000          0          0
   0       14     1979     9989       943605135       943615123         4678869          0       2000          0          0
   0       14     1979     9987       943615127       943625114         4688861          0       2000          0          0
   0       14     1979     9987       943625118       943635105         4698852          0       2000          0          0
   0       14     1979     9990       943635109       943645099         4708843          0       2000          0          0
   0       14     1979    10001       943645103       943655104         4718837          0       2000          0          0
   0       14     1979     9990       943655108       943665098         4728843          0       2000          0          0
   0       14     1979     9991       943665102       943675093         4738836          0       2000          0          0
   0       14     1983     9998       943675099       943685096         4748833          0       2000          0          0
   0       14     1980     9995       943685102       943695097         4758837          0       2000          0          0
   0       14     2000    10010       943695102       943705112         4768837          0       2000          0          0
   0       14     2008    10019       943705118       943715137         4778852          0       2000          0          0
   0       14     1980     9997       943715143       943725140         4788877          0       2000          0          0
   0       14     1992    10004       943725146       943735150         4798881          0       2000          0          0
   0       14     2008    10017       943735156       943745173         4808890          0       2000          0          0
   0       14     1981     9990       943745177       943755167         4818911          0       2000          0          0
   0       14     1979     9987       943755171       943765158         4828906          0       2000          0          0
   0       14     1979     9987       943765162       943775149         4838896          0       2000          0          0
   0       14     1979     9991       943775153       943785144         4848887          0       2000          0          0
   0       14     1981     9994       943785149       943795143         4858883          0       2000          0          0
   0       14     2018    10030       943795150       943805180         4868884          0       2000          0          0
   0       14     1979     9989       943805186       943815175         4878920          0       2000          0          0
   0       14     1979     9988       943815179       943825166         4888913          0       2000          0          0
   0       14     1979     9987       943825170       943835158         4898905          0       2000          0          0
   0       14     1979     9987       943835161       943845149         4908896          0       2000          0          0
   0       14     1980     9989       943845152       943855141         4918887          0       2000          0          0
   0       14     1979     9987       943855145       943865132         4928879          0       2000          0          0
   0       14     1979     9987       943865136       943875123         4938870          0       2000          0          0
   0       14     1979     9987       943875127       943885114         4948861          0       2000          0          0
   0       14     1979     9987       943885117       943895105         4958852          0       2000          0          0
   0       14     1981     9993       943895109       943905102         4968843          0       2000          0          0
   0       14     1979     9993       943905131       943915124         4978865          0       2000          0          0
   0       14     1979     9988       943915130       943925118         4988864          0       2000          0          0
