#idx     perf      run   period           start             end          rel_st      slack c_duration   c_period     wu_lat
   0       14     1296     9316       944455058       944464375            5834          0       2000          0          0
   0       14     1308     9327       944464385       944473712           15161          0       2000          0          0
   0       14     1325     9337       944473719       944483056           24494          0       2000          0          0
   0       14     1335     9345       944483060       944492404           33835          0       2000          0          0
   0       14     1298     9307       944492408       944501715           43183          0       2000          0          0
   0       14     1299     9310       944501718       944511028           52493          0       2000          0          0
   0       14     1307     9319       944511032       944520351           61807          0       2000          0          0
   0       14     1298     9309       944520356       944529664           71131          0       2000          0          0
   0       14     1288     9297       944529667       944538965           80443          0       2000          0          0
   0       14     1298     9308       944538968       944548276           89743          0       2000          0          0
   0       14     1297     9307       944548279       944557586           99054          0       2000          0          0
   0       14     1297     9306       944557589       944566895          108364          0       2000          0          0
   0       14     1298     9315       944566898       944576213          117673          0       2000          0          0
   0       14     1348     9368       944576220       944585588          126995          0       2000          0          0
   0       14     1343     9358       944585595       944594952          136370          0       2000          0          0
   0       14     1308     9325       944594957       944604282          145733          0       2000          0          0
   0       14     1304     9315       944604288       944613604          155064          0       2000          0          0
   0       14     1298     9309       944613608       944622916          164383          0       2000          0          0
   0       14     1331     9348       944622920       944632268          173695          0       2000          0          0
   0       14     1293     9303       944632274       944641577          183049          0       2000          0          0
   0       14     1297     9312       944641580       944650892          192355          0       2000          0          0
   0       14     1319     9332       944650897       944660229          201672          0       2000          0          0
   0       14     1297     9312       944660233       944669546          211009          0       2000          0          0
   0       14     1305     9320       944669551       944678871          220326          0       2000          0          0
   0       14     1301     9311       944678876       944688187          229651          0       2000          0          0
   0       14     1338     9349       944688190       944697539          238965          0       2000          0          0
   0       14     1298     9314       944697543       944706857          248319          0       2000          0          0
   0       14     1315     9330       944706863       944716192          257638          0       2000          0          0
   0       14     1296     9305       944716198       944725504          266974          0       2000          0          0
   0       14     1304     9313       944725507       944734820          276282          0       2000          0          0
   0       14     1297     9306       944734823       944744128          285598          0       2000          0          0
   0       14     1304     9313       944744131       944753445          294907          0       2000          0          0
   0       14     1296     9305       944753447       944762752          304223          0       2000          0          0
   0       14     1298     9307       944762805       944772112          313580          0       2000          0          0
   0       14     1291     9301       944772115       944781416          322891          0       2000          0          0
   0       14     1300     9309       944781419       944790728          332194          0       2000          0          0
   0       14     1298     9312       944790731       944800043          341506          0       2000          0          0
   0       14     1300     9314       944800049       944809363          350824          0       2000          0          0
   0       14     1300     9311       944809369       944818680          360145          0       2000          0          0
   0       14     1301     9311       944818683       944827994          369458          0       2000          0          0
   0       14     1293     9302       944827997       944837299          378772          0       2000          0          0
   0       14     1298     9307       944837302       944846609          388077          0       2000          0          0
   0       14     1295     9304       944846613       944855917          397388          0       2000          0          0
   0       14     1299     9308       944855920       944865228          406695          0       2000          0          0
   0       14     1304     9313       944865231       944874544          416006          0       2000          0          0
   0       14     1294     9303       944874547       944883850          425322          0       2000          0          0
   0       14     1298     9307       944883853       944893161          434629          0       2000          0          0
   0       14     1293     9302       944893164       944902466          443939          0       2000          0          0
   0       14     1302     9319       944902469       944911788          453244          0       2000          0          0
   0       14     1308     9323       944911794       944921117          462569          0       2000          0          0
   0       14     1310     9322       944921123       944930445          471898          0       2000          0          0
   0       14     1321     9330       944930448       944939779          481224          0       2000          0          0
   0       14     1300     9309       944939782       944949091          490557          0       2000          0          0
   0       14     1299     9308       944949094       944958403          499870          0       2000          0          0
   0       14     1299     9308       944958406       944967714          509181          0       2000          0          0
   0       14     1296     9305       944967717       944977022          518492          0       2000          0          0
   0       14     1295     9304       944977025       944986329          527800          0       2000          0          0
   0       14     1297     9306       944986332       944995638          537107          0       2000          0          0
   0       14     1315     9324       944995641       945004965          546416          0       2000          0          0
   0       14     1301     9310       945004968       945014278          555743          0       2000          0          0
   0       14     1296     9310       945014281       945023591          565056          0       2000          0          0
   0       14     1304     9319       945023597       945032915          574372          0       2000          0          0
   0       14     1296     9306       945032921       945042227          583696          0       2000          0          0
   0       14     1298     9307       945042230       945051537          593005          0       2000          0          0
   0       14     1301     9310       945051540       945060851          602316          0       2000          0          0
   0       14     1285     9294       945060854       945070147          611629          0       2000          0          0
   0       14     1300     9310       945070187       945079497          620963          0       2000          0          0
   0       14     1293     9302       945079501       945088803          630276          0       2000          0          0
   0       14     1297     9306       945088806       945098112          639581          0       2000          0          0
   0       14     1300     9309       945098115       945107424          648890          0       2000          0          0
   0       14     1295     9310       945107427       945116737          658202          0       2000          0          0
   0       14     1297     9307       945116742       945126048          667517          0       2000          0          0
   0       14     1297     9315       945126052       945135367          676827          0       2000          0          0
   0       14     1310     9322       945135373       945144695          686148          0       2000          0          0
   0       14     1300     9312       945144698       945154010          695473          0       2000          0          0
   0       14     1306     9319       945154013       945163332          704788          0       2000          0          0
   0       14     1295     9305       945163337       945172642          714113          0       2000          0          0
   0       14     1297     9306       945172645       945181951          723420          0       2000          0          0
   0       14     1295     9304       945181954       945191258          732730          0       2000          0          0
   0       14     1297     9307       945191261       945200568          742037          0       2000          0          0
   0       14     1292     9302       945200572       945209873          751347          0       2000          0          0
   0       14     1296     9305       945209877       945219181          760652          0       2000          0          0
   0       14     1298     9307       945219184       945228492          769960          0       2000          0          0
   0       14     1300     9308       945228495       945237803          779270          0       2000          0          0
   0       14     1300     9317       945237806       945247123          788581          0       2000          0          0
   0       14     1329     9348       945247130       945256478          797905          0       2000          0          0
   0       14     1309     9320       945256484       945265804          807259          0       2000          0          0
   0       14     1330     9339       945265807       945275147          816583          0       2000          0          0
   0       14     1297     9306       945275150       945284456          825925          0       2000          0          0
   0       14     1296     9305       945284459       945293764          835234          0       2000          0          0
   0       14     1296     9305       945293767       945303072          844542          0       2000          0          0
   0       14     1298     9307       945303075       945312381          853850          0       2000          0          0
   0       14     1301     9310       945312384       945321694          863160          0       2000          0          0
   0       14     1294     9302       945321697       945330999          872472          0       2000          0          0
   0       14     1297     9306       945331002       945340308          881778          0       2000          0          0
   0       14     1297     9307       945340311       945349618          891086          0       2000          0          0
   0       14     1301     9322       945349621       945358943          900396          0       2000          0          0
   0       14     1342     9360       945358950       945368310          909725          0       2000          0          0
   0       14     1313     9324       945368315       945377639          919090          0       2000          0          0
   0       14     1302     9340       945377677       945387016          928452          0       2000          0          0
   0       14     1299     9309       945387020       945396329          937795          0       2000          0          0
   0       14     1299     9308       945396332       945405641          947107          0       2000          0          0
   0       14     1287     9296       945405644       945414939          956419          0       2000          0          0
   0       14     1299     9308       945414942       945424251          965717          0       2000          0          0
   0       14     1296     9305       945424254       945433559          975029          0       2000          0          0
   0       14     1300     9309       945433562       945442871          984337          0       2000          0          0
   0       14     1296     9305       945442874       945452179          993649          0       2000          0          0
   0       14     1296     9305       945452182       945461487         1002957          0       2000          0          0
   0       14     1301     9316       945461490       945470806         1012265          0       2000          0          0
   0       14     1333     9353       945470812       945480165         1021587          0       2000          0          0
   0       14     1324     9337       945480171       945489508         1030947          0       2000          0          0
   0       14     1295     9305       945489512       945498816         1040287          0       2000          0          0
   0       14     1308     9317       945498820       945508137         1049595          0       2000          0          0
   0       14     1298     9312       945508140       945517453         1058915          0       2000          0          0
   0       14     1304     9320       945517457       945526777         1068233          0       2000          0          0
   0       14     1341     9356       945526782       945536138         1077558          0       2000          0          0
   0       14     1295     9306       945536144       945545450         1086919          0       2000          0          0
   0       14     1302     9311       945545453       945554764         1096228          0       2000          0          0
   0       14     1297     9306       945554767       945564073         1105542          0       2000          0          0
   0       14     1307     9316       945564076       945573392         1114851          0       2000          0          0
   0       14     1295     9309       945573395       945582703         1124170          0       2000          0          0
   0       14     1310     9332       945582709       945592041         1133484          0       2000          0          0
   0       14     1347     9365       945592049       945601414         1142824          0       2000          0          0
   0       14     1328     9342       945601420       945610762         1152195          0       2000          0          0
   0       14     1297     9308       945610767       945620075         1161542          0       2000          0          0
   0       14     1345     9360       945620079       945629439         1170854          0       2000          0          0
   0       14     1297     9306       945629444       945638750         1180219          0       2000          0          0
   0       14     1334     9349       945638753       945648101         1189528          0       2000          0          0
   0       14     1298     9308       945648107       945657415         1198882          0       2000          0          0
   0       14     1300     9309       945657418       945666727         1208193          0       2000          0          0
   0       14     1300     9311       945666730       945676042         1217505          0       2000          0          0
   0       14     1305     9317       945676045       945685362         1226821          0       2000          0          0
   0       14     1297     9307       945685396       945694702         1236171          0       2000          0          0
   0       14     1307     9325       945694706       945704031         1245481          0       2000          0          0
   0       14     1304     9318       945704036       945713355         1254812          0       2000          0          0
   0       14     1299     9309       945713360       945722669         1264135          0       2000          0          0
   0       14     1298     9307       945722673       945731979         1273448          0       2000          0          0
   0       14     1299     9311       945731982       945741293         1282758          0       2000          0          0
   0       14     1329     9343       945741297       945750640         1292072          0       2000          0          0
   0       14     1295     9304       945750645       945759949         1301421          0       2000          0          0
   0       14     1297     9306       945759952       945769258         1310728          0       2000          0          0
   0       14     1300     9309       945769261       945778570         1320036          0       2000          0          0
   0       14     1298     9308       945778574       945787881         1329349          0       2000          0          0
   0       14     1297     9306       945787884       945797190         1338659          0       2000          0          0
   0       14     1296     9305       945797193       945806498         1347969          0       2000          0          0
   0       14     1305     9320       945806502       945815822         1357277          0       2000          0          0
   0       14     1301     9316       945815827       945825144         1366603          0       2000          0          0
   0       14     1296     9307       945825149       945834455         1375924          0       2000          0          0
   0       14     1295     9304       945834458       945843763         1385234          0       2000          0          0
   0       14     1296     9306       945843766       945853071         1394541          0       2000          0          0
   0       14     1302     9312       945853075       945862386         1403850          0       2000          0          0
   0       14     1298     9307       945862390       945871696         1413165          0       2000          0          0
   0       14     1296     9305       945871700       945881005         1422475          0       2000          0          0
   0       14     1296     9305       945881008       945890313         1431783          0       2000          0          0
   0       14     1295     9304       945890316       945899620         1441091          0       2000          0          0
   0       14     1301     9310       945899623       945908933         1450398          0       2000          0          0
   0       14     1302     9311       945908936       945918247         1459711          0       2000          0          0
   0       14     1297     9311       945918250       945927561         1469025          0       2000          0          0
   0       14     1296     9310       945927567       945936877         1478342          0       2000          0          0
   0       14     1298     9309       945936882       945946191         1487657          0       2000          0          0
   0       14     1299     9308       945946194       945955502         1496969          0       2000          0          0
   0       14     1299     9308       945955505       945964813         1506280          0       2000          0          0
   0       14     1294     9303       945964816       945974119         1515591          0       2000          0          0
   0       14     1303     9312       945974123       945983435         1524898          0       2000          0          0
   0       14     1296     9305       945983438       945992743         1534213          0       2000          0          0
   0       14     1297     9307       945992776       946002083         1543551          0       2000          0          0
   0       14     1309     9318       946002086       946011404         1552861          0       2000          0          0
   0       14     1296     9305       946011407       946020712         1562183          0       2000          0          0
   0       14     1294     9302       946020715       946030018         1571491          0       2000          0          0
   0       14     1299     9313       946030021       946039334         1580796          0       2000          0          0
   0       14     1298     9313       946039340       946048653         1590115          0       2000          0          0
   0       14     1297     9308       946048658       946057966         1599433          0       2000          0          0
   0       14     1301     9311       946057969       946067279         1608744          0       2000          0          0
   0       14     1297     9306       946067283       946076588         1618058          0       2000          0          0
   0       14     1300     9310       946076591       946085901         1627366          0       2000          0          0
   0       14     1300     9309       946085904       946095213         1636679          0       2000          0          0
   0       14     1301     9310       946095216       946104526         1645991          0       2000          0          0
   0       14     1297     9306       946104528       946113835         1655304          0       2000          0          0
   0       14     1294     9303       946113838       946123141         1664613          0       2000          0          0
   0       14     1298     9314       946123144       946132457         1673919          0       2000          0          0
   0       14     1316     9336       946132463       946141799         1683238          0       2000          0          0
   0       14     1329     9345       946141805       946151149         1692580          0       2000          0          0
   0       14     1295     9308       946151154       946160463         1701929          0       2000          0          0
   0       14     1308     9327       946160468       946169795         1711243          0       2000          0          0
   0       14     1315     9327       946169801       946179128         1720576          0       2000          0          0
   0       14     1330     9339       946179131       946188470         1729907          0       2000          0          0
   0       14     1296     9305       946188473       946197779         1739249          0       2000          0          0
   0       14     1296     9305       946197782       946207087         1748557          0       2000          0          0
   0       14     1295     9304       946207090       946216394         1757865          0       2000          0          0
   0       14     1299     9309       946216397       946225706         1767172          0       2000          0          0
   0       14     1297     9307       946225710       946235016         1776485          0       2000          0          0
   0       14     1300     9309       946235019       946244328         1785795          0       2000          0          0
   0       14     1286     9295       946244331       946253626         1795106          0       2000          0          0
   0       14     1297     9315       946253629       946262944         1804404          0       2000          0          0
   0       14     1296     9313       946262949       946272262         1813725          0       2000          0          0
   0       14     1301     9311       946272268       946281579         1823043          0       2000          0          0
   0       14     1324     9333       946281582       946290915         1832357          0       2000          0          0
   0       14     1295     9305       946290918       946300223         1841693          0       2000          0          0
   0       14     1296     9305       946300261       946309566         1851036          0       2000          0          0
   0       14     1299     9312       946309569       946318882         1860344          0       2000          0          0
   0       14     1294     9305       946318886       946328192         1869662          0       2000          0          0
   0       14     1299     9308       946328195       946337503         1878970          0       2000          0          0
   0       14     1294     9303       946337506       946346810         1888281          0       2000          0          0
   0       14     1305     9314       946346813       946356127         1897588          0       2000          0          0
   0       14     1295     9305       946356131       946365436         1906906          0       2000          0          0
   0       14     1297     9317       946365439       946374756         1916214          0       2000          0          0
   0       14     1307     9323       946374762       946384085         1925537          0       2000          0          0
   0       14     1303     9313       946384092       946393405         1934867          0       2000          0          0
   0       14     1325     9335       946393408       946402743         1944183          0       2000          0          0
   0       14     1299     9309       946402746       946412055         1953522          0       2000          0          0
   0       14     1295     9304       946412058       946421363         1962834          0       2000          0          0
   0       14     1300     9309       946421366       946430675         1972141          0       2000          0          0
   0       14     1293     9303       946430678       946439981         1981453          0       2000          0          0
   0       14     1294     9303       946439983       946449287         1990759          0       2000          0          0
   0       14     1299     9308       946449290       946458598         2000065          0       2000          0          0
   0       14     1296     9306       946458601       946467907         2009376          0       2000          0          0
   0       14     1296     9304       946467910       946477214         2018685          0       2000          0          0
   0       14     1295     9311       946477217       946486529         2027992          0       2000          0          0
   0       14     1361     9381       946486535       946495916         2037310          0       2000          0          0
   0       14     1312     9323       946495923       946505246         2046698          0       2000          0          0
   0       14     1295     9306       946505249       946514554         2056024          0       2000          0          0
   0       14     1295     9304       946514558       946523861         2065333          0       2000          0          0
   0       14     1295     9304       946523864       946533169         2074640          0       2000          0          0
   0       14     1297     9306       946533172       946542478         2083947          0       2000          0          0
   0       14     1294     9303       946542481       946551784         2093256          0       2000          0          0
   0       14     1302     9311       946551787       946561099         2102563          0       2000          0          0
   0       14     1298     9312       946561102       946570413         2111877          0       2000          0          0
   0       14     1317     9333       946570417       946579750         2121193          0       2000          0          0
   0       14     1311     9327       946579756       946589084         2130532          0       2000          0          0
   0       14     1312     9328       946589089       946598417         2139864          0       2000          0          0
   0       14     1315     9330       946598423       946607752         2149198          0       2000          0          0
   0       14     1295     9305       946607787       946617092         2158562          0       2000          0          0
   0       14     1298     9313       946617095       946626408         2167870          0       2000          0          0
   0       14     1294     9305       946626413       946635718         2177189          0       2000          0          0
   0       14     1298     9340       946635722       946645062         2186497          0       2000          0          0
   0       14     1309     9320       946645068       946654388         2195843          0       2000          0          0
   0       14     1298     9307       946654391       946663699         2205167          0       2000          0          0
   0       14     1291     9304       946663702       946673006         2214477          0       2000          0          0
   0       14     1329     9340       946673010       946682350         2223785          0       2000          0          0
   0       14     1297     9307       946682354       946691661         2233130          0       2000          0          0
   0       14     1302     9321       946691664       946700986         2242439          0       2000          0          0
   0       14     1301     9319       946700991       946710310         2251766          0       2000          0          0
   0       14     1309     9320       946710316       946719635         2261091          0       2000          0          0
   0       14     1298     9312       946719639       946728951         2270414          0       2000          0          0
   0       14     1301     9317       946728955       946738272         2279730          0       2000          0          0
   0       14     1329     9344       946738278       946747622         2289053          0       2000          0          0
   0       14     1305     9315       946747627       946756942         2298402          0       2000          0          0
   0       14     1296     9306       946756945       946766250         2307720          0       2000          0          0
   0       14     1298     9308       946766253       946775561         2317029          0       2000          0          0
   0       14     1296     9306       946775564       946784870         2326339          0       2000          0          0
   0       14     1295     9304       946784873       946794177         2335648          0       2000          0          0
   0       14     1295     9304       946794180       946803483         2344955          0       2000          0          0
   0       14     1287     9307       946803486       946812794         2354262          0       2000          0          0
   0       14     1300     9318       946812799       946822117         2363574          0       2000          0          0
   0       14     1298     9308       946822123       946831432         2372899          0       2000          0          0
   0       14     1327     9335       946831435       946840770         2382210          0       2000          0          0
   0       14     1297     9307       946840773       946850080         2391548          0       2000          0          0
   0       14     1299     9308       946850083       946859392         2400859          0       2000          0          0
   0       14     1298     9306       946859395       946868701         2410170          0       2000          0          0
   0       14     1299     9308       946868704       946878012         2419479          0       2000          0          0
   0       14     1297     9306       946878015       946887321         2428790          0       2000          0          0
   0       14     1300     9309       946887324       946896633         2438099          0       2000          0          0
   0       14     1300     9309       946896636       946905945         2447412          0       2000          0          0
   0       14     1293     9303       946905948       946915251         2456724          0       2000          0          0
   0       14     1302     9318       946915284       946924603         2466060          0       2000          0          0
   0       14     1307     9319       946924609       946933928         2475385          0       2000          0          0
   0       14     1297     9314       946933932       946943246         2484707          0       2000          0          0
   0       14     1297     9310       946943252       946952562         2494028          0       2000          0          0
   0       14     1322     9331       946952565       946961897         2503341          0       2000          0          0
   0       14     1299     9308       946961900       946971208         2512675          0       2000          0          0
   0       14     1298     9307       946971211       946980517         2521986          0       2000          0          0
   0       14     1297     9306       946980520       946989826         2531296          0       2000          0          0
   0       14     1298     9307       946989829       946999137         2540605          0       2000          0          0
   0       14     1297     9306       946999140       947008446         2549915          0       2000          0          0
   0       14     1296     9305       947008449       947017754         2559224          0       2000          0          0
   0       14     1296     9305       947017757       947027061         2568532          0       2000          0          0
   0       14     1295     9308       947027064       947036373         2577840          0       2000          0          0
   0       14     1363     9384       947036378       947045762         2587153          0       2000          0          0
   0       14     1317     9329       947045768       947055097         2596544          0       2000          0          0
   0       14     1298     9309       947055101       947064410         2605876          0       2000          0          0
   0       14     1295     9304       947064413       947073717         2615188          0       2000          0          0
   0       14     1296     9305       947073720       947083025         2624495          0       2000          0          0
   0       14     1298     9307       947083028       947092334         2633803          0       2000          0          0
   0       14     1301     9310       947092337       947101647         2643113          0       2000          0          0
   0       14     1297     9306       947101650       947110956         2652426          0       2000          0          0
   0       14     1291     9299       947110959       947120259         2661735          0       2000          0          0
   0       14     1298     9307       947120262       947129569         2671037          0       2000          0          0
   0       14     1298     9307       947129572       947138879         2680347          0       2000          0          0
   0       14     1298     9310       947138882       947148192         2689657          0       2000          0          0
   0       14     1300     9315       947148197       947157512         2698972          0       2000          0          0
   0       14     1351     9367       947157518       947166885         2708293          0       2000          0          0
   0       14     1298     9307       947166890       947176197         2717665          0       2000          0          0
   0       14     1296     9305       947176201       947185505         2726976          0       2000          0          0
   0       14     1292     9301       947185509       947194809         2736284          0       2000          0          0
   0       14     1297     9306       947194812       947204118         2745588          0       2000          0          0
   0       14     1297     9306       947204121       947213427         2754896          0       2000          0          0
   0       14     1296     9305       947213430       947222735         2764206          0       2000          0          0
   0       14     1296     9305       947222770       947232075         2773545          0       2000          0          0
   0       14     1298     9307       947232078       947241385         2782853          0       2000          0          0
   0       14     1297     9307       947241388       947250695         2792163          0       2000          0          0
   0       14     1299     9312       947250699       947260011         2801474          0       2000          0          0
   0       14     1300     9319       947260014       947269333         2810789          0       2000          0          0
   0       14     1364     9379       947269339       947278717         2820114          0       2000          0          0
   0       14     1303     9313       947278723       947288036         2829498          0       2000          0          0
   0       14     1299     9308       947288039       947297347         2838814          0       2000          0          0
   0       14     1298     9307       947297350       947306657         2848125          0       2000          0          0
   0       14     1295     9304       947306660       947315964         2857435          0       2000          0          0
   0       14     1296     9305       947315967       947325272         2866742          0       2000          0          0
   0       14     1295     9304       947325275       947334578         2876050          0       2000          0          0
   0       14     1295     9314       947334581       947343895         2885356          0       2000          0          0
   0       14     1298     9315       947343900       947353215         2894676          0       2000          0          0
   0       14     1299     9310       947353221       947362531         2903996          0       2000          0          0
   0       14     1342     9355       947362534       947371890         2913309          0       2000          0          0
   0       14     1299     9315       947371894       947381209         2922669          0       2000          0          0
   0       14     1321     9336       947381214       947390550         2931990          0       2000          0          0
   0       14     1297     9307       947390556       947399863         2941331          0       2000          0          0
   0       14     1303     9312       947399866       947409178         2950641          0       2000          0          0
   0       14     1296     9305       947409181       947418487         2959957          0       2000          0          0
   0       14     1299     9308       947418490       947427798         2969265          0       2000          0          0
   0       14     1298     9307       947427801       947437108         2978576          0       2000          0          0
   0       14     1299     9308       947437111       947446419         2987886          0       2000          0          0
   0       14     1299     9308       947446422       947455731         2997197          0       2000          0          0
   0       14     1296     9305       947455734       947465039         3006509          0       2000          0          0
   0       14     1300     9309       947465042       947474351         3015817          0       2000          0          0
   0       14     1299     9308       947474354       947483663         3025129          0       2000          0          0
   0       14     1306     9327       947483666       947492994         3034442          0       2000          0          0
   0       14     1306     9320       947493000       947502320         3043775          0       2000          0          0
   0       14     1296     9307       947502325       947511632         3053101          0       2000          0          0
   0       14     1300     9310       947511635       947520946         3062410          0       2000          0          0
   0       14     1297     9310       947520949       947530259         3071724          0       2000          0          0
   0       14     1297     9307       947530299       947539606         3081075          0       2000          0          0
   0       14     1305     9319       947539609       947548928         3090385          0       2000          0          0
   0       14     1300     9310       947548934       947558243         3099709          0       2000          0          0
   0       14     1294     9303       947558246       947567549         3109022          0       2000          0          0
   0       14     1295     9307       947567552       947576859         3118327          0       2000          0          0
   0       14     1314     9330       947576862       947586192         3127638          0       2000          0          0
   0       14     1305     9320       947586199       947595519         3136974          0       2000          0          0
   0       14     1297     9315       947595525       947604839         3146300          0       2000          0          0
   0       14     1307     9318       947604846       947614163         3155621          0       2000          0          0
   0       14     1296     9308       947614167       947623474         3164942          0       2000          0          0
   0       14     1301     9312       947623479       947632792         3174255          0       2000          0          0
   0       14     1295     9313       947632795       947642108         3183570          0       2000          0          0
   0       14     1351     9366       947642115       947651481         3192890          0       2000          0          0
   0       14     1297     9307       947651486       947660793         3202262          0       2000          0          0
   0       14     1297     9310       947660796       947670106         3211572          0       2000          0          0
   0       14     1304     9316       947670110       947679426         3220885          0       2000          0          0
   0       14     1303     9313       947679430       947688743         3230205          0       2000          0          0
   0       14     1296     9305       947688746       947698051         3239521          0       2000          0          0
   0       14     1297     9306       947698054       947707360         3248829          0       2000          0          0
   0       14     1296     9311       947707363       947716674         3258138          0       2000          0          0
   0       14     1297     9315       947716679       947725994         3267454          0       2000          0          0
   0       14     1299     9310       947725999       947735309         3276775          0       2000          0          0
   0       14     1329     9339       947735312       947744651         3286088          0       2000          0          0
   0       14     1297     9308       947744654       947753962         3295429          0       2000          0          0
   0       14     1295     9304       947753965       947763269         3304740          0       2000          0          0
   0       14     1297     9307       947763272       947772579         3314047          0       2000          0          0
   0       14     1306     9316       947772582       947781897         3323357          0       2000          0          0
   0       14     1296     9305       947781901       947791206         3332676          0       2000          0          0
   0       14     1287     9296       947791209       947800505         3341984          0       2000          0          0
   0       14     1295     9304       947800508       947809812         3351284          0       2000          0          0
   0       14     1303     9312       947809815       947819127         3360590          0       2000          0          0
   0       14     1295     9311       947819130       947828441         3369905          0       2000          0          0
   0       14     1306     9323       947828446       947837769         3379221          0       2000          0          0
   0       14     1299     9310       947837806       947847116         3388582          0       2000          0          0
   0       14     1296     9305       947847119       947856424         3397894          0       2000          0          0
   0       14     1294     9303       947856427       947865730         3407202          0       2000          0          0
   0       14     1294     9303       947865733       947875036         3416509          0       2000          0          0
   0       14     1299     9308       947875039       947884347         3425814          0       2000          0          0
   0       14     1297     9307       947884350       947893656         3435125          0       2000          0          0
   0       14     1295     9305       947893659       947902964         3444435          0       2000          0          0
   0       14     1295     9304       947902967       947912270         3453742          0       2000          0          0
   0       14     1304     9313       947912273       947921587         3463049          0       2000          0          0
   0       14     1299     9308       947921590       947930897         3472365          0       2000          0          0
   0       14     1294     9312       947930900       947940213         3481676          0       2000          0          0
   0       14     1330     9347       947940219       947949566         3490994          0       2000          0          0
   0       14     1307     9320       947949571       947958891         3500346          0       2000          0          0
   0       14     1302     9315       947958895       947968210         3509670          0       2000          0          0
   0       14     1298     9313       947968215       947977527         3518990          0       2000          0          0
   0       14     1300     9310       947977533       947986843         3528308          0       2000          0          0
   0       14     1324     9333       947986846       947996180         3537621          0       2000          0          0
   0       14     1305     9314       947996183       948005497         3546958          0       2000          0          0
   0       14     1285     9294       948005500       948014794         3556275          0       2000          0          0
   0       14     1297     9306       948014797       948024103         3565572          0       2000          0          0
   0       14     1297     9306       948024106       948033412         3574881          0       2000          0          0
   0       14     1297     9306       948033415       948042722         3584191          0       2000          0          0
   0       14     1295     9311       948042725       948052036         3593500          0       2000          0          0
   0       14     1354     9373       948052043       948061416         3602818          0       2000          0          0
   0       14     1309     9320       948061421       948070741         3612197          0       2000          0          0
   0       14     1326     9336       948070744       948080080         3621520          0       2000          0          0
   0       14     1298     9307       948080083       948089390         3630858          0       2000          0          0
   0       14     1296     9305       948089393       948098698         3640168          0       2000          0          0
   0       14     1297     9306       948098701       948108007         3649476          0       2000          0          0
   0       14     1295     9307       948108010       948117317         3658785          0       2000          0          0
   0       14     1305     9319       948117320       948126639         3668095          0       2000          0          0
   0       14     1298     9308       948126644       948135951         3677419          0       2000          0          0
   0       14     1296     9305       948135954       948145260         3686730          0       2000          0          0
   0       14     1295     9306       948145292       948154598         3696067          0       2000          0          0
   0       14     1296     9307       948154602       948163909         3705377          0       2000          0          0
   0       14     1312     9330       948163913       948173243         3714688          0       2000          0          0
   0       14     1366     9381       948173250       948182631         3724025          0       2000          0          0
   0       14     1297     9306       948182636       948191942         3733412          0       2000          0          0
   0       14     1317     9326       948191945       948201272         3742721          0       2000          0          0
   0       14     1297     9306       948201275       948210580         3752050          0       2000          0          0
   0       14     1298     9307       948210583       948219890         3761359          0       2000          0          0
   0       14     1295     9304       948219893       948229197         3770668          0       2000          0          0
   0       14     1297     9306       948229200       948238507         3779976          0       2000          0          0
   0       14     1305     9314       948238510       948247824         3789285          0       2000          0          0
   0       14     1294     9303       948247827       948257130         3798602          0       2000          0          0
   0       14     1301     9310       948257133       948266443         3807908          0       2000          0          0
   0       14     1300     9311       948266446       948275757         3817221          0       2000          0          0
   0       14     1309     9318       948275761       948285079         3826536          0       2000          0          0
   0       14     1300     9309       948285082       948294391         3835858          0       2000          0          0
   0       14     1293     9302       948294394       948303696         3845169          0       2000          0          0
   0       14     1295     9304       948303699       948313003         3854474          0       2000          0          0
   0       14     1297     9306       948313006       948322312         3863781          0       2000          0          0
   0       14     1311     9320       948322315       948331635         3873090          0       2000          0          0
   0       14     1290     9299       948331638       948340936         3882413          0       2000          0          0
   0       14     1307     9316       948340939       948350256         3891715          0       2000          0          0
   0       14     1298     9307       948350259       948359566         3901034          0       2000          0          0
   0       14     1298     9307       948359569       948368876         3910344          0       2000          0          0
   0       14     1297     9306       948368879       948378185         3919654          0       2000          0          0
   0       14     1301     9313       948378188       948387501         3928963          0       2000          0          0
   0       14     1299     9314       948387504       948396818         3938279          0       2000          0          0
   0       14     1356     9371       948396824       948406194         3947599          0       2000          0          0
   0       14     1300     9311       948406200       948415511         3956975          0       2000          0          0
   0       14     1296     9306       948415514       948424820         3966289          0       2000          0          0
   0       14     1314     9324       948424823       948434146         3975598          0       2000          0          0
   0       14     1299     9308       948434149       948443458         3984925          0       2000          0          0
   0       14     1302     9311       948443461       948452772         3994236          0       2000          0          0
   0       14     1295     9305       948452816       948462121         4003591          0       2000          0          0
   0       14     1291     9300       948462124       948471425         4012900          0       2000          0          0
   0       14     1297     9306       948471428       948480734         4022203          0       2000          0          0
   0       14     1296     9307       948480737       948490044         4031512          0       2000          0          0
   0       14     1324     9340       948490048       948499388         4040823          0       2000          0          0
   0       14     1303     9313       948499393       948508706         4050168          0       2000          0          0
   0       14     1297     9314       948508710       948518023         4059485          0       2000          0          0
   0       14     1355     9372       948518029       948527401         4068804          0       2000          0          0
   0       14     1299     9309       948527407       948536716         4078182          0       2000          0          0
   0       14     1301     9310       948536720       948546030         4087495          0       2000          0          0
   0       14     1297     9306       948546033       948555339         4096808          0       2000          0          0
   0       14     1295     9307       948555342       948564650         4106118          0       2000          0          0
   0       14     1303     9319       948564653       948573973         4115429          0       2000          0          0
   0       14     1322     9338       948573978       948583316         4124754          0       2000          0          0
   0       14     1316     9337       948583322       948592658         4134097          0       2000          0          0
   0       14     1314     9333       948592664       948601997         4143439          0       2000          0          0
   0       14     1303     9319       948602003       948611322         4152778          0       2000          0          0
   0       14     1306     9316       948611327       948620643         4162102          0       2000          0          0
   0       14     1302     9318       948620646       948629964         4171422          0       2000          0          0
   0       14     1307     9324       948629970       948639293         4180745          0       2000          0          0
   0       14     1292     9303       948639299       948648602         4190074          0       2000          0          0
   0       14     1300     9310       948648605       948657915         4199380          0       2000          0          0
   0       14     1295     9305       948657918       948667223         4208693          0       2000          0          0
   0       14     1299     9311       948667226       948676537         4218001          0       2000          0          0
   0       14     1297     9308       948676541       948685850         4227317          0       2000          0          0
   0       14     1295     9305       948685854       948695159         4236629          0       2000          0          0
   0       14     1295     9304       948695162       948704466         4245937          0       2000          0          0
   0       14     1297     9306       948704469       948713776         4255245          0       2000          0          0
   0       14     1305     9322       948713779       948723100         4264554          0       2000          0          0
   0       14     1300     9316       948723105       948732421         4273881          0       2000          0          0
   0       14     1297     9307       948732427       948741734         4283202          0       2000          0          0
   0       14     1325     9335       948741737       948751072         4292512          0       2000          0          0
   0       14     1298     9307       948751075       948760382         4301850          0       2000          0          0
   0       14     1296     9305       948760425       948769730         4311200          0       2000          0          0
   0       14     1300     9309       948769733       948779042         4320509          0       2000          0          0
   0       14     1295     9305       948779045       948788350         4329821          0       2000          0          0
   0       14     1297     9306       948788353       948797659         4339129          0       2000          0          0
   0       14     1291     9300       948797662       948806962         4348437          0       2000          0          0
   0       14     1296     9305       948806965       948816270         4357740          0       2000          0          0
   0       14     1302     9311       948816273       948825584         4367048          0       2000          0          0
   0       14     1297     9314       948825587       948834901         4376363          0       2000          0          0
   0       14     1309     9324       948834907       948844231         4385682          0       2000          0          0
   0       14     1297     9308       948844237       948853544         4395012          0       2000          0          0
   0       14     1299     9308       948853548       948862856         4404323          0       2000          0          0
   0       14     1295     9304       948862859       948872163         4413634          0       2000          0          0
   0       14     1298     9307       948872166       948881474         4422941          0       2000          0          0
   0       14     1296     9305       948881477       948890782         4432252          0       2000          0          0
   0       14     1298     9307       948890785       948900092         4441560          0       2000          0          0
   0       14     1299     9308       948900095       948909403         4450870          0       2000          0          0
   0       14     1297     9306       948909406       948918712         4460181          0       2000          0          0
   0       14     1299     9308       948918715       948928023         4469490          0       2000          0          0
   0       14     1295     9304       948928026       948937330         4478801          0       2000          0          0
   0       14     1299     9316       948937333       948946649         4488108          0       2000          0          0
   0       14     1299     9313       948946654       948955967         4497429          0       2000          0          0
   0       14     1299     9309       948955972       948965282         4506748          0       2000          0          0
   0       14     1297     9306       948965285       948974591         4516060          0       2000          0          0
   0       14     1299     9308       948974594       948983902         4525369          0       2000          0          0
   0       14     1295     9304       948983905       948993209         4534681          0       2000          0          0
   0       14     1299     9308       948993212       949002520         4543987          0       2000          0          0
   0       14     1300     9312       949002523       949011834         4553298          0       2000          0          0
   0       14     1297     9306       949011838       949021144         4562613          0       2000          0          0
   0       14     1293     9302       949021147       949030449         4571923          0       2000          0          0
   0       14     1296     9305       949030452       949039757         4581227          0       2000          0          0
   0       14     1299     9309       949039760       949049069         4590535          0       2000          0          0
   0       14     1296     9315       949049072       949058387         4599847          0       2000          0          0
   0       14     1302     9317       949058392       949067709         4609168          0       2000          0          0
   0       14     1302     9313       949067746       949077058         4618521          0       2000          0          0
   0       14     1330     9339       949077061       949086401         4627837          0       2000          0          0
   0       14     1301     9310       949086404       949095714         4637179          0       2000          0          0
   0       14     1301     9310       949095717       949105028         4646492          0       2000          0          0
   0       14     1307     9316       949105030       949114347         4655806          0       2000          0          0
   0       14     1299     9308       949114350       949123658         4665125          0       2000          0          0
   0       14     1293     9303       949123661       949132964         4674436          0       2000          0          0
   0       14     1299     9308       949132967       949142275         4683742          0       2000          0          0
   0       14     1300     9310       949142278       949151588         4693053          0       2000          0          0
   0       14     1299     9308       949151591       949160900         4702366          0       2000          0          0
   0       14     1300     9317       949160903       949170219         4711678          0       2000          0          0
   0       14     1338     9357       949170226       949179583         4721001          0       2000          0          0
   0       14     1310     9320       949179589       949188909         4730364          0       2000          0          0
   0       14     1329     9339       949188912       949198251         4739687          0       2000          0          0
   0       14     1300     9309       949198254       949207563         4749029          0       2000          0          0
   0       14     1294     9304       949207566       949216870         4758341          0       2000          0          0
   0       14     1294     9303       949216873       949226176         4767648          0       2000          0          0
   0       14     1294     9304       949226179       949235482         4776954          0       2000          0          0
   0       14     1297     9307       949235485       949244792         4786261          0       2000          0          0
   0       14     1296     9306       949244795       949254101         4795571          0       2000          0          0
   0       14     1299     9308       949254105       949263412         4804880          0       2000          0          0
   0       14     1295     9304       949263415       949272720         4814191          0       2000          0          0
   0       14     1297     9307       949272723       949282030         4823498          0       2000          0          0
   0       14     1295     9305       949282034       949291339         4832809          0       2000          0          0
   0       14     1302     9312       949291342       949300654         4842118          0       2000          0          0
   0       14     1302     9311       949300658       949309969         4851433          0       2000          0          0
   0       14     1295     9304       949309972       949319276         4860747          0       2000          0          0
   0       14     1299     9308       949319279       949328587         4870054          0       2000          0          0
   0       14     1307     9316       949328590       949337905         4879365          0       2000          0          0
   0       14     1299     9309       949337908       949347217         4888684          0       2000          0          0
   0       14     1297     9307       949347220       949356526         4897995          0       2000          0          0
   0       14     1282     9291       949356529       949365821         4907305          0       2000          0          0
   0       14     1294     9303       949365824       949375127         4916599          0       2000          0          0
   0       14     1299     9309       949375185       949384493         4925960          0       2000          0          0
   0       14     1300     9317       949384497       949393814         4935272          0       2000          0          0
   0       14     1340     9358       949393819       949403177         4944594          0       2000          0          0
   0       14     1308     9321       949403183       949412504         4953959          0       2000          0          0
   0       14     1294     9303       949412507       949421811         4963283          0       2000          0          0
   0       14     1287     9297       949421814       949431111         4972589          0       2000          0          0
   0       14     1298     9307       949431114       949440421         4981889          0       2000          0          0
