cset: --> last message, executed args into cpuset "/user", new pid is: 10216
{
  name          : calibration
  trace_id      : 10a68ac60bd780b88ccd8d958bb1fff1
  span_id       : 1962e04484869bbf
  tracestate    : 
  parent_span_id: 4a85d4ba6e581ffe
  start         : 1787914793825584135
  duration      : 31420
  description   : 
  span kind     : Internal
  status        : Unset
  attributes    : 
  events        : 
  links         : 
  resources     : 
	telemetry.sdk.version: 1.28.0
	telemetry.sdk.name: opentelemetry
	telemetry.sdk.language: cpp
	service.name: rt-app_console
  instr-lib     : rt-app-tracer
}
{
  name          : HI_task-0
  trace_id      : 10a68ac60bd780b88ccd8d958bb1fff1
  span_id       : e1e6f7cdfbc695e1
  tracestate    : 
  parent_span_id: 4a85d4ba6e581ffe
  start         : 1787914793826862343
  duration      : 19999337203
  description   : 
  span kind     : Internal
  status        : Unset
  attributes    : 
	cancellation: force_terminate
	config.sched_data.util_min: -1
	config.index: 0
	config.lock_pages: 1
	config.sched_data.priority: 90
	config.num_instances: 1
	config.loop: 1
	config.delay: 0
	config.forked: 0
	config.duration: 20
	config.sched_data.policy: SCHED_FIFO
	config.nphases: 1
	config.sched_data.util_max: -1
	config.name: HI_task-0
	config.cpuset: [ 2 ]
  events        : 
  links         : 
  resources     : 
	telemetry.sdk.version: 1.28.0
	telemetry.sdk.name: opentelemetry
	telemetry.sdk.language: cpp
	service.name: rt-app_console
  instr-lib     : rt-app-tracer
}
{
  name          : LO_noise-1
  trace_id      : 10a68ac60bd780b88ccd8d958bb1fff1
  span_id       : 2f4c86fc56363d6d
  tracestate    : 
  parent_span_id: 4a85d4ba6e581ffe
  start         : 1787914793826741953
  duration      : 19999507038
  description   : 
  span kind     : Internal
  status        : Unset
  attributes    : 
	cancellation: force_terminate
	config.sched_data.util_min: -1
	config.index: 1
	config.lock_pages: 1
	config.sched_data.priority: 0
	config.num_instances: 4
	config.loop: 1
	config.delay: 0
	config.forked: 0
	config.duration: 20
	config.sched_data.policy: SCHED_OTHER
	config.nphases: 1
	config.sched_data.util_max: -1
	config.name: LO_noise-1
	config.cpuset: [ 3 ]
  events        : 
  links         : 
  resources     : 
	telemetry.sdk.version: 1.28.0
	telemetry.sdk.name: opentelemetry
	telemetry.sdk.language: cpp
	service.name: rt-app_console
  instr-lib     : rt-app-tracer
}
{
  name          : LO_noise-2
  trace_id      : 10a68ac60bd780b88ccd8d958bb1fff1
  span_id       : 8b3b0ca0534dbacc
  tracestate    : 
  parent_span_id: 4a85d4ba6e581ffe
  start         : 1787914793826611503
  duration      : 19999647556
  description   : 
  span kind     : Internal
  status        : Unset
  attributes    : 
	cancellation: force_terminate
	config.sched_data.util_min: -1
	config.index: 2
	config.lock_pages: 1
	config.sched_data.priority: 0
	config.num_instances: 4
	config.loop: 1
	config.delay: 0
	config.forked: 0
	config.duration: 20
	config.sched_data.policy: SCHED_OTHER
	config.nphases: 1
	config.sched_data.util_max: -1
	config.name: LO_noise-2
	config.cpuset: [ 3 ]
  events        : 
  links         : 
  resources     : 
	telemetry.sdk.version: 1.28.0
	telemetry.sdk.name: opentelemetry
	telemetry.sdk.language: cpp
	service.name: rt-app_console
  instr-lib     : rt-app-tracer
}
{
  name          : LO_noise-3
  trace_id      : 10a68ac60bd780b88ccd8d958bb1fff1
  span_id       : bb4d2abc7839f416
  tracestate    : 
  parent_span_id: 4a85d4ba6e581ffe
  start         : 1787914793826480933
  duration      : 19999780359
  description   : 
  span kind     : Internal
  status        : Unset
  attributes    : 
	cancellation: force_terminate
	config.sched_data.util_min: -1
	config.index: 3
	config.lock_pages: 1
	config.sched_data.priority: 0
	config.num_instances: 4
	config.loop: 1
	config.delay: 0
	config.forked: 0
	config.duration: 20
	config.sched_data.policy: SCHED_OTHER
	config.nphases: 1
	config.sched_data.util_max: -1
	config.name: LO_noise-3
	config.cpuset: [ 3 ]
  events        : 
  links         : 
  resources     : 
	telemetry.sdk.version: 1.28.0
	telemetry.sdk.name: opentelemetry
	telemetry.sdk.language: cpp
	service.name: rt-app_console
  instr-lib     : rt-app-tracer
}
{
  name          : LO_noise-4
  trace_id      : 10a68ac60bd780b88ccd8d958bb1fff1
  span_id       : 503ab524de1963c8
  tracestate    : 
  parent_span_id: 4a85d4ba6e581ffe
  start         : 1787914793826309420
  duration      : 19999960594
  description   : 
  span kind     : Internal
  status        : Unset
  attributes    : 
	cancellation: force_terminate
	config.sched_data.util_min: -1
	config.index: 4
	config.lock_pages: 1
	config.sched_data.priority: 0
	config.num_instances: 4
	config.loop: 1
	config.delay: 0
	config.forked: 0
	config.duration: 20
	config.sched_data.policy: SCHED_OTHER
	config.nphases: 1
	config.sched_data.util_max: -1
	config.name: LO_noise-4
	config.cpuset: [ 3 ]
  events        : 
  links         : 
  resources     : 
	telemetry.sdk.version: 1.28.0
	telemetry.sdk.name: opentelemetry
	telemetry.sdk.language: cpp
	service.name: rt-app_console
  instr-lib     : rt-app-tracer
}
{
  name          : phase[0]
  trace_id      : 10a68ac60bd780b88ccd8d958bb1fff1
  span_id       : 042138d61245db39
  tracestate    : 
  parent_span_id: 7bd6bf551fb2899d
  start         : 1787914793856908039
  duration      : 19969397711
  description   : 
  span kind     : Internal
  status        : Unset
  attributes    : 
  events        : 
  links         : 
  resources     : 
	telemetry.sdk.version: 1.28.0
	telemetry.sdk.name: opentelemetry
	telemetry.sdk.language: cpp
	service.name: rt-app_console
  instr-lib     : rt-app-tracer
}
{
  name          : thread_loop[0]
  trace_id      : 10a68ac60bd780b88ccd8d958bb1fff1
  span_id       : 7bd6bf551fb2899d
  tracestate    : 
  parent_span_id: e1e6f7cdfbc695e1
  start         : 1787914793856904697
  duration      : 19969402905
  description   : 
  span kind     : Internal
  status        : Unset
  attributes    : 
  events        : 
  links         : 
  resources     : 
	telemetry.sdk.version: 1.28.0
	telemetry.sdk.name: opentelemetry
	telemetry.sdk.language: cpp
	service.name: rt-app_console
  instr-lib     : rt-app-tracer
}
{
  name          : phase[0]
  trace_id      : 10a68ac60bd780b88ccd8d958bb1fff1
  span_id       : 959df8a138add1ba
  tracestate    : 
  parent_span_id: 8c76682ba2129cbd
  start         : 1787914793826648990
  duration      : 19999712648
  description   : 
  span kind     : Internal
  status        : Unset
  attributes    : 
  events        : 
  links         : 
  resources     : 
	telemetry.sdk.version: 1.28.0
	telemetry.sdk.name: opentelemetry
	telemetry.sdk.language: cpp
	service.name: rt-app_console
  instr-lib     : rt-app-tracer
}
{
  name          : thread_loop[0]
  trace_id      : 10a68ac60bd780b88ccd8d958bb1fff1
  span_id       : 8c76682ba2129cbd
  tracestate    : 
  parent_span_id: 8b3b0ca0534dbacc
  start         : 1787914793826646518
  duration      : 19999717956
  description   : 
  span kind     : Internal
  status        : Unset
  attributes    : 
  events        : 
  links         : 
  resources     : 
	telemetry.sdk.version: 1.28.0
	telemetry.sdk.name: opentelemetry
	telemetry.sdk.language: cpp
	service.name: rt-app_console
  instr-lib     : rt-app-tracer
}
{
  name          : phase[0]
  trace_id      : 10a68ac60bd780b88ccd8d958bb1fff1
  span_id       : eb4545c506660c72
  tracestate    : 
  parent_span_id: 66e38e558bdea2be
  start         : 1787914793826521816
  duration      : 19999920448
  description   : 
  span kind     : Internal
  status        : Unset
  attributes    : 
  events        : 
  links         : 
  resources     : 
	telemetry.sdk.version: 1.28.0
	telemetry.sdk.name: opentelemetry
	telemetry.sdk.language: cpp
	service.name: rt-app_console
  instr-lib     : rt-app-tracer
}
{
  name          : thread_loop[0]
  trace_id      : 10a68ac60bd780b88ccd8d958bb1fff1
  span_id       : 66e38e558bdea2be
  tracestate    : 
  parent_span_id: bb4d2abc7839f416
  start         : 1787914793826519322
  duration      : 19999924243
  description   : 
  span kind     : Internal
  status        : Unset
  attributes    : 
  events        : 
  links         : 
  resources     : 
	telemetry.sdk.version: 1.28.0
	telemetry.sdk.name: opentelemetry
	telemetry.sdk.language: cpp
	service.name: rt-app_console
  instr-lib     : rt-app-tracer
}
{
  name          : phase[0]
  trace_id      : 10a68ac60bd780b88ccd8d958bb1fff1
  span_id       : d2aaab85ad37e299
  tracestate    : 
  parent_span_id: c4089e27c660a9c4
  start         : 1787914793826779260
  duration      : 19999711615
  description   : 
  span kind     : Internal
  status        : Unset
  attributes    : 
  events        : 
  links         : 
  resources     : 
	telemetry.sdk.version: 1.28.0
	telemetry.sdk.name: opentelemetry
	telemetry.sdk.language: cpp
	service.name: rt-app_console
  instr-lib     : rt-app-tracer
}
{
  name          : thread_loop[0]
  trace_id      : 10a68ac60bd780b88ccd8d958bb1fff1
  span_id       : c4089e27c660a9c4
  tracestate    : 
  parent_span_id: 2f4c86fc56363d6d
  start         : 1787914793826776832
  duration      : 19999715200
  description   : 
  span kind     : Internal
  status        : Unset
  attributes    : 
  events        : 
  links         : 
  resources     : 
	telemetry.sdk.version: 1.28.0
	telemetry.sdk.name: opentelemetry
	telemetry.sdk.language: cpp
	service.name: rt-app_console
  instr-lib     : rt-app-tracer
}
{
  name          : phase[0]
  trace_id      : 10a68ac60bd780b88ccd8d958bb1fff1
  span_id       : 2bf4a4447cdd5ad4
  tracestate    : 
  parent_span_id: 4492b68db88c9bad
  start         : 1787914793826370334
  duration      : 20000181938
  description   : 
  span kind     : Internal
  status        : Unset
  attributes    : 
  events        : 
  links         : 
  resources     : 
	telemetry.sdk.version: 1.28.0
	telemetry.sdk.name: opentelemetry
	telemetry.sdk.language: cpp
	service.name: rt-app_console
  instr-lib     : rt-app-tracer
}
{
  name          : thread_loop[0]
  trace_id      : 10a68ac60bd780b88ccd8d958bb1fff1
  span_id       : 4492b68db88c9bad
  tracestate    : 
  parent_span_id: 503ab524de1963c8
  start         : 1787914793826367237
  duration      : 20000186517
  description   : 
  span kind     : Internal
  status        : Unset
  attributes    : 
  events        : 
  links         : 
  resources     : 
	telemetry.sdk.version: 1.28.0
	telemetry.sdk.name: opentelemetry
	telemetry.sdk.language: cpp
	service.name: rt-app_console
  instr-lib     : rt-app-tracer
}
{
  name          : main
  trace_id      : 10a68ac60bd780b88ccd8d958bb1fff1
  span_id       : 4a85d4ba6e581ffe
  tracestate    : 
  parent_span_id: 0000000000000000
  start         : 1787914793825545031
  duration      : 20002754945
  description   : 
  span kind     : Internal
  status        : Unset
  attributes    : 
	shutdown: graceful
	config.io_device: /dev/null
	config.mem_buffer_size: 4194304
	config.lock_pages: 1
	config.calib_cpu: 0
	config.policy: 0
	config.logdir: /home/fabio/Scrivania/OTel-capabilities-for-mixed-criticality-workloads/2-DoE/block2/t2_p0_s1_r0.7_n4/run_10
	config.duration: 20
	config.num_tasks: 2
	config.calib_ns_per_loop: 139
	config.logbasename: rtapp
	config.logsize: -2
	config.gnuplot: 0
	config.pi_enabled: 0
	config.cumulative_slack: 0
	config.nthreads: 5
	config.die_on_dmiss: 0
  events        : 
	{
	  name          : graceful-shutdown
	  timestamp     : 1787914813828297318
	  attributes    : 
	}
  links         : 
  resources     : 
	telemetry.sdk.version: 1.28.0
	telemetry.sdk.name: opentelemetry
	telemetry.sdk.language: cpp
	service.name: rt-app_console
  instr-lib     : rt-app-tracer
}
