cset: --> last message, executed args into cpuset "/user", new pid is: 9828
{
  name          : calibration
  trace_id      : 2b39c3739c03ad2204f1fd54cb9e7fe8
  span_id       : 124146c93a389a07
  tracestate    : 
  parent_span_id: 417fd1812ed26c6d
  start         : 1787914407290446386
  duration      : 36297
  description   : 
  span kind     : Internal
  status        : Unset
  attributes    : 
  events        : 
  links         : 
  resources     : 
	telemetry.sdk.version: 1.28.0
	telemetry.sdk.name: opentelemetry
	telemetry.sdk.language: cpp
	service.name: rt-app_console
  instr-lib     : rt-app-tracer
}
{
  name          : HI_task-0
  trace_id      : 2b39c3739c03ad2204f1fd54cb9e7fe8
  span_id       : b4fa45ba3c8dde53
  tracestate    : 
  parent_span_id: 417fd1812ed26c6d
  start         : 1787914407291749800
  duration      : 19999328575
  description   : 
  span kind     : Internal
  status        : Unset
  attributes    : 
	cancellation: force_terminate
	config.sched_data.util_min: -1
	config.index: 0
	config.lock_pages: 1
	config.sched_data.priority: 90
	config.num_instances: 1
	config.loop: 1
	config.delay: 0
	config.forked: 0
	config.duration: 20
	config.sched_data.policy: SCHED_FIFO
	config.nphases: 1
	config.sched_data.util_max: -1
	config.name: HI_task-0
	config.cpuset: [ 2 ]
  events        : 
  links         : 
  resources     : 
	telemetry.sdk.version: 1.28.0
	telemetry.sdk.name: opentelemetry
	telemetry.sdk.language: cpp
	service.name: rt-app_console
  instr-lib     : rt-app-tracer
}
{
  name          : phase[0]
  trace_id      : 2b39c3739c03ad2204f1fd54cb9e7fe8
  span_id       : 6ef6d39a7e7d1e9a
  tracestate    : 
  parent_span_id: 8bc57315717e7e00
  start         : 1787914407291531935
  duration      : 19999545772
  description   : 
  span kind     : Internal
  status        : Unset
  attributes    : 
  events        : 
  links         : 
  resources     : 
	telemetry.sdk.version: 1.28.0
	telemetry.sdk.name: opentelemetry
	telemetry.sdk.language: cpp
	service.name: rt-app_console
  instr-lib     : rt-app-tracer
}
{
  name          : thread_loop[0]
  trace_id      : 2b39c3739c03ad2204f1fd54cb9e7fe8
  span_id       : 8bc57315717e7e00
  tracestate    : 
  parent_span_id: d6cf38a502c01064
  start         : 1787914407291529455
  duration      : 19999551706
  description   : 
  span kind     : Internal
  status        : Unset
  attributes    : 
  events        : 
  links         : 
  resources     : 
	telemetry.sdk.version: 1.28.0
	telemetry.sdk.name: opentelemetry
	telemetry.sdk.language: cpp
	service.name: rt-app_console
  instr-lib     : rt-app-tracer
}
{
  name          : phase[0]
  trace_id      : 2b39c3739c03ad2204f1fd54cb9e7fe8
  span_id       : f005633a61ddf013
  tracestate    : 
  parent_span_id: 753b82a50e85a0de
  start         : 1787914407291401949
  duration      : 19999695949
  description   : 
  span kind     : Internal
  status        : Unset
  attributes    : 
  events        : 
  links         : 
  resources     : 
	telemetry.sdk.version: 1.28.0
	telemetry.sdk.name: opentelemetry
	telemetry.sdk.language: cpp
	service.name: rt-app_console
  instr-lib     : rt-app-tracer
}
{
  name          : thread_loop[0]
  trace_id      : 2b39c3739c03ad2204f1fd54cb9e7fe8
  span_id       : 753b82a50e85a0de
  tracestate    : 
  parent_span_id: 76d13076b26df673
  start         : 1787914407291399434
  duration      : 19999699258
  description   : 
  span kind     : Internal
  status        : Unset
  attributes    : 
  events        : 
  links         : 
  resources     : 
	telemetry.sdk.version: 1.28.0
	telemetry.sdk.name: opentelemetry
	telemetry.sdk.language: cpp
	service.name: rt-app_console
  instr-lib     : rt-app-tracer
}
{
  name          : phase[0]
  trace_id      : 2b39c3739c03ad2204f1fd54cb9e7fe8
  span_id       : 2d629db04a02f7cf
  tracestate    : 
  parent_span_id: 0abd536d681f6e93
  start         : 1787914407291240156
  duration      : 19999868881
  description   : 
  span kind     : Internal
  status        : Unset
  attributes    : 
  events        : 
  links         : 
  resources     : 
	telemetry.sdk.version: 1.28.0
	telemetry.sdk.name: opentelemetry
	telemetry.sdk.language: cpp
	service.name: rt-app_console
  instr-lib     : rt-app-tracer
}
{
  name          : thread_loop[0]
  trace_id      : 2b39c3739c03ad2204f1fd54cb9e7fe8
  span_id       : 0abd536d681f6e93
  tracestate    : 
  parent_span_id: 02cf948aec48554e
  start         : 1787914407291236998
  duration      : 19999872788
  description   : 
  span kind     : Internal
  status        : Unset
  attributes    : 
  events        : 
  links         : 
  resources     : 
	telemetry.sdk.version: 1.28.0
	telemetry.sdk.name: opentelemetry
	telemetry.sdk.language: cpp
	service.name: rt-app_console
  instr-lib     : rt-app-tracer
}
{
  name          : LO_noise-1
  trace_id      : 2b39c3739c03ad2204f1fd54cb9e7fe8
  span_id       : 34d6e2e1b6537129
  tracestate    : 
  parent_span_id: 417fd1812ed26c6d
  start         : 1787914407291627206
  duration      : 19999500072
  description   : 
  span kind     : Internal
  status        : Unset
  attributes    : 
	cancellation: force_terminate
	config.sched_data.util_min: -1
	config.index: 1
	config.lock_pages: 1
	config.sched_data.priority: 0
	config.num_instances: 4
	config.loop: 1
	config.delay: 0
	config.forked: 0
	config.duration: 20
	config.sched_data.policy: SCHED_OTHER
	config.nphases: 1
	config.sched_data.util_max: -1
	config.name: LO_noise-1
	config.cpuset: [ 3 ]
  events        : 
  links         : 
  resources     : 
	telemetry.sdk.version: 1.28.0
	telemetry.sdk.name: opentelemetry
	telemetry.sdk.language: cpp
	service.name: rt-app_console
  instr-lib     : rt-app-tracer
}
{
  name          : LO_noise-2
  trace_id      : 2b39c3739c03ad2204f1fd54cb9e7fe8
  span_id       : d6cf38a502c01064
  tracestate    : 
  parent_span_id: 417fd1812ed26c6d
  start         : 1787914407291493719
  duration      : 19999668128
  description   : 
  span kind     : Internal
  status        : Unset
  attributes    : 
	cancellation: force_terminate
	config.sched_data.util_min: -1
	config.index: 2
	config.lock_pages: 1
	config.sched_data.priority: 0
	config.num_instances: 4
	config.loop: 1
	config.delay: 0
	config.forked: 0
	config.duration: 20
	config.sched_data.policy: SCHED_OTHER
	config.nphases: 1
	config.sched_data.util_max: -1
	config.name: LO_noise-2
	config.cpuset: [ 3 ]
  events        : 
  links         : 
  resources     : 
	telemetry.sdk.version: 1.28.0
	telemetry.sdk.name: opentelemetry
	telemetry.sdk.language: cpp
	service.name: rt-app_console
  instr-lib     : rt-app-tracer
}
{
  name          : LO_noise-3
  trace_id      : 2b39c3739c03ad2204f1fd54cb9e7fe8
  span_id       : 76d13076b26df673
  tracestate    : 
  parent_span_id: 417fd1812ed26c6d
  start         : 1787914407291355382
  duration      : 19999808159
  description   : 
  span kind     : Internal
  status        : Unset
  attributes    : 
	cancellation: force_terminate
	config.sched_data.util_min: -1
	config.index: 3
	config.lock_pages: 1
	config.sched_data.priority: 0
	config.num_instances: 4
	config.loop: 1
	config.delay: 0
	config.forked: 0
	config.duration: 20
	config.sched_data.policy: SCHED_OTHER
	config.nphases: 1
	config.sched_data.util_max: -1
	config.name: LO_noise-3
	config.cpuset: [ 3 ]
  events        : 
  links         : 
  resources     : 
	telemetry.sdk.version: 1.28.0
	telemetry.sdk.name: opentelemetry
	telemetry.sdk.language: cpp
	service.name: rt-app_console
  instr-lib     : rt-app-tracer
}
{
  name          : LO_noise-4
  trace_id      : 2b39c3739c03ad2204f1fd54cb9e7fe8
  span_id       : 02cf948aec48554e
  tracestate    : 
  parent_span_id: 417fd1812ed26c6d
  start         : 1787914407291193804
  duration      : 19999971014
  description   : 
  span kind     : Internal
  status        : Unset
  attributes    : 
	cancellation: force_terminate
	config.sched_data.util_min: -1
	config.index: 4
	config.lock_pages: 1
	config.sched_data.priority: 0
	config.num_instances: 4
	config.loop: 1
	config.delay: 0
	config.forked: 0
	config.duration: 20
	config.sched_data.policy: SCHED_OTHER
	config.nphases: 1
	config.sched_data.util_max: -1
	config.name: LO_noise-4
	config.cpuset: [ 3 ]
  events        : 
  links         : 
  resources     : 
	telemetry.sdk.version: 1.28.0
	telemetry.sdk.name: opentelemetry
	telemetry.sdk.language: cpp
	service.name: rt-app_console
  instr-lib     : rt-app-tracer
}
{
  name          : phase[0]
  trace_id      : 2b39c3739c03ad2204f1fd54cb9e7fe8
  span_id       : 78e5e5950a6d0792
  tracestate    : 
  parent_span_id: 125f3b613ec2488c
  start         : 1787914407321758269
  duration      : 19969445159
  description   : 
  span kind     : Internal
  status        : Unset
  attributes    : 
  events        : 
  links         : 
  resources     : 
	telemetry.sdk.version: 1.28.0
	telemetry.sdk.name: opentelemetry
	telemetry.sdk.language: cpp
	service.name: rt-app_console
  instr-lib     : rt-app-tracer
}
{
  name          : thread_loop[0]
  trace_id      : 2b39c3739c03ad2204f1fd54cb9e7fe8
  span_id       : 125f3b613ec2488c
  tracestate    : 
  parent_span_id: b4fa45ba3c8dde53
  start         : 1787914407321754501
  duration      : 19969450367
  description   : 
  span kind     : Internal
  status        : Unset
  attributes    : 
  events        : 
  links         : 
  resources     : 
	telemetry.sdk.version: 1.28.0
	telemetry.sdk.name: opentelemetry
	telemetry.sdk.language: cpp
	service.name: rt-app_console
  instr-lib     : rt-app-tracer
}
{
  name          : phase[0]
  trace_id      : 2b39c3739c03ad2204f1fd54cb9e7fe8
  span_id       : 02c5f8dfff173b6f
  tracestate    : 
  parent_span_id: 124cac44b47e1f7c
  start         : 1787914407291665189
  duration      : 19999741948
  description   : 
  span kind     : Internal
  status        : Unset
  attributes    : 
  events        : 
  links         : 
  resources     : 
	telemetry.sdk.version: 1.28.0
	telemetry.sdk.name: opentelemetry
	telemetry.sdk.language: cpp
	service.name: rt-app_console
  instr-lib     : rt-app-tracer
}
{
  name          : thread_loop[0]
  trace_id      : 2b39c3739c03ad2204f1fd54cb9e7fe8
  span_id       : 124cac44b47e1f7c
  tracestate    : 
  parent_span_id: 34d6e2e1b6537129
  start         : 1787914407291662720
  duration      : 19999746359
  description   : 
  span kind     : Internal
  status        : Unset
  attributes    : 
  events        : 
  links         : 
  resources     : 
	telemetry.sdk.version: 1.28.0
	telemetry.sdk.name: opentelemetry
	telemetry.sdk.language: cpp
	service.name: rt-app_console
  instr-lib     : rt-app-tracer
}
{
  name          : main
  trace_id      : 2b39c3739c03ad2204f1fd54cb9e7fe8
  span_id       : 417fd1812ed26c6d
  tracestate    : 
  parent_span_id: 0000000000000000
  start         : 1787914407290405241
  duration      : 20002748090
  description   : 
  span kind     : Internal
  status        : Unset
  attributes    : 
	shutdown: graceful
	config.io_device: /dev/null
	config.mem_buffer_size: 4194304
	config.lock_pages: 1
	config.calib_cpu: 0
	config.policy: 0
	config.logdir: /home/fabio/Scrivania/OTel-capabilities-for-mixed-criticality-workloads/2-DoE/block2/t2_p0_s1_r0.5_n4/run_18
	config.duration: 20
	config.num_tasks: 2
	config.calib_ns_per_loop: 139
	config.logbasename: rtapp
	config.logsize: -2
	config.gnuplot: 0
	config.pi_enabled: 0
	config.cumulative_slack: 0
	config.nthreads: 5
	config.die_on_dmiss: 0
  events        : 
	{
	  name          : graceful-shutdown
	  timestamp     : 1787914427293150868
	  attributes    : 
	}
  links         : 
  resources     : 
	telemetry.sdk.version: 1.28.0
	telemetry.sdk.name: opentelemetry
	telemetry.sdk.language: cpp
	service.name: rt-app_console
  instr-lib     : rt-app-tracer
}
