#idx     perf      run   period           start             end          rel_st      slack c_duration   c_period     wu_lat
   0      111     3949    12023      4956856191      4956868214             358          0       2000          0          0
   0      111     3424    11506      4956868224      4956879729           12390          0       2000          0          0
   0      111     2840    10918      4956879739      4956890657           23905          0       2000          0          0
   0      111     2827    10963      4956890666      4956901629           34832          0       2000          0          0
   0      111     3854    11936      4956901647      4956913584           45814          0       2000          0          0
   0      111     4478    12564      4956913596      4956926160           57762          0       2000          0          0
   0      111     4021    12094      4956926170      4956938265           70337          0       2000          0          0
   0      111     2882    10947      4956938274      4956949220           82440          0       2000          0          0
   0      111     2559    10638      4956949224      4956959861           93390          0       2000          0          0
   0      111     2933    11003      4956959872      4956970875          104038          0       2000          0          0
   0      111     2564    10638      4956970883      4956981521          115049          0       2000          0          0
   0      111     2606    10710      4956981529      4956992240          125696          0       2000          0          0
   0      111     2603    10680      4956992250      4957002930          136416          0       2000          0          0
   0      111     2598    10678      4957002938      4957013615          147104          0       2000          0          0
   0      111     2637    10715      4957013630      4957024345          157797          0       2000          0          0
   0      111     3506    11586      4957024354      4957035940          168520          0       2000          0          0
   0      111     2902    10976      4957035950      4957046925          180116          0       2000          0          0
   0      111     2517    10591      4957046934      4957057525          191100          0       2000          0          0
   0      111     2558    10633      4957057534      4957068167          201700          0       2000          0          0
   0      111     2585    10649      4957068175      4957078824          212342          0       2000          0          0
   0      111     2507    10575      4957078827      4957089403          222994          0       2000          0          0
   0      111     3139    11217      4957089411      4957100628          233578          0       2000          0          0
   0      111     2556    10629      4957100637      4957111266          244804          0       2000          0          0
   0      111     2591    10662      4957111273      4957121935          255440          0       2000          0          0
   0      111     2550    10622      4957121943      4957132565          266110          0       2000          0          0
   0      111     2854    10920      4957132573      4957143492          276739          0       2000          0          0
   0      111     2519    10590      4957143496      4957154086          287662          0       2000          0          0
   0      111     2517    10588      4957154094      4957164683          298261          0       2000          0          0
   0      111     2952    11035      4957164691      4957175726          308858          0       2000          0          0
   0      111     2532    10613      4957175741      4957186355          319908          0       2000          0          0
   0      111     2548    10631      4957186364      4957196995          330531          0       2000          0          0
   0      111     3845    11912      4957197061      4957208972          341227          0       2000          0          0
   0      111     2582    10653      4957208977      4957219630          353144          0       2000          0          0
   0      111     2602    10677      4957219705      4957230382          363872          0       2000          0          0
   0      111     2936    11018      4957230391      4957241409          374557          0       2000          0          0
   0      111     2673    10750      4957241420      4957252170          385586          0       2000          0          0
   0      111     2632    10717      4957252178      4957262895          396345          0       2000          0          0
   0      111     2846    10914      4957262907      4957273821          407073          0       2000          0          0
   0      111     2584    10650      4957273825      4957284476          417992          0       2000          0          0
   0      111     2507    10579      4957284483      4957295062          428650          0       2000          0          0
   0      111     3350    11423      4957295072      4957306495          439239          0       2000          0          0
   0      111     2524    10600      4957306504      4957317103          450670          0       2000          0          0
   0      111     2587    10663      4957317107      4957327770          461273          0       2000          0          0
   0      111     2842    10912      4957327780      4957338692          471946          0       2000          0          0
   0      111     2574    10645      4957338699      4957349344          482865          0       2000          0          0
   0      111     2535    10623      4957349353      4957359975          493519          0       2000          0          0
   0      111     4049    12126      4957359985      4957372112          504152          0       2000          0          0
   0      111     3009    11077      4957372121      4957383198          516287          0       2000          0          0
   0      111     2508    10584      4957383202      4957393786          527368          0       2000          0          0
   0      111     2887    10957      4957393797      4957404754          537963          0       2000          0          0
   0      111     2521    10588      4957404763      4957415351          548929          0       2000          0          0
   0      111     2505    10586      4957415354      4957425940          559521          0       2000          0          0
   0      111     2971    11044      4957425951      4957436995          570118          0       2000          0          0
   0      111     2511    10588      4957437010      4957447599          581177          0       2000          0          0
   0      111     2510    10589      4957447606      4957458194          591773          0       2000          0          0
   0      111     2526    10607      4957458204      4957468811          602370          0       2000          0          0
   0      111     2092    10167      4957468821      4957478988          612987          0       2000          0          0
   0      111     2753    10828      4957479021      4957489849          623188          0       2000          0          0
   0      111     2605    10680      4957489857      4957500537          634024          0       2000          0          0
   0      111     2723    10794      4957500546      4957511341          644713          0       2000          0          0
   0      111     2529    10600      4957511345      4957521945          655512          0       2000          0          0
   0      111     2547    10621      4957521953      4957532574          666120          0       2000          0          0
   0      111     2985    11051      4957532583      4957543634          676749          0       2000          0          0
   0      111     2518    10596      4957543637      4957554233          687804          0       2000          0          0
   0      111     2545    10623      4957554242      4957564866          698409          0       2000          0          0
   0      111     3250    11321      4957564876      4957576197          709042          0       2000          0          0
   0      111     2505    10593      4957576252      4957586845          720419          0       2000          0          0
   0      111     2594    10692      4957586866      4957597559          731033          0       2000          0          0
   0      111     4104    12240      4957597575      4957609816          741742          0       2000          0          0
   0      111     2737    10810      4957609826      4957620636          753992          0       2000          0          0
   0      111     2533    10608      4957620644      4957631252          764810          0       2000          0          0
   0      111     2980    11056      4957631260      4957642315          775426          0       2000          0          0
   0      111     2505    10577      4957642324      4957652901          786491          0       2000          0          0
   0      111     2540    10613      4957652910      4957663523          797076          0       2000          0          0
   0      111     3021    11090      4957663533      4957674623          807700          0       2000          0          0
   0      111     2520    10598      4957674628      4957685226          818795          0       2000          0          0
   0      111     3110    11186      4957685238      4957696425          829405          0       2000          0          0
   0      111     3558    11635      4957696434      4957708070          840601          0       2000          0          0
   0      111     2958    11025      4957708077      4957719103          852244          0       2000          0          0
   0      111     2522    10598      4957719108      4957729706          863274          0       2000          0          0
   0      111     2837    10902      4957729715      4957740618          873882          0       2000          0          0
   0      111     2517    10581      4957740621      4957751202          884787          0       2000          0          0
   0      111     2531    10604      4957751203      4957761807          895370          0       2000          0          0
   0      111     2890    10972      4957761815      4957772787          905982          0       2000          0          0
   0      111     3238    11314      4957772798      4957784112          916965          0       2000          0          0
   0      111     2787    10896      4957784123      4957795019          928290          0       2000          0          0
   0      111     3088    11185      4957795036      4957806220          939202          0       2000          0          0
   0      111     3065    11139      4957806241      4957817379          950407          0       2000          0          0
   0      111     2174    10253      4957817386      4957827639          961553          0       2000          0          0
   0      111     2916    10994      4957827648      4957838642          971815          0       2000          0          0
   0      111     2782    10851      4957838653      4957849504          982820          0       2000          0          0
   0      111     2527    10601      4957849512      4957860113          993678          0       2000          0          0
   0      111     2919    10994      4957860123      4957871118         1004290          0       2000          0          0
   0      111     2381    10451      4957871126      4957881577         1015293          0       2000          0          0
   0      111     2602    10680      4957881583      4957892263         1025750          0       2000          0          0
   0      111     3641    11712      4957892274      4957903985         1036440          0       2000          0          0
   0      111     2517    10593      4957903993      4957914586         1048159          0       2000          0          0
   0      111     2570    10650      4957914591      4957925241         1058757          0       2000          0          0
   0      111     3692    11782      4957925249      4957937032         1069416          0       2000          0          0
   0      111     3195    11264      4957937093      4957948357         1081260          0       2000          0          0
   0      111     2572    10660      4957948361      4957959021         1092528          0       2000          0          0
   0      111     2674    10749      4957959033      4957969782         1103199          0       2000          0          0
   0      111     2763    10839      4957969790      4957980629         1113956          0       2000          0          0
   0      111     2584    10654      4957980634      4957991287         1124800          0       2000          0          0
   0      111     3172    11258      4957991295      4958002553         1135461          0       2000          0          0
   0      111     3232    11304      4958002562      4958013865         1146728          0       2000          0          0
   0      111     2508    10594      4958013872      4958024465         1158038          0       2000          0          0
   0      111     3432    11517      4958024477      4958035994         1168643          0       2000          0          0
   0      111     4008    12084      4958036033      4958048117         1180199          0       2000          0          0
   0      111     2482    10557      4958048125      4958058683         1192292          0       2000          0          0
   0      111     2735    10813      4958058693      4958069506         1202859          0       2000          0          0
   0      111     2926    11006      4958069514      4958080521         1213681          0       2000          0          0
   0      111     2541    10612      4958080524      4958091136         1224691          0       2000          0          0
   0      111     3334    11405      4958091146      4958102551         1235312          0       2000          0          0
   0      111     2516    10592      4958102559      4958113151         1246726          0       2000          0          0
   0      111     2512    10582      4958113159      4958123741         1257325          0       2000          0          0
   0      111     2546    10621      4958123750      4958134371         1267916          0       2000          0          0
   0      111     2601    10673      4958134380      4958145053         1278546          0       2000          0          0
   0      111     2505    10577      4958145062      4958155638         1289228          0       2000          0          0
   0      111     2826    10900      4958155646      4958166547         1299813          0       2000          0          0
   0      111     2844    10917      4958166555      4958177472         1310722          0       2000          0          0
   0      111     2614    10702      4958177481      4958188183         1321647          0       2000          0          0
   0      111     2530    10601      4958188192      4958198793         1332359          0       2000          0          0
   0      111     2962    11026      4958198801      4958209828         1342968          0       2000          0          0
   0      111     2518    10590      4958209831      4958220421         1353997          0       2000          0          0
   0      111     2606    10679      4958220429      4958231109         1364596          0       2000          0          0
   0      111     2736    10809      4958231118      4958241927         1375284          0       2000          0          0
   0      111     2288    10360      4958241936      4958252296         1386102          0       2000          0          0
   0      111     3013    11088      4958252303      4958263392         1396470          0       2000          0          0
   0      111     2969    11039      4958263400      4958274439         1407567          0       2000          0          0
   0      111     2801    10867      4958274447      4958285315         1418614          0       2000          0          0
   0      111     2528    10608      4958285319      4958295927         1429485          0       2000          0          0
   0      111     3017    11093      4958295991      4958307084         1440158          0       2000          0          0
   0      111     2517    10583      4958307092      4958317675         1451259          0       2000          0          0
   0      111     2513    10589      4958317679      4958328267         1461845          0       2000          0          0
   0      111     3010    11078      4958328277      4958339355         1472443          0       2000          0          0
   0      111     2541    10630      4958339361      4958349991         1483528          0       2000          0          0
   0      111     3775    11867      4958350020      4958361888         1494187          0       2000          0          0
   0      111     4274    12354      4958361910      4958374264         1506076          0       2000          0          0
   0      111     2171    10254      4958374272      4958384526         1518439          0       2000          0          0
   0      111     2687    10769      4958384536      4958395305         1528702          0       2000          0          0
   0      111     3667    11745      4958395316      4958407061         1539483          0       2000          0          0
   0      111     2996    11068      4958407070      4958418139         1551237          0       2000          0          0
   0      111     2528    10605      4958418146      4958428751         1562312          0       2000          0          0
   0      111     2382    10450      4958428760      4958439210         1572927          0       2000          0          0
   0      111     2608    10675      4958439215      4958449890         1583381          0       2000          0          0
   0      111     2647    10729      4958449894      4958460623         1594061          0       2000          0          0
   0      111     4344    12428      4958460635      4958473063         1604802          0       2000          0          0
   0      111     2228    10302      4958473069      4958483371         1617236          0       2000          0          0
   0      111     3153    11228      4958483380      4958494608         1627546          0       2000          0          0
   0      111     3710    11778      4958494618      4958506396         1638784          0       2000          0          0
   0      111     2554    10637      4958506400      4958517038         1650567          0       2000          0          0
   0      111     2540    10621      4958517045      4958527667         1661212          0       2000          0          0
   0      111     3765    11839      4958527677      4958539517         1671844          0       2000          0          0
   0      111     2510    10646      4958539525      4958550170         1683691          0       2000          0          0
   0      111     2707    10790      4958550181      4958560971         1694347          0       2000          0          0
   0      111     2884    10965      4958560980      4958571945         1705147          0       2000          0          0
   0      111     2435    10502      4958571953      4958582455         1716120          0       2000          0          0
   0      111     2514    10615      4958582460      4958593075         1726627          0       2000          0          0
   0      111     2896    10978      4958593097      4958604075         1737264          0       2000          0          0
   0      111     2243    10319      4958604083      4958614402         1748250          0       2000          0          0
   0      111     2518    10623      4958614406      4958625029         1758573          0       2000          0          0
   0      111     3725    11796      4958625039      4958636836         1769206          0       2000          0          0
   0      111     2531    10597      4958636844      4958647440         1781010          0       2000          0          0
   0      111     2504    10595      4958647443      4958658038         1791610          0       2000          0          0
   0      111     2526    10602      4958658105      4958668707         1802272          0       2000          0          0
   0      111     2459    10536      4958668716      4958679251         1812882          0       2000          0          0
   0      111     2504    10575      4958679255      4958689830         1823422          0       2000          0          0
   0      111     2588    10664      4958689839      4958700503         1834006          0       2000          0          0
   0      111     3371    11447      4958700514      4958711961         1844681          0       2000          0          0
   0      111     3516    11588      4958711973      4958723561         1856139          0       2000          0          0
   0      111     2590    10665      4958723570      4958734235         1867736          0       2000          0          0
   0      111     2793    10859      4958734244      4958745103         1878410          0       2000          0          0
   0      111     2533    10615      4958745107      4958755722         1889273          0       2000          0          0
   0      111     2620    10696      4958755732      4958766428         1899899          0       2000          0          0
   0      111     2696    10777      4958766437      4958777214         1910603          0       2000          0          0
   0      111     3856    11927      4958777225      4958789152         1921391          0       2000          0          0
   0      111     2674    10748      4958789160      4958799908         1933327          0       2000          0          0
   0      111     3094    11163      4958799917      4958811080         1944084          0       2000          0          0
   0      111     3819    11907      4958811085      4958822992         1955252          0       2000          0          0
   0      111     3883    11985      4958823014      4958834998         1967180          0       2000          0          0
   0      111     4628    12695      4958835053      4958847748         1979220          0       2000          0          0
   0      111     2521    10596      4958847756      4958858351         1991922          0       2000          0          0
   0      111     2573    10652      4958858361      4958869013         2002527          0       2000          0          0
   0      111     2647    10725      4958869022      4958879747         2013189          0       2000          0          0
   0      111     2606    10679      4958879754      4958890433         2023921          0       2000          0          0
   0      111     3321    11394      4958890442      4958901836         2034608          0       2000          0          0
   0      111     2989    11064      4958901844      4958912908         2046010          0       2000          0          0
   0      111     2559    10650      4958912912      4958923562         2057078          0       2000          0          0
   0      111     3494    11574      4958923578      4958935152         2067745          0       2000          0          0
   0      111     3698    11776      4958935164      4958946940         2079330          0       2000          0          0
   0      111     2508    10580      4958946945      4958957524         2091111          0       2000          0          0
   0      111     3266    11341      4958957533      4958968874         2101700          0       2000          0          0
   0      111     2539    10607      4958968882      4958979489         2113049          0       2000          0          0
   0      111     2534    10604      4958979493      4958990098         2123660          0       2000          0          0
   0      111     2516    10603      4958990106      4959000710         2134273          0       2000          0          0
   0      111     3875    11956      4959000722      4959012678         2144889          0       2000          0          0
   0      111     2782    10855      4959012691      4959023547         2156858          0       2000          0          0
   0      111     3312    11399      4959023598      4959034997         2167765          0       2000          0          0
   0      111     3109    11184      4959035025      4959046209         2179192          0       2000          0          0
   0      111     2957    11033      4959046222      4959057255         2190389          0       2000          0          0
   0      111     2766    10839      4959057266      4959068105         2201433          0       2000          0          0
   0      111     2861    10944      4959068116      4959079059         2212282          0       2000          0          0
   0      111     2504    10573      4959079066      4959089639         2223233          0       2000          0          0
   0      111     3201    11278      4959089648      4959100926         2233814          0       2000          0          0
   0      111     2564    10637      4959100935      4959111573         2245102          0       2000          0          0
   0      111     2567    10640      4959111579      4959122219         2255746          0       2000          0          0
   0      111     2534    10614      4959122227      4959132840         2266393          0       2000          0          0
   0      111     2793    10875      4959132850      4959143725         2277016          0       2000          0          0
   0      111     2526    10601      4959143738      4959154339         2287905          0       2000          0          0
   0      111     3443    11528      4959154349      4959165877         2298515          0       2000          0          0
   0      111     3538    11619      4959165887      4959177505         2310053          0       2000          0          0
   0      111     2562    10632      4959177514      4959188146         2321680          0       2000          0          0
   0      111     2559    10637      4959188155      4959198792         2332321          0       2000          0          0
   0      111     2936    11004      4959198801      4959209805         2342968          0       2000          0          0
   0      111     2532    10608      4959209809      4959220417         2353975          0       2000          0          0
   0      111     2541    10620      4959220426      4959231046         2364593          0       2000          0          0
   0      111     2903    10969      4959231055      4959242024         2375222          0       2000          0          0
   0      111     2537    10607      4959242028      4959252636         2386195          0       2000          0          0
   0      111     2561    10647      4959252644      4959263291         2396811          0       2000          0          0
   0      111     2731    10798      4959263301      4959274099         2407467          0       2000          0          0
   0      111     2535    10609      4959274102      4959284712         2418269          0       2000          0          0
   0      111     2553    10630      4959284719      4959295349         2428886          0       2000          0          0
   0      111     2388    10466      4959295359      4959305825         2439526          0       2000          0          0
   0      111     2742    10816      4959305830      4959316645         2449996          0       2000          0          0
   0      111     2517    10592      4959316648      4959327240         2460814          0       2000          0          0
   0      111     2844    10913      4959327250      4959338163         2471417          0       2000          0          0
   0      111     2755    10823      4959338171      4959348994         2482337          0       2000          0          0
   0      111     2696    10774      4959349019      4959359793         2493186          0       2000          0          0
   0      111     3257    11344      4959359802      4959371146         2503968          0       2000          0          0
   0      111     3739    11817      4959371159      4959382976         2515325          0       2000          0          0
   0      111     2516    10592      4959383039      4959393631         2527205          0       2000          0          0
   0      111     4107    12176      4959393642      4959405818         2537808          0       2000          0          0
   0      111     2515    10588      4959405826      4959416414         2549992          0       2000          0          0
   0      111     2603    10678      4959416422      4959427100         2560589          0       2000          0          0
   0      111     2952    11026      4959427110      4959438136         2571277          0       2000          0          0
   0      111     2946    11013      4959438144      4959449156         2582310          0       2000          0          0
   0      111     2512    10591      4959449160      4959459751         2593326          0       2000          0          0
   0      111     3209    11279      4959459761      4959471040         2603927          0       2000          0          0
   0      111     2503    10600      4959471048      4959481647         2615214          0       2000          0          0
   0      111     2583    10672      4959481662      4959492334         2625829          0       2000          0          0
   0      111     3696    11772      4959492354      4959504126         2636521          0       2000          0          0
   0      111     3073    11150      4959504134      4959515285         2648301          0       2000          0          0
   0      111     2512    10584      4959515289      4959525873         2659456          0       2000          0          0
   0      111     2618    10692      4959525883      4959536575         2670049          0       2000          0          0
   0      111     2544    10611      4959536584      4959547195         2680750          0       2000          0          0
   0      111     2796    10900      4959547198      4959558098         2691365          0       2000          0          0
   0      111     2804    10877      4959558110      4959568987         2702277          0       2000          0          0
   0      111     2970    11143      4959568995      4959580138         2713162          0       2000          0          0
   0      111     2642    10719      4959580143      4959590862         2724309          0       2000          0          0
   0      111     3208    11295      4959590871      4959602166         2735037          0       2000          0          0
   0      111     3684    11763      4959602182      4959613945         2746349          0       2000          0          0
   0      111     2578    10661      4959613960      4959624622         2758127          0       2000          0          0
   0      111     4048    12128      4959624633      4959636761         2768800          0       2000          0          0
   0      111     2946    11019      4959636771      4959647790         2780938          0       2000          0          0
   0      111     2640    10718      4959647799      4959658516         2791965          0       2000          0          0
   0      111     2591    10665      4959658527      4959669192         2802693          0       2000          0          0
   0      111     2606    10669      4959669199      4959679868         2813366          0       2000          0          0
   0      111     2550    10620      4959679872      4959690492         2824039          0       2000          0          0
   0      111     2682    10766      4959690500      4959701266         2834666          0       2000          0          0
   0      111     3419    11500      4959701279      4959712779         2845446          0       2000          0          0
   0      111     2493    10570      4959712794      4959723364         2856961          0       2000          0          0
   0      111     3198    11272      4959723373      4959734645         2867540          0       2000          0          0
   0      111     2138    10213      4959734652      4959744866         2878819          0       2000          0          0
   0      111     2588    10661      4959744914      4959755575         2889081          0       2000          0          0
   0      111     2577    10704      4959755585      4959766289         2899752          0       2000          0          0
   0      111     4046    12129      4959766300      4959778429         2910467          0       2000          0          0
   0      111     2392    10466      4959778438      4959788903         2922604          0       2000          0          0
   0      111     2987    11068      4959788913      4959799980         2933079          0       2000          0          0
   0      111     3475    11561      4959799991      4959811552         2944157          0       2000          0          0
   0      111     4230    12305      4959811562      4959823867         2955729          0       2000          0          0
   0      111     2814    10887      4959823876      4959834763         2968043          0       2000          0          0
   0      111     3044    11124      4959834770      4959845894         2978937          0       2000          0          0
   0      111     2542    10612      4959845902      4959856513         2990068          0       2000          0          0
   0      111     3365    11441      4959856522      4959867963         3000689          0       2000          0          0
   0      111     2678    10744      4959867972      4959878716         3012139          0       2000          0          0
   0      111     2662    10748      4959878720      4959889468         3022887          0       2000          0          0
   0      111     2628    10703      4959889482      4959900185         3033648          0       2000          0          0
   0      111     2891    10956      4959900194      4959911151         3044361          0       2000          0          0
   0      111     2510    10580      4959911154      4959921734         3055321          0       2000          0          0
   0      111     3871    11961      4959921744      4959933705         3065910          0       2000          0          0
   0      111     3587    11666      4959933718      4959945384         3077885          0       2000          0          0
   0      111     2624    10694      4959945393      4959956087         3089559          0       2000          0          0
   0      111     2546    10620      4959956096      4959966715         3100262          0       2000          0          0
   0      111     2796    10861      4959966725      4959977586         3110892          0       2000          0          0
   0      111     2539    10614      4959977589      4959988203         3121756          0       2000          0          0
   0      111     3139    11215      4959988214      4959999429         3132381          0       2000          0          0
   0      111     2996    11080      4959999438      4960010518         3143604          0       2000          0          0
   0      111     3369    11449      4960010525      4960021975         3154692          0       2000          0          0
   0      111     2758    10844      4960022019      4960032862         3166185          0       2000          0          0
   0      111     2868    10947      4960032875      4960043822         3177042          0       2000          0          0
   0      111     2912    10990      4960043834      4960054824         3188001          0       2000          0          0
   0      111     3950    12034      4960054833      4960066867         3199000          0       2000          0          0
   0      111     4217    12292      4960066878      4960079170         3211044          0       2000          0          0
   0      111     3934    12007      4960079178      4960091185         3223344          0       2000          0          0
   0      111     2939    11014      4960091194      4960102208         3235361          0       2000          0          0
   0      111     2673    10749      4960102216      4960112966         3246383          0       2000          0          0
   0      111     2535    10602      4960113046      4960123648         3257213          0       2000          0          0
   0      111     2537    10608      4960123657      4960134264         3267823          0       2000          0          0
   0      111     2833    10911      4960134273      4960145184         3278439          0       2000          0          0
   0      111     2519    10600      4960145197      4960155797         3289363          0       2000          0          0
   0      111     2454    10533      4960155812      4960166345         3299979          0       2000          0          0
   0      111     4095    12173      4960166356      4960178529         3310523          0       2000          0          0
   0      111     2653    10724      4960178537      4960189261         3322703          0       2000          0          0
   0      111     2525    10600      4960189268      4960199869         3333435          0       2000          0          0
   0      111     2810    10894      4960199878      4960210772         3344044          0       2000          0          0
   0      111     2534    10610      4960210783      4960221393         3354950          0       2000          0          0
   0      111     2718    10798      4960221403      4960232200         3365569          0       2000          0          0
   0      111     4044    12120      4960232215      4960244335         3376381          0       2000          0          0
   0      111     2629    10702      4960244343      4960255045         3388510          0       2000          0          0
   0      111     2554    10630      4960255054      4960265684         3399221          0       2000          0          0
   0      111     2858    10925      4960265693      4960276619         3409860          0       2000          0          0
   0      111     2544    10614      4960276623      4960287237         3420790          0       2000          0          0
   0      111     2560    10644      4960287246      4960297890         3431412          0       2000          0          0
   0      111     3425    11501      4960297900      4960309402         3442067          0       2000          0          0
   0      111     2572    10653      4960309410      4960320063         3453576          0       2000          0          0
   0      111     2546    10619      4960320072      4960330691         3464239          0       2000          0          0
   0      111     2938    11005      4960330700      4960341705         3474867          0       2000          0          0
   0      111     2546    10586      4960341709      4960352295         3485876          0       2000          0          0
   0      111     2594    10672      4960352304      4960362976         3496470          0       2000          0          0
   0      111     2836    10917      4960362985      4960373902         3507151          0       2000          0          0
   0      111     2936    11011      4960373912      4960384922         3518078          0       2000          0          0
   0      111     2633    10720      4960384932      4960395652         3529099          0       2000          0          0
   0      111     2190    10260      4960395663      4960405922         3539829          0       2000          0          0
   0      111     2709    10774      4960405930      4960416704         3550096          0       2000          0          0
   0      111     2604    10690      4960416709      4960427399         3560876          0       2000          0          0
   0      111     3858    11935      4960427413      4960439348         3571579          0       2000          0          0
   0      111     2513    10578      4960439357      4960449934         3583523          0       2000          0          0
   0      111     2536    10611      4960449938      4960460549         3594104          0       2000          0          0
   0      111     2523    10589      4960460559      4960471148         3604725          0       2000          0          0
   0      111     2506    10587      4960471205      4960481792         3615372          0       2000          0          0
   0      111     2529    10604      4960481804      4960492408         3625971          0       2000          0          0
   0      111     2872    10951      4960492418      4960503369         3636585          0       2000          0          0
   0      111     2976    11047      4960503379      4960514427         3647546          0       2000          0          0
   0      111     2506    10619      4960514430      4960525049         3658597          0       2000          0          0
   0      111     2528    10600      4960525058      4960535659         3669225          0       2000          0          0
   0      111     2535    10609      4960535667      4960546275         3679833          0       2000          0          0
   0      111     2529    10601      4960546284      4960556884         3690450          0       2000          0          0
   0      111     2659    10731      4960556893      4960567624         3701060          0       2000          0          0
   0      111     2852    10917      4960567632      4960578549         3711799          0       2000          0          0
   0      111     2508    10579      4960578553      4960589132         3722719          0       2000          0          0
   0      111     2529    10600      4960589139      4960599739         3733306          0       2000          0          0
   0      111     2963    11055      4960599748      4960610804         3743915          0       2000          0          0
   0      111     2657    10729      4960610814      4960621543         3754980          0       2000          0          0
   0      111     2532    10609      4960621551      4960632160         3765718          0       2000          0          0
   0      111     3406    11473      4960632170      4960643643         3776337          0       2000          0          0
   0      111     2523    10606      4960643647      4960654253         3787814          0       2000          0          0
   0      111     2596    10673      4960654262      4960664935         3798429          0       2000          0          0
   0      111     2901    10981      4960664945      4960675926         3809111          0       2000          0          0
   0      111     3894    11976      4960675936      4960687912         3820102          0       2000          0          0
   0      111     3233    11318      4960687923      4960699241         3832089          0       2000          0          0
   0      111     2888    10968      4960699250      4960710218         3843416          0       2000          0          0
   0      111     4109    12190      4960710228      4960722419         3854395          0       2000          0          0
   0      111     3051    11161      4960722427      4960733588         3866594          0       2000          0          0
   0      111     3040    11118      4960733606      4960744724         3877772          0       2000          0          0
   0      111     3213    11317      4960744734      4960756051         3888900          0       2000          0          0
   0      111     2735    10811      4960756062      4960766874         3900229          0       2000          0          0
   0      111     3311    11391      4960766885      4960778276         3911051          0       2000          0          0
   0      111     2980    11064      4960778286      4960789350         3922452          0       2000          0          0
   0      111     3820    11898      4960789363      4960801261         3933529          0       2000          0          0
   0      111     3009    11080      4960801269      4960812349         3945436          0       2000          0          0
   0      111     3893    11986      4960812356      4960824342         3956522          0       2000          0          0
   0      111     3932    12014      4960824359      4960836373         3968525          0       2000          0          0
   0      111     3513    11591      4960843787      4960855378         3987953          0       2000          0          0
   0      111     3795    11881      4960855388      4960867269         3999555          0       2000          0          0
   0      111     3762    11831      4960867280      4960879111         4011446          0       2000          0          0
   0      111     2724    10799      4960879116      4960889915         4023283          0       2000          0          0
   0      111     3548    11619      4960889925      4960901543         4034091          0       2000          0          0
   0      111     2845    10929      4960901552      4960912481         4045719          0       2000          0          0
   0      111     2518    10588      4960912489      4960923078         4056656          0       2000          0          0
   0      111     2645    10721      4960923087      4960933808         4067253          0       2000          0          0
   0      111     2544    10623      4960933817      4960944440         4077983          0       2000          0          0
   0      111     3625    11701      4960944448      4960956150         4088615          0       2000          0          0
   0      111     3311    11391      4960956160      4960967550         4100326          0       2000          0          0
   0      111     3468    11538      4960967560      4960979098         4111726          0       2000          0          0
   0      111     2500    10582      4960979102      4960989684         4123269          0       2000          0          0
   0      111     3347    11423      4960989693      4961001117         4133860          0       2000          0          0
   0      111     2510    10585      4961001125      4961011710         4145291          0       2000          0          0
   0      111     2648    10719      4961011714      4961022433         4155880          0       2000          0          0
   0      111     2526    10603      4961022441      4961033044         4166608          0       2000          0          0
   0      111     2721    10787      4961033053      4961043840         4177220          0       2000          0          0
   0      111     2520    10602      4961043844      4961054446         4188011          0       2000          0          0
   0      111     2554    10645      4961054455      4961065100         4198622          0       2000          0          0
   0      111     3651    11733      4961065115      4961076848         4209282          0       2000          0          0
   0      111     2560    10641      4961076856      4961087498         4221023          0       2000          0          0
   0      111     2532    10611      4961087505      4961098116         4231672          0       2000          0          0
   0      111     2849    10919      4961098124      4961109043         4242291          0       2000          0          0
   0      111     2528    10603      4961109046      4961119650         4253213          0       2000          0          0
   0      111     2580    10656      4961119660      4961130316         4263827          0       2000          0          0
   0      111     2876    10950      4961130325      4961141276         4274492          0       2000          0          0
   0      111     2526    10602      4961141285      4961151887         4285451          0       2000          0          0
   0      111     2702    10796      4961151891      4961162687         4296058          0       2000          0          0
   0      111     3042    11117      4961162703      4961173821         4306870          0       2000          0          0
   0      111     2880    10955      4961173828      4961184784         4317995          0       2000          0          0
   0      111     2568    10652      4961184793      4961195445         4328959          0       2000          0          0
   0      111     2881    10954      4961195454      4961206408         4339621          0       2000          0          0
   0      111     2515    10594      4961206459      4961217053         4350626          0       2000          0          0
   0      111     2555    10631      4961217058      4961227689         4361225          0       2000          0          0
   0      111     2788    10866      4961227697      4961238564         4371864          0       2000          0          0
   0      111     2552    10625      4961238568      4961249193         4382735          0       2000          0          0
   0      111     2506    10578      4961249201      4961259780         4393368          0       2000          0          0
   0      111     2680    10756      4961259788      4961270545         4403955          0       2000          0          0
   0      111     2524    10596      4961270553      4961281148         4414719          0       2000          0          0
   0      111     2383    10455      4961281153      4961291608         4425319          0       2000          0          0
   0      111     4461    12537      4961291619      4961304156         4435785          0       2000          0          0
   0      111     2763    10828      4961304165      4961314993         4448331          0       2000          0          0
   0      111     2518    10599      4961314997      4961325596         4459163          0       2000          0          0
   0      111     2829    10905      4961325609      4961336514         4469775          0       2000          0          0
   0      111     2514    10591      4961336522      4961347113         4480688          0       2000          0          0
   0      111     2520    10592      4961347121      4961357713         4491288          0       2000          0          0
   0      111     3246    11320      4961357722      4961369042         4501889          0       2000          0          0
   0      111     2531    10598      4961369050      4961379648         4513217          0       2000          0          0
   0      111     2528    10598      4961379652      4961390251         4523819          0       2000          0          0
   0      111     3628    11727      4961390260      4961401987         4534427          0       2000          0          0
   0      111     3928    11997      4961402027      4961414024         4546193          0       2000          0          0
   0      111     2603    10687      4961414030      4961424717         4558196          0       2000          0          0
   0      111     3778    11860      4961424730      4961436590         4568896          0       2000          0          0
   0      111     2700    10771      4961436605      4961447375         4580771          0       2000          0          0
   0      111     2578    10662      4961447382      4961458044         4591548          0       2000          0          0
   0      111     3348    11422      4961458054      4961469477         4602221          0       2000          0          0
   0      111     2366    10439      4961469485      4961479924         4613651          0       2000          0          0
   0      111     2678    10752      4961479933      4961490685         4624099          0       2000          0          0
   0      111     2538    10624      4961490694      4961501318         4634861          0       2000          0          0
   0      111     2695    10779      4961501338      4961512117         4645505          0       2000          0          0
   0      111     3416    11487      4961512130      4961523617         4656296          0       2000          0          0
   0      111     3298    11396      4961523626      4961535021         4667792          0       2000          0          0
   0      111     2668    10746      4961535031      4961545776         4679197          0       2000          0          0
   0      111     2602    10674      4961545785      4961556459         4689952          0       2000          0          0
   0      111     2572    10655      4961556468      4961567123         4700635          0       2000          0          0
   0      111     4162    12232      4961567190      4961579422         4711357          0       2000          0          0
   0      111     2521    10599      4961579429      4961590028         4723595          0       2000          0          0
   0      111     3317    11389      4961590035      4961601424         4734202          0       2000          0          0
   0      111     3151    11237      4961601433      4961612670         4745600          0       2000          0          0
   0      111     2561    10638      4961612682      4961623320         4756849          0       2000          0          0
   0      111     2528    10603      4961623329      4961633931         4767495          0       2000          0          0
   0      111     3557    11633      4961633941      4961645574         4778108          0       2000          0          0
   0      111     2508    10580      4961645578      4961656158         4789744          0       2000          0          0
   0      111     2597    10671      4961656166      4961666837         4800332          0       2000          0          0
   0      111     3081    11189      4961666849      4961678038         4811015          0       2000          0          0
   0      111     2571    10645      4961678047      4961688692         4822214          0       2000          0          0
   0      111     2692    10769      4961688701      4961699470         4832867          0       2000          0          0
   0      111     3187    11252      4961699479      4961710731         4843645          0       2000          0          0
   0      111     2565    10637      4961710734      4961721371         4854901          0       2000          0          0
   0      111     3775    11857      4961721380      4961733238         4865547          0       2000          0          0
   0      111     2494    10567      4961733249      4961743817         4877416          0       2000          0          0
   0      111     2905    10976      4961743826      4961754802         4887993          0       2000          0          0
   0      111     2627    10718      4961754811      4961765529         4898978          0       2000          0          0
   0      111     4155    12234      4961765542      4961777776         4909708          0       2000          0          0
   0      111     3835    11909      4961777789      4961789699         4921956          0       2000          0          0
   0      111     2378    10458      4961789707      4961800166         4933874          0       2000          0          0
   0      111     3568    11643      4961800177      4961811820         4944344          0       2000          0          0
   0      111     2645    10730      4961811825      4961822555         4955991          0       2000          0          0
   0      111     3568    11664      4961822569      4961834233         4966736          0       2000          0          0
   0      111     4171    12247      4961834248      4961846495         4978414          0       2000          0          0
