#idx     perf      run   period           start             end          rel_st      slack c_duration   c_period     wu_lat
   0       31     1909    10032       694716637       694726670             210          0       2000          0          0
   0       31     3755    11822       694726698       694738520           10271          0       2000          0          0
   0       31     3593    11671       694738525       694750196           22098          0       2000          0          0
   0       31     4382    12506       694750207       694762713           33780          0       2000          0          0
   0       31     4348    12415       694762741       694775156           46314          0       2000          0          0
   0       31     4340    12454       694775162       694787617           58735          0       2000          0          0
   0       31     4342    12413       694787652       694800065           71225          0       2000          0          0
   0       31     4343    12458       694800070       694812529           83643          0       2000          0          0
   0       31     4341    12517       694812565       694825082           96138          0       2000          0          0
   0       31     4335    12452       694825088       694837540          108661          0       2000          0          0
   0       31     4342    12501       694837572       694850073          121145          0       2000          0          0
   0       31     4338    12452       694850080       694862531          133653          0       2000          0          0
   0       31     4354    12463       694862565       694875028          146138          0       2000          0          0
   0       31     4337    12452       694875033       694887485          158606          0       2000          0          0
   0       31     4340    12453       694887521       694899975          171094          0       2000          0          0
   0       31     4342    12457       694900019       694912475          183591          0       2000          0          0
   0       31     4342    12459       694912509       694924968          196082          0       2000          0          0
   0       31     4345    12461       694925000       694937461          208573          0       2000          0          0
   0       31     4340    12422       694937495       694949917          221068          0       2000          0          0
   0       31     3523    11603       694949927       694961530          233500          0       2000          0          0
   0       31     4344    12444       694961538       694973983          245111          0       2000          0          0
   0       31     4348    12426       694973993       694986419          257566          0       2000          0          0
   0       31     4349    12498       694986429       694998927          270002          0       2000          0          0
   0       31     4352    12425       694998934       695011359          282507          0       2000          0          0
   0       31     4378    12528       695011366       695023894          294939          0       2000          0          0
   0       31     4358    12493       695023903       695036396          307476          0       2000          0          0
   0       31     4341    12461       695036402       695048863          319975          0       2000          0          0
   0       31     4352    12478       695048893       695061371          332465          0       2000          0          0
   0       31     4341    12455       695061376       695073831          344949          0       2000          0          0
   0       31     4360    12437       695073865       695086303          357438          0       2000          0          0
   0       31     4386    12515       695086313       695098828          369886          0       2000          0          0
   0       31     4352    12420       695098859       695111279          382432          0       2000          0          0
   0       31     4343    12454       695111286       695123739          394859          0       2000          0          0
   0       31     4354    12421       695123828       695136249          407401          0       2000          0          0
   0       31     4351    12469       695136253       695148722          419826          0       2000          0          0
   0       31     4372    12438       695148758       695161197          432331          0       2000          0          0
   0       31     4340    12454       695161201       695173656          444774          0       2000          0          0
   0       31     4350    12417       695173692       695186109          457265          0       2000          0          0
   0       31     3536    11616       695186113       695197730          469686          0       2000          0          0
   0       31     4415    12486       695197739       695210225          481312          0       2000          0          0
   0       31     4372    12494       695210235       695222729          493808          0       2000          0          0
   0       31     4351    12424       695222761       695235185          506334          0       2000          0          0
   0       31     4314    12420       695235192       695247613          518765          0       2000          0          0
   0       31     4335    12468       695247631       695260099          531204          0       2000          0          0
   0       31     4314    12387       695260105       695272492          543678          0       2000          0          0
   0       31     4342    12452       695272498       695284951          556071          0       2000          0          0
   0       31     4314    12429       695284986       695297415          568559          0       2000          0          0
   0       31     4314    12384       695297449       695309833          581022          0       2000          0          0
   0       31     4368    12445       695309837       695322282          593410          0       2000          0          0
   0       31     4314    12422       695322293       695334715          605866          0       2000          0          0
   0       31     4355    12419       695334733       695347152          618306          0       2000          0          0
   0       31     4314    12417       695347156       695359573          630729          0       2000          0          0
   0       31     4355    12504       695359590       695372094          643163          0       2000          0          0
   0       31     4314    12418       695372098       695384515          655671          0       2000          0          0
   0       31     4340    12453       695384532       695396985          668105          0       2000          0          0
   0       31     4314    12424       695397021       695409445          680594          0       2000          0          0
   0       31     4314    12390       695409483       695421873          693055          0       2000          0          0
   0       31     4365    12444       695421878       695434321          705451          0       2000          0          0
   0       31     4314    12422       695434327       695446749          717900          0       2000          0          0
   0       31     4337    12402       695446766       695459167          730339          0       2000          0          0
   0       31     4314    12425       695459171       695471596          742744          0       2000          0          0
   0       31     4314    12459       695471615       695484074          755188          0       2000          0          0
   0       31     4323    12434       695484098       695496533          767671          0       2000          0          0
   0       31     4314    12419       695496571       695508990          780144          0       2000          0          0
   0       31     4338    12442       695509007       695521449          792580          0       2000          0          0
   0       31     4338    12411       695521465       695533877          805038          0       2000          0          0
   0       31     4367    12522       695533926       695546447          817499          0       2000          0          0
   0       31     4314    12389       695546454       695558843          830027          0       2000          0          0
   0       31     4362    12435       695558853       695571289          842426          0       2000          0          0
   0       31     2026    10171       695571297       695581468          854870          0       2000          0          0
   0       31     4314    12451       695581478       695593929          865051          0       2000          0          0
   0       31     4330    12438       695593939       695606377          877512          0       2000          0          0
   0       31     4353    12461       695606398       695618859          889971          0       2000          0          0
   0       31     4314    12382       695618897       695631279          902470          0       2000          0          0
   0       31     4367    12486       695631283       695643769          914856          0       2000          0          0
   0       31     4318    12384       695643804       695656188          927377          0       2000          0          0
   0       31     4314    12420       695656193       695668613          939766          0       2000          0          0
   0       31     4337    12441       695668630       695681071          952203          0       2000          0          0
   0       31     4314    12414       695681100       695693514          964673          0       2000          0          0
   0       31     4359    12470       695693531       695706001          977104          0       2000          0          0
   0       31     4314    12419       695706039       695718457          989612          0       2000          0          0
   0       31     4334    12438       695718474       695730912         1002047          0       2000          0          0
   0       31     4338    12412       695730929       695743341         1014502          0       2000          0          0
   0       31     4369    12505       695743344       695755850         1026917          0       2000          0          0
   0       31     4344    12410       695755860       695768270         1039433          0       2000          0          0
   0       31     4314    12418       695768274       695780692         1051847          0       2000          0          0
   0       31     4338    12407       695780709       695793116         1064282          0       2000          0          0
   0       31     4310    12420       695793120       695805540         1076693          0       2000          0          0
   0       31     4314    12420       695805579       695817998         1089152          0       2000          0          0
   0       31     4334    12443       695818016       695830459         1101589          0       2000          0          0
   0       31     4334    12439       695830476       695842914         1114049          0       2000          0          0
   0       31     4336    12410       695842931       695855341         1126504          0       2000          0          0
   0       31     4368    12520       695855345       695867865         1138918          0       2000          0          0
   0       31     4314    12381       695867875       695880256         1151448          0       2000          0          0
   0       31     4314    12452       695880261       695892713         1163834          0       2000          0          0
   0       31     4314    12390       695892718       695905108         1176291          0       2000          0          0
   0       31     4314    12416       695905111       695917527         1188684          0       2000          0          0
   0       31     4341    12449       695917544       695929993         1201117          0       2000          0          0
   0       31     4376    12523       695930072       695942595         1213645          0       2000          0          0
   0       31     4336    12402       695942625       695955027         1226198          0       2000          0          0
   0       31     4314    12384       695955033       695967417         1238606          0       2000          0          0
   0       31     4331    12415       695967421       695979836         1250994          0       2000          0          0
   0       31     3206    11277       695979845       695991123         1263418          0       2000          0          0
   0       31     4280    12397       695991132       696003529         1274705          0       2000          0          0
   0       31     4391    12513       696003565       696016077         1287138          0       2000          0          0
   0       31     4314    12419       696016103       696028522         1299676          0       2000          0          0
   0       31     4337    12443       696028539       696040983         1312112          0       2000          0          0
   0       31     4336    12402       696041000       696053402         1324573          0       2000          0          0
   0       31     4314    12423       696053405       696065829         1336978          0       2000          0          0
   0       31     4333    12397       696065845       696078243         1349418          0       2000          0          0
   0       31     4315    12393       696078246       696090639         1361819          0       2000          0          0
   0       31     4259    12383       696090649       696103032         1374221          0       2000          0          0
   0       31     4342    12451       696103061       696115512         1386634          0       2000          0          0
   0       31     4314    12421       696115551       696127972         1399124          0       2000          0          0
   0       31     4337    12442       696127989       696140432         1411562          0       2000          0          0
   0       31     4337    12441       696140448       696152889         1424021          0       2000          0          0
   0       31     4336    12415       696152906       696165321         1436479          0       2000          0          0
   0       31     3242    11344       696165327       696176671         1448900          0       2000          0          0
   0       31     4314    12412       696176681       696189094         1460254          0       2000          0          0
   0       31     4314    12390       696189099       696201489         1472672          0       2000          0          0
   0       31     2409    10533       696201497       696212030         1485070          0       2000          0          0
   0       31     4314    12420       696212063       696224484         1495636          0       2000          0          0
   0       31     4353    12458       696224502       696236960         1508075          0       2000          0          0
   0       31     4337    12443       696236977       696249420         1520550          0       2000          0          0
   0       31     4366    12440       696249437       696261877         1533010          0       2000          0          0
   0       31     4321    12387       696261885       696274272         1545458          0       2000          0          0
   0       31     4342    12448       696274276       696286724         1557849          0       2000          0          0
   0       31     4333    12398       696286744       696299141         1570317          0       2000          0          0
   0       31     4323    12424       696299146       696311570         1582719          0       2000          0          0
   0       31     4352    12515       696311588       696324103         1595161          0       2000          0          0
   0       31     2140    10265       696324129       696334394         1607702          0       2000          0          0
   0       31     4342    12450       696334401       696346851         1617974          0       2000          0          0
   0       31     4314    12378       696346935       696359313         1630508          0       2000          0          0
   0       31     4314    12417       696359318       696371735         1642891          0       2000          0          0
   0       31     4339    12403       696371752       696384155         1655325          0       2000          0          0
   0       31     4314    12415       696384159       696396574         1667732          0       2000          0          0
   0       31     4339    12455       696396590       696409045         1680163          0       2000          0          0
   0       31     4323    12429       696409080       696421509         1692653          0       2000          0          0
   0       31     4345    12414       696421528       696433942         1705101          0       2000          0          0
   0       31     4358    12473       696433949       696446422         1717522          0       2000          0          0
   0       31     4342    12450       696446456       696458906         1730029          0       2000          0          0
   0       31     4340    12443       696458933       696471376         1742506          0       2000          0          0
   0       31     4325    12431       696471403       696483834         1754976          0       2000          0          0
   0       31     4338    12403       696483853       696496256         1767426          0       2000          0          0
   0       31     4316    12421       696496261       696508682         1779834          0       2000          0          0
   0       31     4336    12405       696508702       696521106         1792275          0       2000          0          0
   0       31     4314    12416       696521110       696533526         1804683          0       2000          0          0
   0       31     4342    12413       696533543       696545956         1817116          0       2000          0          0
   0       31     4364    12427       696545962       696558390         1829535          0       2000          0          0
   0       31     1917     9993       696558395       696568389         1841968          0       2000          0          0
   0       31     4315    12430       696568399       696580829         1851972          0       2000          0          0
   0       31     4345    12416       696580863       696593278         1864436          0       2000          0          0
   0       31     4314    12421       696593289       696605709         1876862          0       2000          0          0
   0       31     4335    12400       696605728       696618128         1889301          0       2000          0          0
   0       31     4462    12568       696618132       696630700         1901705          0       2000          0          0
   0       31     4333    12402       696630721       696643123         1914294          0       2000          0          0
   0       31     4360    12506       696643128       696655634         1926701          0       2000          0          0
   0       31     4252    12365       696655645       696668009         1939217          0       2000          0          0
   0       31     4314    12421       696668046       696680467         1951619          0       2000          0          0
   0       31     4336    12442       696680484       696692926         1964057          0       2000          0          0
   0       31     4337    12462       696692943       696705405         1976516          0       2000          0          0
   0       31     4314    12416       696705409       696717825         1988982          0       2000          0          0
   0       31     4338    12402       696717842       696730245         2001415          0       2000          0          0
   0       31     4314    12419       696730248       696742668         2013821          0       2000          0          0
   0       31     4336    12402       696742685       696755087         2026258          0       2000          0          0
   0       31     4366    12503       696755133       696767635         2038706          0       2000          0          0
   0       31     4385    12456       696767667       696780123         2051240          0       2000          0          0
   0       31     4356    12430       696780130       696792560         2063703          0       2000          0          0
   0       31     4314    12393       696792569       696804961         2076142          0       2000          0          0
   0       31     4319    12390       696804971       696817360         2088544          0       2000          0          0
   0       31     4314    12420       696817367       696829787         2100940          0       2000          0          0
   0       31     4336    12401       696829804       696842205         2113377          0       2000          0          0
   0       31     4314    12419       696842209       696854628         2125782          0       2000          0          0
   0       31     4337    12407       696854645       696867052         2138218          0       2000          0          0
   0       31     4368    12468       696867056       696879524         2150629          0       2000          0          0
   0       31     4316    12425       696879534       696891959         2163107          0       2000          0          0
   0       31     4272    12397       696891977       696904374         2175550          0       2000          0          0
   0       31     4314    12420       696904378       696916799         2187951          0       2000          0          0
   0       31     4335    12404       696916815       696929220         2200388          0       2000          0          0
   0       31     3360    11505       696929224       696940728         2212796          0       2000          0          0
   0       31     4263    12366       696940737       696953104         2224310          0       2000          0          0
   0       31     4379    12485       696953109       696965595         2236682          0       2000          0          0
   0       31     4334    12443       696965615       696978058         2249188          0       2000          0          0
   0       31     4397    12554       696978075       696990629         2261648          0       2000          0          0
   0       31     4328    12462       696990639       697003101         2274212          0       2000          0          0
   0       31     4314    12427       697003107       697015534         2286680          0       2000          0          0
   0       31     4314    12420       697015571       697027991         2299144          0       2000          0          0
   0       31     4335    12439       697028009       697040448         2311582          0       2000          0          0
   0       31     4339    12451       697040464       697052916         2324037          0       2000          0          0
   0       31     4314    12418       697052950       697065369         2336523          0       2000          0          0
   0       31     4314    12419       697065402       697077821         2348975          0       2000          0          0
   0       31     4336    12400       697077838       697090238         2361411          0       2000          0          0
   0       31     4316    12384       697090241       697102626         2373814          0       2000          0          0
   0       31     1898    10010       697102632       697112641         2386205          0       2000          0          0
   0       31     4342    12431       697112675       697125106         2396248          0       2000          0          0
   0       31     4314    12419       697125111       697137530         2408683          0       2000          0          0
   0       31     4336    12442       697137547       697149989         2421120          0       2000          0          0
   0       31     4336    12443       697150005       697162448         2433578          0       2000          0          0
   0       31     4314    12421       697162523       697174944         2446096          0       2000          0          0
   0       31     4335    12440       697174961       697187400         2458534          0       2000          0          0
   0       31     4336    12444       697187417       697199861         2470990          0       2000          0          0
   0       31     4314    12401       697199880       697212281         2483453          0       2000          0          0
   0       31     1276     9416       697212288       697221704         2495861          0       2000          0          0
   0       31     4256    12386       697221714       697234100         2505287          0       2000          0          0
   0       31     4314    12418       697234105       697246523         2517678          0       2000          0          0
   0       31     4336    12454       697246541       697258996         2530114          0       2000          0          0
   0       31     4314    12385       697259028       697271414         2542601          0       2000          0          0
   0       31     3867    11978       697271420       697283398         2554993          0       2000          0          0
   0       31     4342    12450       697283432       697295881         2567004          0       2000          0          0
   0       31     4337    12463       697295899       697308362         2579472          0       2000          0          0
   0       31     4314    12418       697308366       697320783         2591939          0       2000          0          0
   0       31     4339    12411       697320800       697333211         2604373          0       2000          0          0
   0       31     2377    10508       697333216       697343724         2616789          0       2000          0          0
   0       31     4314    12379       697343734       697356113         2627307          0       2000          0          0
   0       31     4314    12420       697356117       697368537         2639690          0       2000          0          0
   0       31     4334    12442       697368554       697380996         2652127          0       2000          0          0
   0       31     4334    12406       697381013       697393419         2664586          0       2000          0          0
   0       31     4225    12349       697393426       697405775         2676999          0       2000          0          0
   0       31     4250    12316       697405809       697418126         2689382          0       2000          0          0
   0       31     4314    12395       697418131       697430526         2701704          0       2000          0          0
   0       31     2903    11025       697430535       697441559         2714108          0       2000          0          0
   0       31     4283    12403       697441591       697453994         2725164          0       2000          0          0
   0       31     4330    12438       697454026       697466464         2737599          0       2000          0          0
   0       31     4314    12420       697466503       697478923         2750076          0       2000          0          0
   0       31     4336    12443       697478942       697491386         2762515          0       2000          0          0
   0       31     4339    12448       697491403       697503851         2774976          0       2000          0          0
   0       31     4332    12397       697503868       697516265         2787441          0       2000          0          0
   0       31     4314    12378       697516269       697528647         2799842          0       2000          0          0
   0       31     4314    12376       697528651       697541027         2812224          0       2000          0          0
   0       31     1128     9203       697541031       697550234         2824604          0       2000          0          0
   0       31     4311    12381       697550243       697562624         2833816          0       2000          0          0
   0       31      904     9057       697562660       697571717         2846233          0       2000          0          0
   0       31     4280    12381       697571726       697584108         2855299          0       2000          0          0
   0       31     4314    12419       697584115       697596533         2867688          0       2000          0          0
   0       31     4338    12444       697596551       697608994         2880124          0       2000          0          0
   0       31     4338    12444       697609011       697621456         2892584          0       2000          0          0
   0       31     4340    12448       697621472       697633920         2905045          0       2000          0          0
   0       31     4336    12407       697633938       697646345         2917511          0       2000          0          0
   0       31     4335    12489       697646349       697658839         2929922          0       2000          0          0
   0       31     4316    12383       697658848       697671231         2942421          0       2000          0          0
   0       31     4314    12426       697671236       697683662         2954809          0       2000          0          0
   0       31     4314    12411       697683698       697696109         2967271          0       2000          0          0
   0       31     4314    12420       697696113       697708533         2979686          0       2000          0          0
   0       31     4336    12441       697708549       697720991         2992122          0       2000          0          0
   0       31     4337    12442       697721008       697733450         3004581          0       2000          0          0
   0       31     4336    12442       697733467       697745909         3017040          0       2000          0          0
   0       31     4336    12439       697745926       697758365         3029499          0       2000          0          0
   0       31     4322    12481       697758401       697770881         3041973          0       2000          0          0
   0       31     4325    12437       697770891       697783328         3054464          0       2000          0          0
   0       31     4314    12429       697783336       697795765         3066909          0       2000          0          0
   0       31     4314    12378       697795800       697808179         3079373          0       2000          0          0
   0       31     4314    12417       697808183       697820599         3091755          0       2000          0          0
   0       31     4340    12480       697820616       697833096         3104189          0       2000          0          0
   0       31     4314    12420       697833100       697845519         3116673          0       2000          0          0
   0       31     4339    12444       697845536       697857980         3129109          0       2000          0          0
   0       31     4337    12440       697857997       697870436         3141570          0       2000          0          0
   0       31     4340    12496       697870453       697882949         3154026          0       2000          0          0
   0       31     4317    12436       697882959       697895395         3166532          0       2000          0          0
   0       31     4235    12359       697895429       697907789         3179002          0       2000          0          0
   0       31     4274    12341       697907820       697920161         3191393          0       2000          0          0
   0       31     4314    12418       697920166       697932584         3203739          0       2000          0          0
   0       31     4337    12459       697932601       697945060         3216174          0       2000          0          0
   0       31     4314    12420       697945086       697957506         3228659          0       2000          0          0
   0       31     4350    12456       697957523       697969978         3241096          0       2000          0          0
   0       31     4314    12379       697970056       697982435         3253629          0       2000          0          0
   0       31     4316    12396       697982440       697994836         3266013          0       2000          0          0
   0       31     3586    11712       697994845       698006557         3278418          0       2000          0          0
   0       31     4278    12392       698006587       698018979         3290160          0       2000          0          0
   0       31     4314    12418       698019015       698031433         3302588          0       2000          0          0
   0       31     4338    12442       698031451       698043892         3315024          0       2000          0          0
   0       31     4338    12464       698043909       698056373         3327482          0       2000          0          0
   0       31     4314    12419       698056377       698068796         3339950          0       2000          0          0
   0       31     4338    12403       698068813       698081216         3352386          0       2000          0          0
   0       31     4314    12417       698081220       698093636         3364793          0       2000          0          0
   0       31     4338    12413       698093653       698106067         3377226          0       2000          0          0
   0       31     2463    10584       698106075       698116658         3389648          0       2000          0          0
   0       31     4314    12419       698116691       698129110         3400264          0       2000          0          0
   0       31     4314    12423       698129115       698141538         3412688          0       2000          0          0
   0       31     4336    12451       698141555       698154006         3425128          0       2000          0          0
   0       31     4417    12524       698154039       698166563         3437612          0       2000          0          0
   0       31     4334    12460       698166584       698179044         3450157          0       2000          0          0
   0       31     4314    12417       698179073       698191490         3462646          0       2000          0          0
   0       31     4345    12452       698191507       698203958         3475080          0       2000          0          0
   0       31     4338    12410       698203975       698216385         3487548          0       2000          0          0
   0       31     1641     9717       698216391       698226107         3499963          0       2000          0          0
   0       31     4321    12431       698226117       698238548         3509690          0       2000          0          0
   0       31     4314    12418       698238586       698251005         3522159          0       2000          0          0
   0       31     4074    12148       698251022       698263170         3534595          0       2000          0          0
   0       31     2821    10921       698263178       698274099         3546751          0       2000          0          0
   0       31     4342    12450       698274103       698286553         3557676          0       2000          0          0
   0       31     4334    12443       698286570       698299014         3570143          0       2000          0          0
   0       31     4332    12440       698299031       698311471         3582604          0       2000          0          0
   0       31     4334    12440       698311488       698323928         3595061          0       2000          0          0
   0       31     4336    12412       698323945       698336357         3607518          0       2000          0          0
   0       31     3558    11638       698336363       698348001         3619936          0       2000          0          0
   0       31     4314    12434       698348011       698360445         3631584          0       2000          0          0
   0       31     4314    12422       698360477       698372899         3644050          0       2000          0          0
   0       31     4314    12421       698372991       698385412         3656564          0       2000          0          0
   0       31     4337    12444       698385429       698397873         3669002          0       2000          0          0
   0       31     4335    12400       698397890       698410290         3681463          0       2000          0          0
   0       31     4314    12419       698410293       698422712         3693866          0       2000          0          0
   0       31     4356    12421       698422729       698435150         3706302          0       2000          0          0
   0       31     4314    12388       698435153       698447541         3718726          0       2000          0          0
   0       31     4351    12503       698447549       698460052         3731122          0       2000          0          0
   0       31     4314    12422       698460062       698472484         3743635          0       2000          0          0
   0       31     4455    12571       698472502       698485073         3756075          0       2000          0          0
   0       31     4314    12423       698485100       698497523         3768673          0       2000          0          0
   0       31     4334    12440       698497543       698509984         3781116          0       2000          0          0
   0       31     4336    12438       698510001       698522439         3793574          0       2000          0          0
   0       31     4340    12445       698522455       698534900         3806028          0       2000          0          0
   0       31     4349    12456       698534917       698547372         3818490          0       2000          0          0
   0       31     4313    12383       698547409       698559791         3830982          0       2000          0          0
   0       31     1937    10085       698559798       698569883         3843371          0       2000          0          0
   0       31     4361    12427       698569893       698582320         3853466          0       2000          0          0
   0       31     4357    12486       698582327       698594812         3865900          0       2000          0          0
   0       31     2064    10137       698594842       698604979         3878415          0       2000          0          0
   0       31     4395    12505       698604987       698617492         3888560          0       2000          0          0
   0       31     4338    12449       698617528       698629976         3901101          0       2000          0          0
   0       31     4349    12460       698630012       698642472         3913585          0       2000          0          0
   0       31     4314    12427       698642507       698654934         3926080          0       2000          0          0
   0       31     4317    12396       698654968       698667365         3938541          0       2000          0          0
   0       31     4353    12464       698667372       698679836         3950945          0       2000          0          0
   0       31     4347    12412       698679857       698692269         3963430          0       2000          0          0
   0       31     4314    12378       698692274       698704652         3975847          0       2000          0          0
   0       31     4314    12418       698704656       698717074         3988229          0       2000          0          0
   0       31     4314    12420       698717098       698729518         4000671          0       2000          0          0
   0       31     4336    12442       698729535       698741976         4013108          0       2000          0          0
   0       31     4336    12442       698741993       698754435         4025566          0       2000          0          0
   0       31     4337    12439       698754451       698766890         4038024          0       2000          0          0
   0       31     4341    12409       698766906       698779315         4050479          0       2000          0          0
   0       31     4328    12440       698779362       698791802         4062935          0       2000          0          0
   0       31     4267    12333       698791838       698804171         4075411          0       2000          0          0
   0       31     4314    12418       698804177       698816594         4087750          0       2000          0          0
   0       31     4338    12447       698816611       698829059         4100184          0       2000          0          0
   0       31     4332    12438       698829075       698841513         4112648          0       2000          0          0
   0       31     4340    12486       698841529       698854015         4125102          0       2000          0          0
   0       31     4353    12473       698854027       698866500         4137600          0       2000          0          0
   0       31     4314    12417       698866530       698878947         4150103          0       2000          0          0
   0       31     4339    12405       698878965       698891370         4162538          0       2000          0          0
   0       31     1973    10087       698891376       698901463         4174949          0       2000          0          0
   0       31     4343    12455       698901497       698913952         4185070          0       2000          0          0
   0       31     4314    12419       698913988       698926407         4197561          0       2000          0          0
   0       31     4339    12444       698926424       698938868         4209997          0       2000          0          0
   0       31     4338    12402       698938885       698951287         4222458          0       2000          0          0
   0       31     4314    12416       698951291       698963707         4234864          0       2000          0          0
   0       31     4339    12402       698963724       698976126         4247297          0       2000          0          0
   0       31     4314    12418       698976129       698988547         4259702          0       2000          0          0
   0       31     4337    12409       698988564       699000972         4272137          0       2000          0          0
   0       31     1893    10047       699000979       699011026         4284552          0       2000          0          0
   0       31     4316    12424       699011036       699023460         4294609          0       2000          0          0
   0       31     4340    12449       699023479       699035928         4307052          0       2000          0          0
   0       31     4279    12426       699035950       699048376         4319523          0       2000          0          0
   0       31     4318    12424       699048382       699060806         4331955          0       2000          0          0
   0       31     4334    12398       699060825       699073223         4344398          0       2000          0          0
   0       31     4316    12422       699073227       699085649         4356800          0       2000          0          0
   0       31     4336    12437       699085667       699098104         4369240          0       2000          0          0
   0       31     4314    12384       699098107       699110491         4381680          0       2000          0          0
   0       31     4354    12509       699110496       699123005         4394069          0       2000          0          0
   0       31     4257    12384       699123016       699135400         4406589          0       2000          0          0
   0       31     4319    12425       699135405       699147830         4418978          0       2000          0          0
   0       31     4334    12414       699147849       699160263         4431422          0       2000          0          0
   0       31     4314    12427       699160271       699172698         4443844          0       2000          0          0
   0       31     4314    12377       699172733       699185111         4456306          0       2000          0          0
   0       31     4314    12420       699185153       699197574         4468726          0       2000          0          0
   0       31     4335    12408       699197591       699209999         4481164          0       2000          0          0
   0       31     4331    12400       699210006       699222406         4493579          0       2000          0          0
   0       31     4345    12434       699222414       699234849         4505987          0       2000          0          0
   0       31     4129    12242       699234859       699247100         4518431          0       2000          0          0
   0       31     4354    12429       699247107       699259536         4530680          0       2000          0          0
   0       31     4320    12395       699259547       699271942         4543120          0       2000          0          0
   0       31     3579    11688       699271949       699283638         4555522          0       2000          0          0
   0       31     4342    12435       699283671       699296106         4567244          0       2000          0          0
   0       31     4316    12382       699296111       699308492         4579684          0       2000          0          0
   0       31     4314    12417       699308497       699320914         4592070          0       2000          0          0
   0       31     4341    12446       699320931       699333377         4604504          0       2000          0          0
   0       31     4334    12421       699333395       699345816         4616968          0       2000          0          0
   0       31     2815    10889       699345826       699356715         4629399          0       2000          0          0
   0       31     4314    12382       699356725       699369107         4640298          0       2000          0          0
   0       31     4314    12419       699369111       699381530         4652684          0       2000          0          0
   0       31     4360    12471       699381548       699394019         4665121          0       2000          0          0
   0       31     4314    12423       699394056       699406479         4677629          0       2000          0          0
   0       31     4333    12437       699406496       699418933         4690069          0       2000          0          0
   0       31     4337    12442       699418950       699431391         4702523          0       2000          0          0
   0       31     4337    12421       699431408       699443829         4714981          0       2000          0          0
   0       31     2837    10985       699443839       699454824         4727412          0       2000          0          0
   0       31     4314    12381       699454833       699467214         4738406          0       2000          0          0
   0       31     4314    12422       699467218       699479640         4750791          0       2000          0          0
   0       31     4314    12424       699479678       699492102         4763251          0       2000          0          0
   0       31     4314    12430       699492109       699504539         4775682          0       2000          0          0
   0       31     4314    12419       699504572       699516991         4788145          0       2000          0          0
   0       31     4334    12442       699517008       699529451         4800581          0       2000          0          0
   0       31     4314    12421       699529489       699541910         4813062          0       2000          0          0
   0       31     4314    12396       699541948       699554345         4825521          0       2000          0          0
   0       31     3330    11453       699554354       699565807         4837927          0       2000          0          0
   0       31     4365    12447       699565838       699578285         4849411          0       2000          0          0
   0       31     4445    12558       699578296       699590853         4861869          0       2000          0          0
   0       31     4340    12450       699590933       699603382         4874505          0       2000          0          0
   0       31     4314    12423       699603420       699615843         4886993          0       2000          0          0
   0       31     4314    12377       699615880       699628257         4899453          0       2000          0          0
   0       31     4314    12419       699628261       699640680         4911834          0       2000          0          0
   0       31     4336    12411       699640697       699653108         4924270          0       2000          0          0
   0       31     4314    12380       699653112       699665492         4936685          0       2000          0          0
   0       31     4367    12489       699665497       699677986         4949070          0       2000          0          0
   0       31     4445    12558       699678021       699690580         4961594          0       2000          0          0
   0       31     4337    12444       699690616       699703060         4974189          0       2000          0          0
   0       31     4314    12418       699703096       699715514         4986669          0       2000          0          0
