cset: --> last message, executed args into cpuset "/user", new pid is: 8075
{
  name          : calibration
  trace_id      : dd4ecbf31525cf79f4f904c78849fd27
  span_id       : ff0fcd98f2c23723
  tracestate    : 
  parent_span_id: f4d50b6b6a7c1b49
  start         : 1787912858393456335
  duration      : 32557
  description   : 
  span kind     : Internal
  status        : Unset
  attributes    : 
  events        : 
  links         : 
  resources     : 
	telemetry.sdk.version: 1.28.0
	telemetry.sdk.name: opentelemetry
	telemetry.sdk.language: cpp
	service.name: rt-app_console
  instr-lib     : rt-app-tracer
}
{
  name          : HI_task-0
  trace_id      : dd4ecbf31525cf79f4f904c78849fd27
  span_id       : 8a88584ef82f5d95
  tracestate    : 
  parent_span_id: f4d50b6b6a7c1b49
  start         : 1787912858394783703
  duration      : 19999316949
  description   : 
  span kind     : Internal
  status        : Unset
  attributes    : 
	cancellation: force_terminate
	config.sched_data.util_min: -1
	config.index: 0
	config.lock_pages: 1
	config.sched_data.priority: 90
	config.num_instances: 1
	config.loop: 1
	config.delay: 0
	config.forked: 0
	config.duration: 20
	config.sched_data.policy: SCHED_FIFO
	config.nphases: 1
	config.sched_data.util_max: -1
	config.name: HI_task-0
	config.cpuset: [ 2 ]
  events        : 
  links         : 
  resources     : 
	telemetry.sdk.version: 1.28.0
	telemetry.sdk.name: opentelemetry
	telemetry.sdk.language: cpp
	service.name: rt-app_console
  instr-lib     : rt-app-tracer
}
{
  name          : LO_noise-1
  trace_id      : dd4ecbf31525cf79f4f904c78849fd27
  span_id       : 6be76bf3899c52ad
  tracestate    : 
  parent_span_id: f4d50b6b6a7c1b49
  start         : 1787912858394662755
  duration      : 19999488003
  description   : 
  span kind     : Internal
  status        : Unset
  attributes    : 
	cancellation: force_terminate
	config.sched_data.util_min: -1
	config.index: 1
	config.lock_pages: 1
	config.sched_data.priority: 0
	config.num_instances: 4
	config.loop: 1
	config.delay: 0
	config.forked: 0
	config.duration: 20
	config.sched_data.policy: SCHED_OTHER
	config.nphases: 1
	config.sched_data.util_max: -1
	config.name: LO_noise-1
	config.cpuset: [ 3 ]
  events        : 
  links         : 
  resources     : 
	telemetry.sdk.version: 1.28.0
	telemetry.sdk.name: opentelemetry
	telemetry.sdk.language: cpp
	service.name: rt-app_console
  instr-lib     : rt-app-tracer
}
{
  name          : LO_noise-2
  trace_id      : dd4ecbf31525cf79f4f904c78849fd27
  span_id       : 60e5c228d510da3b
  tracestate    : 
  parent_span_id: f4d50b6b6a7c1b49
  start         : 1787912858394529614
  duration      : 19999650262
  description   : 
  span kind     : Internal
  status        : Unset
  attributes    : 
	cancellation: force_terminate
	config.sched_data.util_min: -1
	config.index: 2
	config.lock_pages: 1
	config.sched_data.priority: 0
	config.num_instances: 4
	config.loop: 1
	config.delay: 0
	config.forked: 0
	config.duration: 20
	config.sched_data.policy: SCHED_OTHER
	config.nphases: 1
	config.sched_data.util_max: -1
	config.name: LO_noise-2
	config.cpuset: [ 3 ]
  events        : 
  links         : 
  resources     : 
	telemetry.sdk.version: 1.28.0
	telemetry.sdk.name: opentelemetry
	telemetry.sdk.language: cpp
	service.name: rt-app_console
  instr-lib     : rt-app-tracer
}
{
  name          : LO_noise-3
  trace_id      : dd4ecbf31525cf79f4f904c78849fd27
  span_id       : 84976fd603d6ad1e
  tracestate    : 
  parent_span_id: f4d50b6b6a7c1b49
  start         : 1787912858394390738
  duration      : 19999799026
  description   : 
  span kind     : Internal
  status        : Unset
  attributes    : 
	cancellation: force_terminate
	config.sched_data.util_min: -1
	config.index: 3
	config.lock_pages: 1
	config.sched_data.priority: 0
	config.num_instances: 4
	config.loop: 1
	config.delay: 0
	config.forked: 0
	config.duration: 20
	config.sched_data.policy: SCHED_OTHER
	config.nphases: 1
	config.sched_data.util_max: -1
	config.name: LO_noise-3
	config.cpuset: [ 3 ]
  events        : 
  links         : 
  resources     : 
	telemetry.sdk.version: 1.28.0
	telemetry.sdk.name: opentelemetry
	telemetry.sdk.language: cpp
	service.name: rt-app_console
  instr-lib     : rt-app-tracer
}
{
  name          : LO_noise-4
  trace_id      : dd4ecbf31525cf79f4f904c78849fd27
  span_id       : 2f87c0ac76df718b
  tracestate    : 
  parent_span_id: f4d50b6b6a7c1b49
  start         : 1787912858394212320
  duration      : 19999979105
  description   : 
  span kind     : Internal
  status        : Unset
  attributes    : 
	cancellation: force_terminate
	config.sched_data.util_min: -1
	config.index: 4
	config.lock_pages: 1
	config.sched_data.priority: 0
	config.num_instances: 4
	config.loop: 1
	config.delay: 0
	config.forked: 0
	config.duration: 20
	config.sched_data.policy: SCHED_OTHER
	config.nphases: 1
	config.sched_data.util_max: -1
	config.name: LO_noise-4
	config.cpuset: [ 3 ]
  events        : 
  links         : 
  resources     : 
	telemetry.sdk.version: 1.28.0
	telemetry.sdk.name: opentelemetry
	telemetry.sdk.language: cpp
	service.name: rt-app_console
  instr-lib     : rt-app-tracer
}
{
  name          : phase[0]
  trace_id      : dd4ecbf31525cf79f4f904c78849fd27
  span_id       : ffa9bf1fc8fb758a
  tracestate    : 
  parent_span_id: 7e3737e32813fe1b
  start         : 1787912858424898146
  duration      : 19969322156
  description   : 
  span kind     : Internal
  status        : Unset
  attributes    : 
  events        : 
  links         : 
  resources     : 
	telemetry.sdk.version: 1.28.0
	telemetry.sdk.name: opentelemetry
	telemetry.sdk.language: cpp
	service.name: rt-app_console
  instr-lib     : rt-app-tracer
}
{
  name          : thread_loop[0]
  trace_id      : dd4ecbf31525cf79f4f904c78849fd27
  span_id       : 7e3737e32813fe1b
  tracestate    : 
  parent_span_id: 8a88584ef82f5d95
  start         : 1787912858424894838
  duration      : 19969327163
  description   : 
  span kind     : Internal
  status        : Unset
  attributes    : 
  events        : 
  links         : 
  resources     : 
	telemetry.sdk.version: 1.28.0
	telemetry.sdk.name: opentelemetry
	telemetry.sdk.language: cpp
	service.name: rt-app_console
  instr-lib     : rt-app-tracer
}
{
  name          : phase[0]
  trace_id      : dd4ecbf31525cf79f4f904c78849fd27
  span_id       : 948d59c5b12446ac
  tracestate    : 
  parent_span_id: 4ba898843821dfc8
  start         : 1787912858394438673
  duration      : 19999889762
  description   : 
  span kind     : Internal
  status        : Unset
  attributes    : 
  events        : 
  links         : 
  resources     : 
	telemetry.sdk.version: 1.28.0
	telemetry.sdk.name: opentelemetry
	telemetry.sdk.language: cpp
	service.name: rt-app_console
  instr-lib     : rt-app-tracer
}
{
  name          : thread_loop[0]
  trace_id      : dd4ecbf31525cf79f4f904c78849fd27
  span_id       : 4ba898843821dfc8
  tracestate    : 
  parent_span_id: 84976fd603d6ad1e
  start         : 1787912858394436134
  duration      : 19999894776
  description   : 
  span kind     : Internal
  status        : Unset
  attributes    : 
  events        : 
  links         : 
  resources     : 
	telemetry.sdk.version: 1.28.0
	telemetry.sdk.name: opentelemetry
	telemetry.sdk.language: cpp
	service.name: rt-app_console
  instr-lib     : rt-app-tracer
}
{
  name          : phase[0]
  trace_id      : dd4ecbf31525cf79f4f904c78849fd27
  span_id       : 43ad39c5b8e74d61
  tracestate    : 
  parent_span_id: 8955e1cb4d83d927
  start         : 1787912858394258040
  duration      : 20000572527
  description   : 
  span kind     : Internal
  status        : Unset
  attributes    : 
  events        : 
  links         : 
  resources     : 
	telemetry.sdk.version: 1.28.0
	telemetry.sdk.name: opentelemetry
	telemetry.sdk.language: cpp
	service.name: rt-app_console
  instr-lib     : rt-app-tracer
}
{
  name          : thread_loop[0]
  trace_id      : dd4ecbf31525cf79f4f904c78849fd27
  span_id       : 8955e1cb4d83d927
  tracestate    : 
  parent_span_id: 2f87c0ac76df718b
  start         : 1787912858394255039
  duration      : 20000576610
  description   : 
  span kind     : Internal
  status        : Unset
  attributes    : 
  events        : 
  links         : 
  resources     : 
	telemetry.sdk.version: 1.28.0
	telemetry.sdk.name: opentelemetry
	telemetry.sdk.language: cpp
	service.name: rt-app_console
  instr-lib     : rt-app-tracer
}
{
  name          : phase[0]
  trace_id      : dd4ecbf31525cf79f4f904c78849fd27
  span_id       : 2225fd3564c93706
  tracestate    : 
  parent_span_id: 30ee2b3fd93795e6
  start         : 1787912858394700649
  duration      : 20000192523
  description   : 
  span kind     : Internal
  status        : Unset
  attributes    : 
  events        : 
  links         : 
  resources     : 
	telemetry.sdk.version: 1.28.0
	telemetry.sdk.name: opentelemetry
	telemetry.sdk.language: cpp
	service.name: rt-app_console
  instr-lib     : rt-app-tracer
}
{
  name          : thread_loop[0]
  trace_id      : dd4ecbf31525cf79f4f904c78849fd27
  span_id       : 30ee2b3fd93795e6
  tracestate    : 
  parent_span_id: 6be76bf3899c52ad
  start         : 1787912858394698250
  duration      : 20000196143
  description   : 
  span kind     : Internal
  status        : Unset
  attributes    : 
  events        : 
  links         : 
  resources     : 
	telemetry.sdk.version: 1.28.0
	telemetry.sdk.name: opentelemetry
	telemetry.sdk.language: cpp
	service.name: rt-app_console
  instr-lib     : rt-app-tracer
}
{
  name          : phase[0]
  trace_id      : dd4ecbf31525cf79f4f904c78849fd27
  span_id       : 0d5b7d03dfc4f47e
  tracestate    : 
  parent_span_id: dd1e868539b02347
  start         : 1787912858394568107
  duration      : 20000380640
  description   : 
  span kind     : Internal
  status        : Unset
  attributes    : 
  events        : 
  links         : 
  resources     : 
	telemetry.sdk.version: 1.28.0
	telemetry.sdk.name: opentelemetry
	telemetry.sdk.language: cpp
	service.name: rt-app_console
  instr-lib     : rt-app-tracer
}
{
  name          : thread_loop[0]
  trace_id      : dd4ecbf31525cf79f4f904c78849fd27
  span_id       : dd1e868539b02347
  tracestate    : 
  parent_span_id: 60e5c228d510da3b
  start         : 1787912858394565651
  duration      : 20000384281
  description   : 
  span kind     : Internal
  status        : Unset
  attributes    : 
  events        : 
  links         : 
  resources     : 
	telemetry.sdk.version: 1.28.0
	telemetry.sdk.name: opentelemetry
	telemetry.sdk.language: cpp
	service.name: rt-app_console
  instr-lib     : rt-app-tracer
}
{
  name          : main
  trace_id      : dd4ecbf31525cf79f4f904c78849fd27
  span_id       : f4d50b6b6a7c1b49
  tracestate    : 
  parent_span_id: 0000000000000000
  start         : 1787912858393415379
  duration      : 20003296515
  description   : 
  span kind     : Internal
  status        : Unset
  attributes    : 
	shutdown: graceful
	config.io_device: /dev/null
	config.mem_buffer_size: 4194304
	config.lock_pages: 1
	config.calib_cpu: 0
	config.policy: 0
	config.logdir: /home/fabio/Scrivania/OTel-capabilities-for-mixed-criticality-workloads/2-DoE/block2/t2_p0_s0_r0.0_n4/run_23
	config.duration: 20
	config.num_tasks: 2
	config.calib_ns_per_loop: 139
	config.logbasename: rtapp
	config.logsize: -2
	config.gnuplot: 0
	config.pi_enabled: 0
	config.cumulative_slack: 0
	config.nthreads: 5
	config.die_on_dmiss: 0
  events        : 
	{
	  name          : graceful-shutdown
	  timestamp     : 1787912878396708946
	  attributes    : 
	}
  links         : 
  resources     : 
	telemetry.sdk.version: 1.28.0
	telemetry.sdk.name: opentelemetry
	telemetry.sdk.language: cpp
	service.name: rt-app_console
  instr-lib     : rt-app-tracer
}
