cset: --> last message, executed args into cpuset "/user", new pid is: 10411
{
  name          : calibration
  trace_id      : 9f030318b988c4d9e3d2b7acb7a1346f
  span_id       : 6be5bf01bd027c76
  tracestate    : 
  parent_span_id: 10d25a5ba93f5bff
  start         : 1787915060710453737
  duration      : 31186
  description   : 
  span kind     : Internal
  status        : Unset
  attributes    : 
  events        : 
  links         : 
  resources     : 
	telemetry.sdk.version: 1.28.0
	telemetry.sdk.name: opentelemetry
	telemetry.sdk.language: cpp
	service.name: rt-app_console
  instr-lib     : rt-app-tracer
}
{
  name          : HI_task-0
  trace_id      : 9f030318b988c4d9e3d2b7acb7a1346f
  span_id       : 87cf4595cef6f9d6
  tracestate    : 
  parent_span_id: 10d25a5ba93f5bff
  start         : 1787915060711877468
  duration      : 19999336010
  description   : 
  span kind     : Internal
  status        : Unset
  attributes    : 
	cancellation: force_terminate
	config.sched_data.util_min: -1
	config.index: 0
	config.lock_pages: 1
	config.sched_data.priority: 90
	config.num_instances: 1
	config.loop: 1
	config.delay: 0
	config.forked: 0
	config.duration: 20
	config.sched_data.policy: SCHED_FIFO
	config.nphases: 1
	config.sched_data.util_max: -1
	config.name: HI_task-0
	config.cpuset: [ 2 ]
  events        : 
  links         : 
  resources     : 
	telemetry.sdk.version: 1.28.0
	telemetry.sdk.name: opentelemetry
	telemetry.sdk.language: cpp
	service.name: rt-app_console
  instr-lib     : rt-app-tracer
}
{
  name          : phase[0]
  trace_id      : 9f030318b988c4d9e3d2b7acb7a1346f
  span_id       : 76db10e1d3cfa2a0
  tracestate    : 
  parent_span_id: cc720b3c155c6279
  start         : 1787915060711646508
  duration      : 19999567323
  description   : 
  span kind     : Internal
  status        : Unset
  attributes    : 
  events        : 
  links         : 
  resources     : 
	telemetry.sdk.version: 1.28.0
	telemetry.sdk.name: opentelemetry
	telemetry.sdk.language: cpp
	service.name: rt-app_console
  instr-lib     : rt-app-tracer
}
{
  name          : thread_loop[0]
  trace_id      : 9f030318b988c4d9e3d2b7acb7a1346f
  span_id       : cc720b3c155c6279
  tracestate    : 
  parent_span_id: a7550145b91f61fc
  start         : 1787915060711643990
  duration      : 19999572503
  description   : 
  span kind     : Internal
  status        : Unset
  attributes    : 
  events        : 
  links         : 
  resources     : 
	telemetry.sdk.version: 1.28.0
	telemetry.sdk.name: opentelemetry
	telemetry.sdk.language: cpp
	service.name: rt-app_console
  instr-lib     : rt-app-tracer
}
{
  name          : phase[0]
  trace_id      : 9f030318b988c4d9e3d2b7acb7a1346f
  span_id       : ce637df8dcb4724e
  tracestate    : 
  parent_span_id: 62f5e9360db1eb83
  start         : 1787915060711509257
  duration      : 19999724052
  description   : 
  span kind     : Internal
  status        : Unset
  attributes    : 
  events        : 
  links         : 
  resources     : 
	telemetry.sdk.version: 1.28.0
	telemetry.sdk.name: opentelemetry
	telemetry.sdk.language: cpp
	service.name: rt-app_console
  instr-lib     : rt-app-tracer
}
{
  name          : thread_loop[0]
  trace_id      : 9f030318b988c4d9e3d2b7acb7a1346f
  span_id       : 62f5e9360db1eb83
  tracestate    : 
  parent_span_id: 8787d0170baaa427
  start         : 1787915060711506652
  duration      : 19999727466
  description   : 
  span kind     : Internal
  status        : Unset
  attributes    : 
  events        : 
  links         : 
  resources     : 
	telemetry.sdk.version: 1.28.0
	telemetry.sdk.name: opentelemetry
	telemetry.sdk.language: cpp
	service.name: rt-app_console
  instr-lib     : rt-app-tracer
}
{
  name          : phase[0]
  trace_id      : 9f030318b988c4d9e3d2b7acb7a1346f
  span_id       : 3f6eaa9badd08823
  tracestate    : 
  parent_span_id: 47b2937a265d62e4
  start         : 1787915060711775777
  duration      : 19999469169
  description   : 
  span kind     : Internal
  status        : Unset
  attributes    : 
  events        : 
  links         : 
  resources     : 
	telemetry.sdk.version: 1.28.0
	telemetry.sdk.name: opentelemetry
	telemetry.sdk.language: cpp
	service.name: rt-app_console
  instr-lib     : rt-app-tracer
}
{
  name          : thread_loop[0]
  trace_id      : 9f030318b988c4d9e3d2b7acb7a1346f
  span_id       : 47b2937a265d62e4
  tracestate    : 
  parent_span_id: 4dad29cd65e4bfd5
  start         : 1787915060711773184
  duration      : 19999472538
  description   : 
  span kind     : Internal
  status        : Unset
  attributes    : 
  events        : 
  links         : 
  resources     : 
	telemetry.sdk.version: 1.28.0
	telemetry.sdk.name: opentelemetry
	telemetry.sdk.language: cpp
	service.name: rt-app_console
  instr-lib     : rt-app-tracer
}
{
  name          : phase[0]
  trace_id      : 9f030318b988c4d9e3d2b7acb7a1346f
  span_id       : 1a23b0dfa6e5ebef
  tracestate    : 
  parent_span_id: f2b245d13e4f8f4d
  start         : 1787915060741915514
  duration      : 19969412764
  description   : 
  span kind     : Internal
  status        : Unset
  attributes    : 
  events        : 
  links         : 
  resources     : 
	telemetry.sdk.version: 1.28.0
	telemetry.sdk.name: opentelemetry
	telemetry.sdk.language: cpp
	service.name: rt-app_console
  instr-lib     : rt-app-tracer
}
{
  name          : thread_loop[0]
  trace_id      : 9f030318b988c4d9e3d2b7acb7a1346f
  span_id       : f2b245d13e4f8f4d
  tracestate    : 
  parent_span_id: 87cf4595cef6f9d6
  start         : 1787915060741911975
  duration      : 19969417821
  description   : 
  span kind     : Internal
  status        : Unset
  attributes    : 
  events        : 
  links         : 
  resources     : 
	telemetry.sdk.version: 1.28.0
	telemetry.sdk.name: opentelemetry
	telemetry.sdk.language: cpp
	service.name: rt-app_console
  instr-lib     : rt-app-tracer
}
{
  name          : LO_noise-1
  trace_id      : 9f030318b988c4d9e3d2b7acb7a1346f
  span_id       : 4dad29cd65e4bfd5
  tracestate    : 
  parent_span_id: 10d25a5ba93f5bff
  start         : 1787915060711737743
  duration      : 19999654907
  description   : 
  span kind     : Internal
  status        : Unset
  attributes    : 
	cancellation: force_terminate
	config.sched_data.util_min: -1
	config.index: 1
	config.lock_pages: 1
	config.sched_data.priority: 0
	config.num_instances: 4
	config.loop: 1
	config.delay: 0
	config.forked: 0
	config.duration: 20
	config.sched_data.policy: SCHED_OTHER
	config.nphases: 1
	config.sched_data.util_max: -1
	config.name: LO_noise-1
	config.cpuset: [ 3 ]
  events        : 
  links         : 
  resources     : 
	telemetry.sdk.version: 1.28.0
	telemetry.sdk.name: opentelemetry
	telemetry.sdk.language: cpp
	service.name: rt-app_console
  instr-lib     : rt-app-tracer
}
{
  name          : LO_noise-2
  trace_id      : 9f030318b988c4d9e3d2b7acb7a1346f
  span_id       : a7550145b91f61fc
  tracestate    : 
  parent_span_id: 10d25a5ba93f5bff
  start         : 1787915060711608120
  duration      : 19999786915
  description   : 
  span kind     : Internal
  status        : Unset
  attributes    : 
	cancellation: force_terminate
	config.sched_data.util_min: -1
	config.index: 2
	config.lock_pages: 1
	config.sched_data.priority: 0
	config.num_instances: 4
	config.loop: 1
	config.delay: 0
	config.forked: 0
	config.duration: 20
	config.sched_data.policy: SCHED_OTHER
	config.nphases: 1
	config.sched_data.util_max: -1
	config.name: LO_noise-2
	config.cpuset: [ 3 ]
  events        : 
  links         : 
  resources     : 
	telemetry.sdk.version: 1.28.0
	telemetry.sdk.name: opentelemetry
	telemetry.sdk.language: cpp
	service.name: rt-app_console
  instr-lib     : rt-app-tracer
}
{
  name          : LO_noise-3
  trace_id      : 9f030318b988c4d9e3d2b7acb7a1346f
  span_id       : c29e14bb329cde39
  tracestate    : 
  parent_span_id: 10d25a5ba93f5bff
  start         : 1787915060711309411
  duration      : 20000087341
  description   : 
  span kind     : Internal
  status        : Unset
  attributes    : 
	cancellation: force_terminate
	config.sched_data.util_min: -1
	config.index: 3
	config.lock_pages: 1
	config.sched_data.priority: 0
	config.num_instances: 4
	config.loop: 1
	config.delay: 0
	config.forked: 0
	config.duration: 20
	config.sched_data.policy: SCHED_OTHER
	config.nphases: 1
	config.sched_data.util_max: -1
	config.name: LO_noise-3
	config.cpuset: [ 3 ]
  events        : 
  links         : 
  resources     : 
	telemetry.sdk.version: 1.28.0
	telemetry.sdk.name: opentelemetry
	telemetry.sdk.language: cpp
	service.name: rt-app_console
  instr-lib     : rt-app-tracer
}
{
  name          : LO_noise-4
  trace_id      : 9f030318b988c4d9e3d2b7acb7a1346f
  span_id       : 8787d0170baaa427
  tracestate    : 
  parent_span_id: 10d25a5ba93f5bff
  start         : 1787915060711469163
  duration      : 19999941205
  description   : 
  span kind     : Internal
  status        : Unset
  attributes    : 
	cancellation: force_terminate
	config.sched_data.util_min: -1
	config.index: 4
	config.lock_pages: 1
	config.sched_data.priority: 0
	config.num_instances: 4
	config.loop: 1
	config.delay: 0
	config.forked: 0
	config.duration: 20
	config.sched_data.policy: SCHED_OTHER
	config.nphases: 1
	config.sched_data.util_max: -1
	config.name: LO_noise-4
	config.cpuset: [ 3 ]
  events        : 
  links         : 
  resources     : 
	telemetry.sdk.version: 1.28.0
	telemetry.sdk.name: opentelemetry
	telemetry.sdk.language: cpp
	service.name: rt-app_console
  instr-lib     : rt-app-tracer
}
{
  name          : phase[0]
  trace_id      : 9f030318b988c4d9e3d2b7acb7a1346f
  span_id       : a9d4b497736636dc
  tracestate    : 
  parent_span_id: 2524547861af6b70
  start         : 1787915060711368951
  duration      : 20000239642
  description   : 
  span kind     : Internal
  status        : Unset
  attributes    : 
  events        : 
  links         : 
  resources     : 
	telemetry.sdk.version: 1.28.0
	telemetry.sdk.name: opentelemetry
	telemetry.sdk.language: cpp
	service.name: rt-app_console
  instr-lib     : rt-app-tracer
}
{
  name          : thread_loop[0]
  trace_id      : 9f030318b988c4d9e3d2b7acb7a1346f
  span_id       : 2524547861af6b70
  tracestate    : 
  parent_span_id: c29e14bb329cde39
  start         : 1787915060711365940
  duration      : 20000244444
  description   : 
  span kind     : Internal
  status        : Unset
  attributes    : 
  events        : 
  links         : 
  resources     : 
	telemetry.sdk.version: 1.28.0
	telemetry.sdk.name: opentelemetry
	telemetry.sdk.language: cpp
	service.name: rt-app_console
  instr-lib     : rt-app-tracer
}
{
  name          : main
  trace_id      : 9f030318b988c4d9e3d2b7acb7a1346f
  span_id       : 10d25a5ba93f5bff
  tracestate    : 
  parent_span_id: 0000000000000000
  start         : 1787915060710413847
  duration      : 20002927821
  description   : 
  span kind     : Internal
  status        : Unset
  attributes    : 
	shutdown: graceful
	config.io_device: /dev/null
	config.mem_buffer_size: 4194304
	config.lock_pages: 1
	config.calib_cpu: 0
	config.policy: 0
	config.logdir: /home/fabio/Scrivania/OTel-capabilities-for-mixed-criticality-workloads/2-DoE/block2/t2_p0_s1_r0.7_n4/run_23
	config.duration: 20
	config.num_tasks: 2
	config.calib_ns_per_loop: 139
	config.logbasename: rtapp
	config.logsize: -2
	config.gnuplot: 0
	config.pi_enabled: 0
	config.cumulative_slack: 0
	config.nthreads: 5
	config.die_on_dmiss: 0
  events        : 
	{
	  name          : graceful-shutdown
	  timestamp     : 1787915080713338544
	  attributes    : 
	}
  links         : 
  resources     : 
	telemetry.sdk.version: 1.28.0
	telemetry.sdk.name: opentelemetry
	telemetry.sdk.language: cpp
	service.name: rt-app_console
  instr-lib     : rt-app-tracer
}
