cset: --> last message, executed args into cpuset "/user", new pid is: 7746
{
  name          : calibration
  trace_id      : b4d482d8eb7cf3c65ff910e4a95705ef
  span_id       : 08b439197a68fe8d
  tracestate    : 
  parent_span_id: e49ce9a193c61e2a
  start         : 1787912446967550396
  duration      : 31879
  description   : 
  span kind     : Internal
  status        : Unset
  attributes    : 
  events        : 
  links         : 
  resources     : 
	telemetry.sdk.version: 1.28.0
	telemetry.sdk.name: opentelemetry
	telemetry.sdk.language: cpp
	service.name: rt-app_console
  instr-lib     : rt-app-tracer
}
{
  name          : HI_task-0
  trace_id      : b4d482d8eb7cf3c65ff910e4a95705ef
  span_id       : a1f84555f32d58e4
  tracestate    : 
  parent_span_id: e49ce9a193c61e2a
  start         : 1787912446968846988
  duration      : 19999326905
  description   : 
  span kind     : Internal
  status        : Unset
  attributes    : 
	cancellation: force_terminate
	config.sched_data.util_min: -1
	config.index: 0
	config.lock_pages: 1
	config.sched_data.priority: 90
	config.num_instances: 1
	config.loop: 1
	config.delay: 0
	config.forked: 0
	config.duration: 20
	config.sched_data.policy: SCHED_FIFO
	config.nphases: 1
	config.sched_data.util_max: -1
	config.name: HI_task-0
	config.cpuset: [ 2 ]
  events        : 
  links         : 
  resources     : 
	telemetry.sdk.version: 1.28.0
	telemetry.sdk.name: opentelemetry
	telemetry.sdk.language: cpp
	service.name: rt-app_console
  instr-lib     : rt-app-tracer
}
{
  name          : LO_noise-1
  trace_id      : b4d482d8eb7cf3c65ff910e4a95705ef
  span_id       : 3f52a25c0e9f098d
  tracestate    : 
  parent_span_id: e49ce9a193c61e2a
  start         : 1787912446968701019
  duration      : 19999526704
  description   : 
  span kind     : Internal
  status        : Unset
  attributes    : 
	cancellation: force_terminate
	config.sched_data.util_min: -1
	config.index: 1
	config.lock_pages: 1
	config.sched_data.priority: 0
	config.num_instances: 4
	config.loop: 1
	config.delay: 0
	config.forked: 0
	config.duration: 20
	config.sched_data.policy: SCHED_OTHER
	config.nphases: 1
	config.sched_data.util_max: -1
	config.name: LO_noise-1
	config.cpuset: [ 3 ]
  events        : 
  links         : 
  resources     : 
	telemetry.sdk.version: 1.28.0
	telemetry.sdk.name: opentelemetry
	telemetry.sdk.language: cpp
	service.name: rt-app_console
  instr-lib     : rt-app-tracer
}
{
  name          : LO_noise-2
  trace_id      : b4d482d8eb7cf3c65ff910e4a95705ef
  span_id       : 1074f5f14ac0bf7a
  tracestate    : 
  parent_span_id: e49ce9a193c61e2a
  start         : 1787912446968563590
  duration      : 19999695680
  description   : 
  span kind     : Internal
  status        : Unset
  attributes    : 
	cancellation: force_terminate
	config.sched_data.util_min: -1
	config.index: 2
	config.lock_pages: 1
	config.sched_data.priority: 0
	config.num_instances: 4
	config.loop: 1
	config.delay: 0
	config.forked: 0
	config.duration: 20
	config.sched_data.policy: SCHED_OTHER
	config.nphases: 1
	config.sched_data.util_max: -1
	config.name: LO_noise-2
	config.cpuset: [ 3 ]
  events        : 
  links         : 
  resources     : 
	telemetry.sdk.version: 1.28.0
	telemetry.sdk.name: opentelemetry
	telemetry.sdk.language: cpp
	service.name: rt-app_console
  instr-lib     : rt-app-tracer
}
{
  name          : LO_noise-3
  trace_id      : b4d482d8eb7cf3c65ff910e4a95705ef
  span_id       : e09e932e13f6b178
  tracestate    : 
  parent_span_id: e49ce9a193c61e2a
  start         : 1787912446968426789
  duration      : 19999834537
  description   : 
  span kind     : Internal
  status        : Unset
  attributes    : 
	cancellation: force_terminate
	config.sched_data.util_min: -1
	config.index: 3
	config.lock_pages: 1
	config.sched_data.priority: 0
	config.num_instances: 4
	config.loop: 1
	config.delay: 0
	config.forked: 0
	config.duration: 20
	config.sched_data.policy: SCHED_OTHER
	config.nphases: 1
	config.sched_data.util_max: -1
	config.name: LO_noise-3
	config.cpuset: [ 3 ]
  events        : 
  links         : 
  resources     : 
	telemetry.sdk.version: 1.28.0
	telemetry.sdk.name: opentelemetry
	telemetry.sdk.language: cpp
	service.name: rt-app_console
  instr-lib     : rt-app-tracer
}
{
  name          : phase[0]
  trace_id      : b4d482d8eb7cf3c65ff910e4a95705ef
  span_id       : a95e365d098566f3
  tracestate    : 
  parent_span_id: b273cb9e0e845d88
  start         : 1787912446968603329
  duration      : 19999665349
  description   : 
  span kind     : Internal
  status        : Unset
  attributes    : 
  events        : 
  links         : 
  resources     : 
	telemetry.sdk.version: 1.28.0
	telemetry.sdk.name: opentelemetry
	telemetry.sdk.language: cpp
	service.name: rt-app_console
  instr-lib     : rt-app-tracer
}
{
  name          : LO_noise-4
  trace_id      : b4d482d8eb7cf3c65ff910e4a95705ef
  span_id       : 1597ec6cd9c26626
  tracestate    : 
  parent_span_id: e49ce9a193c61e2a
  start         : 1787912446968285742
  duration      : 19999984914
  description   : 
  span kind     : Internal
  status        : Unset
  attributes    : 
	cancellation: force_terminate
	config.sched_data.util_min: -1
	config.index: 4
	config.lock_pages: 1
	config.sched_data.priority: 0
	config.num_instances: 4
	config.loop: 1
	config.delay: 0
	config.forked: 0
	config.duration: 20
	config.sched_data.policy: SCHED_OTHER
	config.nphases: 1
	config.sched_data.util_max: -1
	config.name: LO_noise-4
	config.cpuset: [ 3 ]
  events        : 
  links         : 
  resources     : 
	telemetry.sdk.version: 1.28.0
	telemetry.sdk.name: opentelemetry
	telemetry.sdk.language: cpp
	service.name: rt-app_console
  instr-lib     : rt-app-tracer
}
{
  name          : thread_loop[0]
  trace_id      : b4d482d8eb7cf3c65ff910e4a95705ef
  span_id       : b273cb9e0e845d88
  tracestate    : 
  parent_span_id: 1074f5f14ac0bf7a
  start         : 1787912446968600864
  duration      : 19999670265
  description   : 
  span kind     : Internal
  status        : Unset
  attributes    : 
  events        : 
  links         : 
  resources     : 
	telemetry.sdk.version: 1.28.0
	telemetry.sdk.name: opentelemetry
	telemetry.sdk.language: cpp
	service.name: rt-app_console
  instr-lib     : rt-app-tracer
}
{
  name          : phase[0]
  trace_id      : b4d482d8eb7cf3c65ff910e4a95705ef
  span_id       : 91d7b08728e41a76
  tracestate    : 
  parent_span_id: 10ea33b19277e25b
  start         : 1787912446998981411
  duration      : 19969322306
  description   : 
  span kind     : Internal
  status        : Unset
  attributes    : 
  events        : 
  links         : 
  resources     : 
	telemetry.sdk.version: 1.28.0
	telemetry.sdk.name: opentelemetry
	telemetry.sdk.language: cpp
	service.name: rt-app_console
  instr-lib     : rt-app-tracer
}
{
  name          : thread_loop[0]
  trace_id      : b4d482d8eb7cf3c65ff910e4a95705ef
  span_id       : 10ea33b19277e25b
  tracestate    : 
  parent_span_id: a1f84555f32d58e4
  start         : 1787912446998978156
  duration      : 19969327612
  description   : 
  span kind     : Internal
  status        : Unset
  attributes    : 
  events        : 
  links         : 
  resources     : 
	telemetry.sdk.version: 1.28.0
	telemetry.sdk.name: opentelemetry
	telemetry.sdk.language: cpp
	service.name: rt-app_console
  instr-lib     : rt-app-tracer
}
{
  name          : phase[0]
  trace_id      : b4d482d8eb7cf3c65ff910e4a95705ef
  span_id       : 235c4b1c2b0efcf6
  tracestate    : 
  parent_span_id: c822b7d71ce21669
  start         : 1787912446968467892
  duration      : 19999894030
  description   : 
  span kind     : Internal
  status        : Unset
  attributes    : 
  events        : 
  links         : 
  resources     : 
	telemetry.sdk.version: 1.28.0
	telemetry.sdk.name: opentelemetry
	telemetry.sdk.language: cpp
	service.name: rt-app_console
  instr-lib     : rt-app-tracer
}
{
  name          : thread_loop[0]
  trace_id      : b4d482d8eb7cf3c65ff910e4a95705ef
  span_id       : c822b7d71ce21669
  tracestate    : 
  parent_span_id: e09e932e13f6b178
  start         : 1787912446968464958
  duration      : 19999898201
  description   : 
  span kind     : Internal
  status        : Unset
  attributes    : 
  events        : 
  links         : 
  resources     : 
	telemetry.sdk.version: 1.28.0
	telemetry.sdk.name: opentelemetry
	telemetry.sdk.language: cpp
	service.name: rt-app_console
  instr-lib     : rt-app-tracer
}
{
  name          : phase[0]
  trace_id      : b4d482d8eb7cf3c65ff910e4a95705ef
  span_id       : 48a321afb3e95446
  tracestate    : 
  parent_span_id: a7adfbceb44e955c
  start         : 1787912446968738292
  duration      : 19999678887
  description   : 
  span kind     : Internal
  status        : Unset
  attributes    : 
  events        : 
  links         : 
  resources     : 
	telemetry.sdk.version: 1.28.0
	telemetry.sdk.name: opentelemetry
	telemetry.sdk.language: cpp
	service.name: rt-app_console
  instr-lib     : rt-app-tracer
}
{
  name          : thread_loop[0]
  trace_id      : b4d482d8eb7cf3c65ff910e4a95705ef
  span_id       : a7adfbceb44e955c
  tracestate    : 
  parent_span_id: 3f52a25c0e9f098d
  start         : 1787912446968735937
  duration      : 19999682536
  description   : 
  span kind     : Internal
  status        : Unset
  attributes    : 
  events        : 
  links         : 
  resources     : 
	telemetry.sdk.version: 1.28.0
	telemetry.sdk.name: opentelemetry
	telemetry.sdk.language: cpp
	service.name: rt-app_console
  instr-lib     : rt-app-tracer
}
{
  name          : phase[0]
  trace_id      : b4d482d8eb7cf3c65ff910e4a95705ef
  span_id       : c5e6c57f761e521e
  tracestate    : 
  parent_span_id: 9e356e136221cfd9
  start         : 1787912446968767776
  duration      : 19999702920
  description   : 
  span kind     : Internal
  status        : Unset
  attributes    : 
  events        : 
  links         : 
  resources     : 
	telemetry.sdk.version: 1.28.0
	telemetry.sdk.name: opentelemetry
	telemetry.sdk.language: cpp
	service.name: rt-app_console
  instr-lib     : rt-app-tracer
}
{
  name          : thread_loop[0]
  trace_id      : b4d482d8eb7cf3c65ff910e4a95705ef
  span_id       : 9e356e136221cfd9
  tracestate    : 
  parent_span_id: 1597ec6cd9c26626
  start         : 1787912446968765484
  duration      : 19999706523
  description   : 
  span kind     : Internal
  status        : Unset
  attributes    : 
  events        : 
  links         : 
  resources     : 
	telemetry.sdk.version: 1.28.0
	telemetry.sdk.name: opentelemetry
	telemetry.sdk.language: cpp
	service.name: rt-app_console
  instr-lib     : rt-app-tracer
}
{
  name          : main
  trace_id      : b4d482d8eb7cf3c65ff910e4a95705ef
  span_id       : e49ce9a193c61e2a
  tracestate    : 
  parent_span_id: 0000000000000000
  start         : 1787912446967511338
  duration      : 20002765115
  description   : 
  span kind     : Internal
  status        : Unset
  attributes    : 
	shutdown: graceful
	config.io_device: /dev/null
	config.mem_buffer_size: 4194304
	config.lock_pages: 1
	config.calib_cpu: 0
	config.policy: 0
	config.logdir: /home/fabio/Scrivania/OTel-capabilities-for-mixed-criticality-workloads/2-DoE/block2/t2_p0_s0_r0.0_n4/run_03
	config.duration: 20
	config.num_tasks: 2
	config.calib_ns_per_loop: 139
	config.logbasename: rtapp
	config.logsize: -2
	config.gnuplot: 0
	config.pi_enabled: 0
	config.cumulative_slack: 0
	config.nthreads: 5
	config.die_on_dmiss: 0
  events        : 
	{
	  name          : graceful-shutdown
	  timestamp     : 1787912466970273714
	  attributes    : 
	}
  links         : 
  resources     : 
	telemetry.sdk.version: 1.28.0
	telemetry.sdk.name: opentelemetry
	telemetry.sdk.language: cpp
	service.name: rt-app_console
  instr-lib     : rt-app-tracer
}
