cset: --> last message, executed args into cpuset "/user", new pid is: 9795
{
  name          : calibration
  trace_id      : 1fafe780dd71acaf2b9f38d78be8a1c0
  span_id       : 608e70840837b61f
  tracestate    : 
  parent_span_id: 3fe294ef86c982ab
  start         : 1787914366219472380
  duration      : 36345
  description   : 
  span kind     : Internal
  status        : Unset
  attributes    : 
  events        : 
  links         : 
  resources     : 
	telemetry.sdk.version: 1.28.0
	telemetry.sdk.name: opentelemetry
	telemetry.sdk.language: cpp
	service.name: rt-app_console
  instr-lib     : rt-app-tracer
}
{
  name          : HI_task-0
  trace_id      : 1fafe780dd71acaf2b9f38d78be8a1c0
  span_id       : e84aa9d4d6a30fcd
  tracestate    : 
  parent_span_id: 3fe294ef86c982ab
  start         : 1787914366220779717
  duration      : 19999300390
  description   : 
  span kind     : Internal
  status        : Unset
  attributes    : 
	cancellation: force_terminate
	config.sched_data.util_min: -1
	config.index: 0
	config.lock_pages: 1
	config.sched_data.priority: 90
	config.num_instances: 1
	config.loop: 1
	config.delay: 0
	config.forked: 0
	config.duration: 20
	config.sched_data.policy: SCHED_FIFO
	config.nphases: 1
	config.sched_data.util_max: -1
	config.name: HI_task-0
	config.cpuset: [ 2 ]
  events        : 
  links         : 
  resources     : 
	telemetry.sdk.version: 1.28.0
	telemetry.sdk.name: opentelemetry
	telemetry.sdk.language: cpp
	service.name: rt-app_console
  instr-lib     : rt-app-tracer
}
{
  name          : phase[0]
  trace_id      : 1fafe780dd71acaf2b9f38d78be8a1c0
  span_id       : 4287dfb28c394cad
  tracestate    : 
  parent_span_id: d1bb00df3b7ef995
  start         : 1787914366250935031
  duration      : 19969259560
  description   : 
  span kind     : Internal
  status        : Unset
  attributes    : 
  events        : 
  links         : 
  resources     : 
	telemetry.sdk.version: 1.28.0
	telemetry.sdk.name: opentelemetry
	telemetry.sdk.language: cpp
	service.name: rt-app_console
  instr-lib     : rt-app-tracer
}
{
  name          : thread_loop[0]
  trace_id      : 1fafe780dd71acaf2b9f38d78be8a1c0
  span_id       : d1bb00df3b7ef995
  tracestate    : 
  parent_span_id: e84aa9d4d6a30fcd
  start         : 1787914366250931367
  duration      : 19969264456
  description   : 
  span kind     : Internal
  status        : Unset
  attributes    : 
  events        : 
  links         : 
  resources     : 
	telemetry.sdk.version: 1.28.0
	telemetry.sdk.name: opentelemetry
	telemetry.sdk.language: cpp
	service.name: rt-app_console
  instr-lib     : rt-app-tracer
}
{
  name          : LO_noise-1
  trace_id      : 1fafe780dd71acaf2b9f38d78be8a1c0
  span_id       : 512f5deb1a70dd5e
  tracestate    : 
  parent_span_id: 3fe294ef86c982ab
  start         : 1787914366220656985
  duration      : 19999600695
  description   : 
  span kind     : Internal
  status        : Unset
  attributes    : 
	cancellation: force_terminate
	config.sched_data.util_min: -1
	config.index: 1
	config.lock_pages: 1
	config.sched_data.priority: 0
	config.num_instances: 4
	config.loop: 1
	config.delay: 0
	config.forked: 0
	config.duration: 20
	config.sched_data.policy: SCHED_OTHER
	config.nphases: 1
	config.sched_data.util_max: -1
	config.name: LO_noise-1
	config.cpuset: [ 3 ]
  events        : 
  links         : 
  resources     : 
	telemetry.sdk.version: 1.28.0
	telemetry.sdk.name: opentelemetry
	telemetry.sdk.language: cpp
	service.name: rt-app_console
  instr-lib     : rt-app-tracer
}
{
  name          : LO_noise-2
  trace_id      : 1fafe780dd71acaf2b9f38d78be8a1c0
  span_id       : c935bb26a8592516
  tracestate    : 
  parent_span_id: 3fe294ef86c982ab
  start         : 1787914366220525250
  duration      : 19999741812
  description   : 
  span kind     : Internal
  status        : Unset
  attributes    : 
	cancellation: force_terminate
	config.sched_data.util_min: -1
	config.index: 2
	config.lock_pages: 1
	config.sched_data.priority: 0
	config.num_instances: 4
	config.loop: 1
	config.delay: 0
	config.forked: 0
	config.duration: 20
	config.sched_data.policy: SCHED_OTHER
	config.nphases: 1
	config.sched_data.util_max: -1
	config.name: LO_noise-2
	config.cpuset: [ 3 ]
  events        : 
  links         : 
  resources     : 
	telemetry.sdk.version: 1.28.0
	telemetry.sdk.name: opentelemetry
	telemetry.sdk.language: cpp
	service.name: rt-app_console
  instr-lib     : rt-app-tracer
}
{
  name          : LO_noise-3
  trace_id      : 1fafe780dd71acaf2b9f38d78be8a1c0
  span_id       : 1d765f12c087fa52
  tracestate    : 
  parent_span_id: 3fe294ef86c982ab
  start         : 1787914366220388891
  duration      : 19999879804
  description   : 
  span kind     : Internal
  status        : Unset
  attributes    : 
	cancellation: force_terminate
	config.sched_data.util_min: -1
	config.index: 3
	config.lock_pages: 1
	config.sched_data.priority: 0
	config.num_instances: 4
	config.loop: 1
	config.delay: 0
	config.forked: 0
	config.duration: 20
	config.sched_data.policy: SCHED_OTHER
	config.nphases: 1
	config.sched_data.util_max: -1
	config.name: LO_noise-3
	config.cpuset: [ 3 ]
  events        : 
  links         : 
  resources     : 
	telemetry.sdk.version: 1.28.0
	telemetry.sdk.name: opentelemetry
	telemetry.sdk.language: cpp
	service.name: rt-app_console
  instr-lib     : rt-app-tracer
}
{
  name          : LO_noise-4
  trace_id      : 1fafe780dd71acaf2b9f38d78be8a1c0
  span_id       : 6c6d5216e84cfa13
  tracestate    : 
  parent_span_id: 3fe294ef86c982ab
  start         : 1787914366220226516
  duration      : 20000049692
  description   : 
  span kind     : Internal
  status        : Unset
  attributes    : 
	cancellation: force_terminate
	config.sched_data.util_min: -1
	config.index: 4
	config.lock_pages: 1
	config.sched_data.priority: 0
	config.num_instances: 4
	config.loop: 1
	config.delay: 0
	config.forked: 0
	config.duration: 20
	config.sched_data.policy: SCHED_OTHER
	config.nphases: 1
	config.sched_data.util_max: -1
	config.name: LO_noise-4
	config.cpuset: [ 3 ]
  events        : 
  links         : 
  resources     : 
	telemetry.sdk.version: 1.28.0
	telemetry.sdk.name: opentelemetry
	telemetry.sdk.language: cpp
	service.name: rt-app_console
  instr-lib     : rt-app-tracer
}
{
  name          : phase[0]
  trace_id      : 1fafe780dd71acaf2b9f38d78be8a1c0
  span_id       : 07f898c1753e3740
  tracestate    : 
  parent_span_id: 79c6baa692983ed8
  start         : 1787914366220274017
  duration      : 20000235995
  description   : 
  span kind     : Internal
  status        : Unset
  attributes    : 
  events        : 
  links         : 
  resources     : 
	telemetry.sdk.version: 1.28.0
	telemetry.sdk.name: opentelemetry
	telemetry.sdk.language: cpp
	service.name: rt-app_console
  instr-lib     : rt-app-tracer
}
{
  name          : thread_loop[0]
  trace_id      : 1fafe780dd71acaf2b9f38d78be8a1c0
  span_id       : 79c6baa692983ed8
  tracestate    : 
  parent_span_id: 6c6d5216e84cfa13
  start         : 1787914366220270838
  duration      : 20000242454
  description   : 
  span kind     : Internal
  status        : Unset
  attributes    : 
  events        : 
  links         : 
  resources     : 
	telemetry.sdk.version: 1.28.0
	telemetry.sdk.name: opentelemetry
	telemetry.sdk.language: cpp
	service.name: rt-app_console
  instr-lib     : rt-app-tracer
}
{
  name          : phase[0]
  trace_id      : 1fafe780dd71acaf2b9f38d78be8a1c0
  span_id       : 64026f4e7263e328
  tracestate    : 
  parent_span_id: ddcb391310cd4a8a
  start         : 1787914366220695844
  duration      : 19999893842
  description   : 
  span kind     : Internal
  status        : Unset
  attributes    : 
  events        : 
  links         : 
  resources     : 
	telemetry.sdk.version: 1.28.0
	telemetry.sdk.name: opentelemetry
	telemetry.sdk.language: cpp
	service.name: rt-app_console
  instr-lib     : rt-app-tracer
}
{
  name          : thread_loop[0]
  trace_id      : 1fafe780dd71acaf2b9f38d78be8a1c0
  span_id       : ddcb391310cd4a8a
  tracestate    : 
  parent_span_id: 512f5deb1a70dd5e
  start         : 1787914366220693177
  duration      : 19999897879
  description   : 
  span kind     : Internal
  status        : Unset
  attributes    : 
  events        : 
  links         : 
  resources     : 
	telemetry.sdk.version: 1.28.0
	telemetry.sdk.name: opentelemetry
	telemetry.sdk.language: cpp
	service.name: rt-app_console
  instr-lib     : rt-app-tracer
}
{
  name          : phase[0]
  trace_id      : 1fafe780dd71acaf2b9f38d78be8a1c0
  span_id       : f3fb954ede6c4967
  tracestate    : 
  parent_span_id: e1b8d8a9eb5a3cda
  start         : 1787914366220434299
  duration      : 20000211398
  description   : 
  span kind     : Internal
  status        : Unset
  attributes    : 
  events        : 
  links         : 
  resources     : 
	telemetry.sdk.version: 1.28.0
	telemetry.sdk.name: opentelemetry
	telemetry.sdk.language: cpp
	service.name: rt-app_console
  instr-lib     : rt-app-tracer
}
{
  name          : thread_loop[0]
  trace_id      : 1fafe780dd71acaf2b9f38d78be8a1c0
  span_id       : e1b8d8a9eb5a3cda
  tracestate    : 
  parent_span_id: 1d765f12c087fa52
  start         : 1787914366220431509
  duration      : 20000215408
  description   : 
  span kind     : Internal
  status        : Unset
  attributes    : 
  events        : 
  links         : 
  resources     : 
	telemetry.sdk.version: 1.28.0
	telemetry.sdk.name: opentelemetry
	telemetry.sdk.language: cpp
	service.name: rt-app_console
  instr-lib     : rt-app-tracer
}
{
  name          : phase[0]
  trace_id      : 1fafe780dd71acaf2b9f38d78be8a1c0
  span_id       : 3f0d48a3eb89b441
  tracestate    : 
  parent_span_id: e370e4378a46ef43
  start         : 1787914366220562845
  duration      : 20000562017
  description   : 
  span kind     : Internal
  status        : Unset
  attributes    : 
  events        : 
  links         : 
  resources     : 
	telemetry.sdk.version: 1.28.0
	telemetry.sdk.name: opentelemetry
	telemetry.sdk.language: cpp
	service.name: rt-app_console
  instr-lib     : rt-app-tracer
}
{
  name          : thread_loop[0]
  trace_id      : 1fafe780dd71acaf2b9f38d78be8a1c0
  span_id       : e370e4378a46ef43
  tracestate    : 
  parent_span_id: c935bb26a8592516
  start         : 1787914366220560212
  duration      : 20000565595
  description   : 
  span kind     : Internal
  status        : Unset
  attributes    : 
  events        : 
  links         : 
  resources     : 
	telemetry.sdk.version: 1.28.0
	telemetry.sdk.name: opentelemetry
	telemetry.sdk.language: cpp
	service.name: rt-app_console
  instr-lib     : rt-app-tracer
}
{
  name          : main
  trace_id      : 1fafe780dd71acaf2b9f38d78be8a1c0
  span_id       : 3fe294ef86c982ab
  tracestate    : 
  parent_span_id: 0000000000000000
  start         : 1787914366219433327
  duration      : 20003477773
  description   : 
  span kind     : Internal
  status        : Unset
  attributes    : 
	shutdown: graceful
	config.io_device: /dev/null
	config.mem_buffer_size: 4194304
	config.lock_pages: 1
	config.calib_cpu: 0
	config.policy: 0
	config.logdir: /home/fabio/Scrivania/OTel-capabilities-for-mixed-criticality-workloads/2-DoE/block2/t2_p0_s1_r0.5_n4/run_16
	config.duration: 20
	config.num_tasks: 2
	config.calib_ns_per_loop: 139
	config.logbasename: rtapp
	config.logsize: -2
	config.gnuplot: 0
	config.pi_enabled: 0
	config.cumulative_slack: 0
	config.nthreads: 5
	config.die_on_dmiss: 0
  events        : 
	{
	  name          : graceful-shutdown
	  timestamp     : 1787914386222908395
	  attributes    : 
	}
  links         : 
  resources     : 
	telemetry.sdk.version: 1.28.0
	telemetry.sdk.name: opentelemetry
	telemetry.sdk.language: cpp
	service.name: rt-app_console
  instr-lib     : rt-app-tracer
}
