#idx     perf      run   period           start             end          rel_st      slack c_duration   c_period     wu_lat
   0       32     2600    10665      8480673421      8480684086             174          0       2000          0          0
   0       32     3651    11795      8480684092      8480695887           10845          0       2000          0          0
   0       32     4678    12797      8480695893      8480708690           22645          0       2000          0          0
   0       32     3825    11893      8480708721      8480720614           35474          0       2000          0          0
   0       32     3589    11675      8480720621      8480732295           47373          0       2000          0          0
   0       32     2398    10515      8480732302      8480742816           59054          0       2000          0          0
   0       32     4708    12829      8480742845      8480755674           69598          0       2000          0          0
   0       32     4893    13011      8480755679      8480768690           82432          0       2000          0          0
   0       32     5093    13200      8480768719      8480781919           95472          0       2000          0          0
   0       32     4469    12585      8480781957      8480794542          108710          0       2000          0          0
   0       32     5079    13194      8480794577      8480807771          121330          0       2000          0          0
   0       32     5087    13216      8480807805      8480821021          134558          0       2000          0          0
   0       32     3698    11766      8480821042      8480832808          147795          0       2000          0          0
   0       32     4471    12534      8480832814      8480845348          159566          0       2000          0          0
   0       32     2049    10194      8480845352      8480855546          172105          0       2000          0          0
   0       32     4494    12562      8480855553      8480868115          182306          0       2000          0          0
   0       32     4481    12596      8480868120      8480880716          194873          0       2000          0          0
   0       32     4469    12582      8480880750      8480893332          207503          0       2000          0          0
   0       32     4461    12571      8480893337      8480905908          220090          0       2000          0          0
   0       32     4485    12550      8480905943      8480918493          232696          0       2000          0          0
   0       32     4478    12600      8480918497      8480931097          245250          0       2000          0          0
   0       32     4478    12592      8480931102      8480943694          257855          0       2000          0          0
   0       32     4468    12542      8480943727      8480956269          270479          0       2000          0          0
   0       32     4467    12617      8480956275      8480968893          283028          0       2000          0          0
   0       32     4478    12596      8480968901      8480981496          295654          0       2000          0          0
   0       32     4464    12578      8480981529      8480994107          308282          0       2000          0          0
   0       32     4466    12576      8480994112      8481006688          320864          0       2000          0          0
   0       32     4493    12557      8481006722      8481019279          333475          0       2000          0          0
   0       32     4492    12610      8481019309      8481031919          346062          0       2000          0          0
   0       32     4478    12588      8481031950      8481044538          358702          0       2000          0          0
   0       32     4478    12543      8481044572      8481057115          371325          0       2000          0          0
   0       32     4481    12551      8481057119      8481069670          383871          0       2000          0          0
   0       32     4497    12572      8481069677      8481082250          396430          0       2000          0          0
   0       32     3741    11810      8481082303      8481094113          409056          0       2000          0          0
   0       32     4458    12602      8481094122      8481106724          420875          0       2000          0          0
   0       32     4470    12536      8481106729      8481119265          433482          0       2000          0          0
   0       32     4468    12616      8481119269      8481131885          446022          0       2000          0          0
   0       32     4498    12620      8481131892      8481144512          458644          0       2000          0          0
   0       32     4476    12570      8481144538      8481157108          471291          0       2000          0          0
   0       32     4476    12585      8481157113      8481169698          483865          0       2000          0          0
   0       32     4467    12546      8481169733      8481182279          496486          0       2000          0          0
   0       32     4474    12625      8481182285      8481194910          509038          0       2000          0          0
   0       32     4472    12596      8481194919      8481207514          521671          0       2000          0          0
   0       32     4469    12563      8481207539      8481220102          534292          0       2000          0          0
   0       32     4468    12613      8481220106      8481232719          546859          0       2000          0          0
   0       32     4467    12533      8481232724      8481245256          559476          0       2000          0          0
   0       32     4476    12587      8481245260      8481257848          572013          0       2000          0          0
   0       32     4494    12605      8481257882      8481270487          584635          0       2000          0          0
   0       32     4463    12575      8481270521      8481283097          597274          0       2000          0          0
   0       32     4463    12530      8481283101      8481295630          609853          0       2000          0          0
   0       32     2034    10181      8481295636      8481305817          622388          0       2000          0          0
   0       32     4498    12611      8481305825      8481318436          632578          0       2000          0          0
   0       32     4466    12549      8481318469      8481331018          645221          0       2000          0          0
   0       32     4479    12590      8481331024      8481343614          657777          0       2000          0          0
   0       32     4485    12550      8481343648      8481356198          670401          0       2000          0          0
   0       32     4469    12582      8481356203      8481368785          682956          0       2000          0          0
   0       32     4470    12580      8481368819      8481381399          695571          0       2000          0          0
   0       32     4464    12611      8481381433      8481394045          708186          0       2000          0          0
   0       32     4461    12532      8481394049      8481406581          720801          0       2000          0          0
   0       32     4473    12548      8481406588      8481419135          733340          0       2000          0          0
   0       32     4476    12620      8481419144      8481431764          745897          0       2000          0          0
   0       32     4472    12594      8481431770      8481444364          758523          0       2000          0          0
   0       32     4480    12591      8481444368      8481456959          771121          0       2000          0          0
   0       32     4466    12576      8481456996      8481469572          783749          0       2000          0          0
   0       32     4467    12532      8481469606      8481482138          796359          0       2000          0          0
   0       32     4483    12591      8481482142      8481494733          808895          0       2000          0          0
   0       32     4471    12587      8481494810      8481507397          821563          0       2000          0          0
   0       32     4464    12541      8481507429      8481519970          834182          0       2000          0          0
   0       32     4476    12623      8481519977      8481532600          846730          0       2000          0          0
   0       32     4478    12547      8481532610      8481545156          859362          0       2000          0          0
   0       32     4494    12613      8481545163      8481557776          871916          0       2000          0          0
   0       32     4484    12596      8481557806      8481570402          884558          0       2000          0          0
   0       32     4464    12613      8481570435      8481583048          897188          0       2000          0          0
   0       32     4463    12538      8481583053      8481595591          909805          0       2000          0          0
   0       32     2381    10448      8481595598      8481606046          922350          0       2000          0          0
   0       32     2045    10118      8481606050      8481616168          932803          0       2000          0          0
   0       32     4518    12593      8481616174      8481628767          942927          0       2000          0          0
   0       32     2221    10345      8481628775      8481639120          955528          0       2000          0          0
   0       32     4487    12608      8481639130      8481651738          965882          0       2000          0          0
   0       32     4490    12622      8481651768      8481664390          978520          0       2000          0          0
   0       32     4486    12596      8481664395      8481676991          991148          0       2000          0          0
   0       32     4498    12607      8481677029      8481689635         1003781          0       2000          0          0
   0       32     4470    12536      8481689671      8481702208         1016424          0       2000          0          0
   0       32     4485    12558      8481702213      8481714770         1028965          0       2000          0          0
   0       32     4475    12602      8481714778      8481727379         1041530          0       2000          0          0
   0       32     4495    12562      8481727384      8481739946         1054136          0       2000          0          0
   0       32     4540    12698      8481739951      8481752649         1066703          0       2000          0          0
   0       32     4588    12656      8481752660      8481765315         1079412          0       2000          0          0
   0       32     4473    12594      8481765323      8481777917         1092076          0       2000          0          0
   0       32     4509    12620      8481777944      8481790564         1104697          0       2000          0          0
   0       32     4493    12558      8481790598      8481803156         1117350          0       2000          0          0
   0       32     4482    12592      8481803160      8481815753         1129913          0       2000          0          0
   0       32     4469    12597      8481815787      8481828384         1142540          0       2000          0          0
   0       32     4462    12571      8481828388      8481840959         1155141          0       2000          0          0
   0       32     4485    12551      8481840977      8481853528         1167730          0       2000          0          0
   0       32     4537    12620      8481853533      8481866153         1180286          0       2000          0          0
   0       32     4508    12634      8481866162      8481878796         1192915          0       2000          0          0
   0       32     4481    12602      8481878821      8481891422         1205573          0       2000          0          0
   0       32     4466    12613      8481891453      8481904065         1218205          0       2000          0          0
   0       32     4457    12575      8481904108      8481916683         1230861          0       2000          0          0
   0       32     4468    12533      8481916714      8481929247         1243467          0       2000          0          0
   0       32     4463    12572      8481929251      8481941824         1256004          0       2000          0          0
   0       32     4478    12553      8481941857      8481954410         1268610          0       2000          0          0
   0       32     4794    12864      8481954416      8481967280         1281169          0       2000          0          0
   0       32     2606    10669      8481967289      8481977958         1294041          0       2000          0          0
   0       32     2084    10150      8481977963      8481988114         1304716          0       2000          0          0
   0       32     4779    12926      8481988120      8482001046         1314872          0       2000          0          0
   0       32     4481    12590      8482001051      8482013641         1327804          0       2000          0          0
   0       32     4469    12536      8482013678      8482026214         1340430          0       2000          0          0
   0       32     4778    12847      8482026218      8482039066         1352971          0       2000          0          0
   0       32     4744    12887      8482039074      8482051961         1365827          0       2000          0          0
   0       32     4819    12937      8482051970      8482064907         1378723          0       2000          0          0
   0       32     4470    12536      8482064944      8482077480         1391696          0       2000          0          0
   0       32     4562    12635      8482077485      8482090121         1404238          0       2000          0          0
   0       32     4802    12954      8482090129      8482103083         1416881          0       2000          0          0
   0       32     4788    12858      8482103091      8482115949         1429843          0       2000          0          0
   0       32     4806    12925      8482115957      8482128883         1442710          0       2000          0          0
   0       32     4543    12613      8482128912      8482141524         1455664          0       2000          0          0
   0       32     4465    12573      8482141533      8482154106         1468286          0       2000          0          0
   0       32     4790    12945      8482154111      8482167056         1480864          0       2000          0          0
   0       32     4824    12975      8482167064      8482180039         1493817          0       2000          0          0
   0       32     4776    12848      8482180045      8482192893         1506798          0       2000          0          0
   0       32     4670    12789      8482192903      8482205692         1519655          0       2000          0          0
   0       32     4506    12646      8482205726      8482218372         1532479          0       2000          0          0
   0       32     4777    12843      8482218377      8482231221         1545130          0       2000          0          0
   0       32     4768    12877      8482231226      8482244103         1557979          0       2000          0          0
   0       32     4774    12886      8482244108      8482256994         1570861          0       2000          0          0
   0       32     4464    12529      8482257037      8482269566         1583790          0       2000          0          0
   0       32     4479    12545      8482269570      8482282115         1596323          0       2000          0          0
   0       32     4767    12917      8482282120      8482295038         1608873          0       2000          0          0
   0       32     4774    12852      8482295043      8482307895         1621795          0       2000          0          0
   0       32     4785    12939      8482307903      8482320842         1634656          0       2000          0          0
   0       32     4518    12584      8482320885      8482333469         1647638          0       2000          0          0
   0       32     4471    12596      8482333475      8482346071         1660227          0       2000          0          0
   0       32     4771    12899      8482346098      8482358997         1672851          0       2000          0          0
   0       32     4805    12926      8482359029      8482371955         1685781          0       2000          0          0
   0       32     4801    12913      8482371985      8482384898         1698738          0       2000          0          0
   0       32     4480    12545      8482384935      8482397480         1711688          0       2000          0          0
   0       32     4467    12608      8482397485      8482410093         1724238          0       2000          0          0
   0       32     4769    12831      8482410099      8482422929         1736851          0       2000          0          0
   0       32     2031    10102      8482422934      8482433037         1749687          0       2000          0          0
   0       32     4495    12615      8482433046      8482445661         1759798          0       2000          0          0
   0       32     4782    12901      8482445692      8482458593         1772445          0       2000          0          0
   0       32     4776    12844      8482458622      8482471466         1785375          0       2000          0          0
   0       32     4782    12852      8482471472      8482484324         1798224          0       2000          0          0
   0       32     4473    12543      8482484332      8482496875         1811085          0       2000          0          0
   0       32     4476    12542      8482496884      8482509426         1823637          0       2000          0          0
   0       32     4783    12854      8482509432      8482522285         1836184          0       2000          0          0
   0       32     4823    12894      8482522294      8482535188         1849047          0       2000          0          0
   0       32     4821    12909      8482535196      8482548106         1861949          0       2000          0          0
   0       32     4489    12556      8482548111      8482560667         1874864          0       2000          0          0
   0       32     4674    12750      8482560672      8482573422         1887425          0       2000          0          0
   0       32     4797    12865      8482573429      8482586294         1900182          0       2000          0          0
   0       32     4810    12883      8482586300      8482599183         1913052          0       2000          0          0
   0       32     1244     9399      8482599189      8482608588         1925942          0       2000          0          0
   0       32     4775    12842      8482608598      8482621440         1935350          0       2000          0          0
   0       32     3954    12021      8482621445      8482633467         1948198          0       2000          0          0
   0       32     4473    12577      8482633472      8482646049         1960225          0       2000          0          0
   0       32     4707    12850      8482646058      8482658907         1972810          0       2000          0          0
   0       32     4807    12893      8482658915      8482671808         1985668          0       2000          0          0
   0       32     2873    11003      8482671815      8482682818         1998568          0       2000          0          0
   0       32     4473    12539      8482682844      8482695383         2009597          0       2000          0          0
   0       32     4748    12816      8482695389      8482708205         2022142          0       2000          0          0
   0       32     4342    12413      8482708210      8482720623         2034963          0       2000          0          0
   0       32     4785    12901      8482720631      8482733532         2047383          0       2000          0          0
   0       32     4472    12537      8482733600      8482746137         2060353          0       2000          0          0
   0       32     4459    12532      8482746143      8482758674         2072895          0       2000          0          0
   0       32     4858    12930      8482758683      8482771613         2085436          0       2000          0          0
   0       32     4840    12983      8482771622      8482784604         2098374          0       2000          0          0
   0       32     4815    12931      8482784612      8482797543         2111365          0       2000          0          0
   0       32     4612    12678      8482797574      8482810252         2124326          0       2000          0          0
   0       32     4465    12586      8482810257      8482822843         2137010          0       2000          0          0
   0       32     4782    12896      8482822873      8482835768         2149625          0       2000          0          0
   0       32     4814    12926      8482835803      8482848729         2162556          0       2000          0          0
   0       32     4778    12846      8482848763      8482861608         2175515          0       2000          0          0
   0       32     4069    12140      8482861614      8482873755         2188367          0       2000          0          0
   0       32     4502    12619      8482873764      8482886383         2200517          0       2000          0          0
   0       32     4845    12959      8482886411      8482899370         2213163          0       2000          0          0
   0       32     4830    12897      8482899397      8482912294         2226149          0       2000          0          0
   0       32     4832    12897      8482912299      8482925196         2239051          0       2000          0          0
   0       32     4464    12569      8482925201      8482937769         2251953          0       2000          0          0
   0       32     4482    12553      8482937774      8482950327         2264527          0       2000          0          0
   0       32     4899    13017      8482950335      8482963353         2277088          0       2000          0          0
   0       32     4824    12893      8482963361      8482976254         2290114          0       2000          0          0
   0       32     2585    10682      8482976261      8482986943         2303014          0       2000          0          0
   0       32     2173    10240      8482986949      8482997189         2313702          0       2000          0          0
   0       32     4836    12909      8482997196      8483010105         2323949          0       2000          0          0
   0       32     4150    12287      8483010114      8483022400         2336866          0       2000          0          0
   0       32     4719    12789      8483022408      8483035198         2349161          0       2000          0          0
   0       32     4847    12915      8483035204      8483048119         2361956          0       2000          0          0
   0       32     4830    12971      8483048125      8483061096         2374877          0       2000          0          0
   0       32     4834    12908      8483061101      8483074009         2387854          0       2000          0          0
   0       32     4523    12697      8483074014      8483086712         2400767          0       2000          0          0
   0       32     4799    12945      8483086721      8483099665         2413473          0       2000          0          0
   0       32     4830    12952      8483099672      8483112624         2426425          0       2000          0          0
   0       32     4832    12953      8483112653      8483125606         2439405          0       2000          0          0
   0       32     4830    12945      8483125633      8483138578         2452385          0       2000          0          0
   0       32     4467    12532      8483138609      8483151141         2465362          0       2000          0          0
   0       32     4466    12581      8483151180      8483163761         2477933          0       2000          0          0
   0       32     4466    12575      8483163792      8483176368         2490545          0       2000          0          0
   0       32     4462    12569      8483176386      8483188955         2503139          0       2000          0          0
   0       32     4539    12614      8483188968      8483201582         2515720          0       2000          0          0
   0       32     4515    12583      8483201591      8483214173         2528343          0       2000          0          0
   0       32     4478    12596      8483214178      8483226774         2540931          0       2000          0          0
   0       32     4477    12587      8483226803      8483239390         2553555          0       2000          0          0
   0       32     4483    12633      8483239409      8483252042         2566162          0       2000          0          0
   0       32     4461    12569      8483252046      8483264614         2578799          0       2000          0          0
   0       32     4486    12551      8483264632      8483277183         2591385          0       2000          0          0
   0       32     4461    12569      8483277187      8483289757         2603940          0       2000          0          0
   0       32     4486    12557      8483289775      8483302332         2616528          0       2000          0          0
   0       32     3072    11147      8483302337      8483313484         2629090          0       2000          0          0
   0       32     4483    12607      8483313493      8483326100         2640246          0       2000          0          0
   0       32     4246    12367      8483326105      8483338473         2652858          0       2000          0          0
   0       32     4465    12598      8483338499      8483351097         2665251          0       2000          0          0
   0       32     4463    12582      8483351101      8483363683         2677854          0       2000          0          0
   0       32     4466    12531      8483363712      8483376243         2690464          0       2000          0          0
   0       32     4465    12576      8483376247      8483388823         2703000          0       2000          0          0
   0       32     4507    12621      8483388858      8483401479         2715611          0       2000          0          0
   0       32     4489    12556      8483401515      8483414071         2728267          0       2000          0          0
   0       32     4535    12660      8483414076      8483426736         2740829          0       2000          0          0
   0       32     4296    12368      8483426747      8483439114         2753499          0       2000          0          0
   0       32     4480    12589      8483439120      8483451709         2765872          0       2000          0          0
   0       32     4473    12540      8483451745      8483464285         2778498          0       2000          0          0
   0       32     4464    12592      8483464291      8483476883         2791043          0       2000          0          0
   0       32     4820    12941      8483476911      8483489851         2803663          0       2000          0          0
   0       32     4823    12944      8483489881      8483502825         2816634          0       2000          0          0
   0       32     4852    12972      8483502855      8483515828         2829608          0       2000          0          0
   0       32     4684    12757      8483515858      8483528615         2842611          0       2000          0          0
   0       32     4513    12585      8483528625      8483541210         2855378          0       2000          0          0
   0       32     4853    12923      8483541220      8483554143         2867972          0       2000          0          0
   0       32     4838    12955      8483554148      8483567104         2880901          0       2000          0          0
   0       32     4803    12874      8483567145      8483580019         2893897          0       2000          0          0
   0       32     4602    12691      8483580025      8483592717         2906778          0       2000          0          0
   0       32     3557    11629      8483592728      8483604357         2919480          0       2000          0          0
   0       32     4753    12823      8483604366      8483617189         2931119          0       2000          0          0
   0       32     4377    12453      8483617199      8483629652         2943952          0       2000          0          0
   0       32     3623    11688      8483629660      8483641348         2956413          0       2000          0          0
   0       32     3461    11531      8483641353      8483652884         2968106          0       2000          0          0
   0       32     3424    11557      8483652892      8483664450         2979645          0       2000          0          0
   0       32     4481    12567      8483664456      8483677023         2991209          0       2000          0          0
   0       32     4689    12836      8483677028      8483689864         3003781          0       2000          0          0
   0       32     4782    12907      8483689870      8483702777         3016622          0       2000          0          0
   0       32     4813    12905      8483702783      8483715688         3029536          0       2000          0          0
   0       32     4242    12394      8483715696      8483728091         3042449          0       2000          0          0
   0       32     4494    12637      8483728097      8483740734         3054849          0       2000          0          0
   0       32     3962    12028      8483740775      8483752803         3067527          0       2000          0          0
   0       32     4844    12915      8483752808      8483765723         3079561          0       2000          0          0
   0       32     3070    11174      8483765732      8483776906         3092484          0       2000          0          0
   0       32     4419    12605      8483776916      8483789521         3103668          0       2000          0          0
   0       32     4788    12855      8483789527      8483802382         3116280          0       2000          0          0
   0       32     3806    11872      8483802388      8483814260         3129140          0       2000          0          0
   0       32     4472    12569      8483814266      8483826835         3141018          0       2000          0          0
   0       32     4128    12261      8483826840      8483839101         3153593          0       2000          0          0
   0       32     4828    12977      8483839108      8483852085         3165860          0       2000          0          0
   0       32     4859    12984      8483852090      8483865074         3178842          0       2000          0          0
   0       32     4839    12901      8483865098      8483877999         3191851          0       2000          0          0
   0       32     1956    10097      8483878007      8483888104         3204760          0       2000          0          0
   0       32     4855    12985      8483888113      8483901098         3214865          0       2000          0          0
   0       32     4475    12591      8483901102      8483913693         3227855          0       2000          0          0
   0       32     4482    12548      8483913724      8483926272         3240477          0       2000          0          0
   0       32     4217    12336      8483926276      8483938612         3253029          0       2000          0          0
   0       32     4468    12536      8483938640      8483951176         3265393          0       2000          0          0
   0       32     4526    12687      8483951181      8483963868         3277934          0       2000          0          0
   0       32     4515    12641      8483963878      8483976519         3290630          0       2000          0          0
   0       32     4472    12551      8483976582      8483989134         3303335          0       2000          0          0
   0       32     4472    12626      8483989142      8484001768         3315894          0       2000          0          0
   0       32     4482    12554      8484001777      8484014331         3328530          0       2000          0          0
   0       32     4478    12594      8484014338      8484026931         3341090          0       2000          0          0
   0       32     4186    12254      8484026962      8484039216         3353714          0       2000          0          0
   0       32     4464    12583      8484039221      8484051803         3365973          0       2000          0          0
   0       32     4468    12586      8484051834      8484064420         3378587          0       2000          0          0
   0       32     4463    12590      8484064451      8484077041         3391203          0       2000          0          0
   0       32     4457    12523      8484077064      8484089587         3403816          0       2000          0          0
   0       32     4467    12543      8484089591      8484102134         3416344          0       2000          0          0
   0       32     4472    12624      8484102142      8484114765         3428894          0       2000          0          0
   0       32     4470    12605      8484114774      8484127379         3441527          0       2000          0          0
   0       32     4232    12354      8484127384      8484139738         3454137          0       2000          0          0
   0       32     4469    12600      8484139767      8484152367         3466520          0       2000          0          0
   0       32     4463    12578      8484152372      8484164950         3479124          0       2000          0          0
   0       32     4467    12584      8484164982      8484177566         3491735          0       2000          0          0
   0       32     4467    12532      8484177596      8484190127         3504348          0       2000          0          0
   0       32     4467    12618      8484190131      8484202749         3516884          0       2000          0          0
   0       32     2135    10201      8484202776      8484212977         3529528          0       2000          0          0
   0       32     4522    12643      8484212984      8484225627         3539737          0       2000          0          0
   0       32     4203    12327      8484225656      8484237983         3552408          0       2000          0          0
   0       32     4468    12599      8484238016      8484250614         3564768          0       2000          0          0
   0       32     4474    12540      8484250619      8484263160         3577372          0       2000          0          0
   0       32     4464    12582      8484263164      8484275746         3589917          0       2000          0          0
   0       32     4467    12594      8484275776      8484288370         3602529          0       2000          0          0
   0       32     4463    12573      8484288374      8484300947         3615127          0       2000          0          0
   0       32     4466    12545      8484300984      8484313529         3627736          0       2000          0          0
   0       32     4508    12582      8484313536      8484326119         3640289          0       2000          0          0
   0       32     4277    12401      8484326127      8484338529         3652880          0       2000          0          0
   0       32     4469    12548      8484338557      8484351106         3665310          0       2000          0          0
   0       32     4479    12592      8484351110      8484363701         3677862          0       2000          0          0
   0       32     4477    12566      8484363735      8484376301         3690487          0       2000          0          0
   0       32     4463    12582      8484376326      8484388908         3703079          0       2000          0          0
   0       32     4470    12592      8484388970      8484401562         3715723          0       2000          0          0
   0       32     4468    12533      8484401588      8484414122         3728341          0       2000          0          0
   0       32     4477    12539      8484414126      8484426665         3740879          0       2000          0          0
   0       32     2039    10160      8484426670      8484436830         3753423          0       2000          0          0
   0       32     2124    10243      8484436861      8484447104         3763613          0       2000          0          0
   0       32     4487    12611      8484447109      8484459719         3773861          0       2000          0          0
   0       32     4470    12537      8484459744      8484472281         3786497          0       2000          0          0
   0       32     4464    12584      8484472286      8484484869         3799039          0       2000          0          0
   0       32     4467    12534      8484484902      8484497437         3811655          0       2000          0          0
   0       32     4462    12609      8484497441      8484510050         3824194          0       2000          0          0
   0       32     4463    12575      8484510054      8484522630         3836807          0       2000          0          0
   0       32     4476    12559      8484522663      8484535222         3849416          0       2000          0          0
   0       32     3102    11254      8484535231      8484546484         3861983          0       2000          0          0
   0       32     4470    12605      8484546493      8484559098         3873246          0       2000          0          0
   0       32     4476    12544      8484559103      8484571646         3885855          0       2000          0          0
   0       32     4468    12534      8484571651      8484584185         3898404          0       2000          0          0
   0       32     4463    12532      8484584190      8484596722         3910943          0       2000          0          0
   0       32     4514    12594      8484596730      8484609324         3923482          0       2000          0          0
   0       32     4470    12590      8484609331      8484621921         3936084          0       2000          0          0
   0       32     4516    12632      8484621929      8484634561         3948682          0       2000          0          0
   0       32     4485    12552      8484634595      8484647146         3961347          0       2000          0          0
   0       32     4481    12599      8484647151      8484659750         3973904          0       2000          0          0
   0       32     4468    12604      8484659779      8484672383         3986532          0       2000          0          0
   0       32     4478    12586      8484672388      8484684974         3999140          0       2000          0          0
   0       32     4463    12593      8484685017      8484697610         4011770          0       2000          0          0
   0       32     4483    12565      8484697637      8484710201         4024389          0       2000          0          0
   0       32     3988    12059      8484710206      8484722265         4036959          0       2000          0          0
   0       32     4499    12642      8484722272      8484734914         4049025          0       2000          0          0
   0       32     4499    12616      8484734920      8484747535         4061673          0       2000          0          0
   0       32     4486    12551      8484747568      8484760119         4074321          0       2000          0          0
   0       32     4529    12691      8484760123      8484772814         4086876          0       2000          0          0
   0       32     4540    12659      8484772822      8484785481         4099575          0       2000          0          0
   0       32     4472    12588      8484785512      8484798100         4112265          0       2000          0          0
   0       32     4468    12593      8484798141      8484810733         4124893          0       2000          0          0
   0       32     4468    12583      8484810761      8484823344         4137514          0       2000          0          0
   0       32     4468    12588      8484823348      8484835937         4150101          0       2000          0          0
   0       32     2149    10214      8484835960      8484846174         4162713          0       2000          0          0
   0       32     4471    12586      8484846179      8484858765         4172931          0       2000          0          0
   0       32     4468    12533      8484858795      8484871328         4185548          0       2000          0          0
   0       32     4489    12590      8484871332      8484883923         4198085          0       2000          0          0
   0       32     4529    12649      8484883932      8484896581         4210685          0       2000          0          0
   0       32     4469    12536      8484896611      8484909146         4223363          0       2000          0          0
   0       32     4520    12592      8484909151      8484921744         4235904          0       2000          0          0
   0       32     4555    12696      8484921751      8484934446         4248503          0       2000          0          0
   0       32     4504    12640      8484934455      8484947094         4261207          0       2000          0          0
   0       32     4485    12604      8484947099      8484959704         4273852          0       2000          0          0
   0       32     4468    12534      8484959731      8484972265         4286484          0       2000          0          0
   0       32     4463    12529      8484972270      8484984799         4299023          0       2000          0          0
   0       32     4522    12595      8484984803      8484997399         4311556          0       2000          0          0
   0       32     4544    12686      8484997407      8485010093         4324160          0       2000          0          0
   0       32     4494    12616      8485010101      8485022716         4336853          0       2000          0          0
   0       32     4470    12539      8485022743      8485035282         4349496          0       2000          0          0
   0       32     4474    12541      8485035287      8485047827         4362040          0       2000          0          0
   0       32     4478    12621      8485047832      8485060453         4374585          0       2000          0          0
   0       32     4485    12600      8485060458      8485073057         4387210          0       2000          0          0
   0       32     4463    12578      8485073089      8485085667         4399842          0       2000          0          0
   0       32     4468    12535      8485085699      8485098234         4412451          0       2000          0          0
   0       32     4463    12570      8485098238      8485110808         4424991          0       2000          0          0
   0       32     4471    12583      8485110845      8485123428         4437597          0       2000          0          0
   0       32     4466    12617      8485123463      8485136079         4450215          0       2000          0          0
   0       32     4457    12579      8485136084      8485148663         4462837          0       2000          0          0
   0       32     4468    12535      8485148688      8485161223         4475441          0       2000          0          0
   0       32     4462    12576      8485161227      8485173804         4487980          0       2000          0          0
   0       32     4470    12583      8485173833      8485186415         4500585          0       2000          0          0
   0       32     4462    12612      8485186448      8485199060         4513201          0       2000          0          0
   0       32     4457    12522      8485199064      8485211586         4525817          0       2000          0          0
   0       32     4017    12166      8485211623      8485223789         4538376          0       2000          0          0
   0       32     4517    12662      8485223797      8485236458         4550550          0       2000          0          0
   0       32     4486    12605      8485236464      8485249068         4563217          0       2000          0          0
   0       32     4487    12597      8485249099      8485261696         4575852          0       2000          0          0
   0       32     4475    12542      8485261734      8485274276         4588487          0       2000          0          0
   0       32     4463    12574      8485274280      8485286854         4601033          0       2000          0          0
   0       32     4470    12583      8485286890      8485299473         4613642          0       2000          0          0
   0       32     4478    12592      8485299506      8485312099         4626259          0       2000          0          0
   0       32     4462    12533      8485312103      8485324636         4638856          0       2000          0          0
   0       32     4500    12576      8485324644      8485337219         4651396          0       2000          0          0
   0       32     4507    12626      8485337228      8485349854         4663981          0       2000          0          0
   0       32     4482    12631      8485349886      8485362517         4676638          0       2000          0          0
   0       32     4465    12577      8485362522      8485375099         4689275          0       2000          0          0
   0       32     4462    12583      8485375103      8485387686         4701856          0       2000          0          0
   0       32     4467    12532      8485387721      8485400253         4714474          0       2000          0          0
   0       32     4465    12576      8485400257      8485412834         4727010          0       2000          0          0
   0       32     4465    12580      8485412870      8485425449         4739622          0       2000          0          0
   0       32     4443    12515      8485425483      8485437998         4752235          0       2000          0          0
   0       32     4521    12592      8485438011      8485450603         4764764          0       2000          0          0
   0       32     4512    12578      8485450610      8485463188         4777363          0       2000          0          0
   0       32     4490    12607      8485463194      8485475801         4789946          0       2000          0          0
   0       32     4433    12573      8485475831      8485488404         4802584          0       2000          0          0
   0       32     4465    12587      8485488409      8485500996         4815162          0       2000          0          0
   0       32     4461    12573      8485501032      8485513605         4827784          0       2000          0          0
   0       32     4470    12536      8485513639      8485526175         4840392          0       2000          0          0
   0       32     4241    12358      8485526180      8485538538         4852932          0       2000          0          0
   0       32     4483    12560      8485538572      8485551132         4865324          0       2000          0          0
   0       32     3715    11789      8485551140      8485562929         4877892          0       2000          0          0
   0       32     4474    12600      8485562937      8485575537         4889690          0       2000          0          0
   0       32     4492    12558      8485575564      8485588121         4902316          0       2000          0          0
   0       32     4478    12545      8485588126      8485600671         4914878          0       2000          0          0
   0       32     1990    10137      8485600678      8485610814         4927430          0       2000          0          0
   0       32     4513    12632      8485610823      8485623455         4937575          0       2000          0          0
   0       32     4467    12583      8485623518      8485636102         4950271          0       2000          0          0
   0       32     4470    12585      8485636107      8485648691         4962859          0       2000          0          0
   0       32     4487    12553      8485648724      8485661277         4975476          0       2000          0          0
