#idx     perf      run   period           start             end          rel_st      slack c_duration   c_period     wu_lat
   0       32     1970    10099      7563094890      7563104989             174          0       2000          0          0
   0       32     2102    10170      7563105045      7563115215           10330          0       2000          0          0
   0       32     4492    12566      7563115221      7563127787           20505          0       2000          0          0
   0       32     3569    11689      7563127796      7563139486           33081          0       2000          0          0
   0       32     4502    12593      7563139517      7563152111           44802          0       2000          0          0
   0       32     4460    12572      7563152117      7563164689           57401          0       2000          0          0
   0       32     4470    12536      7563164724      7563177261           70009          0       2000          0          0
   0       32     4465    12576      7563177265      7563189841           82549          0       2000          0          0
   0       32     4472    12584      7563189877      7563202461           95162          0       2000          0          0
   0       32     4465    12602      7563202496      7563215097          107780          0       2000          0          0
   0       32     4465    12576      7563215102      7563227678          120387          0       2000          0          0
   0       32     4054    12129      7563227711      7563239840          132996          0       2000          0          0
   0       32     4540    12688      7563239849      7563252537          145133          0       2000          0          0
   0       32     4503    12572      7563252546      7563265119          157831          0       2000          0          0
   0       32     4437    12586      7563265126      7563277712          170411          0       2000          0          0
   0       32     4477    12547      7563277719      7563290265          183003          0       2000          0          0
   0       32     4439    12545      7563290271      7563302816          195555          0       2000          0          0
   0       32     4459    12567      7563302835      7563315402          208120          0       2000          0          0
   0       32     4472    12579      7563315423      7563328003          220708          0       2000          0          0
   0       32     4329    12438      7563328043      7563340481          233328          0       2000          0          0
   0       32     4455    12530      7563340520      7563353050          245805          0       2000          0          0
   0       32     4654    12769      7563353058      7563365827          258343          0       2000          0          0
   0       32     4466    12573      7563365862      7563378435          271147          0       2000          0          0
   0       32     4437    12561      7563378455      7563391016          283739          0       2000          0          0
   0       32     4460    12564      7563391036      7563403599          296320          0       2000          0          0
   0       32     4461    12526      7563403617      7563416143          308902          0       2000          0          0
   0       32     4437    12547      7563416147      7563428694          321432          0       2000          0          0
   0       32     4272    12373      7563428732      7563441105          334017          0       2000          0          0
   0       32     4437    12541      7563441111      7563453652          346395          0       2000          0          0
   0       32     4441    12532      7563453673      7563466204          358957          0       2000          0          0
   0       32     4448    12556      7563466214      7563478769          371498          0       2000          0          0
   0       32     4534    12642      7563478811      7563491453          384096          0       2000          0          0
   0       32     4437    12591      7563491494      7563504085          396778          0       2000          0          0
   0       32     4437    12551      7563504139      7563516690          409423          0       2000          0          0
   0       32     4438    12503      7563516723      7563529226          422008          0       2000          0          0
   0       32     4281    12387      7563529231      7563541618          434515          0       2000          0          0
   0       32     4458    12532      7563541637      7563554169          446922          0       2000          0          0
   0       32     2233    10308      7563554174      7563564482          459459          0       2000          0          0
   0       32     4070    12188      7563564491      7563576679          469776          0       2000          0          0
   0       32     4428    12497      7563576712      7563589209          481997          0       2000          0          0
   0       32     3631    11742      7563589214      7563600956          494499          0       2000          0          0
   0       32     4437    12544      7563600991      7563613535          506276          0       2000          0          0
   0       32     4457    12553      7563613553      7563626107          518838          0       2000          0          0
   0       32     4444    12557      7563626111      7563638667          531395          0       2000          0          0
   0       32     4437    12501      7563638701      7563651202          543986          0       2000          0          0
   0       32     4439    12544      7563651206      7563663750          556491          0       2000          0          0
   0       32     4459    12549      7563663768      7563676317          569053          0       2000          0          0
   0       32     2497    10573      7563676329      7563686902          581614          0       2000          0          0
   0       32     4340    12466      7563686913      7563699378          592197          0       2000          0          0
   0       32     4439    12546      7563699384      7563711930          604668          0       2000          0          0
   0       32     4458    12563      7563711948      7563724511          617233          0       2000          0          0
   0       32     4457    12572      7563724529      7563737101          629814          0       2000          0          0
   0       32     4437    12538      7563737106      7563749645          642391          0       2000          0          0
   0       32     4462    12527      7563749662      7563762189          654947          0       2000          0          0
   0       32     4460    12585      7563762193      7563774778          667477          0       2000          0          0
   0       32     4437    12516      7563774783      7563787299          680067          0       2000          0          0
   0       32     2278    10356      7563787307      7563797663          692591          0       2000          0          0
   0       32     3567    11692      7563797672      7563809364          702957          0       2000          0          0
   0       32     4437    12545      7563809370      7563821915          714655          0       2000          0          0
   0       32     4437    12539      7563821954      7563834493          727239          0       2000          0          0
   0       32     4464    12584      7563834510      7563847094          739795          0       2000          0          0
   0       32     4437    12541      7563847098      7563859639          752383          0       2000          0          0
   0       32     4461    12525      7563859656      7563872181          764941          0       2000          0          0
   0       32     4437    12540      7563872185      7563884724          777469          0       2000          0          0
   0       32     4461    12537      7563884741      7563897278          790026          0       2000          0          0
   0       32     2677    10751      7563897283      7563908034          802568          0       2000          0          0
   0       32     3662    11779      7563908091      7563919870          813375          0       2000          0          0
   0       32     4465    12569      7563919900      7563932469          825185          0       2000          0          0
   0       32     4458    12574      7563932488      7563945062          837773          0       2000          0          0
   0       32     4437    12540      7563945095      7563957635          850379          0       2000          0          0
   0       32     4461    12526      7563957652      7563970177          862936          0       2000          0          0
   0       32     4437    12541      7563970181      7563982722          875466          0       2000          0          0
   0       32     4461    12529      7563982739      7563995268          888023          0       2000          0          0
   0       32     1951    10017      7563995273      7564005291          900558          0       2000          0          0
   0       32     1953    10020      7564005297      7564015318          910582          0       2000          0          0
   0       32     4463    12539      7564015326      7564027865          920611          0       2000          0          0
   0       32     2401    10527      7564027874      7564038401          933159          0       2000          0          0
   0       32     4067    12176      7564038411      7564050587          943696          0       2000          0          0
   0       32     4437    12502      7564050626      7564063128          955911          0       2000          0          0
   0       32     4437    12540      7564063132      7564075673          968417          0       2000          0          0
   0       32     4460    12524      7564075690      7564088214          980974          0       2000          0          0
   0       32     4429    12535      7564088218      7564100753          993502          0       2000          0          0
   0       32     4458    12592      7564100772      7564113365         1006057          0       2000          0          0
   0       32     4437    12539      7564113369      7564125907         1018653          0       2000          0          0
   0       32     3673    11745      7564125925      7564137670         1031209          0       2000          0          0
   0       32     3724    11838      7564137678      7564149516         1042963          0       2000          0          0
   0       32     4465    12553      7564149553      7564162106         1054837          0       2000          0          0
   0       32     4437    12536      7564162110      7564174646         1067395          0       2000          0          0
   0       32     4466    12530      7564174664      7564187194         1079948          0       2000          0          0
   0       32     4437    12541      7564187197      7564199739         1092482          0       2000          0          0
   0       32     4460    12524      7564199756      7564212279         1105040          0       2000          0          0
   0       32     4437    12512      7564212283      7564224795         1117568          0       2000          0          0
   0       32     2516    10591      7564224799      7564235391         1130084          0       2000          0          0
   0       32     3900    12016      7564235400      7564247416         1140685          0       2000          0          0
   0       32     4339    12444      7564247451      7564259894         1152735          0       2000          0          0
   0       32     4457    12563      7564259915      7564272477         1165199          0       2000          0          0
   0       32     4458    12563      7564272495      7564285058         1177780          0       2000          0          0
   0       32     4437    12542      7564285094      7564297636         1190378          0       2000          0          0
   0       32     4462    12526      7564297653      7564310178         1202937          0       2000          0          0
   0       32     4437    12542      7564310224      7564322766         1215509          0       2000          0          0
   0       32     4462    12562      7564322784      7564335346         1228068          0       2000          0          0
   0       32     3628    11699      7564335371      7564347071         1240656          0       2000          0          0
   0       32     1967    10046      7564347080      7564357126         1252365          0       2000          0          0
   0       32     4437    12557      7564357136      7564369693         1262420          0       2000          0          0
   0       32     4437    12501      7564369724      7564382225         1275009          0       2000          0          0
   0       32     4437    12542      7564382229      7564394771         1287514          0       2000          0          0
   0       32     4460    12524      7564394788      7564407312         1300073          0       2000          0          0
   0       32     4437    12539      7564407316      7564419855         1312601          0       2000          0          0
   0       32     4462    12567      7564419872      7564432439         1325157          0       2000          0          0
   0       32     4458    12580      7564432456      7564445036         1337741          0       2000          0          0
   0       32     4437    12511      7564445064      7564457575         1350348          0       2000          0          0
   0       32     2468    10546      7564457583      7564468130         1362868          0       2000          0          0
   0       32     4437    12546      7564468140      7564480686         1373425          0       2000          0          0
   0       32     4458    12522      7564480704      7564493227         1385989          0       2000          0          0
   0       32     4437    12547      7564493230      7564505777         1398515          0       2000          0          0
   0       32     4458    12598      7564505794      7564518392         1411079          0       2000          0          0
   0       32     4437    12539      7564518396      7564530934         1423680          0       2000          0          0
   0       32     4465    12568      7564530951      7564543519         1436236          0       2000          0          0
   0       32     4458    12564      7564543536      7564556100         1448821          0       2000          0          0
   0       32     4437    12517      7564556103      7564568620         1461388          0       2000          0          0
   0       32     3619    11693      7564568630      7564580323         1473915          0       2000          0          0
   0       32     3979    12092      7564580334      7564592426         1485618          0       2000          0          0
   0       32     4465    12589      7564592455      7564605044         1497740          0       2000          0          0
   0       32     4437    12547      7564605071      7564617617         1510355          0       2000          0          0
   0       32     4437    12502      7564617654      7564630155         1522938          0       2000          0          0
   0       32     4256    12363      7564630159      7564642522         1535444          0       2000          0          0
   0       32     4459    12560      7564642543      7564655102         1547827          0       2000          0          0
   0       32     4437    12544      7564655106      7564667650         1560391          0       2000          0          0
   0       32     4437    12519      7564667667      7564680187         1572952          0       2000          0          0
   0       32     4439    12584      7564680191      7564692775         1585475          0       2000          0          0
   0       32     1989    10104      7564692781      7564702885         1598065          0       2000          0          0
   0       32     4465    12572      7564702918      7564715489         1608202          0       2000          0          0
   0       32     4437    12530      7564715571      7564728101         1620856          0       2000          0          0
   0       32     4439    12547      7564728105      7564740653         1633390          0       2000          0          0
   0       32     4437    12502      7564740690      7564753192         1645975          0       2000          0          0
   0       32     4437    12542      7564753197      7564765738         1658481          0       2000          0          0
   0       32     4459    12568      7564765757      7564778325         1671041          0       2000          0          0
   0       32     4437    12547      7564778329      7564790875         1683613          0       2000          0          0
   0       32     4437    12506      7564790907      7564803413         1696191          0       2000          0          0
   0       32     4626    12694      7564803419      7564816113         1708704          0       2000          0          0
   0       32     4466    12585      7564816122      7564828707         1721406          0       2000          0          0
   0       32     4295    12393      7564828711      7564841104         1733996          0       2000          0          0
   0       32     4439    12546      7564841110      7564853655         1746394          0       2000          0          0
   0       32     4459    12523      7564853674      7564866197         1758958          0       2000          0          0
   0       32     4437    12541      7564866201      7564878742         1771485          0       2000          0          0
   0       32     4459    12524      7564878760      7564891284         1784045          0       2000          0          0
   0       32     4437    12539      7564891288      7564903827         1796573          0       2000          0          0
   0       32     4463    12541      7564903844      7564916385         1809129          0       2000          0          0
   0       32     4641    12714      7564916391      7564929105         1821676          0       2000          0          0
   0       32     4382    12491      7564929113      7564941605         1834398          0       2000          0          0
   0       32     4437    12501      7564941641      7564954142         1846926          0       2000          0          0
   0       32     4439    12545      7564954146      7564966691         1859431          0       2000          0          0
   0       32     4466    12543      7564966709      7564979253         1871994          0       2000          0          0
   0       32     4609    12690      7564979259      7564991949         1884544          0       2000          0          0
   0       32     3054    11124      7564991958      7565003082         1897242          0       2000          0          0
   0       32     1256     9404      7565003089      7565012492         1908373          0       2000          0          0
   0       32     4520    12608      7565012503      7565025111         1917787          0       2000          0          0
   0       32     3571    11642      7565025117      7565036759         1930402          0       2000          0          0
   0       32     3814    11931      7565036767      7565048698         1942052          0       2000          0          0
   0       32     4030    12134      7565048732      7565060865         1954016          0       2000          0          0
   0       32     4458    12561      7565060884      7565073445         1966168          0       2000          0          0
   0       32     4464    12589      7565073463      7565086051         1978747          0       2000          0          0
   0       32     4430    12538      7565086077      7565098615         1991362          0       2000          0          0
   0       32     4437    12501      7565098652      7565111153         2003937          0       2000          0          0
   0       32     4437    12538      7565111157      7565123695         2016442          0       2000          0          0
   0       32     4437    12517      7565123779      7565136297         2029064          0       2000          0          0
   0       32     2356    10507      7565136306      7565146813         2041590          0       2000          0          0
   0       32     4360    12426      7565146823      7565159249         2052108          0       2000          0          0
   0       32     4437    12547      7565159254      7565171801         2064538          0       2000          0          0
   0       32     4437    12542      7565171840      7565184381         2077124          0       2000          0          0
   0       32     4462    12572      7565184399      7565196971         2089683          0       2000          0          0
   0       32     4437    12559      7565196988      7565209547         2102273          0       2000          0          0
   0       32     4460    12547      7565209564      7565222111         2114848          0       2000          0          0
   0       32     4437    12543      7565222115      7565234659         2127400          0       2000          0          0
   0       32     4457    12527      7565234678      7565247206         2139963          0       2000          0          0
   0       32     2406    10544      7565247210      7565257755         2152495          0       2000          0          0
   0       32     2109    10219      7565257787      7565268006         2163072          0       2000          0          0
   0       32     4465    12571      7565268042      7565280613         2173326          0       2000          0          0
   0       32     4459    12522      7565280630      7565293153         2185915          0       2000          0          0
   0       32     4437    12543      7565293157      7565305700         2198441          0       2000          0          0
   0       32     4459    12523      7565305717      7565318240         2211002          0       2000          0          0
   0       32     4437    12539      7565318244      7565330783         2223529          0       2000          0          0
   0       32     4462    12599      7565330800      7565343399         2236085          0       2000          0          0
   0       32     4472    12581      7565343403      7565355984         2248688          0       2000          0          0
   0       32     3996    12068      7565356023      7565368090         2261307          0       2000          0          0
   0       32     3546    11659      7565368100      7565379759         2273385          0       2000          0          0
   0       32     4544    12655      7565379799      7565392454         2285084          0       2000          0          0
   0       32     4437    12556      7565392492      7565405047         2297776          0       2000          0          0
   0       32     4437    12541      7565405079      7565417620         2310364          0       2000          0          0
   0       32     4461    12524      7565417637      7565430162         2322922          0       2000          0          0
   0       32     4437    12540      7565430165      7565442706         2335450          0       2000          0          0
   0       32     4462    12526      7565442723      7565455248         2348007          0       2000          0          0
   0       32     4437    12541      7565455252      7565467793         2360537          0       2000          0          0
   0       32     4348    12428      7565467810      7565480238         2373095          0       2000          0          0
   0       32     3308    11424      7565480248      7565491672         2385532          0       2000          0          0
   0       32     4405    12471      7565491705      7565504176         2396989          0       2000          0          0
   0       32     4437    12540      7565504181      7565516721         2409465          0       2000          0          0
   0       32     4462    12527      7565516739      7565529265         2422023          0       2000          0          0
   0       32     4437    12541      7565529304      7565541846         2434589          0       2000          0          0
   0       32     4462    12568      7565541863      7565554431         2447148          0       2000          0          0
   0       32     4462    12565      7565554448      7565567013         2459732          0       2000          0          0
   0       32     3488    11563      7565567030      7565578592         2472314          0       2000          0          0
   0       32     3534    11601      7565578601      7565590202         2483886          0       2000          0          0
   0       32     2662    10772      7565590209      7565600981         2495493          0       2000          0          0
   0       32     4437    12543      7565601022      7565613565         2506307          0       2000          0          0
   0       32     4460    12524      7565613583      7565626107         2518868          0       2000          0          0
   0       32     4437    12545      7565626111      7565638656         2531396          0       2000          0          0
   0       32     4459    12522      7565638673      7565651195         2543958          0       2000          0          0
   0       32     4437    12540      7565651199      7565663739         2556484          0       2000          0          0
   0       32     4463    12570      7565663756      7565676325         2569040          0       2000          0          0
   0       32     4437    12510      7565676329      7565688839         2581614          0       2000          0          0
   0       32     2367    10442      7565688844      7565699286         2594129          0       2000          0          0
   0       32     4099    12205      7565699295      7565711500         2604579          0       2000          0          0
   0       32     4518    12583      7565711540      7565724123         2616824          0       2000          0          0
   0       32     4437    12541      7565724127      7565736667         2629412          0       2000          0          0
   0       32     4462    12525      7565736685      7565749210         2641969          0       2000          0          0
   0       32     4437    12541      7565749214      7565761755         2654498          0       2000          0          0
   0       32     4462    12592      7565761772      7565774364         2667057          0       2000          0          0
   0       32     4437    12540      7565774368      7565786907         2679652          0       2000          0          0
   0       32     4462    12537      7565786924      7565799461         2692209          0       2000          0          0
   0       32     2824    10901      7565799465      7565810366         2704749          0       2000          0          0
   0       32     3888    12004      7565810376      7565822379         2715660          0       2000          0          0
   0       32     4299    12412      7565822411      7565834822         2727695          0       2000          0          0
   0       32     4437    12505      7565834858      7565847363         2740142          0       2000          0          0
   0       32     4437    12540      7565847367      7565859907         2752652          0       2000          0          0
   0       32     4462    12565      7565859924      7565872489         2765209          0       2000          0          0
   0       32     4461    12564      7565872506      7565885070         2777791          0       2000          0          0
   0       32     4437    12540      7565885099      7565897639         2790384          0       2000          0          0
   0       32     4462    12525      7565897656      7565910182         2802941          0       2000          0          0
   0       32     3645    11718      7565910185      7565921903         2815470          0       2000          0          0
   0       32     3822    11939      7565921913      7565933852         2827197          0       2000          0          0
   0       32     4000    12080      7565933920      7565946000         2839204          0       2000          0          0
   0       32     2301    10425      7565946008      7565956434         2851293          0       2000          0          0
   0       32     4420    12539      7565956459      7565968998         2861744          0       2000          0          0
   0       32     2953    11059      7565969029      7565980089         2874314          0       2000          0          0
   0       32     2821    10926      7565980107      7565991033         2885392          0       2000          0          0
   0       32     3580    11651      7565991039      7566002690         2896324          0       2000          0          0
   0       32     2207    10296      7566002697      7566012993         2907982          0       2000          0          0
   0       32     4635    12744      7566013002      7566025746         2918286          0       2000          0          0
   0       32     4437    12511      7566025786      7566038297         2931071          0       2000          0          0
   0       32     2513    10628      7566038306      7566048934         2943591          0       2000          0          0
   0       32     4465    12609      7566048966      7566061576         2954251          0       2000          0          0
   0       32     4515    12580      7566061585      7566074165         2966870          0       2000          0          0
   0       32     4437    12540      7566074170      7566086710         2979455          0       2000          0          0
   0       32     4453    12518      7566086728      7566099246         2992013          0       2000          0          0
   0       32     4437    12546      7566099250      7566111796         3004535          0       2000          0          0
   0       32     4456    12560      7566111814      7566124374         3017099          0       2000          0          0
   0       32     4439    12544      7566124399      7566136942         3029683          0       2000          0          0
   0       32     4461    12544      7566136962      7566149506         3042246          0       2000          0          0
   0       32     2586    10653      7566149515      7566160168         3054800          0       2000          0          0
   0       32     3072    11198      7566160177      7566171374         3065461          0       2000          0          0
   0       32     4439    12545      7566171379      7566183924         3076664          0       2000          0          0
   0       32     4457    12564      7566183943      7566196507         3089228          0       2000          0          0
   0       32     4458    12574      7566196525      7566209099         3101810          0       2000          0          0
   0       32     4437    12538      7566209103      7566221642         3114388          0       2000          0          0
   0       32     4464    12529      7566221659      7566234188         3126943          0       2000          0          0
   0       32     4292    12375      7566234192      7566246567         3139477          0       2000          0          0
   0       32     2873    11020      7566246577      7566257597         3151862          0       2000          0          0
   0       32     4206    12317      7566257607      7566269924         3162892          0       2000          0          0
   0       32     4437    12543      7566269962      7566282505         3175247          0       2000          0          0
   0       32     4465    12576      7566282523      7566295099         3187808          0       2000          0          0
   0       32     4437    12540      7566295103      7566307644         3200388          0       2000          0          0
   0       32     4461    12524      7566307661      7566320186         3212946          0       2000          0          0
   0       32     4437    12539      7566320189      7566332729         3225474          0       2000          0          0
   0       32     4437    12562      7566332804      7566345366         3238088          0       2000          0          0
   0       32     4437    12523      7566345371      7566357894         3250656          0       2000          0          0
   0       32     2854    10999      7566357904      7566368903         3263188          0       2000          0          0
   0       32     4438    12549      7566368913      7566381461         3274197          0       2000          0          0
   0       32     4437    12585      7566381492      7566394076         3286776          0       2000          0          0
   0       32     4437    12540      7566394081      7566406622         3299366          0       2000          0          0
   0       32     4459    12524      7566406640      7566419163         3311924          0       2000          0          0
   0       32     4437    12542      7566419168      7566431710         3324453          0       2000          0          0
   0       32     4459    12523      7566431727      7566444250         3337012          0       2000          0          0
   0       32     4437    12547      7566444254      7566456801         3349539          0       2000          0          0
   0       32     4437    12523      7566456839      7566469362         3362124          0       2000          0          0
   0       32     2601    10675      7566469371      7566480046         3374656          0       2000          0          0
   0       32     3264    11370      7566480056      7566491426         3385341          0       2000          0          0
   0       32     4437    12584      7566491466      7566504050         3396750          0       2000          0          0
   0       32     4429    12539      7566504055      7566516594         3409339          0       2000          0          0
   0       32     4437    12502      7566516631      7566529133         3421916          0       2000          0          0
   0       32     4437    12540      7566529137      7566541677         3434421          0       2000          0          0
   0       32     4461    12525      7566541694      7566554219         3446979          0       2000          0          0
   0       32     4437    12542      7566554223      7566566766         3459508          0       2000          0          0
   0       32     4486    12561      7566566783      7566579344         3472067          0       2000          0          0
   0       32     4542    12613      7566579353      7566591966         3484638          0       2000          0          0
   0       32     2075    10142      7566591971      7566602113         3497256          0       2000          0          0
   0       32     4327    12434      7566602123      7566614557         3507408          0       2000          0          0
   0       32     3630    11693      7566614593      7566626287         3519878          0       2000          0          0
   0       32     4437    12539      7566626291      7566638830         3531575          0       2000          0          0
   0       32     4462    12567      7566638847      7566651414         3544132          0       2000          0          0
   0       32     4464    12568      7566651431      7566663999         3556716          0       2000          0          0
   0       32     4467    12575      7566664017      7566676591         3569301          0       2000          0          0
   0       32     4437    12501      7566676628      7566689129         3581912          0       2000          0          0
   0       32     4438    12512      7566689132      7566701644         3594417          0       2000          0          0
   0       32     2818    10891      7566701653      7566712544         3606937          0       2000          0          0
   0       32     4285    12404      7566712554      7566724957         3617838          0       2000          0          0
   0       32     4471    12579      7566724989      7566737568         3630273          0       2000          0          0
   0       32     4437    12503      7566737646      7566750149         3642931          0       2000          0          0
   0       32     4437    12540      7566750154      7566762694         3655439          0       2000          0          0
   0       32     4462    12525      7566762711      7566775237         3667996          0       2000          0          0
   0       32     4437    12540      7566775240      7566787780         3680525          0       2000          0          0
   0       32     4462    12567      7566787798      7566800364         3693082          0       2000          0          0
   0       32     4437    12546      7566800398      7566812944         3705683          0       2000          0          0
   0       32     4457    12565      7566812961      7566825526         3718246          0       2000          0          0
   0       32     4437    12575      7566825547      7566838122         3730831          0       2000          0          0
   0       32     4454    12559      7566838126      7566850685         3743411          0       2000          0          0
   0       32     4468    12532      7566850705      7566863237         3755989          0       2000          0          0
   0       32     4437    12541      7566863241      7566875783         3768526          0       2000          0          0
   0       32     4459    12563      7566875800      7566888362         3781084          0       2000          0          0
   0       32     2844    10926      7566888394      7566899320         3793679          0       2000          0          0
   0       32     3209    11352      7566899330      7566910682         3804615          0       2000          0          0
   0       32     4514    12600      7566910692      7566923291         3815976          0       2000          0          0
   0       32     2711    10781      7566923302      7566934083         3828587          0       2000          0          0
   0       32     3938    12015      7566934090      7566946105         3839375          0       2000          0          0
   0       32     4518    12625      7566946115      7566958740         3851399          0       2000          0          0
   0       32     4457    12564      7566958761      7566971325         3864046          0       2000          0          0
   0       32     4437    12544      7566971329      7566983873         3876614          0       2000          0          0
   0       32     4459    12527      7566983890      7566996418         3889175          0       2000          0          0
   0       32     1705     9780      7566996423      7567006203         3901707          0       2000          0          0
   0       32     4439    12552      7567006213      7567018766         3911498          0       2000          0          0
   0       32     4437    12512      7567018806      7567031318         3924090          0       2000          0          0
   0       32     2731    10806      7567031324      7567042130         3936608          0       2000          0          0
   0       32     3807    11924      7567042138      7567054062         3947423          0       2000          0          0
   0       32     4465    12572      7567054095      7567066667         3959380          0       2000          0          0
   0       32     4459    12524      7567066685      7567079209         3971970          0       2000          0          0
   0       32     4437    12542      7567079214      7567091757         3984499          0       2000          0          0
   0       32     4437    12520      7567091776      7567104296         3997061          0       2000          0          0
   0       32     4437    12539      7567104300      7567116839         4009584          0       2000          0          0
   0       32     4459    12562      7567116856      7567129419         4022141          0       2000          0          0
   0       32     4462    12566      7567129436      7567142002         4034720          0       2000          0          0
   0       32     3551    11626      7567142077      7567153704         4047362          0       2000          0          0
   0       32     3565    11683      7567153712      7567165395         4058997          0       2000          0          0
   0       32     4465    12570      7567165432      7567178002         4070716          0       2000          0          0
   0       32     4461    12565      7567178020      7567190585         4083305          0       2000          0          0
   0       32     4467    12530      7567190602      7567203133         4095887          0       2000          0          0
   0       32     4437    12539      7567203137      7567215676         4108421          0       2000          0          0
   0       32     4462    12526      7567215693      7567228219         4120978          0       2000          0          0
   0       32     4437    12539      7567228223      7567240762         4133508          0       2000          0          0
   0       32     4466    12588      7567240779      7567253367         4146063          0       2000          0          0
   0       32     4102    12180      7567253371      7567265551         4158655          0       2000          0          0
   0       32     3492    11560      7567265561      7567277122         4170846          0       2000          0          0
   0       32     4412    12516      7567277131      7567289647         4182415          0       2000          0          0
   0       32     4460    12524      7567289667      7567302191         4194952          0       2000          0          0
   0       32     4437    12541      7567302195      7567314736         4207480          0       2000          0          0
   0       32     4462    12526      7567314754      7567327279         4220038          0       2000          0          0
   0       32     4437    12540      7567327283      7567339824         4232568          0       2000          0          0
   0       32     4462    12571      7567339841      7567352412         4245125          0       2000          0          0
   0       32     4437    12540      7567352442      7567364982         4257727          0       2000          0          0
   0       32     4464    12538      7567364999      7567377537         4270284          0       2000          0          0
   0       32     3237    11351      7567377546      7567388897         4282831          0       2000          0          0
   0       32     4465    12579      7567388930      7567401509         4294215          0       2000          0          0
   0       32     4407    12529      7567401544      7567414073         4306829          0       2000          0          0
   0       32     4462    12573      7567414099      7567426672         4319384          0       2000          0          0
   0       32     4437    12502      7567426711      7567439212         4331995          0       2000          0          0
   0       32     4437    12540      7567439217      7567451757         4344502          0       2000          0          0
   0       32     4459    12523      7567451775      7567464298         4357060          0       2000          0          0
   0       32     4437    12542      7567464302      7567476844         4369586          0       2000          0          0
   0       32     4461    12543      7567476861      7567489404         4382145          0       2000          0          0
   0       32     2753    10823      7567489415      7567500237         4394699          0       2000          0          0
   0       32     4438    12542      7567500247      7567512789         4405532          0       2000          0          0
   0       32     4462    12569      7567512808      7567525377         4418092          0       2000          0          0
   0       32     4457    12560      7567525394      7567537954         4430679          0       2000          0          0
   0       32     4462    12565      7567537971      7567550535         4443255          0       2000          0          0
   0       32     4437    12502      7567550610      7567563113         4455895          0       2000          0          0
   0       32     4437    12561      7567563116      7567575677         4468401          0       2000          0          0
   0       32     4402    12471      7567575708      7567588178         4480992          0       2000          0          0
   0       32     4437    12541      7567588185      7567600726         4493469          0       2000          0          0
   0       32     3651    11724      7567600744      7567612468         4506029          0       2000          0          0
   0       32     3770    11897      7567612477      7567624373         4517761          0       2000          0          0
   0       32     4465    12530      7567624382      7567636912         4529666          0       2000          0          0
   0       32     4437    12503      7567636917      7567649420         4542202          0       2000          0          0
   0       32     4437    12540      7567649424      7567661963         4554708          0       2000          0          0
   0       32     4463    12571      7567661981      7567674552         4567266          0       2000          0          0
   0       32     4457    12541      7567674570      7567687111         4579854          0       2000          0          0
   0       32     4437    12508      7567687117      7567699625         4592402          0       2000          0          0
   0       32     4554    12633      7567699632      7567712266         4604917          0       2000          0          0
   0       32     3139    11245      7567712275      7567723520         4617560          0       2000          0          0
   0       32     4458    12569      7567723542      7567736111         4628827          0       2000          0          0
   0       32     4468    12588      7567736117      7567748704         4641401          0       2000          0          0
   0       32     4437    12501      7567748732      7567761234         4654017          0       2000          0          0
   0       32     4437    12541      7567761238      7567773779         4666522          0       2000          0          0
   0       32     4460    12564      7567773796      7567786360         4679080          0       2000          0          0
   0       32     4437    12541      7567786390      7567798931         4691674          0       2000          0          0
   0       32     4459    12581      7567798948      7567811528         4704233          0       2000          0          0
   0       32     4437    12542      7567811557      7567824100         4716842          0       2000          0          0
   0       32     4437    12502      7567824103      7567836605         4729388          0       2000          0          0
   0       32     4406    12471      7567836609      7567849080         4741893          0       2000          0          0
   0       32     2571    10654      7567849084      7567859738         4754369          0       2000          0          0
   0       32     3267    11362      7567859749      7567871111         4765034          0       2000          0          0
   0       32     4437    12548      7567871121      7567883669         4776406          0       2000          0          0
   0       32     4437    12501      7567883708      7567896209         4788992          0       2000          0          0
   0       32     4437    12542      7567896213      7567908755         4801498          0       2000          0          0
   0       32     4458    12574      7567908772      7567921345         4814056          0       2000          0          0
   0       32     4438    12579      7567921370      7567933949         4826655          0       2000          0          0
   0       32     1999    10153      7567933981      7567944134         4839266          0       2000          0          0
   0       32     4547    12653      7567944140      7567956793         4849425          0       2000          0          0
   0       32     4437    12542      7567956874      7567969415         4862158          0       2000          0          0
   0       32     4458    12576      7567969433      7567982009         4874718          0       2000          0          0
   0       32     4437    12500      7567982037      7567994537         4887321          0       2000          0          0
   0       32     1955    10085      7567994542      7568004627         4899826          0       2000          0          0
   0       32     1998    10067      7568004633      7568014700         4909918          0       2000          0          0
   0       32     4465    12530      7568014708      7568027238         4919993          0       2000          0          0
   0       32     4440    12520      7568027242      7568039763         4932527          0       2000          0          0
   0       32     2161    10359      7568039773      7568050131         4945057          0       2000          0          0
   0       32     3186    11291      7568050141      7568061431         4955425          0       2000          0          0
   0       32     4526    12631      7568061469      7568074101         4966754          0       2000          0          0
   0       32     4437    12540      7568074105      7568086645         4979390          0       2000          0          0
