#idx     perf      run   period           start             end          rel_st      slack c_duration   c_period     wu_lat
   0       21     2091    10159      4435122066      4435132225             300          0       2000          0          0
   0       21     2046    10108      4435132233      4435142342           10467          0       2000          0          0
   0       21     1873     9945      4435142348      4435152293           20581          0       2000          0          0
   0       21     2238    10313      4435152301      4435162614           30535          0       2000          0          0
   0       21     2167    10309      4435162624      4435172932           40857          0       2000          0          0
   0       21     2960    11116      4435172967      4435184083           51201          0       2000          0          0
   0       21     2889    10963      4435184090      4435195053           62323          0       2000          0          0
   0       21     2893    10978      4435195063      4435206042           73297          0       2000          0          0
   0       21     2880    11034      4435206052      4435217087           84286          0       2000          0          0
   0       21     2723    10810      4435217095      4435227905           95329          0       2000          0          0
   0       21     1355     9438      4435227918      4435237356          106151          0       2000          0          0
   0       21     2751    10824      4435237366      4435248190          115600          0       2000          0          0
   0       21     2864    10935      4435248200      4435259135          126434          0       2000          0          0
   0       21     2817    10893      4435259144      4435270037          137378          0       2000          0          0
   0       21     2248    10280      4435270047      4435280327          148281          0       2000          0          0
   0       21     2804    10874      4435280337      4435291212          158571          0       2000          0          0
   0       21     1782     9860      4435291219      4435301079          169452          0       2000          0          0
   0       21     2922    10992      4435301089      4435312081          179323          0       2000          0          0
   0       21     2322    10390      4435312089      4435322479          190323          0       2000          0          0
   0       21     2247    10319      4435322486      4435332805          200719          0       2000          0          0
   0       21     2355    10430      4435332813      4435343244          211047          0       2000          0          0
   0       21     2837    10906      4435343252      4435354158          221485          0       2000          0          0
   0       21     2357    10432      4435354165      4435364597          232399          0       2000          0          0
   0       21     2864    10939      4435364608      4435375546          242841          0       2000          0          0
   0       21     1885    10003      4435375557      4435385560          253790          0       2000          0          0
   0       21     2863    10944      4435385594      4435396539          263828          0       2000          0          0
   0       21     2890    10963      4435396549      4435407512          274783          0       2000          0          0
   0       21     2865    10932      4435407522      4435418454          285756          0       2000          0          0
   0       21     2858    10934      4435418461      4435429395          296694          0       2000          0          0
   0       21     2861    10932      4435429404      4435440336          307638          0       2000          0          0
   0       21     2881    10949      4435440345      4435451294          318579          0       2000          0          0
   0       21     2870    10946      4435451301      4435462246          329534          0       2000          0          0
   0       21     2864    10935      4435462256      4435473191          340489          0       2000          0          0
   0       21     2883    10955      4435473249      4435484204          351483          0       2000          0          0
   0       21     1464     9548      4435484213      4435493761          362447          0       2000          0          0
   0       21     3108    11188      4435493771      4435504959          372005          0       2000          0          0
   0       21     2570    10688      4435504971      4435515659          383204          0       2000          0          0
   0       21     2861    10931      4435515691      4435526622          393924          0       2000          0          0
   0       21     2871    10946      4435526631      4435537577          404864          0       2000          0          0
   0       21     2605    10675      4435537587      4435548262          415820          0       2000          0          0
   0       21     2861    10929      4435548271      4435559200          426504          0       2000          0          0
   0       21     2908    10983      4435559208      4435570190          437441          0       2000          0          0
   0       21     2761    10898      4435570200      4435581098          448433          0       2000          0          0
   0       21     2861    10931      4435581106      4435592037          459340          0       2000          0          0
   0       21     2876    10968      4435592045      4435603013          470279          0       2000          0          0
   0       21     2347    10481      4435603023      4435613504          481256          0       2000          0          0
   0       21     2333    10404      4435613515      4435623919          491748          0       2000          0          0
   0       21     2892    10968      4435623928      4435634897          502162          0       2000          0          0
   0       21     2846    10993      4435634906      4435645899          513140          0       2000          0          0
   0       21     2818    10892      4435645907      4435656799          524141          0       2000          0          0
   0       21     2862    10940      4435656807      4435667747          535041          0       2000          0          0
   0       21     2849    10998      4435667757      4435678755          545990          0       2000          0          0
   0       21     2755    10827      4435678764      4435689591          556998          0       2000          0          0
   0       21     2029    10103      4435689599      4435699702          567833          0       2000          0          0
   0       21     2692    10845      4435699712      4435710556          577945          0       2000          0          0
   0       21     2632    10703      4435710566      4435721269          588800          0       2000          0          0
   0       21     2607    10678      4435721276      4435731955          599510          0       2000          0          0
   0       21     2849    10996      4435731964      4435742960          610198          0       2000          0          0
   0       21     2620    10768      4435742970      4435753738          621203          0       2000          0          0
   0       21     2440    10515      4435753745      4435764260          631979          0       2000          0          0
   0       21     2478    10553      4435764269      4435774823          642503          0       2000          0          0
   0       21     2656    10735      4435774832      4435785567          653066          0       2000          0          0
   0       21     2696    10770      4435785578      4435796348          663811          0       2000          0          0
   0       21     2508    10585      4435796358      4435806943          674592          0       2000          0          0
   0       21     2314    10446      4435806954      4435817400          685188          0       2000          0          0
   0       21     2408    10483      4435817409      4435827891          695642          0       2000          0          0
   0       21     2333    10405      4435827939      4435838344          706173          0       2000          0          0
   0       21     2061    10135      4435838352      4435848487          716586          0       2000          0          0
   0       21     2086    10158      4435848493      4435858651          726727          0       2000          0          0
   0       21     1909     9980      4435858659      4435868639          736893          0       2000          0          0
   0       21     2102    10171      4435868647      4435878819          746881          0       2000          0          0
   0       21     2154    10230      4435878827      4435889058          757061          0       2000          0          0
   0       21      989     9068      4435889069      4435898137          767303          0       2000          0          0
   0       21     2139    10210      4435898147      4435908358          776381          0       2000          0          0
   0       21     3025    11144      4435908367      4435919511          786601          0       2000          0          0
   0       21     2864    10941      4435919541      4435930482          797774          0       2000          0          0
   0       21     1879     9951      4435930494      4435940445          808727          0       2000          0          0
   0       21     2464    10659      4435940455      4435951114          818688          0       2000          0          0
   0       21     2069    10139      4435951122      4435961260          829355          0       2000          0          0
   0       21     2061    10130      4435961268      4435971398          839501          0       2000          0          0
   0       21     1653     9721      4435971406      4435981127          849639          0       2000          0          0
   0       21     2853    10921      4435981135      4435992056          859368          0       2000          0          0
   0       21     2936    11020      4435992065      4436003085          870298          0       2000          0          0
   0       21     2684    10807      4436003096      4436013903          881330          0       2000          0          0
   0       21     2867    10942      4436013934      4436024876          892167          0       2000          0          0
   0       21     2844    10922      4436024884      4436035806          903117          0       2000          0          0
   0       21     2935    11011      4436035816      4436046826          914049          0       2000          0          0
   0       21     2589    10665      4436046838      4436057503          925072          0       2000          0          0
   0       21     3023    11101      4436057513      4436068615          935747          0       2000          0          0
   0       21     2916    10985      4436068624      4436079609          946858          0       2000          0          0
   0       21     2872    10943      4436079617      4436090560          957851          0       2000          0          0
   0       21     2891    10965      4436090569      4436101533          968802          0       2000          0          0
   0       21     2867    10996      4436101543      4436112539          979776          0       2000          0          0
   0       21     2337    10403      4436112573      4436122977          990807          0       2000          0          0
   0       21     2341    10413      4436122983      4436133396         1001217          0       2000          0          0
   0       21     2348    10419      4436133404      4436143823         1011638          0       2000          0          0
   0       21     2859    10939      4436143832      4436154771         1022065          0       2000          0          0
   0       21     1622     9699      4436154782      4436164481         1033016          0       2000          0          0
   0       21     2952    11029      4436164492      4436175521         1042725          0       2000          0          0
   0       21     2669    10738      4436175585      4436186323         1053819          0       2000          0          0
   0       21     2861    10930      4436186331      4436197261         1064564          0       2000          0          0
   0       21     2860    10926      4436197270      4436208196         1075503          0       2000          0          0
   0       21     1990    10059      4436208203      4436218262         1086437          0       2000          0          0
   0       21     2861    10932      4436218270      4436229202         1096503          0       2000          0          0
   0       21     2830    10898      4436229209      4436240107         1107443          0       2000          0          0
   0       21     2114    10182      4436240115      4436250297         1118348          0       2000          0          0
   0       21     2342    10407      4436250304      4436260710         1128537          0       2000          0          0
   0       21     1953    10024      4436260716      4436270740         1138949          0       2000          0          0
   0       21     2265    10335      4436270748      4436281083         1148981          0       2000          0          0
   0       21     2141    10219      4436281092      4436291311         1159325          0       2000          0          0
   0       21     2992    11070      4436291321      4436302391         1169554          0       2000          0          0
   0       21     2475    10623      4436302402      4436313025         1180635          0       2000          0          0
   0       21     2943    11018      4436313034      4436324052         1191267          0       2000          0          0
   0       21     2867    10939      4436324060      4436334999         1202294          0       2000          0          0
   0       21     2920    10987      4436335008      4436345995         1213242          0       2000          0          0
   0       21     1981    10124      4436346002      4436356126         1224235          0       2000          0          0
   0       21     2138    10206      4436356162      4436366369         1234396          0       2000          0          0
   0       21     2069    10140      4436366376      4436376516         1244610          0       2000          0          0
   0       21     2144    10225      4436376527      4436386752         1254760          0       2000          0          0
   0       21     3075    11151      4436386764      4436397915         1264997          0       2000          0          0
   0       21     2970    11039      4436397925      4436408965         1276159          0       2000          0          0
   0       21     2348    10420      4436408974      4436419393         1287207          0       2000          0          0
   0       21     2963    11036      4436419401      4436430437         1297634          0       2000          0          0
   0       21     2868    10946      4436430445      4436441391         1308679          0       2000          0          0
   0       21     2648    10754      4436441401      4436452156         1319635          0       2000          0          0
   0       21     2341    10417      4436452166      4436462583         1330400          0       2000          0          0
   0       21     2379    10447      4436462594      4436473041         1340827          0       2000          0          0
   0       21     1940    10012      4436473049      4436483060         1351282          0       2000          0          0
   0       21     2932    11013      4436483068      4436494081         1361301          0       2000          0          0
   0       21     2866    10947      4436494093      4436505040         1372327          0       2000          0          0
   0       21     2844    11001      4436505051      4436516052         1383284          0       2000          0          0
   0       21     2341    10407      4436516080      4436526486         1394313          0       2000          0          0
   0       21     2282    10351      4436526528      4436536878         1404761          0       2000          0          0
   0       21     2341    10413      4436536888      4436547300         1415121          0       2000          0          0
   0       21     2853    10929      4436547310      4436558239         1425543          0       2000          0          0
   0       21     2944    11017      4436558248      4436569265         1436481          0       2000          0          0
   0       21     2949    11022      4436569275      4436580298         1447509          0       2000          0          0
   0       21     2904    10979      4436580307      4436591286         1458540          0       2000          0          0
   0       21     2880    10962      4436591293      4436602255         1469527          0       2000          0          0
   0       21     2703    10783      4436602265      4436613048         1480498          0       2000          0          0
   0       21     3073    11148      4436613056      4436624205         1491290          0       2000          0          0
   0       21     2944    11021      4436624215      4436635235         1502448          0       2000          0          0
   0       21     2861    10935      4436635246      4436646181         1513479          0       2000          0          0
   0       21     2842    10916      4436646191      4436657107         1524424          0       2000          0          0
   0       21     2889    10959      4436657115      4436668074         1535349          0       2000          0          0
   0       21     2855    11010      4436668084      4436679094         1546317          0       2000          0          0
   0       21     2832    10965      4436679104      4436690069         1557337          0       2000          0          0
   0       21     2866    10939      4436690096      4436701035         1568329          0       2000          0          0
   0       21     2882    10957      4436701046      4436712004         1579280          0       2000          0          0
   0       21     2064    10136      4436712013      4436722149         1590247          0       2000          0          0
   0       21     2861    10935      4436722159      4436733094         1600393          0       2000          0          0
   0       21     2867    10939      4436733104      4436744044         1611338          0       2000          0          0
   0       21     2255    10323      4436744052      4436754375         1622286          0       2000          0          0
   0       21     1879     9949      4436754383      4436764332         1632616          0       2000          0          0
   0       21     2240    10308      4436764340      4436774649         1642573          0       2000          0          0
   0       21     1928    10076      4436774656      4436784732         1652890          0       2000          0          0
   0       21     2857    10929      4436784740      4436795669         1662973          0       2000          0          0
   0       21     2825    10900      4436795677      4436806577         1673910          0       2000          0          0
   0       21     2850    10995      4436806586      4436817581         1684820          0       2000          0          0
   0       21     2861    10932      4436817591      4436828522         1695824          0       2000          0          0
   0       21     2859    10938      4436828531      4436839469         1706765          0       2000          0          0
   0       21     2862    10934      4436839479      4436850413         1717712          0       2000          0          0
   0       21     2861    10934      4436850423      4436861357         1728657          0       2000          0          0
   0       21     2844    10915      4436861366      4436872282         1739600          0       2000          0          0
   0       21     2836    10907      4436872292      4436883199         1750525          0       2000          0          0
   0       21     2819    10897      4436883248      4436894145         1761481          0       2000          0          0
   0       21     2398    10473      4436894157      4436904630         1772391          0       2000          0          0
   0       21     1982    10104      4436904639      4436914743         1782873          0       2000          0          0
   0       21     2841    10919      4436914773      4436925691         1793006          0       2000          0          0
   0       21     2971    11047      4436925702      4436936749         1803936          0       2000          0          0
   0       21     3091    11168      4436936760      4436947929         1814994          0       2000          0          0
   0       21     1992    10072      4436947954      4436958026         1826187          0       2000          0          0
   0       21     2052    10118      4436958033      4436968151         1836266          0       2000          0          0
   0       21     2080    10149      4436968158      4436978307         1846392          0       2000          0          0
   0       21     2864    10933      4436978317      4436989250         1856551          0       2000          0          0
   0       21     2895    10965      4436989258      4437000223         1867491          0       2000          0          0
   0       21     2787    10860      4437000232      4437011092         1878465          0       2000          0          0
   0       21     2282    10397      4437011101      4437021499         1889335          0       2000          0          0
   0       21     2788    10858      4437021530      4437032388         1899764          0       2000          0          0
   0       21     2729    10803      4437032397      4437043200         1910630          0       2000          0          0
   0       21     1853     9924      4437043212      4437053136         1921445          0       2000          0          0
   0       21     2867    10938      4437053148      4437064086         1931381          0       2000          0          0
   0       21     2797    10873      4437064095      4437074969         1942329          0       2000          0          0
   0       21     2320    10392      4437074977      4437085370         1953211          0       2000          0          0
   0       21     2031    10099      4437085378      4437095477         1963612          0       2000          0          0
   0       21     2833    10907      4437095485      4437106392         1973719          0       2000          0          0
   0       21     2631    10699      4437106402      4437117101         1984636          0       2000          0          0
   0       21     1982    10049      4437117109      4437127157         1995342          0       2000          0          0
   0       21     2028    10097      4437127167      4437137264         2005401          0       2000          0          0
   0       21     1940    10046      4437137273      4437147318         2015506          0       2000          0          0
   0       21     1893     9967      4437147325      4437157291         2025558          0       2000          0          0
   0       21     2263    10332      4437157300      4437167631         2035533          0       2000          0          0
   0       21     2162    10282      4437167639      4437177922         2045873          0       2000          0          0
   0       21     2862    10937      4437177952      4437188889         2056186          0       2000          0          0
   0       21     2898    10967      4437188896      4437199863         2067130          0       2000          0          0
   0       21     2823    10897      4437199871      4437210768         2078105          0       2000          0          0
   0       21     2794    10869      4437210778      4437221647         2089012          0       2000          0          0
   0       21     2861    10930      4437221655      4437232585         2099889          0       2000          0          0
   0       21     2821    10891      4437232632      4437243523         2110865          0       2000          0          0
   0       21     2784    10898      4437243532      4437254430         2121766          0       2000          0          0
   0       21     2861    10931      4437254438      4437265369         2132672          0       2000          0          0
   0       21     2813    10895      4437265378      4437276273         2143612          0       2000          0          0
   0       21     2839    10910      4437276283      4437287194         2154517          0       2000          0          0
   0       21     2342    10411      4437287203      4437297614         2165437          0       2000          0          0
   0       21     2331    10409      4437297622      4437308031         2175855          0       2000          0          0
   0       21     2307    10438      4437308040      4437318478         2186273          0       2000          0          0
   0       21     2861    10928      4437318488      4437329416         2196721          0       2000          0          0
   0       21     2825    10897      4437329424      4437340321         2207658          0       2000          0          0
   0       21     2830    10900      4437340332      4437351232         2218565          0       2000          0          0
   0       21     2913    10988      4437351241      4437362230         2229475          0       2000          0          0
   0       21     2656    10731      4437362237      4437372968         2240470          0       2000          0          0
   0       21     2389    10458      4437372978      4437383436         2251211          0       2000          0          0
   0       21     2376    10505      4437383445      4437393950         2261678          0       2000          0          0
   0       21     1839     9914      4437393962      4437403876         2272196          0       2000          0          0
   0       21     2861    10931      4437403886      4437414817         2282120          0       2000          0          0
   0       21     2341    10408      4437414825      4437425234         2293059          0       2000          0          0
   0       21     2604    10676      4437425240      4437435917         2303474          0       2000          0          0
   0       21     2861    10943      4437435927      4437446870         2314161          0       2000          0          0
   0       21     2865    11017      4437446882      4437457899         2325115          0       2000          0          0
   0       21     2907    10978      4437457907      4437468886         2336141          0       2000          0          0
   0       21     2830    10901      4437468895      4437479796         2347128          0       2000          0          0
   0       21     2867    10940      4437479805      4437490745         2358039          0       2000          0          0
   0       21     2820    10902      4437490756      4437501658         2368989          0       2000          0          0
   0       21     2865    10936      4437501670      4437512607         2379904          0       2000          0          0
   0       21     2756    10876      4437512617      4437523493         2390850          0       2000          0          0
   0       21     2854    10925      4437523524      4437534449         2401757          0       2000          0          0
   0       21     2815    10886      4437534457      4437545343         2412691          0       2000          0          0
   0       21     2773    10844      4437545353      4437556197         2423587          0       2000          0          0
   0       21     2453    10528      4437556207      4437566734         2434440          0       2000          0          0
   0       21     2515    10585      4437566741      4437577326         2444974          0       2000          0          0
   0       21     2785    10857      4437577336      4437588193         2455569          0       2000          0          0
   0       21     2861    10934      4437588241      4437599175         2466475          0       2000          0          0
   0       21     1850     9928      4437599183      4437609112         2477417          0       2000          0          0
   0       21     2418    10491      4437609122      4437619613         2487355          0       2000          0          0
   0       21     1978    10125      4437619622      4437629747         2497855          0       2000          0          0
   0       21     2702    10773      4437629756      4437640528         2507989          0       2000          0          0
   0       21     2831    10912      4437640538      4437651450         2518771          0       2000          0          0
   0       21     2795    10876      4437651461      4437662337         2529694          0       2000          0          0
   0       21     2871    10925      4437662348      4437673272         2540581          0       2000          0          0
   0       21     2780    10850      4437673347      4437684197         2551581          0       2000          0          0
   0       21     2775    10893      4437684205      4437695098         2562439          0       2000          0          0
   0       21     2827    10949      4437695107      4437706056         2573341          0       2000          0          0
   0       21     2797    10870      4437706068      4437716939         2584302          0       2000          0          0
   0       21     2739    10863      4437716948      4437727811         2595182          0       2000          0          0
   0       21     2341    10423      4437727841      4437738264         2606074          0       2000          0          0
   0       21     2808    10883      4437738274      4437749157         2616507          0       2000          0          0
   0       21     2721    10838      4437749166      4437760005         2627400          0       2000          0          0
   0       21     2763    10836      4437760039      4437770875         2638273          0       2000          0          0
   0       21     2767    10822      4437770884      4437781706         2649118          0       2000          0          0
   0       21     2818    10895      4437781716      4437792611         2659949          0       2000          0          0
   0       21     2841    10915      4437792618      4437803533         2670852          0       2000          0          0
   0       21     2858    10930      4437803543      4437814473         2681776          0       2000          0          0
   0       21     2804    10881      4437814483      4437825364         2692717          0       2000          0          0
   0       21     1951    10036      4437825374      4437835410         2703607          0       2000          0          0
   0       21     1888     9965      4437835423      4437845388         2713656          0       2000          0          0
   0       21     1863     9940      4437845399      4437855339         2723633          0       2000          0          0
   0       21     1552     9672      4437855347      4437865020         2733581          0       2000          0          0
   0       21     2798    10871      4437865051      4437875921         2743284          0       2000          0          0
   0       21     1586     9664      4437875933      4437885597         2754166          0       2000          0          0
   0       21     1461     9529      4437885606      4437895135         2763839          0       2000          0          0
   0       21     1941    10015      4437895143      4437905157         2773376          0       2000          0          0
   0       21     2330    10402      4437905167      4437915570         2783401          0       2000          0          0
   0       21     1954    10068      4437915579      4437925647         2793813          0       2000          0          0
   0       21     2042    10110      4437925676      4437935786         2803910          0       2000          0          0
   0       21     2909    10985      4437935834      4437946819         2814068          0       2000          0          0
   0       21     2825    10961      4437946830      4437957791         2825063          0       2000          0          0
   0       21     2974    11048      4437957801      4437968848         2836034          0       2000          0          0
   0       21     2874    10951      4437968858      4437979809         2847091          0       2000          0          0
   0       21     2872    11020      4437979819      4437990839         2858052          0       2000          0          0
   0       21     2861    10931      4437990847      4438001778         2869081          0       2000          0          0
   0       21     2895    10970      4438001785      4438012754         2880018          0       2000          0          0
   0       21     2868    10989      4438012765      4438023754         2890998          0       2000          0          0
   0       21     2861    10931      4438023784      4438034714         2902017          0       2000          0          0
   0       21     2864    10937      4438034723      4438045660         2912956          0       2000          0          0
   0       21     2768    10844      4438045669      4438056513         2923903          0       2000          0          0
   0       21     2671    10747      4438056524      4438067271         2934758          0       2000          0          0
   0       21     2634    10710      4438067281      4438077991         2945515          0       2000          0          0
   0       21     2625    10772      4438078003      4438088775         2956236          0       2000          0          0
   0       21     2542    10689      4438088785      4438099474         2967019          0       2000          0          0
   0       21     2566    10639      4438099483      4438110122         2977716          0       2000          0          0
   0       21     2530    10662      4438110131      4438120793         2988365          0       2000          0          0
   0       21     2210    10282      4438120847      4438131129         2999080          0       2000          0          0
   0       21     2687    10761      4438131137      4438141898         3009371          0       2000          0          0
   0       21     2673    10745      4438141907      4438152652         3020140          0       2000          0          0
   0       21     2555    10675      4438152661      4438163336         3030895          0       2000          0          0
   0       21     2624    10699      4438163344      4438174043         3041578          0       2000          0          0
   0       21     2571    10649      4438174053      4438184702         3052287          0       2000          0          0
   0       21     2631    10778      4438184712      4438195490         3062946          0       2000          0          0
   0       21     2529    10600      4438195500      4438206100         3073733          0       2000          0          0
   0       21     2625    10697      4438206108      4438216805         3084341          0       2000          0          0
   0       21     2531    10679      4438216815      4438227494         3095049          0       2000          0          0
   0       21     2541    10612      4438227503      4438238115         3105736          0       2000          0          0
   0       21     2563    10637      4438238123      4438248760         3116357          0       2000          0          0
   0       21     2557    10706      4438248769      4438259475         3127003          0       2000          0          0
   0       21     2585    10660      4438259484      4438270144         3137718          0       2000          0          0
   0       21     2531    10617      4438270154      4438280771         3148388          0       2000          0          0
   0       21     2086    10245      4438280781      4438291027         3159015          0       2000          0          0
   0       21     1451     9583      4438291098      4438300681         3169332          0       2000          0          0
   0       21     2151    10225      4438300714      4438310939         3178947          0       2000          0          0
   0       21     2378    10489      4438310947      4438321436         3189181          0       2000          0          0
   0       21     2009    10127      4438321445      4438331572         3199678          0       2000          0          0
   0       21     2825    10895      4438331605      4438342500         3209839          0       2000          0          0
   0       21     2863    10937      4438342509      4438353446         3220743          0       2000          0          0
   0       21     2836    10905      4438353456      4438364361         3231689          0       2000          0          0
   0       21     2862    10933      4438364368      4438375301         3242602          0       2000          0          0
   0       21     2862    10932      4438375310      4438386243         3253544          0       2000          0          0
   0       21     2623    10693      4438386252      4438396945         3264485          0       2000          0          0
   0       21     1547     9618      4438396954      4438406571         3275187          0       2000          0          0
   0       21     2220    10291      4438406581      4438416872         3284814          0       2000          0          0
   0       21     1965    10081      4438416881      4438426962         3295114          0       2000          0          0
   0       21     2043    10107      4438426992      4438437099         3305225          0       2000          0          0
   0       21     2064    10132      4438437104      4438447237         3315338          0       2000          0          0
   0       21     2003    10116      4438447245      4438457361         3325478          0       2000          0          0
   0       21     2861    10975      4438457370      4438468345         3335604          0       2000          0          0
   0       21     2891    10968      4438468353      4438479320         3346586          0       2000          0          0
   0       21     2876    10949      4438479330      4438490279         3357564          0       2000          0          0
   0       21     2863    10932      4438490288      4438501220         3368522          0       2000          0          0
   0       21     2868    10943      4438501227      4438512170         3379461          0       2000          0          0
   0       21     2871    10940      4438512180      4438523119         3390413          0       2000          0          0
   0       21     2458    10604      4438523129      4438533733         3401362          0       2000          0          0
   0       21     2867    10939      4438533742      4438544681         3411976          0       2000          0          0
   0       21     2834    10962      4438544691      4438555653         3422925          0       2000          0          0
   0       21     1991    10061      4438555692      4438565753         3433926          0       2000          0          0
   0       21     2918    10989      4438565761      4438576750         3443994          0       2000          0          0
   0       21     2871    10943      4438576759      4438587702         3454993          0       2000          0          0
   0       21     2332    10400      4438587711      4438598111         3465944          0       2000          0          0
   0       21     2341    10409      4438598118      4438608527         3476352          0       2000          0          0
   0       21     2341    10412      4438608535      4438618947         3486768          0       2000          0          0
   0       21     1996    10141      4438618957      4438629098         3497191          0       2000          0          0
   0       21     2826    10904      4438629111      4438640015         3507344          0       2000          0          0
   0       21     2830    10905      4438640062      4438650968         3518296          0       2000          0          0
   0       21     2861    10935      4438650977      4438661912         3529211          0       2000          0          0
   0       21     2385    10465      4438661921      4438672386         3540155          0       2000          0          0
   0       21     1876     9950      4438672397      4438682347         3550630          0       2000          0          0
   0       21     2861    10907      4438682357      4438693263         3560590          0       2000          0          0
   0       21     2861    10935      4438693274      4438704208         3571507          0       2000          0          0
   0       21     1709     9787      4438704216      4438714003         3582449          0       2000          0          0
   0       21     2861    10933      4438714012      4438724944         3592245          0       2000          0          0
   0       21     2861    10934      4438724953      4438735887         3603187          0       2000          0          0
   0       21     1907     9983      4438735896      4438745879         3614130          0       2000          0          0
   0       21     2843    10965      4438745889      4438756854         3624123          0       2000          0          0
   0       21     2126    10217      4438756889      4438767106         3635122          0       2000          0          0
   0       21     2678    10754      4438767114      4438777867         3645347          0       2000          0          0
   0       21     2864    10940      4438777876      4438788816         3656110          0       2000          0          0
   0       21     2324    10400      4438788825      4438799225         3667058          0       2000          0          0
   0       21     2860    10934      4438799233      4438810167         3677467          0       2000          0          0
   0       21     2869    10940      4438810175      4438821116         3688409          0       2000          0          0
   0       21     2921    10994      4438821125      4438832119         3699358          0       2000          0          0
   0       21     2901    11019      4438832127      4438843145         3710360          0       2000          0          0
   0       21     2812    10896      4438843161      4438854057         3721395          0       2000          0          0
   0       21     1834     9921      4438854068      4438863989         3732301          0       2000          0          0
   0       21     1619     9696      4438864015      4438873711         3742248          0       2000          0          0
   0       21     2922    11011      4438873722      4438884732         3751955          0       2000          0          0
   0       21     1849     9976      4438884747      4438894722         3762980          0       2000          0          0
   0       21     2047    10141      4438894755      4438904897         3772989          0       2000          0          0
   0       21     1732     9817      4438904916      4438914734         3783150          0       2000          0          0
   0       21     2919    11042      4438914744      4438925786         3792977          0       2000          0          0
   0       21     2131    10211      4438925820      4438936030         3804053          0       2000          0          0
   0       21     2692    10762      4438936039      4438946802         3814273          0       2000          0          0
   0       21     2145    10224      4438946811      4438957035         3825044          0       2000          0          0
   0       21     2088    10162      4438957044      4438967206         3835277          0       2000          0          0
   0       21     2911    10980      4438967216      4438978196         3845450          0       2000          0          0
   0       21     2840    10917      4438978207      4438989124         3856440          0       2000          0          0
   0       21     2854    10933      4438989175      4439000109         3867409          0       2000          0          0
   0       21     2902    10982      4439000117      4439011099         3878350          0       2000          0          0
   0       21     2800    10876      4439011110      4439021986         3889343          0       2000          0          0
   0       21     2966    11039      4439021995      4439033034         3900229          0       2000          0          0
   0       21     2870    10946      4439033045      4439043991         3911279          0       2000          0          0
   0       21     2940    11023      4439043999      4439055022         3922233          0       2000          0          0
   0       21     2885    10953      4439055032      4439065985         3933265          0       2000          0          0
   0       21     2895    10968      4439065996      4439076964         3944230          0       2000          0          0
   0       21     2847    10922      4439076975      4439087896         3955208          0       2000          0          0
   0       21     2857    11007      4439087906      4439098914         3966140          0       2000          0          0
   0       21     2870    10942      4439098922      4439109864         3977155          0       2000          0          0
   0       21     2854    10928      4439109872      4439120800         3988105          0       2000          0          0
   0       21     2851    10996      4439120810      4439131806         3999043          0       2000          0          0
   0       21     2873    10941      4439131815      4439142756         4010048          0       2000          0          0
   0       21     2853    10925      4439142763      4439153688         4020997          0       2000          0          0
   0       21     2915    10985      4439153699      4439164684         4031932          0       2000          0          0
   0       21     2876    10952      4439164692      4439175644         4042926          0       2000          0          0
   0       21     2744    10821      4439175655      4439186476         4053889          0       2000          0          0
   0       21     2227    10290      4439186484      4439196775         4064718          0       2000          0          0
   0       21     1959    10023      4439196781      4439206804         4075015          0       2000          0          0
   0       21     2073    10142      4439206810      4439216952         4085043          0       2000          0          0
   0       21     1998    10147      4439216960      4439227107         4095194          0       2000          0          0
   0       21     2121    10240      4439227154      4439237394         4105387          0       2000          0          0
   0       21     2173    10239      4439237419      4439247658         4115652          0       2000          0          0
   0       21     2154    10298      4439247665      4439257963         4125899          0       2000          0          0
   0       21     2857    10972      4439257973      4439268946         4136207          0       2000          0          0
   0       21     2861    10936      4439268981      4439279917         4147214          0       2000          0          0
   0       21     2806    10891      4439279926      4439290817         4158160          0       2000          0          0
   0       21     3021    11169      4439290829      4439301998         4169062          0       2000          0          0
   0       21     2879    10956      4439302046      4439313002         4180280          0       2000          0          0
   0       21     1663     9741      4439313013      4439322755         4191247          0       2000          0          0
   0       21     1689     9811      4439322764      4439332576         4200998          0       2000          0          0
   0       21     2870    10942      4439332608      4439343550         4210842          0       2000          0          0
   0       21     2100    10174      4439343598      4439353772         4221832          0       2000          0          0
   0       21     1491     9563      4439353781      4439363344         4232015          0       2000          0          0
   0       21     2832    10902      4439363352      4439374254         4241586          0       2000          0          0
   0       21     2893    10968      4439374261      4439385229         4252495          0       2000          0          0
   0       21     1831     9900      4439385240      4439395140         4263473          0       2000          0          0
   0       21     1985    10067      4439395148      4439405215         4273381          0       2000          0          0
   0       21     2308    10380      4439405222      4439415602         4283455          0       2000          0          0
   0       21     1330     9424      4439415610      4439425034         4293844          0       2000          0          0
   0       21     2928    10993      4439425043      4439436036         4303277          0       2000          0          0
   0       21     2351    10977      4439436041      4439447019         4314275          0       2000          0          0
   0       21     2360    10454      4439447027      4439457481         4325260          0       2000          0          0
   0       21     2073    10139      4439457490      4439467630         4335724          0       2000          0          0
   0       21     2254    10345      4439467636      4439477981         4345869          0       2000          0          0
   0       21     2731    10811      4439477993      4439488804         4356226          0       2000          0          0
   0       21     2169    10244      4439488814      4439499057         4367047          0       2000          0          0
   0       21     2844    10926      4439499067      4439509992         4377300          0       2000          0          0
   0       21     2746    10821      4439510003      4439520825         4388237          0       2000          0          0
   0       21     2661    10734      4439520835      4439531569         4399068          0       2000          0          0
   0       21     2641    10714      4439531579      4439542293         4409812          0       2000          0          0
   0       21     2798    10871      4439542300      4439553171         4420533          0       2000          0          0
   0       21     2342    10412      4439553180      4439563592         4431413          0       2000          0          0
   0       21     1981    10055      4439563598      4439573652         4441831          0       2000          0          0
   0       21     2843    10920      4439573659      4439584579         4451893          0       2000          0          0
   0       21     2806    10882      4439584589      4439595471         4462822          0       2000          0          0
   0       21     2875    10949      4439595478      4439606427         4473712          0       2000          0          0
   0       21     2861    10936      4439606434      4439617369         4484667          0       2000          0          0
   0       21     2815    10893      4439617380      4439628272         4495613          0       2000          0          0
   0       21     2078    10152      4439628282      4439638434         4506515          0       2000          0          0
   0       21     2282    10353      4439638443      4439648796         4516676          0       2000          0          0
   0       21     2003    10075      4439648805      4439658880         4527038          0       2000          0          0
   0       21     2782    10861      4439658890      4439669752         4537124          0       2000          0          0
   0       21     1916     9992      4439669760      4439679753         4547994          0       2000          0          0
   0       21     2702    10773      4439679763      4439690536         4557997          0       2000          0          0
   0       21     2712    10784      4439690589      4439701373         4568823          0       2000          0          0
   0       21     2808    10884      4439701381      4439712265         4579614          0       2000          0          0
   0       21     2080    10154      4439712272      4439722426         4590506          0       2000          0          0
   0       21     2739    10816      4439722436      4439733253         4600670          0       2000          0          0
   0       21     2397    10466      4439733262      4439743728         4611495          0       2000          0          0
   0       21     1990    10059      4439743737      4439753796         4621970          0       2000          0          0
   0       21     1862    10008      4439753803      4439763811         4632037          0       2000          0          0
   0       21     2858    10930      4439763819      4439774749         4642052          0       2000          0          0
   0       21     2570    10644      4439774755      4439785399         4652989          0       2000          0          0
   0       21     2696    10768      4439785409      4439796177         4663642          0       2000          0          0
   0       21     2093    10165      4439796184      4439806349         4674418          0       2000          0          0
   0       21     2622    10699      4439806356      4439817054         4684589          0       2000          0          0
   0       21     2756    10904      4439817064      4439827968         4695298          0       2000          0          0
   0       21     2685    10758      4439827978      4439838735         4706211          0       2000          0          0
   0       21     2732    10801      4439838744      4439849545         4716977          0       2000          0          0
   0       21     2268    10344      4439849554      4439859898         4727787          0       2000          0          0
   0       21     1902     9995      4439859907      4439869902         4738140          0       2000          0          0
   0       21     2695    10730      4439869911      4439880642         4748145          0       2000          0          0
   0       21     2548    10619      4439880652      4439891271         4758885          0       2000          0          0
   0       21     1705     9788      4439891279      4439901068         4769513          0       2000          0          0
   0       21     2069    10139      4439901074      4439911214         4779308          0       2000          0          0
   0       21     2217    10290      4439911222      4439921513         4789456          0       2000          0          0
   0       21     1934    10052      4439921521      4439931574         4799755          0       2000          0          0
   0       21     2836    10906      4439931604      4439942511         4809838          0       2000          0          0
   0       21     2874    10951      4439942518      4439953470         4820752          0       2000          0          0
   0       21     2869    10949      4439953480      4439964429         4831713          0       2000          0          0
   0       21     2919    10999      4439964439      4439975438         4842673          0       2000          0          0
   0       21     1985    10060      4439975449      4439985509         4853683          0       2000          0          0
   0       21     2871    11014      4439985520      4439996535         4863754          0       2000          0          0
   0       21     2861    10935      4439996544      4440007480         4874778          0       2000          0          0
   0       21     2895    10975      4440007487      4440018462         4885720          0       2000          0          0
   0       21     2862    11002      4440018472      4440029474         4896705          0       2000          0          0
   0       21     2832    10974      4440029483      4440040457         4907716          0       2000          0          0
   0       21     2852    10925      4440040507      4440051432         4918741          0       2000          0          0
   0       21     2824    10955      4440051441      4440062395         4929674          0       2000          0          0
   0       21     2850    10922      4440062404      4440073327         4940638          0       2000          0          0
   0       21     2848    10927      4440073335      4440084261         4951568          0       2000          0          0
   0       21     2771    10846      4440084272      4440095118         4962506          0       2000          0          0
   0       21     2127    10204      4440095127      4440105330         4973360          0       2000          0          0
   0       21     2615    10705      4440105340      4440116046         4983574          0       2000          0          0
