[rt-app] <notice> Calibrate ns per loop
[rt-app] <notice> pLoad = 95ns : calib_cpu 0
[rt-app] <notice> thread_data_set_unique_name 0 solo_task-0
[rt-app] <notice> [0] starting thread ...

[rt-app] <notice> [0] Starting with SCHED_OTHER policy with priority 0
	Command being timed: "../../rt-app/src/rt-app cfg_single.json"
	User time (seconds): 1.44
	System time (seconds): 0.01
	Percent of CPU this job got: 9%
	Elapsed (wall clock) time (h:mm:ss or m:ss): 0:15.25
	Average shared text size (kbytes): 0
	Average unshared data size (kbytes): 0
	Average stack size (kbytes): 0
	Average total size (kbytes): 0
	Maximum resident set size (kbytes): 10940
	Average resident set size (kbytes): 0
	Major (requiring I/O) page faults: 0
	Minor (reclaiming a frame) page faults: 641
	Voluntary context switches: 488
	Involuntary context switches: 449
	Swaps: 0
	File system inputs: 0
	File system outputs: 128
	Socket messages sent: 0
	Socket messages received: 0
	Signals delivered: 0
	Page size (bytes): 4096
	Exit status: 0
